Archive member included to satisfy reference by file (symbol)

/usr/local/bin/../lib/gcc/arm-none-eabi/6.3.1/../../../../arm-none-eabi/lib/thumb/v7e-m/fpv4-sp/hard/libg_nano.a(lib_a-calloc.o)
                              ./system/src/ring-buffer.o (calloc)
/usr/local/bin/../lib/gcc/arm-none-eabi/6.3.1/../../../../arm-none-eabi/lib/thumb/v7e-m/fpv4-sp/hard/libg_nano.a(lib_a-exit.o)
                              /usr/local/bin/../lib/gcc/arm-none-eabi/6.3.1/../../../../arm-none-eabi/lib/thumb/v7e-m/fpv4-sp/hard/crt0.o (exit)
/usr/local/bin/../lib/gcc/arm-none-eabi/6.3.1/../../../../arm-none-eabi/lib/thumb/v7e-m/fpv4-sp/hard/libg_nano.a(lib_a-fwrite.o)
                              ./src/main.o (fwrite)
/usr/local/bin/../lib/gcc/arm-none-eabi/6.3.1/../../../../arm-none-eabi/lib/thumb/v7e-m/fpv4-sp/hard/libg_nano.a(lib_a-impure.o)
                              /usr/local/bin/../lib/gcc/arm-none-eabi/6.3.1/../../../../arm-none-eabi/lib/thumb/v7e-m/fpv4-sp/hard/libg_nano.a(lib_a-exit.o) (_global_impure_ptr)
/usr/local/bin/../lib/gcc/arm-none-eabi/6.3.1/../../../../arm-none-eabi/lib/thumb/v7e-m/fpv4-sp/hard/libg_nano.a(lib_a-init.o)
                              /usr/local/bin/../lib/gcc/arm-none-eabi/6.3.1/../../../../arm-none-eabi/lib/thumb/v7e-m/fpv4-sp/hard/crt0.o (__libc_init_array)
/usr/local/bin/../lib/gcc/arm-none-eabi/6.3.1/../../../../arm-none-eabi/lib/thumb/v7e-m/fpv4-sp/hard/libg_nano.a(lib_a-malloc.o)
                              ./system/src/ring-buffer.o (free)
/usr/local/bin/../lib/gcc/arm-none-eabi/6.3.1/../../../../arm-none-eabi/lib/thumb/v7e-m/fpv4-sp/hard/libg_nano.a(lib_a-memcpy-stub.o)
                              ./platform/src/stm32f303xc_it.o (memcpy)
/usr/local/bin/../lib/gcc/arm-none-eabi/6.3.1/../../../../arm-none-eabi/lib/thumb/v7e-m/fpv4-sp/hard/libg_nano.a(lib_a-memset.o)
                              /usr/local/bin/../lib/gcc/arm-none-eabi/6.3.1/../../../../arm-none-eabi/lib/thumb/v7e-m/fpv4-sp/hard/crt0.o (memset)
/usr/local/bin/../lib/gcc/arm-none-eabi/6.3.1/../../../../arm-none-eabi/lib/thumb/v7e-m/fpv4-sp/hard/libg_nano.a(lib_a-nano-callocr.o)
                              /usr/local/bin/../lib/gcc/arm-none-eabi/6.3.1/../../../../arm-none-eabi/lib/thumb/v7e-m/fpv4-sp/hard/libg_nano.a(lib_a-calloc.o) (_calloc_r)
/usr/local/bin/../lib/gcc/arm-none-eabi/6.3.1/../../../../arm-none-eabi/lib/thumb/v7e-m/fpv4-sp/hard/libg_nano.a(lib_a-nano-freer.o)
                              /usr/local/bin/../lib/gcc/arm-none-eabi/6.3.1/../../../../arm-none-eabi/lib/thumb/v7e-m/fpv4-sp/hard/libg_nano.a(lib_a-malloc.o) (_free_r)
/usr/local/bin/../lib/gcc/arm-none-eabi/6.3.1/../../../../arm-none-eabi/lib/thumb/v7e-m/fpv4-sp/hard/libg_nano.a(lib_a-nano-mallocr.o)
                              /usr/local/bin/../lib/gcc/arm-none-eabi/6.3.1/../../../../arm-none-eabi/lib/thumb/v7e-m/fpv4-sp/hard/libg_nano.a(lib_a-malloc.o) (_malloc_r)
/usr/local/bin/../lib/gcc/arm-none-eabi/6.3.1/../../../../arm-none-eabi/lib/thumb/v7e-m/fpv4-sp/hard/libg_nano.a(lib_a-reent.o)
                              ./system/src/device.o (errno)
/usr/local/bin/../lib/gcc/arm-none-eabi/6.3.1/../../../../arm-none-eabi/lib/thumb/v7e-m/fpv4-sp/hard/libg_nano.a(lib_a-sbrkr.o)
                              /usr/local/bin/../lib/gcc/arm-none-eabi/6.3.1/../../../../arm-none-eabi/lib/thumb/v7e-m/fpv4-sp/hard/libg_nano.a(lib_a-nano-mallocr.o) (_sbrk_r)
/usr/local/bin/../lib/gcc/arm-none-eabi/6.3.1/../../../../arm-none-eabi/lib/thumb/v7e-m/fpv4-sp/hard/libg_nano.a(lib_a-strcmp.o)
                              ./system/src/device.o (strcmp)
/usr/local/bin/../lib/gcc/arm-none-eabi/6.3.1/../../../../arm-none-eabi/lib/thumb/v7e-m/fpv4-sp/hard/libg_nano.a(lib_a-strrchr.o)
                              ./system/src/device.o (strrchr)
/usr/local/bin/../lib/gcc/arm-none-eabi/6.3.1/../../../../arm-none-eabi/lib/thumb/v7e-m/fpv4-sp/hard/libg_nano.a(lib_a-sysclose.o)
                              ./system/src/device.o (close)
/usr/local/bin/../lib/gcc/arm-none-eabi/6.3.1/../../../../arm-none-eabi/lib/thumb/v7e-m/fpv4-sp/hard/libg_nano.a(lib_a-sysopen.o)
                              ./system/src/stdio.o (open)
/usr/local/bin/../lib/gcc/arm-none-eabi/6.3.1/../../../../arm-none-eabi/lib/thumb/v7e-m/fpv4-sp/hard/libg_nano.a(lib_a-wbuf.o)
                              /usr/local/bin/../lib/gcc/arm-none-eabi/6.3.1/../../../../arm-none-eabi/lib/thumb/v7e-m/fpv4-sp/hard/libg_nano.a(lib_a-fwrite.o) (__swbuf_r)
/usr/local/bin/../lib/gcc/arm-none-eabi/6.3.1/../../../../arm-none-eabi/lib/thumb/v7e-m/fpv4-sp/hard/libg_nano.a(lib_a-wsetup.o)
                              /usr/local/bin/../lib/gcc/arm-none-eabi/6.3.1/../../../../arm-none-eabi/lib/thumb/v7e-m/fpv4-sp/hard/libg_nano.a(lib_a-fwrite.o) (__swsetup_r)
/usr/local/bin/../lib/gcc/arm-none-eabi/6.3.1/../../../../arm-none-eabi/lib/thumb/v7e-m/fpv4-sp/hard/libg_nano.a(lib_a-closer.o)
[...]
Memory Configuration

Name             Origin             Length             Attributes
IROM             0x0000000008000000 0x0000000000040000 xr
IRAM             0x0000000020000000 0x000000000000a000 rw
CCM              0x0000000010000000 0x0000000000002000 xrw
*default*        0x0000000000000000 0xffffffffffffffff

Linker script and memory map

LOAD /usr/local/bin/../lib/gcc/arm-none-eabi/6.3.1/thumb/v7e-m/fpv4-sp/hard/crti.o
LOAD /usr/local/bin/../lib/gcc/arm-none-eabi/6.3.1/thumb/v7e-m/fpv4-sp/hard/crtbegin.o
LOAD /usr/local/bin/../lib/gcc/arm-none-eabi/6.3.1/../../../../arm-none-eabi/lib/thumb/v7e-m/fpv4-sp/hard/crt0.o
LOAD ./system/src/device.o
LOAD ./system/src/gpio.o
LOAD ./system/src/ring-buffer.o
LOAD ./system/src/sbrk.o
LOAD ./system/src/stdio.o
LOAD ./system/src/usart.o
LOAD ./src/main.o
LOAD ./platform/src/stm32f303xc_it.o
LOAD ./platform/src/system_stm32f303cx.o
LOAD /Users/technix/Developer/Eclipse/default/LCDClock/cmsis/lib/libarm_cortexM4lf_math.a
LOAD /usr/local/bin/../lib/gcc/arm-none-eabi/6.3.1/../../../../arm-none-eabi/lib/thumb/v7e-m/fpv4-sp/hard/libstdc++_nano.a
LOAD /usr/local/bin/../lib/gcc/arm-none-eabi/6.3.1/../../../../arm-none-eabi/lib/thumb/v7e-m/fpv4-sp/hard/libm.a
START GROUP
LOAD /usr/local/bin/../lib/gcc/arm-none-eabi/6.3.1/thumb/v7e-m/fpv4-sp/hard/libgcc.a
LOAD /usr/local/bin/../lib/gcc/arm-none-eabi/6.3.1/../../../../arm-none-eabi/lib/thumb/v7e-m/fpv4-sp/hard/libg_nano.a
LOAD /usr/local/bin/../lib/gcc/arm-none-eabi/6.3.1/../../../../arm-none-eabi/lib/thumb/v7e-m/fpv4-sp/hard/libc_nano.a
END GROUP
START GROUP
LOAD /usr/local/bin/../lib/gcc/arm-none-eabi/6.3.1/thumb/v7e-m/fpv4-sp/hard/libgcc.a
LOAD /usr/local/bin/../lib/gcc/arm-none-eabi/6.3.1/../../../../arm-none-eabi/lib/thumb/v7e-m/fpv4-sp/hard/libc_nano.a
END GROUP
LOAD /usr/local/bin/../lib/gcc/arm-none-eabi/6.3.1/thumb/v7e-m/fpv4-sp/hard/crtend.o
LOAD /usr/local/bin/../lib/gcc/arm-none-eabi/6.3.1/thumb/v7e-m/fpv4-sp/hard/crtn.o
                0x0000000008000000                . = ORIGIN (IROM)

.vector         0x0000000010000000      0x188 load address 0x0000000008000000
                0x0000000010000000                PROVIDE (__vector_start, .)
 *(.vector)
 .vector        0x0000000010000000      0x188 ./platform/src/stm32f303xc_it.o
                0x0000000010000000                isr_vector
                0x0000000000000001                ASSERT ((. != __vector_start), The interrupt vector is missing.)
                0x0000000010000188                . = ALIGN (0x4)

.text           0x0000000008000188     0x1548
 *(.text*)
 .text          0x0000000008000188       0x6c /usr/local/bin/../lib/gcc/arm-none-eabi/6.3.1/thumb/v7e-m/fpv4-sp/hard/crtbegin.o
 .text          0x00000000080001f4       0x74 /usr/local/bin/../lib/gcc/arm-none-eabi/6.3.1/../../../../arm-none-eabi/lib/thumb/v7e-m/fpv4-sp/hard/crt0.o
                0x00000000080001f4                _mainCRTStartup
                0x00000000080001f4                _start
 .text.devices_init
                0x0000000008000268       0x3c ./system/src/device.o
                0x0000000008000268                devices_init
 .text._open    0x00000000080002a4      0x110 ./system/src/device.o
                0x00000000080002a4                _open
 .text._close   0x00000000080003b4       0x78 ./system/src/device.o
                0x00000000080003b4                _close
 .text._read    0x000000000800042c       0x70 ./system/src/device.o
                0x000000000800042c                _read
 .text._write   0x000000000800049c       0x70 ./system/src/device.o
                0x000000000800049c                _write
 .text.dup2     0x000000000800050c       0x84 ./system/src/device.o
                0x000000000800050c                dup2
 .text._fstat   0x0000000008000590       0x58 ./system/src/device.o
                0x0000000008000590                _fstat
 .text._lseek   0x00000000080005e8       0x58 ./system/src/device.o
                0x00000000080005e8                _lseek
 .text._isatty  0x0000000008000640       0x58 ./system/src/device.o
                0x0000000008000640                _isatty
 .text.GPIO_Initialize
                0x0000000008000698       0x10 ./system/src/gpio.o
                0x0000000008000698                GPIO_Initialize
 .text.ring_buffer_init
                0x00000000080006a8       0x26 ./system/src/ring-buffer.o
                0x00000000080006a8                ring_buffer_init
 .text.ring_buffer_dealloc
                0x00000000080006ce       0x16 ./system/src/ring-buffer.o
                0x00000000080006ce                ring_buffer_dealloc
 .text.ring_buffer_getlength
                0x00000000080006e4       0x1e ./system/src/ring-buffer.o
                0x00000000080006e4                ring_buffer_getlength
 *fill*         0x0000000008000702        0x2 ff
 .text._sbrk    0x0000000008000704       0x40 ./system/src/sbrk.o
                0x0000000008000704                _sbrk
 .text.stdio_init
                0x0000000008000744       0x48 ./system/src/stdio.o
                0x0000000008000744                stdio_init
 .text.usart_read
                0x000000000800078c       0x22 ./system/src/usart.o
 .text.usart_write
                0x00000000080007ae        0x6 ./system/src/usart.o
 .text.usart_poll
                0x00000000080007b4        0x6 ./system/src/usart.o
 .text.usart_fstat
                0x00000000080007ba       0x2a ./system/src/usart.o
 .text.usart_isatty
                0x00000000080007e4        0x4 ./system/src/usart.o
 .text.usart_ioctl
                0x00000000080007e8       0xac ./system/src/usart.o
 .text.usart_open
                0x0000000008000894       0xbc ./system/src/usart.o
 .text.usart_close
                0x0000000008000950       0x88 ./system/src/usart.o
 .text.USART1_Handler
                0x00000000080009d8        0x2 ./system/src/usart.o
                0x00000000080009d8                USART1_Handler
 .text.USART2_Handler
                0x00000000080009da        0x2 ./system/src/usart.o
                0x00000000080009da                USART2_Handler
 .text.USART3_Handler
                0x00000000080009dc        0x2 ./system/src/usart.o
                0x00000000080009dc                USART3_Handler
 *fill*         0x00000000080009de        0x2 ff
 .text.main     0x00000000080009e0       0x20 ./src/main.o
                0x00000000080009e0                main
 .text._exit    0x0000000008000a00       0x24 ./platform/src/stm32f303xc_it.o
                0x0000000008000a00                _exit
 .text.Reset_Handler
                0x0000000008000a24       0xac ./platform/src/stm32f303xc_it.o
                0x0000000008000a24                Reset_Handler
 .text.Default_Handler
                0x0000000008000ad0       0x2c ./platform/src/stm32f303xc_it.o
                0x0000000008000ad0                DebugMonitor_Handler
                0x0000000008000ad0                FLASH_Handler
                0x0000000008000ad0                SVCall_Handler
                0x0000000008000ad0                HardFault_Handler
                0x0000000008000ad0                TIM1_BRK_TIM15_Handler
                0x0000000008000ad0                SysTick_Handler
                0x0000000008000ad0                DMA1_Channel7_Handler
                0x0000000008000ad0                COMP4_5_6_Handler
                0x0000000008000ad0                PendSV_Handler
                0x0000000008000ad0                USB_HP_Handler
                0x0000000008000ad0                DMA1_Channel6_Handler
                0x0000000008000ad0                DMA2_Channel5_Handler
                0x0000000008000ad0                TIM6_DAC_Handler
                0x0000000008000ad0                EXTI15_10_Handler
                0x0000000008000ad0                NonMaskableInt_Handler
                0x0000000008000ad0                DMA2_Channel1_Handler
                0x0000000008000ad0                I2C1_EV_Handler
                0x0000000008000ad0                ADC1_2_Handler
                0x0000000008000ad0                TAMP_STAMP_Handler
                0x0000000008000ad0                WWDG_Handler
                0x0000000008000ad0                EXTI4_Handler
                0x0000000008000ad0                DMA2_Channel4_Handler
                0x0000000008000ad0                DMA1_Channel1_Handler
                0x0000000008000ad0                I2C1_ER_Handler
                0x0000000008000ad0                UsageFault_Handler
                0x0000000008000ad0                TIM1_CC_Handler
                0x0000000008000ad0                I2C2_ER_Handler
                0x0000000008000ad0                TIM8_CC_Handler
                0x0000000008000ad0                TIM8_BRK_Handler
                0x0000000008000ad0                USB_HP_CAN_TX_Handler
                0x0000000008000ad0                CAN_RX1_Handler
                0x0000000008000ad0                EXTI1_Handler
                0x0000000008000ad0                TIM8_TRG_COM_Handler
                0x0000000008000ad0                EXTI3_Handler
                0x0000000008000ad0                USB_LP_CAN_RX0_Handler
                0x0000000008000ad0                UART4_Handler
                0x0000000008000ad0                TIM1_TRG_COM_TIM17_Handler
                0x0000000008000ad0                EXTI9_5_Handler
                0x0000000008000ad0                COMP7_Handler
                0x0000000008000ad0                TIM2_Handler
                0x0000000008000ad0                DMA1_Channel4_Handler
                0x0000000008000ad0                TIM3_Handler
                0x0000000008000ad0                CAN_SCE_Handler
                0x0000000008000ad0                Default_Handler
                0x0000000008000ad0                USBWakeUp_Handler
                0x0000000008000ad0                DMA1_Channel3_Handler
                0x0000000008000ad0                USBWakeUp_RMP_Handler
                0x0000000008000ad0                RTC_Alarm_Handler
                0x0000000008000ad0                TIM4_Handler
                0x0000000008000ad0                EXTI2_TSC_Handler
                0x0000000008000ad0                SPI2_Handler
                0x0000000008000ad0                COMP1_2_3_Handler
                0x0000000008000ad0                DMA1_Channel2_Handler
                0x0000000008000ad0                EXTI0_Handler
                0x0000000008000ad0                TIM8_UP_Handler
                0x0000000008000ad0                DMA1_Channel5_Handler
                0x0000000008000ad0                SPI1_Handler
                0x0000000008000ad0                ADC3_Handler
                0x0000000008000ad0                I2C2_EV_Handler
                0x0000000008000ad0                SPI3_Handler
                0x0000000008000ad0                DMA2_Channel3_Handler
                0x0000000008000ad0                RCC_Handler
                0x0000000008000ad0                PVD_Handler
                0x0000000008000ad0                UART5_Handler
                0x0000000008000ad0                DMA2_Channel2_Handler
                0x0000000008000ad0                TIM7_Handler
                0x0000000008000ad0                TIM1_UP_TIM16_Handler
                0x0000000008000ad0                USB_LP_Handler
                0x0000000008000ad0                FPU_Handler
                0x0000000008000ad0                ADC4_Handler
                0x0000000008000ad0                BusFault_Handler
                0x0000000008000ad0                MemoryManagement_Handler
                0x0000000008000ad0                RTC_WKUP_Handler
 .text.SystemInit
                0x0000000008000afc       0xec ./platform/src/system_stm32f303cx.o
                0x0000000008000afc                SystemInit
 .text.SystemCoreClockUpdate
                0x0000000008000be8       0x94 ./platform/src/system_stm32f303cx.o
                0x0000000008000be8                SystemCoreClockUpdate
 .text.calloc   0x0000000008000c7c       0x10 /usr/local/bin/../lib/gcc/arm-none-eabi/6.3.1/../../../../arm-none-eabi/lib/thumb/v7e-m/fpv4-sp/hard/libg_nano.a(lib_a-calloc.o)
                0x0000000008000c7c                calloc
 .text.exit     0x0000000008000c8c       0x28 /usr/local/bin/../lib/gcc/arm-none-eabi/6.3.1/../../../../arm-none-eabi/lib/thumb/v7e-m/fpv4-sp/hard/libg_nano.a(lib_a-exit.o)
                0x0000000008000c8c                exit
 .text._fwrite_r
                0x0000000008000cb4       0x9c /usr/local/bin/../lib/gcc/arm-none-eabi/6.3.1/../../../../arm-none-eabi/lib/thumb/v7e-m/fpv4-sp/hard/libg_nano.a(lib_a-fwrite.o)
                0x0000000008000cb4                _fwrite_r
 .text.fwrite   0x0000000008000d50       0x1c /usr/local/bin/../lib/gcc/arm-none-eabi/6.3.1/../../../../arm-none-eabi/lib/thumb/v7e-m/fpv4-sp/hard/libg_nano.a(lib_a-fwrite.o)
                0x0000000008000d50                fwrite
 .text.__libc_init_array
                0x0000000008000d6c       0x48 /usr/local/bin/../lib/gcc/arm-none-eabi/6.3.1/../../../../arm-none-eabi/lib/thumb/v7e-m/fpv4-sp/hard/libg_nano.a(lib_a-init.o)
                0x0000000008000d6c                __libc_init_array
 .text.free     0x0000000008000db4       0x10 /usr/local/bin/../lib/gcc/arm-none-eabi/6.3.1/../../../../arm-none-eabi/lib/thumb/v7e-m/fpv4-sp/hard/libg_nano.a(lib_a-malloc.o)
                0x0000000008000db4                free
 .text.memcpy   0x0000000008000dc4       0x16 /usr/local/bin/../lib/gcc/arm-none-eabi/6.3.1/../../../../arm-none-eabi/lib/thumb/v7e-m/fpv4-sp/hard/libg_nano.a(lib_a-memcpy-stub.o)
                0x0000000008000dc4                memcpy
 .text.memset   0x0000000008000dda       0x10 /usr/local/bin/../lib/gcc/arm-none-eabi/6.3.1/../../../../arm-none-eabi/lib/thumb/v7e-m/fpv4-sp/hard/libg_nano.a(lib_a-memset.o)
                0x0000000008000dda                memset
 .text._calloc_r
                0x0000000008000dea       0x1c /usr/local/bin/../lib/gcc/arm-none-eabi/6.3.1/../../../../arm-none-eabi/lib/thumb/v7e-m/fpv4-sp/hard/libg_nano.a(lib_a-nano-callocr.o)
                0x0000000008000dea                _calloc_r
 *fill*         0x0000000008000e06        0x2 ff
 .text._free_r  0x0000000008000e08       0x9c /usr/local/bin/../lib/gcc/arm-none-eabi/6.3.1/../../../../arm-none-eabi/lib/thumb/v7e-m/fpv4-sp/hard/libg_nano.a(lib_a-nano-freer.o)
                0x0000000008000e08                _free_r
 .text._malloc_r
                0x0000000008000ea4       0xbc /usr/local/bin/../lib/gcc/arm-none-eabi/6.3.1/../../../../arm-none-eabi/lib/thumb/v7e-m/fpv4-sp/hard/libg_nano.a(lib_a-nano-mallocr.o)
                0x0000000008000ea4                _malloc_r
 .text._sbrk_r  0x0000000008000f60       0x20 /usr/local/bin/../lib/gcc/arm-none-eabi/6.3.1/../../../../arm-none-eabi/lib/thumb/v7e-m/fpv4-sp/hard/libg_nano.a(lib_a-sbrkr.o)
                0x0000000008000f60                _sbrk_r
 .text          0x0000000008000f80       0x14 /usr/local/bin/../lib/gcc/arm-none-eabi/6.3.1/../../../../arm-none-eabi/lib/thumb/v7e-m/fpv4-sp/hard/libg_nano.a(lib_a-strcmp.o)
                0x0000000008000f80                strcmp
 .text.strrchr  0x0000000008000f94       0x26 /usr/local/bin/../lib/gcc/arm-none-eabi/6.3.1/../../../../arm-none-eabi/lib/thumb/v7e-m/fpv4-sp/hard/libg_nano.a(lib_a-strrchr.o)
                0x0000000008000f94                strrchr
 *fill*         0x0000000008000fba        0x2 ff
 .text.close    0x0000000008000fbc       0x10 /usr/local/bin/../lib/gcc/arm-none-eabi/6.3.1/../../../../arm-none-eabi/lib/thumb/v7e-m/fpv4-sp/hard/libg_nano.a(lib_a-sysclose.o)
                0x0000000008000fbc                close
 .text.open     0x0000000008000fcc       0x28 /usr/local/bin/../lib/gcc/arm-none-eabi/6.3.1/../../../../arm-none-eabi/lib/thumb/v7e-m/fpv4-sp/hard/libg_nano.a(lib_a-sysopen.o)
                0x0000000008000fcc                open
 .text.__swbuf_r
                0x0000000008000ff4       0xa4 /usr/local/bin/../lib/gcc/arm-none-eabi/6.3.1/../../../../arm-none-eabi/lib/thumb/v7e-m/fpv4-sp/hard/libg_nano.a(lib_a-wbuf.o)
                0x0000000008000ff4                __swbuf_r
 .text.__swsetup_r
                0x0000000008001098       0xdc /usr/local/bin/../lib/gcc/arm-none-eabi/6.3.1/../../../../arm-none-eabi/lib/thumb/v7e-m/fpv4-sp/hard/libg_nano.a(lib_a-wsetup.o)
                0x0000000008001098                __swsetup_r
 .text._close_r
                0x0000000008001174       0x20 /usr/local/bin/../lib/gcc/arm-none-eabi/6.3.1/../../../../arm-none-eabi/lib/thumb/v7e-m/fpv4-sp/hard/libg_nano.a(lib_a-closer.o)
                0x0000000008001174                _close_r
 .text.__sflush_r
                0x0000000008001194      0x110 /usr/local/bin/../lib/gcc/arm-none-eabi/6.3.1/../../../../arm-none-eabi/lib/thumb/v7e-m/fpv4-sp/hard/libg_nano.a(lib_a-fflush.o)
                0x0000000008001194                __sflush_r
 .text._fflush_r
                0x00000000080012a4       0x54 /usr/local/bin/../lib/gcc/arm-none-eabi/6.3.1/../../../../arm-none-eabi/lib/thumb/v7e-m/fpv4-sp/hard/libg_nano.a(lib_a-fflush.o)
                0x00000000080012a4                _fflush_r
 .text._cleanup_r
                0x00000000080012f8        0xc /usr/local/bin/../lib/gcc/arm-none-eabi/6.3.1/../../../../arm-none-eabi/lib/thumb/v7e-m/fpv4-sp/hard/libg_nano.a(lib_a-findfp.o)
                0x00000000080012f8                _cleanup_r
 .text.std.isra.0
                0x0000000008001304       0x48 /usr/local/bin/../lib/gcc/arm-none-eabi/6.3.1/../../../../arm-none-eabi/lib/thumb/v7e-m/fpv4-sp/hard/libg_nano.a(lib_a-findfp.o)
 .text.__sfmoreglue
                0x000000000800134c       0x2c /usr/local/bin/../lib/gcc/arm-none-eabi/6.3.1/../../../../arm-none-eabi/lib/thumb/v7e-m/fpv4-sp/hard/libg_nano.a(lib_a-findfp.o)
                0x000000000800134c                __sfmoreglue
 .text.__sinit  0x0000000008001378       0x60 /usr/local/bin/../lib/gcc/arm-none-eabi/6.3.1/../../../../arm-none-eabi/lib/thumb/v7e-m/fpv4-sp/hard/libg_nano.a(lib_a-findfp.o)
                0x0000000008001378                __sinit
 .text.__sfp    0x00000000080013d8       0x78 /usr/local/bin/../lib/gcc/arm-none-eabi/6.3.1/../../../../arm-none-eabi/lib/thumb/v7e-m/fpv4-sp/hard/libg_nano.a(lib_a-findfp.o)
                0x00000000080013d8                __sfp
 .text._fwalk_reent
                0x0000000008001450       0x3c /usr/local/bin/../lib/gcc/arm-none-eabi/6.3.1/../../../../arm-none-eabi/lib/thumb/v7e-m/fpv4-sp/hard/libg_nano.a(lib_a-fwalk.o)
                0x0000000008001450                _fwalk_reent
 .text.__swhatbuf_r
                0x000000000800148c       0x48 /usr/local/bin/../lib/gcc/arm-none-eabi/6.3.1/../../../../arm-none-eabi/lib/thumb/v7e-m/fpv4-sp/hard/libg_nano.a(lib_a-makebuf.o)
                0x000000000800148c                __swhatbuf_r
 .text.__smakebuf_r
                0x00000000080014d4       0x80 /usr/local/bin/../lib/gcc/arm-none-eabi/6.3.1/../../../../arm-none-eabi/lib/thumb/v7e-m/fpv4-sp/hard/libg_nano.a(lib_a-makebuf.o)
                0x00000000080014d4                __smakebuf_r
 .text.__malloc_lock
                0x0000000008001554        0x2 /usr/local/bin/../lib/gcc/arm-none-eabi/6.3.1/../../../../arm-none-eabi/lib/thumb/v7e-m/fpv4-sp/hard/libg_nano.a(lib_a-mlock.o)
                0x0000000008001554                __malloc_lock
 .text.__malloc_unlock
                0x0000000008001556        0x2 /usr/local/bin/../lib/gcc/arm-none-eabi/6.3.1/../../../../arm-none-eabi/lib/thumb/v7e-m/fpv4-sp/hard/libg_nano.a(lib_a-mlock.o)
                0x0000000008001556                __malloc_unlock
 .text._open_r  0x0000000008001558       0x24 /usr/local/bin/../lib/gcc/arm-none-eabi/6.3.1/../../../../arm-none-eabi/lib/thumb/v7e-m/fpv4-sp/hard/libg_nano.a(lib_a-openr.o)
                0x0000000008001558                _open_r
 .text.__sread  0x000000000800157c       0x22 /usr/local/bin/../lib/gcc/arm-none-eabi/6.3.1/../../../../arm-none-eabi/lib/thumb/v7e-m/fpv4-sp/hard/libg_nano.a(lib_a-stdio.o)
                0x000000000800157c                __sread
 .text.__swrite
                0x000000000800159e       0x38 /usr/local/bin/../lib/gcc/arm-none-eabi/6.3.1/../../../../arm-none-eabi/lib/thumb/v7e-m/fpv4-sp/hard/libg_nano.a(lib_a-stdio.o)
                0x000000000800159e                __swrite
 .text.__sseek  0x00000000080015d6       0x24 /usr/local/bin/../lib/gcc/arm-none-eabi/6.3.1/../../../../arm-none-eabi/lib/thumb/v7e-m/fpv4-sp/hard/libg_nano.a(lib_a-stdio.o)
                0x00000000080015d6                __sseek
 .text.__sclose
                0x00000000080015fa        0x8 /usr/local/bin/../lib/gcc/arm-none-eabi/6.3.1/../../../../arm-none-eabi/lib/thumb/v7e-m/fpv4-sp/hard/libg_nano.a(lib_a-stdio.o)
                0x00000000080015fa                __sclose
 .text.strchr   0x0000000008001602       0x1c /usr/local/bin/../lib/gcc/arm-none-eabi/6.3.1/../../../../arm-none-eabi/lib/thumb/v7e-m/fpv4-sp/hard/libg_nano.a(lib_a-strchr.o)
                0x0000000008001602                strchr
 *fill*         0x000000000800161e        0x2 ff
 .text._write_r
                0x0000000008001620       0x24 /usr/local/bin/../lib/gcc/arm-none-eabi/6.3.1/../../../../arm-none-eabi/lib/thumb/v7e-m/fpv4-sp/hard/libg_nano.a(lib_a-writer.o)
                0x0000000008001620                _write_r
 .text._fstat_r
                0x0000000008001644       0x24 /usr/local/bin/../lib/gcc/arm-none-eabi/6.3.1/../../../../arm-none-eabi/lib/thumb/v7e-m/fpv4-sp/hard/libg_nano.a(lib_a-fstatr.o)
                0x0000000008001644                _fstat_r
 .text._isatty_r
                0x0000000008001668       0x20 /usr/local/bin/../lib/gcc/arm-none-eabi/6.3.1/../../../../arm-none-eabi/lib/thumb/v7e-m/fpv4-sp/hard/libg_nano.a(lib_a-isattyr.o)
                0x0000000008001668                _isatty_r
 .text._lseek_r
                0x0000000008001688       0x24 /usr/local/bin/../lib/gcc/arm-none-eabi/6.3.1/../../../../arm-none-eabi/lib/thumb/v7e-m/fpv4-sp/hard/libg_nano.a(lib_a-lseekr.o)
                0x0000000008001688                _lseek_r
 .text._read_r  0x00000000080016ac       0x24 /usr/local/bin/../lib/gcc/arm-none-eabi/6.3.1/../../../../arm-none-eabi/lib/thumb/v7e-m/fpv4-sp/hard/libg_nano.a(lib_a-readr.o)
                0x00000000080016ac                _read_r

.glue_7         0x00000000080016d0        0x0
 .glue_7        0x00000000080016d0        0x0 linker stubs

.glue_7t        0x00000000080016d0        0x0
 .glue_7t       0x00000000080016d0        0x0 linker stubs

.vfp11_veneer   0x00000000080016d0        0x0
 .vfp11_veneer  0x00000000080016d0        0x0 linker stubs

.v4_bx          0x00000000080016d0        0x0
 .v4_bx         0x00000000080016d0        0x0 linker stubs

.iplt           0x00000000080016d0        0x0
 .iplt          0x00000000080016d0        0x0 /usr/local/bin/../lib/gcc/arm-none-eabi/6.3.1/thumb/v7e-m/fpv4-sp/hard/crtbegin.o

.devices        0x00000000080016d0        0xc
 *(.devices*)
 .devices       0x00000000080016d0        0xc ./system/src/usart.o
                0x00000000080016d0                TTY2
                0x00000000080016d4                TTY1
                0x00000000080016d8                TTY0

.rodata         0x00000000080016dc      0x14c
 *(.rodata*)
 .rodata.stdio_init.str1.4
                0x00000000080016dc        0xa ./system/src/stdio.o
 *fill*         0x00000000080016e6        0x2 ff
 .rodata.str1.4
                0x00000000080016e8       0x28 ./system/src/usart.o
 .rodata.usart_driver
                0x0000000008001710       0x2c ./system/src/usart.o
 .rodata.main.str1.4
                0x000000000800173c        0xc ./src/main.o
                                          0x9 (size before relaxing)
 .rodata.HCLK_DIV.6734
                0x0000000008001748       0x40 ./platform/src/system_stm32f303cx.o
 .rodata._global_impure_ptr
                0x0000000008001788        0x4 /usr/local/bin/../lib/gcc/arm-none-eabi/6.3.1/../../../../arm-none-eabi/lib/thumb/v7e-m/fpv4-sp/hard/libg_nano.a(lib_a-impure.o)
                0x0000000008001788                _global_impure_ptr
 .rodata.__sf_fake_stderr
                0x000000000800178c       0x20 /usr/local/bin/../lib/gcc/arm-none-eabi/6.3.1/../../../../arm-none-eabi/lib/thumb/v7e-m/fpv4-sp/hard/libg_nano.a(lib_a-findfp.o)
                0x000000000800178c                __sf_fake_stderr
 .rodata.__sf_fake_stdin
                0x00000000080017ac       0x20 /usr/local/bin/../lib/gcc/arm-none-eabi/6.3.1/../../../../arm-none-eabi/lib/thumb/v7e-m/fpv4-sp/hard/libg_nano.a(lib_a-findfp.o)
                0x00000000080017ac                __sf_fake_stdin
 .rodata.__sf_fake_stdout
                0x00000000080017cc       0x20 /usr/local/bin/../lib/gcc/arm-none-eabi/6.3.1/../../../../arm-none-eabi/lib/thumb/v7e-m/fpv4-sp/hard/libg_nano.a(lib_a-findfp.o)
                0x00000000080017cc                __sf_fake_stdout
                0x00000000080017ec                PROVIDE (__vector_load, .)
                0x00000000080017ec        0x4 LONG 0x8000000 LOADADDR (.vector)
                0x00000000080017f0                PROVIDE (__vector_addr, .)
                0x00000000080017f0        0x4 LONG 0x10000000 ADDR (.vector)
                0x00000000080017f4                PROVIDE (__vector_size, .)
                0x00000000080017f4        0x4 LONG 0x188 SIZEOF (.vector)
                0x00000000080017f8                PROVIDE (__devices_addr, .)
                0x00000000080017f8        0x4 LONG 0x80016d0 ADDR (.devices)
                0x00000000080017fc                PROVIDE (__devices_size, .)
                0x00000000080017fc        0x4 LONG 0xc SIZEOF (.devices)
                0x0000000008001800                PROVIDE (__ccm_load, .)
                0x0000000008001800        0x4 LONG 0x800185c LOADADDR (.ccm)
                0x0000000008001804                PROVIDE (__ccm_addr, .)
                0x0000000008001804        0x4 LONG 0x10000188 ADDR (.ccm)
                0x0000000008001808                PROVIDE (__ccm_size, .)
                0x0000000008001808        0x4 LONG 0x78 SIZEOF (.ccm)
                0x000000000800180c                PROVIDE (__data_load, .)
                0x000000000800180c        0x4 LONG 0x80018d4 LOADADDR (.data)
                0x0000000008001810                PROVIDE (__data_addr, .)
                0x0000000008001810        0x4 LONG 0x20000000 ADDR (.data)
                0x0000000008001814                PROVIDE (__data_size, .)
                0x0000000008001814        0x4 LONG 0x64 SIZEOF (.data)
                0x0000000008001818                PROVIDE (__bss_addr, .)
                0x0000000008001818        0x4 LONG 0x20000064 ADDR (.bss)
                0x000000000800181c                PROVIDE (__bss_size, .)
                0x000000000800181c        0x4 LONG 0x1b0 SIZEOF (.bss)
                0x0000000008001820                PROVIDE (__bss_end, .)
                0x0000000008001820        0x4 LONG 0x20000214 (ADDR (.bss) + SIZEOF (.bss))
                0x0000000008001824                PROVIDE (__mem_end, .)
                0x0000000008001824        0x4 LONG 0x2000a000 (ORIGIN (IRAM) + LENGTH (IRAM))

.eh_frame       0x0000000008001828        0x0
 .eh_frame      0x0000000008001828        0x0 /usr/local/bin/../lib/gcc/arm-none-eabi/6.3.1/thumb/v7e-m/fpv4-sp/hard/crtbegin.o

.init           0x0000000008001828        0xc
 *(.init)
 .init          0x0000000008001828        0x4 /usr/local/bin/../lib/gcc/arm-none-eabi/6.3.1/thumb/v7e-m/fpv4-sp/hard/crti.o
                0x0000000008001828                _init
 .init          0x000000000800182c        0x8 /usr/local/bin/../lib/gcc/arm-none-eabi/6.3.1/thumb/v7e-m/fpv4-sp/hard/crtn.o

.fini           0x0000000008001834        0xc
 *(.fini)
 .fini          0x0000000008001834        0x4 /usr/local/bin/../lib/gcc/arm-none-eabi/6.3.1/thumb/v7e-m/fpv4-sp/hard/crti.o
                0x0000000008001834                _fini
 .fini          0x0000000008001838        0x8 /usr/local/bin/../lib/gcc/arm-none-eabi/6.3.1/thumb/v7e-m/fpv4-sp/hard/crtn.o

.ARM.extab
 *(.ARM.extab*)

.ARM.exidx      0x0000000008001840        0x8
 *(.ARM.exidx*)
 .ARM.exidx     0x0000000008001840        0x8 /usr/local/bin/../lib/gcc/arm-none-eabi/6.3.1/../../../../arm-none-eabi/lib/thumb/v7e-m/fpv4-sp/hard/crt0.o

.rel.dyn        0x0000000008001848        0x0
 .rel.iplt      0x0000000008001848        0x0 /usr/local/bin/../lib/gcc/arm-none-eabi/6.3.1/thumb/v7e-m/fpv4-sp/hard/crtbegin.o

.preinit_array  0x0000000008001848        0x0
                0x0000000008001848                PROVIDE (__preinit_array_start, .)
 *(.preinit_array*)
                0x0000000008001848                PROVIDE (__preinit_array_end, .)

.init_array     0x0000000008001848       0x10
                0x0000000008001848                PROVIDE (__init_array_start, .)
 *(SORT(.init_array.*))
 *(.init_array*)
 .init_array    0x0000000008001848        0x4 /usr/local/bin/../lib/gcc/arm-none-eabi/6.3.1/thumb/v7e-m/fpv4-sp/hard/crtbegin.o
 .init_array    0x000000000800184c        0x4 ./system/src/device.o
 .init_array    0x0000000008001850        0x4 ./system/src/gpio.o
 .init_array    0x0000000008001854        0x4 ./system/src/stdio.o
                0x0000000008001858                PROVIDE (__init_array_end, .)

.fini_array     0x0000000008001858        0x4
                [!provide]                        PROVIDE (__fini_array_start, .)
 *(SORT(.fini_array.*))
 *(.fini_array*)
 .fini_array    0x0000000008001858        0x4 /usr/local/bin/../lib/gcc/arm-none-eabi/6.3.1/thumb/v7e-m/fpv4-sp/hard/crtbegin.o
                [!provide]                        PROVIDE (__fini_array_end, .)
                0x000000000800185c                . = ALIGN (0x4)

.ccm            0x0000000010000188       0x78 load address 0x000000000800185c
 *(.ccm*)
 .ccm           0x0000000010000188       0x78 ./system/src/usart.o
                0x0000000010000200                . = ALIGN (0x4)
                0x0000000010002000                PROVIDE (__stack, (ORIGIN (CCM) + LENGTH (CCM)))

.data           0x0000000020000000       0x64 load address 0x00000000080018d4
 *(.data*)
 .data._impure_ptr
                0x0000000020000000        0x4 /usr/local/bin/../lib/gcc/arm-none-eabi/6.3.1/../../../../arm-none-eabi/lib/thumb/v7e-m/fpv4-sp/hard/libg_nano.a(lib_a-impure.o)
                0x0000000020000000                _impure_ptr
 .data.impure_data
                0x0000000020000004       0x60 /usr/local/bin/../lib/gcc/arm-none-eabi/6.3.1/../../../../arm-none-eabi/lib/thumb/v7e-m/fpv4-sp/hard/libg_nano.a(lib_a-impure.o)
                0x0000000020000064                . = ALIGN (0x4)

.jcr            0x0000000020000064        0x0 load address 0x0000000008001938
 .jcr           0x0000000020000064        0x0 /usr/local/bin/../lib/gcc/arm-none-eabi/6.3.1/thumb/v7e-m/fpv4-sp/hard/crtbegin.o

.igot.plt       0x0000000020000064        0x0 load address 0x0000000008001938
 .igot.plt      0x0000000020000064        0x0 /usr/local/bin/../lib/gcc/arm-none-eabi/6.3.1/thumb/v7e-m/fpv4-sp/hard/crtbegin.o

.bss            0x0000000020000064      0x1b0 load address 0x0000000008001938
                0x0000000020000064                PROVIDE (__bss_start__, .)
 *(.bss*)
 .bss           0x0000000020000064       0x1c /usr/local/bin/../lib/gcc/arm-none-eabi/6.3.1/thumb/v7e-m/fpv4-sp/hard/crtbegin.o
 .bss.files     0x0000000020000080      0x180 ./system/src/device.o
 .bss._brk      0x0000000020000200        0x4 ./system/src/sbrk.o
 .bss.__malloc_free_list
                0x0000000020000204        0x4 /usr/local/bin/../lib/gcc/arm-none-eabi/6.3.1/../../../../arm-none-eabi/lib/thumb/v7e-m/fpv4-sp/hard/libg_nano.a(lib_a-nano-mallocr.o)
                0x0000000020000204                __malloc_free_list
 .bss.__malloc_sbrk_start
                0x0000000020000208        0x4 /usr/local/bin/../lib/gcc/arm-none-eabi/6.3.1/../../../../arm-none-eabi/lib/thumb/v7e-m/fpv4-sp/hard/libg_nano.a(lib_a-nano-mallocr.o)
                0x0000000020000208                __malloc_sbrk_start
                0x000000002000020c                . = ALIGN (0x4)
                0x000000002000020c                PROVIDE (__bss_end__, .)
 COMMON         0x000000002000020c        0x4 ./platform/src/system_stm32f303cx.o
                0x000000002000020c                SystemCoreClock
 COMMON         0x0000000020000210        0x4 /usr/local/bin/../lib/gcc/arm-none-eabi/6.3.1/../../../../arm-none-eabi/lib/thumb/v7e-m/fpv4-sp/hard/libg_nano.a(lib_a-reent.o)
                0x0000000020000210                errno
OUTPUT(LCDClock.elf elf32-littlearm)

.ARM.attributes
                0x0000000000000000       0x30
 .ARM.attributes
                0x0000000000000000       0x22 /usr/local/bin/../lib/gcc/arm-none-eabi/6.3.1/thumb/v7e-m/fpv4-sp/hard/crti.o
 .ARM.attributes
                0x0000000000000022       0x34 /usr/local/bin/../lib/gcc/arm-none-eabi/6.3.1/thumb/v7e-m/fpv4-sp/hard/crtbegin.o
 .ARM.attributes
                0x0000000000000056       0x20 /usr/local/bin/../lib/gcc/arm-none-eabi/6.3.1/../../../../arm-none-eabi/lib/thumb/v7e-m/fpv4-sp/hard/crt0.o
 .ARM.attributes
                0x0000000000000076       0x39 ./system/src/device.o
 .ARM.attributes
                0x00000000000000af       0x39 ./system/src/gpio.o
 .ARM.attributes
                0x00000000000000e8       0x39 ./system/src/ring-buffer.o
 .ARM.attributes
                0x0000000000000121       0x39 ./system/src/sbrk.o
 .ARM.attributes
                0x000000000000015a       0x39 ./system/src/stdio.o
 .ARM.attributes
                0x0000000000000193       0x39 ./system/src/usart.o
 .ARM.attributes
                0x00000000000001cc       0x39 ./src/main.o
 .ARM.attributes
                0x0000000000000205       0x39 ./platform/src/stm32f303xc_it.o
 .ARM.attributes
                0x000000000000023e       0x39 ./platform/src/system_stm32f303cx.o
 .ARM.attributes
                0x0000000000000277       0x34 /usr/local/bin/../lib/gcc/arm-none-eabi/6.3.1/../../../../arm-none-eabi/lib/thumb/v7e-m/fpv4-sp/hard/libg_nano.a(lib_a-calloc.o)
 .ARM.attributes
                0x00000000000002ab       0x34 /usr/local/bin/../lib/gcc/arm-none-eabi/6.3.1/../../../../arm-none-eabi/lib/thumb/v7e-m/fpv4-sp/hard/libg_nano.a(lib_a-exit.o)
 .ARM.attributes
                0x00000000000002df       0x34 /usr/local/bin/../lib/gcc/arm-none-eabi/6.3.1/../../../../arm-none-eabi/lib/thumb/v7e-m/fpv4-sp/hard/libg_nano.a(lib_a-fwrite.o)
 .ARM.attributes
                0x0000000000000313       0x34 /usr/local/bin/../lib/gcc/arm-none-eabi/6.3.1/../../../../arm-none-eabi/lib/thumb/v7e-m/fpv4-sp/hard/libg_nano.a(lib_a-impure.o)
 .ARM.attributes
                0x0000000000000347       0x34 /usr/local/bin/../lib/gcc/arm-none-eabi/6.3.1/../../../../arm-none-eabi/lib/thumb/v7e-m/fpv4-sp/hard/libg_nano.a(lib_a-init.o)
 .ARM.attributes
                0x000000000000037b       0x34 /usr/local/bin/../lib/gcc/arm-none-eabi/6.3.1/../../../../arm-none-eabi/lib/thumb/v7e-m/fpv4-sp/hard/libg_nano.a(lib_a-malloc.o)
 .ARM.attributes
                0x00000000000003af       0x34 /usr/local/bin/../lib/gcc/arm-none-eabi/6.3.1/../../../../arm-none-eabi/lib/thumb/v7e-m/fpv4-sp/hard/libg_nano.a(lib_a-memcpy-stub.o)
 .ARM.attributes
                0x00000000000003e3       0x34 /usr/local/bin/../lib/gcc/arm-none-eabi/6.3.1/../../../../arm-none-eabi/lib/thumb/v7e-m/fpv4-sp/hard/libg_nano.a(lib_a-memset.o)
 .ARM.attributes
                0x0000000000000417       0x34 /usr/local/bin/../lib/gcc/arm-none-eabi/6.3.1/../../../../arm-none-eabi/lib/thumb/v7e-m/fpv4-sp/hard/libg_nano.a(lib_a-nano-callocr.o)
 .ARM.attributes
                0x000000000000044b       0x34 /usr/local/bin/../lib/gcc/arm-none-eabi/6.3.1/../../../../arm-none-eabi/lib/thumb/v7e-m/fpv4-sp/hard/libg_nano.a(lib_a-nano-freer.o)
 .ARM.attributes
                0x000000000000047f       0x34 /usr/local/bin/../lib/gcc/arm-none-eabi/6.3.1/../../../../arm-none-eabi/lib/thumb/v7e-m/fpv4-sp/hard/libg_nano.a(lib_a-nano-mallocr.o)
 .ARM.attributes
                0x00000000000004b3       0x34 /usr/local/bin/../lib/gcc/arm-none-eabi/6.3.1/../../../../arm-none-eabi/lib/thumb/v7e-m/fpv4-sp/hard/libg_nano.a(lib_a-reent.o)
 .ARM.attributes
                0x00000000000004e7       0x34 /usr/local/bin/../lib/gcc/arm-none-eabi/6.3.1/../../../../arm-none-eabi/lib/thumb/v7e-m/fpv4-sp/hard/libg_nano.a(lib_a-sbrkr.o)
 .ARM.attributes
                0x000000000000051b       0x20 /usr/local/bin/../lib/gcc/arm-none-eabi/6.3.1/../../../../arm-none-eabi/lib/thumb/v7e-m/fpv4-sp/hard/libg_nano.a(lib_a-strcmp.o)
 .ARM.attributes
                0x000000000000053b       0x34 /usr/local/bin/../lib/gcc/arm-none-eabi/6.3.1/../../../../arm-none-eabi/lib/thumb/v7e-m/fpv4-sp/hard/libg_nano.a(lib_a-strrchr.o)
 .ARM.attributes
                0x000000000000056f       0x34 /usr/local/bin/../lib/gcc/arm-none-eabi/6.3.1/../../../../arm-none-eabi/lib/thumb/v7e-m/fpv4-sp/hard/libg_nano.a(lib_a-sysclose.o)
 .ARM.attributes
                0x00000000000005a3       0x34 /usr/local/bin/../lib/gcc/arm-none-eabi/6.3.1/../../../../arm-none-eabi/lib/thumb/v7e-m/fpv4-sp/hard/libg_nano.a(lib_a-sysopen.o)
 .ARM.attributes
                0x00000000000005d7       0x34 /usr/local/bin/../lib/gcc/arm-none-eabi/6.3.1/../../../../arm-none-eabi/lib/thumb/v7e-m/fpv4-sp/hard/libg_nano.a(lib_a-wbuf.o)
 .ARM.attributes
                0x000000000000060b       0x34 /usr/local/bin/../lib/gcc/arm-none-eabi/6.3.1/../../../../arm-none-eabi/lib/thumb/v7e-m/fpv4-sp/hard/libg_nano.a(lib_a-wsetup.o)
 .ARM.attributes
                0x000000000000063f       0x34 /usr/local/bin/../lib/gcc/arm-none-eabi/6.3.1/../../../../arm-none-eabi/lib/thumb/v7e-m/fpv4-sp/hard/libg_nano.a(lib_a-closer.o)
 .ARM.attributes
                0x0000000000000673       0x34 /usr/local/bin/../lib/gcc/arm-none-eabi/6.3.1/../../../../arm-none-eabi/lib/thumb/v7e-m/fpv4-sp/hard/libg_nano.a(lib_a-fflush.o)
 .ARM.attributes
                0x00000000000006a7       0x34 /usr/local/bin/../lib/gcc/arm-none-eabi/6.3.1/../../../../arm-none-eabi/lib/thumb/v7e-m/fpv4-sp/hard/libg_nano.a(lib_a-findfp.o)
 .ARM.attributes
                0x00000000000006db       0x34 /usr/local/bin/../lib/gcc/arm-none-eabi/6.3.1/../../../../arm-none-eabi/lib/thumb/v7e-m/fpv4-sp/hard/libg_nano.a(lib_a-fwalk.o)
 .ARM.attributes
                0x000000000000070f       0x34 /usr/local/bin/../lib/gcc/arm-none-eabi/6.3.1/../../../../arm-none-eabi/lib/thumb/v7e-m/fpv4-sp/hard/libg_nano.a(lib_a-makebuf.o)
 .ARM.attributes
                0x0000000000000743       0x34 /usr/local/bin/../lib/gcc/arm-none-eabi/6.3.1/../../../../arm-none-eabi/lib/thumb/v7e-m/fpv4-sp/hard/libg_nano.a(lib_a-mlock.o)
 .ARM.attributes
                0x0000000000000777       0x34 /usr/local/bin/../lib/gcc/arm-none-eabi/6.3.1/../../../../arm-none-eabi/lib/thumb/v7e-m/fpv4-sp/hard/libg_nano.a(lib_a-openr.o)
 .ARM.attributes
                0x00000000000007ab       0x34 /usr/local/bin/../lib/gcc/arm-none-eabi/6.3.1/../../../../arm-none-eabi/lib/thumb/v7e-m/fpv4-sp/hard/libg_nano.a(lib_a-stdio.o)
 .ARM.attributes
                0x00000000000007df       0x34 /usr/local/bin/../lib/gcc/arm-none-eabi/6.3.1/../../../../arm-none-eabi/lib/thumb/v7e-m/fpv4-sp/hard/libg_nano.a(lib_a-strchr.o)
 .ARM.attributes
                0x0000000000000813       0x34 /usr/local/bin/../lib/gcc/arm-none-eabi/6.3.1/../../../../arm-none-eabi/lib/thumb/v7e-m/fpv4-sp/hard/libg_nano.a(lib_a-writer.o)
 .ARM.attributes
                0x0000000000000847       0x34 /usr/local/bin/../lib/gcc/arm-none-eabi/6.3.1/../../../../arm-none-eabi/lib/thumb/v7e-m/fpv4-sp/hard/libg_nano.a(lib_a-fstatr.o)
 .ARM.attributes
                0x000000000000087b       0x34 /usr/local/bin/../lib/gcc/arm-none-eabi/6.3.1/../../../../arm-none-eabi/lib/thumb/v7e-m/fpv4-sp/hard/libg_nano.a(lib_a-isattyr.o)
 .ARM.attributes
                0x00000000000008af       0x34 /usr/local/bin/../lib/gcc/arm-none-eabi/6.3.1/../../../../arm-none-eabi/lib/thumb/v7e-m/fpv4-sp/hard/libg_nano.a(lib_a-lseekr.o)
 .ARM.attributes
                0x00000000000008e3       0x34 /usr/local/bin/../lib/gcc/arm-none-eabi/6.3.1/../../../../arm-none-eabi/lib/thumb/v7e-m/fpv4-sp/hard/libg_nano.a(lib_a-readr.o)
 .ARM.attributes
                0x0000000000000917       0x22 /usr/local/bin/../lib/gcc/arm-none-eabi/6.3.1/thumb/v7e-m/fpv4-sp/hard/crtn.o

.comment        0x0000000000000000       0x7f
 .comment       0x0000000000000000       0x7f ./system/src/device.o
                                         0x80 (size before relaxing)
 .comment       0x000000000000007f       0x80 ./system/src/gpio.o
 .comment       0x000000000000007f       0x80 ./system/src/ring-buffer.o
 .comment       0x000000000000007f       0x80 ./system/src/sbrk.o
 .comment       0x000000000000007f       0x80 ./system/src/stdio.o
 .comment       0x000000000000007f       0x80 ./system/src/usart.o
 .comment       0x000000000000007f       0x80 ./src/main.o
 .comment       0x000000000000007f       0x80 ./platform/src/stm32f303xc_it.o
 .comment       0x000000000000007f       0x80 ./platform/src/system_stm32f303cx.o

.debug_info     0x0000000000000000     0x6ac1
 .debug_info    0x0000000000000000     0x1629 ./system/src/device.o
 .debug_info    0x0000000000001629      0x33c ./system/src/gpio.o
 .debug_info    0x0000000000001965      0xac4 ./system/src/ring-buffer.o
 .debug_info    0x0000000000002429      0x99e ./system/src/sbrk.o
 .debug_info    0x0000000000002dc7      0xa06 ./system/src/stdio.o
 .debug_info    0x00000000000037cd     0x17f7 ./system/src/usart.o
 .debug_info    0x0000000000004fc4      0x92e ./src/main.o
 .debug_info    0x00000000000058f2      0xebc ./platform/src/stm32f303xc_it.o
 .debug_info    0x00000000000067ae      0x313 ./platform/src/system_stm32f303cx.o

.debug_abbrev   0x0000000000000000     0x1531
 .debug_abbrev  0x0000000000000000      0x40a ./system/src/device.o
 .debug_abbrev  0x000000000000040a      0x156 ./system/src/gpio.o
 .debug_abbrev  0x0000000000000560      0x251 ./system/src/ring-buffer.o
 .debug_abbrev  0x00000000000007b1      0x1de ./system/src/sbrk.o
 .debug_abbrev  0x000000000000098f      0x1f0 ./system/src/stdio.o
 .debug_abbrev  0x0000000000000b7f      0x403 ./system/src/usart.o
 .debug_abbrev  0x0000000000000f82      0x1df ./src/main.o
 .debug_abbrev  0x0000000000001161      0x29b ./platform/src/stm32f303xc_it.o
 .debug_abbrev  0x00000000000013fc      0x135 ./platform/src/system_stm32f303cx.o

.debug_loc      0x0000000000000000     0x10f1
 .debug_loc     0x0000000000000000      0xaac ./system/src/device.o
 .debug_loc     0x0000000000000aac      0x1c5 ./system/src/ring-buffer.o
 .debug_loc     0x0000000000000c71       0xb6 ./system/src/sbrk.o
 .debug_loc     0x0000000000000d27       0x34 ./system/src/stdio.o
 .debug_loc     0x0000000000000d5b      0x34a ./system/src/usart.o
 .debug_loc     0x00000000000010a5       0x13 ./platform/src/stm32f303xc_it.o
 .debug_loc     0x00000000000010b8       0x39 ./platform/src/system_stm32f303cx.o

.debug_aranges  0x0000000000000000      0x218
 .debug_aranges
                0x0000000000000000       0x78 ./system/src/device.o
 .debug_aranges
                0x0000000000000078       0x28 ./system/src/gpio.o
 .debug_aranges
                0x00000000000000a0       0x50 ./system/src/ring-buffer.o
 .debug_aranges
                0x00000000000000f0       0x20 ./system/src/sbrk.o
 .debug_aranges
                0x0000000000000110       0x20 ./system/src/stdio.o
 .debug_aranges
                0x0000000000000130       0x70 ./system/src/usart.o
 .debug_aranges
                0x00000000000001a0       0x20 ./src/main.o
 .debug_aranges
                0x00000000000001c0       0x30 ./platform/src/stm32f303xc_it.o
 .debug_aranges
                0x00000000000001f0       0x28 ./platform/src/system_stm32f303cx.o

.debug_ranges   0x0000000000000000      0x2c8
 .debug_ranges  0x0000000000000000      0x190 ./system/src/device.o
 .debug_ranges  0x0000000000000190       0x18 ./system/src/gpio.o
 .debug_ranges  0x00000000000001a8       0x40 ./system/src/ring-buffer.o
 .debug_ranges  0x00000000000001e8       0x10 ./system/src/sbrk.o
 .debug_ranges  0x00000000000001f8       0x10 ./system/src/stdio.o
 .debug_ranges  0x0000000000000208       0x78 ./system/src/usart.o
 .debug_ranges  0x0000000000000280       0x10 ./src/main.o
 .debug_ranges  0x0000000000000290       0x20 ./platform/src/stm32f303xc_it.o
 .debug_ranges  0x00000000000002b0       0x18 ./platform/src/system_stm32f303cx.o

.debug_macro    0x0000000000000000     0xd5af
 .debug_macro   0x0000000000000000      0x294 ./system/src/device.o
 .debug_macro   0x0000000000000294      0x8aa ./system/src/device.o
 .debug_macro   0x0000000000000b3e       0x22 ./system/src/device.o
 .debug_macro   0x0000000000000b60       0x87 ./system/src/device.o
 .debug_macro   0x0000000000000be7       0x51 ./system/src/device.o
 .debug_macro   0x0000000000000c38       0xef ./system/src/device.o
 .debug_macro   0x0000000000000d27       0x6a ./system/src/device.o
 .debug_macro   0x0000000000000d91      0x1df ./system/src/device.o
 .debug_macro   0x0000000000000f70      0x174 ./system/src/device.o
 .debug_macro   0x00000000000010e4       0x58 ./system/src/device.o
 .debug_macro   0x000000000000113c       0x35 ./system/src/device.o
 .debug_macro   0x0000000000001171       0x9c ./system/src/device.o
 .debug_macro   0x000000000000120d      0x330 ./system/src/device.o
 .debug_macro   0x000000000000153d       0x10 ./system/src/device.o
 .debug_macro   0x000000000000154d       0x58 ./system/src/device.o
 .debug_macro   0x00000000000015a5       0x1f ./system/src/device.o
 .debug_macro   0x00000000000015c4       0x43 ./system/src/device.o
 .debug_macro   0x0000000000001607       0x20 ./system/src/device.o
 .debug_macro   0x0000000000001627       0x1c ./system/src/device.o
 .debug_macro   0x0000000000001643       0x52 ./system/src/device.o
 .debug_macro   0x0000000000001695       0x40 ./system/src/device.o
 .debug_macro   0x00000000000016d5       0x10 ./system/src/device.o
 .debug_macro   0x00000000000016e5       0x40 ./system/src/device.o
 .debug_macro   0x0000000000001725       0xd7 ./system/src/device.o
 .debug_macro   0x00000000000017fc      0x187 ./system/src/device.o
 .debug_macro   0x0000000000001983       0x10 ./system/src/device.o
 .debug_macro   0x0000000000001993       0x35 ./system/src/device.o
 .debug_macro   0x00000000000019c8       0x10 ./system/src/device.o
 .debug_macro   0x00000000000019d8       0x10 ./system/src/device.o
 .debug_macro   0x00000000000019e8       0x35 ./system/src/device.o
 .debug_macro   0x0000000000001a1d      0x122 ./system/src/device.o
 .debug_macro   0x0000000000001b3f       0x10 ./system/src/device.o
 .debug_macro   0x0000000000001b4f       0x16 ./system/src/device.o
 .debug_macro   0x0000000000001b65       0x16 ./system/src/device.o
 .debug_macro   0x0000000000001b7b       0x29 ./system/src/device.o
 .debug_macro   0x0000000000001ba4       0x16 ./system/src/device.o
 .debug_macro   0x0000000000001bba       0x58 ./system/src/device.o
 .debug_macro   0x0000000000001c12       0x16 ./system/src/device.o
 .debug_macro   0x0000000000001c28      0x51a ./system/src/device.o
 .debug_macro   0x0000000000002142      0x1da ./system/src/device.o
 .debug_macro   0x000000000000231c       0x10 ./system/src/device.o
 .debug_macro   0x000000000000232c       0x10 ./system/src/device.o
 .debug_macro   0x000000000000233c      0x241 ./system/src/device.o
 .debug_macro   0x000000000000257d       0xfd ./system/src/gpio.o
 .debug_macro   0x000000000000267a       0x22 ./system/src/gpio.o
 .debug_macro   0x000000000000269c       0xfa ./system/src/gpio.o
 .debug_macro   0x0000000000002796       0x28 ./system/src/gpio.o
 .debug_macro   0x00000000000027be       0x28 ./system/src/gpio.o
 .debug_macro   0x00000000000027e6       0x1c ./system/src/gpio.o
 .debug_macro   0x0000000000002802       0x22 ./system/src/gpio.o
 .debug_macro   0x0000000000002824       0xd3 ./system/src/gpio.o
 .debug_macro   0x00000000000028f7      0xfe0 ./system/src/gpio.o
 .debug_macro   0x00000000000038d7       0xe2 ./system/src/gpio.o
 .debug_macro   0x00000000000039b9       0x10 ./system/src/gpio.o
 .debug_macro   0x00000000000039c9     0x822c ./system/src/gpio.o
 .debug_macro   0x000000000000bbf5       0x43 ./system/src/gpio.o
 .debug_macro   0x000000000000bc38      0x1ae ./system/src/ring-buffer.o
 .debug_macro   0x000000000000bde6      0x1e5 ./system/src/sbrk.o
 .debug_macro   0x000000000000bfcb       0x52 ./system/src/sbrk.o
 .debug_macro   0x000000000000c01d       0x8d ./system/src/sbrk.o
 .debug_macro   0x000000000000c0aa      0x10e ./system/src/sbrk.o
 .debug_macro   0x000000000000c1b8       0x8d ./system/src/sbrk.o
 .debug_macro   0x000000000000c245       0x57 ./system/src/sbrk.o
 .debug_macro   0x000000000000c29c      0x1cd ./system/src/stdio.o
 .debug_macro   0x000000000000c469      0x1d4 ./system/src/stdio.o
 .debug_macro   0x000000000000c63d      0x2c9 ./system/src/usart.o
 .debug_macro   0x000000000000c906       0x10 ./system/src/usart.o
 .debug_macro   0x000000000000c916       0x10 ./system/src/usart.o
 .debug_macro   0x000000000000c926       0x22 ./system/src/usart.o
 .debug_macro   0x000000000000c948      0x21b ./src/main.o
 .debug_macro   0x000000000000cb63       0xd9 ./src/main.o
 .debug_macro   0x000000000000cc3c       0x16 ./src/main.o
 .debug_macro   0x000000000000cc52       0x97 ./src/main.o
 .debug_macro   0x000000000000cce9      0x32a ./src/main.o
 .debug_macro   0x000000000000d013       0xfd ./src/main.o
 .debug_macro   0x000000000000d110       0x10 ./src/main.o
 .debug_macro   0x000000000000d120       0x16 ./src/main.o
 .debug_macro   0x000000000000d136      0x18b ./src/main.o
 .debug_macro   0x000000000000d2c1      0x1dd ./platform/src/stm32f303xc_it.o
 .debug_macro   0x000000000000d49e       0x10 ./platform/src/stm32f303xc_it.o
 .debug_macro   0x000000000000d4ae       0xeb ./platform/src/system_stm32f303cx.o
 .debug_macro   0x000000000000d599       0x16 ./platform/src/system_stm32f303cx.o

.debug_line     0x0000000000000000     0x2192
 .debug_line    0x0000000000000000      0x65a ./system/src/device.o
 .debug_line    0x000000000000065a      0x2e1 ./system/src/gpio.o
 .debug_line    0x000000000000093b      0x359 ./system/src/ring-buffer.o
 .debug_line    0x0000000000000c94      0x2ad ./system/src/sbrk.o
 .debug_line    0x0000000000000f41      0x28d ./system/src/stdio.o
 .debug_line    0x00000000000011ce      0x5d8 ./system/src/usart.o
 .debug_line    0x00000000000017a6      0x37f ./src/main.o
 .debug_line    0x0000000000001b25      0x384 ./platform/src/stm32f303xc_it.o
 .debug_line    0x0000000000001ea9      0x2e9 ./platform/src/system_stm32f303cx.o

.debug_str      0x0000000000000000    0x412a1
 .debug_str     0x0000000000000000     0x8e9d ./system/src/device.o
                                       0x9241 (size before relaxing)
 .debug_str     0x0000000000008e9d    0x3721f ./system/src/gpio.o
                                      0x3bd9e (size before relaxing)
 .debug_str     0x00000000000400bc      0x103 ./system/src/ring-buffer.o
                                       0x6fd8 (size before relaxing)
 .debug_str     0x00000000000401bf       0x4b ./system/src/sbrk.o
                                       0x7b09 (size before relaxing)
 .debug_str     0x000000000004020a       0x26 ./system/src/stdio.o
                                       0x7ddc (size before relaxing)
 .debug_str     0x0000000000040230      0x6a5 ./system/src/usart.o
                                      0x3eeae (size before relaxing)
 .debug_str     0x00000000000408d5      0x720 ./src/main.o
                                      0x3df98 (size before relaxing)
 .debug_str     0x0000000000040ff5      0x20f ./platform/src/stm32f303xc_it.o
                                      0x3d4f2 (size before relaxing)
 .debug_str     0x0000000000041204       0x9d ./platform/src/system_stm32f303cx.o
                                      0x3a089 (size before relaxing)

.debug_frame    0x0000000000000000      0xc00
 .debug_frame   0x0000000000000000      0x188 ./system/src/device.o
 .debug_frame   0x0000000000000188       0x30 ./system/src/gpio.o
 .debug_frame   0x00000000000001b8       0x98 ./system/src/ring-buffer.o
 .debug_frame   0x0000000000000250       0x20 ./system/src/sbrk.o
 .debug_frame   0x0000000000000270       0x28 ./system/src/stdio.o
 .debug_frame   0x0000000000000298      0x120 ./system/src/usart.o
 .debug_frame   0x00000000000003b8       0x28 ./src/main.o
 .debug_frame   0x00000000000003e0       0x48 ./platform/src/stm32f303xc_it.o
 .debug_frame   0x0000000000000428       0x30 ./platform/src/system_stm32f303cx.o
 .debug_frame   0x0000000000000458       0x20 /usr/local/bin/../lib/gcc/arm-none-eabi/6.3.1/../../../../arm-none-eabi/lib/thumb/v7e-m/fpv4-sp/hard/libg_nano.a(lib_a-calloc.o)
 .debug_frame   0x0000000000000478       0x28 /usr/local/bin/../lib/gcc/arm-none-eabi/6.3.1/../../../../arm-none-eabi/lib/thumb/v7e-m/fpv4-sp/hard/libg_nano.a(lib_a-exit.o)
 .debug_frame   0x00000000000004a0       0x4c /usr/local/bin/../lib/gcc/arm-none-eabi/6.3.1/../../../../arm-none-eabi/lib/thumb/v7e-m/fpv4-sp/hard/libg_nano.a(lib_a-fwrite.o)
 .debug_frame   0x00000000000004ec       0x2c /usr/local/bin/../lib/gcc/arm-none-eabi/6.3.1/../../../../arm-none-eabi/lib/thumb/v7e-m/fpv4-sp/hard/libg_nano.a(lib_a-init.o)
 .debug_frame   0x0000000000000518       0x30 /usr/local/bin/../lib/gcc/arm-none-eabi/6.3.1/../../../../arm-none-eabi/lib/thumb/v7e-m/fpv4-sp/hard/libg_nano.a(lib_a-malloc.o)
 .debug_frame   0x0000000000000548       0x28 /usr/local/bin/../lib/gcc/arm-none-eabi/6.3.1/../../../../arm-none-eabi/lib/thumb/v7e-m/fpv4-sp/hard/libg_nano.a(lib_a-memcpy-stub.o)
 .debug_frame   0x0000000000000570       0x20 /usr/local/bin/../lib/gcc/arm-none-eabi/6.3.1/../../../../arm-none-eabi/lib/thumb/v7e-m/fpv4-sp/hard/libg_nano.a(lib_a-memset.o)
 .debug_frame   0x0000000000000590       0x2c /usr/local/bin/../lib/gcc/arm-none-eabi/6.3.1/../../../../arm-none-eabi/lib/thumb/v7e-m/fpv4-sp/hard/libg_nano.a(lib_a-nano-callocr.o)
 .debug_frame   0x00000000000005bc       0x38 /usr/local/bin/../lib/gcc/arm-none-eabi/6.3.1/../../../../arm-none-eabi/lib/thumb/v7e-m/fpv4-sp/hard/libg_nano.a(lib_a-nano-freer.o)
 .debug_frame   0x00000000000005f4       0x2c /usr/local/bin/../lib/gcc/arm-none-eabi/6.3.1/../../../../arm-none-eabi/lib/thumb/v7e-m/fpv4-sp/hard/libg_nano.a(lib_a-nano-mallocr.o)
 .debug_frame   0x0000000000000620       0x5c /usr/local/bin/../lib/gcc/arm-none-eabi/6.3.1/../../../../arm-none-eabi/lib/thumb/v7e-m/fpv4-sp/hard/libg_nano.a(lib_a-reent.o)
 .debug_frame   0x000000000000067c       0x2c /usr/local/bin/../lib/gcc/arm-none-eabi/6.3.1/../../../../arm-none-eabi/lib/thumb/v7e-m/fpv4-sp/hard/libg_nano.a(lib_a-sbrkr.o)
 .debug_frame   0x00000000000006a8       0x20 /usr/local/bin/../lib/gcc/arm-none-eabi/6.3.1/../../../../arm-none-eabi/lib/thumb/v7e-m/fpv4-sp/hard/libg_nano.a(lib_a-strcmp.o)
 .debug_frame   0x00000000000006c8       0x34 /usr/local/bin/../lib/gcc/arm-none-eabi/6.3.1/../../../../arm-none-eabi/lib/thumb/v7e-m/fpv4-sp/hard/libg_nano.a(lib_a-strrchr.o)
 .debug_frame   0x00000000000006fc       0x20 /usr/local/bin/../lib/gcc/arm-none-eabi/6.3.1/../../../../arm-none-eabi/lib/thumb/v7e-m/fpv4-sp/hard/libg_nano.a(lib_a-sysclose.o)
 .debug_frame   0x000000000000071c       0x3c /usr/local/bin/../lib/gcc/arm-none-eabi/6.3.1/../../../../arm-none-eabi/lib/thumb/v7e-m/fpv4-sp/hard/libg_nano.a(lib_a-sysopen.o)
 .debug_frame   0x0000000000000758       0x40 /usr/local/bin/../lib/gcc/arm-none-eabi/6.3.1/../../../../arm-none-eabi/lib/thumb/v7e-m/fpv4-sp/hard/libg_nano.a(lib_a-wbuf.o)
 .debug_frame   0x0000000000000798       0x2c /usr/local/bin/../lib/gcc/arm-none-eabi/6.3.1/../../../../arm-none-eabi/lib/thumb/v7e-m/fpv4-sp/hard/libg_nano.a(lib_a-wsetup.o)
 .debug_frame   0x00000000000007c4       0x2c /usr/local/bin/../lib/gcc/arm-none-eabi/6.3.1/../../../../arm-none-eabi/lib/thumb/v7e-m/fpv4-sp/hard/libg_nano.a(lib_a-closer.o)
 .debug_frame   0x00000000000007f0       0x68 /usr/local/bin/../lib/gcc/arm-none-eabi/6.3.1/../../../../arm-none-eabi/lib/thumb/v7e-m/fpv4-sp/hard/libg_nano.a(lib_a-fflush.o)
 .debug_frame   0x0000000000000858      0x11c /usr/local/bin/../lib/gcc/arm-none-eabi/6.3.1/../../../../arm-none-eabi/lib/thumb/v7e-m/fpv4-sp/hard/libg_nano.a(lib_a-findfp.o)
 .debug_frame   0x0000000000000974       0x54 /usr/local/bin/../lib/gcc/arm-none-eabi/6.3.1/../../../../arm-none-eabi/lib/thumb/v7e-m/fpv4-sp/hard/libg_nano.a(lib_a-fwalk.o)
 .debug_frame   0x00000000000009c8       0x58 /usr/local/bin/../lib/gcc/arm-none-eabi/6.3.1/../../../../arm-none-eabi/lib/thumb/v7e-m/fpv4-sp/hard/libg_nano.a(lib_a-makebuf.o)
 .debug_frame   0x0000000000000a20       0x30 /usr/local/bin/../lib/gcc/arm-none-eabi/6.3.1/../../../../arm-none-eabi/lib/thumb/v7e-m/fpv4-sp/hard/libg_nano.a(lib_a-mlock.o)
 .debug_frame   0x0000000000000a50       0x2c /usr/local/bin/../lib/gcc/arm-none-eabi/6.3.1/../../../../arm-none-eabi/lib/thumb/v7e-m/fpv4-sp/hard/libg_nano.a(lib_a-openr.o)
 .debug_frame   0x0000000000000a7c       0x88 /usr/local/bin/../lib/gcc/arm-none-eabi/6.3.1/../../../../arm-none-eabi/lib/thumb/v7e-m/fpv4-sp/hard/libg_nano.a(lib_a-stdio.o)
 .debug_frame   0x0000000000000b04       0x20 /usr/local/bin/../lib/gcc/arm-none-eabi/6.3.1/../../../../arm-none-eabi/lib/thumb/v7e-m/fpv4-sp/hard/libg_nano.a(lib_a-strchr.o)
 .debug_frame   0x0000000000000b24       0x2c /usr/local/bin/../lib/gcc/arm-none-eabi/6.3.1/../../../../arm-none-eabi/lib/thumb/v7e-m/fpv4-sp/hard/libg_nano.a(lib_a-writer.o)
 .debug_frame   0x0000000000000b50       0x2c /usr/local/bin/../lib/gcc/arm-none-eabi/6.3.1/../../../../arm-none-eabi/lib/thumb/v7e-m/fpv4-sp/hard/libg_nano.a(lib_a-fstatr.o)
 .debug_frame   0x0000000000000b7c       0x2c /usr/local/bin/../lib/gcc/arm-none-eabi/6.3.1/../../../../arm-none-eabi/lib/thumb/v7e-m/fpv4-sp/hard/libg_nano.a(lib_a-isattyr.o)
 .debug_frame   0x0000000000000ba8       0x2c /usr/local/bin/../lib/gcc/arm-none-eabi/6.3.1/../../../../arm-none-eabi/lib/thumb/v7e-m/fpv4-sp/hard/libg_nano.a(lib_a-lseekr.o)
 .debug_frame   0x0000000000000bd4       0x2c /usr/local/bin/../lib/gcc/arm-none-eabi/6.3.1/../../../../arm-none-eabi/lib/thumb/v7e-m/fpv4-sp/hard/libg_nano.a(lib_a-readr.o)
