Archive member included to satisfy reference by file (symbol)

/usr/local/bin/../lib/gcc/arm-none-eabi/6.3.1/../../../../arm-none-eabi/lib/thumb/v7e-m/fpv4-sp/hard/libg_nano.a(lib_a-calloc.o)
                              ./system/src/ring-buffer.o (calloc)
/usr/local/bin/../lib/gcc/arm-none-eabi/6.3.1/../../../../arm-none-eabi/lib/thumb/v7e-m/fpv4-sp/hard/libg_nano.a(lib_a-exit.o)
                              /usr/local/bin/../lib/gcc/arm-none-eabi/6.3.1/../../../../arm-none-eabi/lib/thumb/v7e-m/fpv4-sp/hard/crt0.o (exit)
/usr/local/bin/../lib/gcc/arm-none-eabi/6.3.1/../../../../arm-none-eabi/lib/thumb/v7e-m/fpv4-sp/hard/libg_nano.a(lib_a-fprintf.o)
                              ./src/main.o (fprintf)
/usr/local/bin/../lib/gcc/arm-none-eabi/6.3.1/../../../../arm-none-eabi/lib/thumb/v7e-m/fpv4-sp/hard/libg_nano.a(lib_a-fwrite.o)
                              ./src/main.o (fwrite)
/usr/local/bin/../lib/gcc/arm-none-eabi/6.3.1/../../../../arm-none-eabi/lib/thumb/v7e-m/fpv4-sp/hard/libg_nano.a(lib_a-gmtime_r.o)
                              ./system/src/time.o (gmtime_r)
/usr/local/bin/../lib/gcc/arm-none-eabi/6.3.1/../../../../arm-none-eabi/lib/thumb/v7e-m/fpv4-sp/hard/libg_nano.a(lib_a-impure.o)
                              /usr/local/bin/../lib/gcc/arm-none-eabi/6.3.1/../../../../arm-none-eabi/lib/thumb/v7e-m/fpv4-sp/hard/libg_nano.a(lib_a-exit.o) (_global_impure_ptr)
/usr/local/bin/../lib/gcc/arm-none-eabi/6.3.1/../../../../arm-none-eabi/lib/thumb/v7e-m/fpv4-sp/hard/libg_nano.a(lib_a-init.o)
                              /usr/local/bin/../lib/gcc/arm-none-eabi/6.3.1/../../../../arm-none-eabi/lib/thumb/v7e-m/fpv4-sp/hard/crt0.o (__libc_init_array)
/usr/local/bin/../lib/gcc/arm-none-eabi/6.3.1/../../../../arm-none-eabi/lib/thumb/v7e-m/fpv4-sp/hard/libg_nano.a(lib_a-malloc.o)
                              ./system/src/ring-buffer.o (free)
/usr/local/bin/../lib/gcc/arm-none-eabi/6.3.1/../../../../arm-none-eabi/lib/thumb/v7e-m/fpv4-sp/hard/libg_nano.a(lib_a-memcpy-stub.o)
                              ./platform/src/stm32f303xc_it.o (memcpy)
/usr/local/bin/../lib/gcc/arm-none-eabi/6.3.1/../../../../arm-none-eabi/lib/thumb/v7e-m/fpv4-sp/hard/libg_nano.a(lib_a-memset.o)
                              /usr/local/bin/../lib/gcc/arm-none-eabi/6.3.1/../../../../arm-none-eabi/lib/thumb/v7e-m/fpv4-sp/hard/crt0.o (memset)
/usr/local/bin/../lib/gcc/arm-none-eabi/6.3.1/../../../../arm-none-eabi/lib/thumb/v7e-m/fpv4-sp/hard/libg_nano.a(lib_a-mktime.o)
                              ./system/src/time.o (mktime)
/usr/local/bin/../lib/gcc/arm-none-eabi/6.3.1/../../../../arm-none-eabi/lib/thumb/v7e-m/fpv4-sp/hard/libg_nano.a(lib_a-nano-callocr.o)
                              /usr/local/bin/../lib/gcc/arm-none-eabi/6.3.1/../../../../arm-none-eabi/lib/thumb/v7e-m/fpv4-sp/hard/libg_nano.a(lib_a-calloc.o) (_calloc_r)
/usr/local/bin/../lib/gcc/arm-none-eabi/6.3.1/../../../../arm-none-eabi/lib/thumb/v7e-m/fpv4-sp/hard/libg_nano.a(lib_a-nano-freer.o)
                              /usr/local/bin/../lib/gcc/arm-none-eabi/6.3.1/../../../../arm-none-eabi/lib/thumb/v7e-m/fpv4-sp/hard/libg_nano.a(lib_a-malloc.o) (_free_r)
/usr/local/bin/../lib/gcc/arm-none-eabi/6.3.1/../../../../arm-none-eabi/lib/thumb/v7e-m/fpv4-sp/hard/libg_nano.a(lib_a-nano-mallocr.o)
                              /usr/local/bin/../lib/gcc/arm-none-eabi/6.3.1/../../../../arm-none-eabi/lib/thumb/v7e-m/fpv4-sp/hard/libg_nano.a(lib_a-malloc.o) (_malloc_r)
/usr/local/bin/../lib/gcc/arm-none-eabi/6.3.1/../../../../arm-none-eabi/lib/thumb/v7e-m/fpv4-sp/hard/libg_nano.a(lib_a-nano-vfprintf.o)
                              /usr/local/bin/../lib/gcc/arm-none-eabi/6.3.1/../../../../arm-none-eabi/lib/thumb/v7e-m/fpv4-sp/hard/libg_nano.a(lib_a-fprintf.o) (_vfprintf_r)
/usr/local/bin/../lib/gcc/arm-none-eabi/6.3.1/../../../../arm-none-eabi/lib/thumb/v7e-m/fpv4-sp/hard/libg_nano.a(lib_a-nano-vfprintf_i.o)
                              /usr/local/bin/../lib/gcc/arm-none-eabi/6.3.1/../../../../arm-none-eabi/lib/thumb/v7e-m/fpv4-sp/hard/libg_nano.a(lib_a-nano-vfprintf.o) (_printf_i)
/usr/local/bin/../lib/gcc/arm-none-eabi/6.3.1/../../../../arm-none-eabi/lib/thumb/v7e-m/fpv4-sp/hard/libg_nano.a(lib_a-printf.o)
                              ./src/main.o (printf)
/usr/local/bin/../lib/gcc/arm-none-eabi/6.3.1/../../../../arm-none-eabi/lib/thumb/v7e-m/fpv4-sp/hard/libg_nano.a(lib_a-reent.o)
                              ./system/src/device.o (errno)
/usr/local/bin/../lib/gcc/arm-none-eabi/6.3.1/../../../../arm-none-eabi/lib/thumb/v7e-m/fpv4-sp/hard/libg_nano.a(lib_a-sbrkr.o)
                              /usr/local/bin/../lib/gcc/arm-none-eabi/6.3.1/../../../../arm-none-eabi/lib/thumb/v7e-m/fpv4-sp/hard/libg_nano.a(lib_a-nano-mallocr.o) (_sbrk_r)
/usr/local/bin/../lib/gcc/arm-none-eabi/6.3.1/../../../../arm-none-eabi/lib/thumb/v7e-m/fpv4-sp/hard/libg_nano.a(lib_a-setvbuf.o)
                              ./system/src/stdio.o (setvbuf)
[...]
Memory Configuration

Name             Origin             Length             Attributes
IROM             0x0000000008000000 0x0000000000040000 xr
IRAM             0x0000000020000000 0x000000000000a000 rw
CCM              0x0000000010000000 0x0000000000002000 xrw
*default*        0x0000000000000000 0xffffffffffffffff

Linker script and memory map

LOAD /usr/local/bin/../lib/gcc/arm-none-eabi/6.3.1/thumb/v7e-m/fpv4-sp/hard/crti.o
LOAD /usr/local/bin/../lib/gcc/arm-none-eabi/6.3.1/thumb/v7e-m/fpv4-sp/hard/crtbegin.o
LOAD /usr/local/bin/../lib/gcc/arm-none-eabi/6.3.1/../../../../arm-none-eabi/lib/thumb/v7e-m/fpv4-sp/hard/crt0.o
LOAD ./system/src/device.o
LOAD ./system/src/gpio.o
LOAD ./system/src/ring-buffer.o
LOAD ./system/src/sbrk.o
LOAD ./system/src/stdio.o
LOAD ./system/src/time.o
LOAD ./system/src/usart.o
LOAD ./src/board.o
LOAD ./src/main.o
LOAD ./src/pwm.o
LOAD ./platform/src/stm32f303xc_it.o
LOAD ./platform/src/system_stm32f303cx.o
LOAD /Users/technix/Developer/Eclipse/default/LCDClock/cmsis/lib/libarm_cortexM4lf_math.a
LOAD /usr/local/bin/../lib/gcc/arm-none-eabi/6.3.1/../../../../arm-none-eabi/lib/thumb/v7e-m/fpv4-sp/hard/libstdc++_nano.a
LOAD /usr/local/bin/../lib/gcc/arm-none-eabi/6.3.1/../../../../arm-none-eabi/lib/thumb/v7e-m/fpv4-sp/hard/libm.a
START GROUP
LOAD /usr/local/bin/../lib/gcc/arm-none-eabi/6.3.1/thumb/v7e-m/fpv4-sp/hard/libgcc.a
LOAD /usr/local/bin/../lib/gcc/arm-none-eabi/6.3.1/../../../../arm-none-eabi/lib/thumb/v7e-m/fpv4-sp/hard/libg_nano.a
LOAD /usr/local/bin/../lib/gcc/arm-none-eabi/6.3.1/../../../../arm-none-eabi/lib/thumb/v7e-m/fpv4-sp/hard/libc_nano.a
END GROUP
START GROUP
LOAD /usr/local/bin/../lib/gcc/arm-none-eabi/6.3.1/thumb/v7e-m/fpv4-sp/hard/libgcc.a
LOAD /usr/local/bin/../lib/gcc/arm-none-eabi/6.3.1/../../../../arm-none-eabi/lib/thumb/v7e-m/fpv4-sp/hard/libc_nano.a
END GROUP
LOAD /usr/local/bin/../lib/gcc/arm-none-eabi/6.3.1/thumb/v7e-m/fpv4-sp/hard/crtend.o
LOAD /usr/local/bin/../lib/gcc/arm-none-eabi/6.3.1/thumb/v7e-m/fpv4-sp/hard/crtn.o
                0x0000000008000000                . = ORIGIN (IROM)

.vector         0x0000000010000000      0x188 load address 0x0000000008000000
                0x0000000010000000                PROVIDE (__vector_start, .)
 *(.vector)
 .vector        0x0000000010000000      0x188 ./platform/src/stm32f303xc_it.o
                0x0000000010000000                isr_vector
                0x0000000000000001                ASSERT ((. != __vector_start), The interrupt vector is missing.)
                0x0000000010000188                . = ALIGN (0x4)

.text           0x0000000008000190     0x50e8
 *(.text*)
 .text          0x0000000008000190       0x6c /usr/local/bin/../lib/gcc/arm-none-eabi/6.3.1/thumb/v7e-m/fpv4-sp/hard/crtbegin.o
 .text          0x00000000080001fc       0x74 /usr/local/bin/../lib/gcc/arm-none-eabi/6.3.1/../../../../arm-none-eabi/lib/thumb/v7e-m/fpv4-sp/hard/crt0.o
                0x00000000080001fc                _mainCRTStartup
                0x00000000080001fc                _start
 .text.devices_init
                0x0000000008000270       0x3c ./system/src/device.o
                0x0000000008000270                devices_init
 .text._open    0x00000000080002ac      0x110 ./system/src/device.o
                0x00000000080002ac                _open
 .text._close   0x00000000080003bc       0x78 ./system/src/device.o
                0x00000000080003bc                _close
 .text._read    0x0000000008000434       0x70 ./system/src/device.o
                0x0000000008000434                _read
 .text._write   0x00000000080004a4       0x70 ./system/src/device.o
                0x00000000080004a4                _write
 .text.dup2     0x0000000008000514       0x84 ./system/src/device.o
                0x0000000008000514                dup2
 .text._fstat   0x0000000008000598       0x58 ./system/src/device.o
                0x0000000008000598                _fstat
 .text._lseek   0x00000000080005f0       0x58 ./system/src/device.o
                0x00000000080005f0                _lseek
 .text._isatty  0x0000000008000648       0x58 ./system/src/device.o
                0x0000000008000648                _isatty
 .text.GPIO_Initialize
                0x00000000080006a0       0x10 ./system/src/gpio.o
                0x00000000080006a0                GPIO_Initialize
 .text.pinMode  0x00000000080006b0       0xb0 ./system/src/gpio.o
                0x00000000080006b0                pinMode
 .text.ring_buffer_init
                0x0000000008000760       0x26 ./system/src/ring-buffer.o
                0x0000000008000760                ring_buffer_init
 .text.ring_buffer_dealloc
                0x0000000008000786       0x16 ./system/src/ring-buffer.o
                0x0000000008000786                ring_buffer_dealloc
 .text.ring_buffer_putchar
                0x000000000800079c       0x3e ./system/src/ring-buffer.o
                0x000000000800079c                ring_buffer_putchar
 .text.ring_buffer_getchar
                0x00000000080007da       0x32 ./system/src/ring-buffer.o
                0x00000000080007da                ring_buffer_getchar
 .text.ring_buffer_getlength
                0x000000000800080c       0x1e ./system/src/ring-buffer.o
                0x000000000800080c                ring_buffer_getlength
 .text.ring_buffer_getspace
                0x000000000800082a        0xe ./system/src/ring-buffer.o
                0x000000000800082a                ring_buffer_getspace
 .text._sbrk    0x0000000008000838       0x40 ./system/src/sbrk.o
                0x0000000008000838                _sbrk
 .text.stdio_init
                0x0000000008000878       0x68 ./system/src/stdio.o
                0x0000000008000878                stdio_init
 .text.systick_init
                0x00000000080008e0       0x3c ./system/src/time.o
                0x00000000080008e0                systick_init
 .text.sleep    0x000000000800091c       0x28 ./system/src/time.o
                0x000000000800091c                sleep
 .text._gettimeofday
                0x0000000008000944      0x18c ./system/src/time.o
                0x0000000008000944                _gettimeofday
 .text.settimeofday
                0x0000000008000ad0      0x1f0 ./system/src/time.o
                0x0000000008000ad0                settimeofday
 .text.rtc_init
                0x0000000008000cc0       0x74 ./system/src/time.o
                0x0000000008000cc0                rtc_init
 .text.usart_poll
                0x0000000008000d34        0x6 ./system/src/usart.o
 .text.usart_fstat
                0x0000000008000d3a       0x2a ./system/src/usart.o
 .text.usart_isatty
                0x0000000008000d64        0x4 ./system/src/usart.o
 .text.usart_ioctl
                0x0000000008000d68       0xac ./system/src/usart.o
 .text.usart_write
                0x0000000008000e14       0x4e ./system/src/usart.o
 *fill*         0x0000000008000e62        0x2 ff
 .text.usart_read
                0x0000000008000e64       0x50 ./system/src/usart.o
 .text.usart_open
                0x0000000008000eb4       0xdc ./system/src/usart.o
 .text.usart_close
                0x0000000008000f90       0x88 ./system/src/usart.o
 .text.usart_init
                0x0000000008001018       0x2c ./system/src/usart.o
                0x0000000008001018                usart_init
 .text.board_init
                0x0000000008001044       0x28 ./src/board.o
                0x0000000008001044                board_init
 .text.board_id_init
                0x000000000800106c       0xf4 ./src/board.o
                0x000000000800106c                board_id_init
 .text.main     0x0000000008001160       0xd0 ./src/main.o
                0x0000000008001160                main
 .text.pwm_init
                0x0000000008001230       0x40 ./src/pwm.o
                0x0000000008001230                pwm_init
 .text.analogWrite
                0x0000000008001270        0xc ./src/pwm.o
                0x0000000008001270                analogWrite
 .text._exit    0x000000000800127c       0x24 ./platform/src/stm32f303xc_it.o
                0x000000000800127c                _exit
 .text.Reset_Handler
                0x00000000080012a0       0xac ./platform/src/stm32f303xc_it.o
                0x00000000080012a0                Reset_Handler
 .text.Default_Handler
                0x000000000800134c       0x2c ./platform/src/stm32f303xc_it.o
                0x000000000800134c                DebugMonitor_Handler
                0x000000000800134c                FLASH_Handler
                0x000000000800134c                SVCall_Handler
                0x000000000800134c                HardFault_Handler
                0x000000000800134c                TIM1_BRK_TIM15_Handler
                0x000000000800134c                DMA1_Channel7_Handler
                0x000000000800134c                COMP4_5_6_Handler
                0x000000000800134c                PendSV_Handler
                0x000000000800134c                USB_HP_Handler
                0x000000000800134c                DMA1_Channel6_Handler
                0x000000000800134c                DMA2_Channel5_Handler
                0x000000000800134c                TIM6_DAC_Handler
                0x000000000800134c                EXTI15_10_Handler
                0x000000000800134c                NonMaskableInt_Handler
                0x000000000800134c                DMA2_Channel1_Handler
                0x000000000800134c                I2C1_EV_Handler
                0x000000000800134c                ADC1_2_Handler
                0x000000000800134c                TAMP_STAMP_Handler
                0x000000000800134c                WWDG_Handler
                0x000000000800134c                EXTI4_Handler
                0x000000000800134c                DMA2_Channel4_Handler
                0x000000000800134c                DMA1_Channel1_Handler
                0x000000000800134c                I2C1_ER_Handler
                0x000000000800134c                UsageFault_Handler
                0x000000000800134c                TIM1_CC_Handler
                0x000000000800134c                I2C2_ER_Handler
                0x000000000800134c                TIM8_CC_Handler
                0x000000000800134c                TIM8_BRK_Handler
                0x000000000800134c                USB_HP_CAN_TX_Handler
                0x000000000800134c                CAN_RX1_Handler
                0x000000000800134c                EXTI1_Handler
                0x000000000800134c                TIM8_TRG_COM_Handler
                0x000000000800134c                EXTI3_Handler
                0x000000000800134c                USB_LP_CAN_RX0_Handler
                0x000000000800134c                UART4_Handler
                0x000000000800134c                TIM1_TRG_COM_TIM17_Handler
                0x000000000800134c                EXTI9_5_Handler
                0x000000000800134c                COMP7_Handler
                0x000000000800134c                TIM2_Handler
                0x000000000800134c                DMA1_Channel4_Handler
                0x000000000800134c                TIM3_Handler
                0x000000000800134c                CAN_SCE_Handler
                0x000000000800134c                Default_Handler
                0x000000000800134c                USBWakeUp_Handler
                0x000000000800134c                DMA1_Channel3_Handler
                0x000000000800134c                USBWakeUp_RMP_Handler
                0x000000000800134c                RTC_Alarm_Handler
                0x000000000800134c                TIM4_Handler
                0x000000000800134c                EXTI2_TSC_Handler
                0x000000000800134c                SPI2_Handler
                0x000000000800134c                COMP1_2_3_Handler
                0x000000000800134c                DMA1_Channel2_Handler
                0x000000000800134c                EXTI0_Handler
                0x000000000800134c                TIM8_UP_Handler
                0x000000000800134c                DMA1_Channel5_Handler
                0x000000000800134c                SPI1_Handler
                0x000000000800134c                ADC3_Handler
                0x000000000800134c                I2C2_EV_Handler
                0x000000000800134c                SPI3_Handler
                0x000000000800134c                DMA2_Channel3_Handler
                0x000000000800134c                RCC_Handler
                0x000000000800134c                PVD_Handler
                0x000000000800134c                UART5_Handler
                0x000000000800134c                DMA2_Channel2_Handler
                0x000000000800134c                TIM7_Handler
                0x000000000800134c                TIM1_UP_TIM16_Handler
                0x000000000800134c                USB_LP_Handler
                0x000000000800134c                FPU_Handler
                0x000000000800134c                ADC4_Handler
                0x000000000800134c                BusFault_Handler
                0x000000000800134c                MemoryManagement_Handler
                0x000000000800134c                RTC_WKUP_Handler
 .text.SystemInit
                0x0000000008001378       0xc8 ./platform/src/system_stm32f303cx.o
                0x0000000008001378                SystemInit
 .text.SystemCoreClockUpdate
                0x0000000008001440       0x94 ./platform/src/system_stm32f303cx.o
                0x0000000008001440                SystemCoreClockUpdate
 .text.calloc   0x00000000080014d4       0x10 /usr/local/bin/../lib/gcc/arm-none-eabi/6.3.1/../../../../arm-none-eabi/lib/thumb/v7e-m/fpv4-sp/hard/libg_nano.a(lib_a-calloc.o)
                0x00000000080014d4                calloc
 .text.exit     0x00000000080014e4       0x28 /usr/local/bin/../lib/gcc/arm-none-eabi/6.3.1/../../../../arm-none-eabi/lib/thumb/v7e-m/fpv4-sp/hard/libg_nano.a(lib_a-exit.o)
                0x00000000080014e4                exit
 .text.fprintf  0x000000000800150c       0x24 /usr/local/bin/../lib/gcc/arm-none-eabi/6.3.1/../../../../arm-none-eabi/lib/thumb/v7e-m/fpv4-sp/hard/libg_nano.a(lib_a-fprintf.o)
                0x000000000800150c                fprintf
                0x000000000800150c                fiprintf
 .text._fwrite_r
                0x0000000008001530       0x9c /usr/local/bin/../lib/gcc/arm-none-eabi/6.3.1/../../../../arm-none-eabi/lib/thumb/v7e-m/fpv4-sp/hard/libg_nano.a(lib_a-fwrite.o)
                0x0000000008001530                _fwrite_r
 .text.fwrite   0x00000000080015cc       0x1c /usr/local/bin/../lib/gcc/arm-none-eabi/6.3.1/../../../../arm-none-eabi/lib/thumb/v7e-m/fpv4-sp/hard/libg_nano.a(lib_a-fwrite.o)
                0x00000000080015cc                fwrite
 .text.gmtime_r
                0x00000000080015e8      0x134 /usr/local/bin/../lib/gcc/arm-none-eabi/6.3.1/../../../../arm-none-eabi/lib/thumb/v7e-m/fpv4-sp/hard/libg_nano.a(lib_a-gmtime_r.o)
                0x00000000080015e8                gmtime_r
 .text.__libc_init_array
                0x000000000800171c       0x48 /usr/local/bin/../lib/gcc/arm-none-eabi/6.3.1/../../../../arm-none-eabi/lib/thumb/v7e-m/fpv4-sp/hard/libg_nano.a(lib_a-init.o)
                0x000000000800171c                __libc_init_array
 .text.malloc   0x0000000008001764       0x10 /usr/local/bin/../lib/gcc/arm-none-eabi/6.3.1/../../../../arm-none-eabi/lib/thumb/v7e-m/fpv4-sp/hard/libg_nano.a(lib_a-malloc.o)
                0x0000000008001764                malloc
 .text.free     0x0000000008001774       0x10 /usr/local/bin/../lib/gcc/arm-none-eabi/6.3.1/../../../../arm-none-eabi/lib/thumb/v7e-m/fpv4-sp/hard/libg_nano.a(lib_a-malloc.o)
                0x0000000008001774                free
 .text.memcpy   0x0000000008001784       0x16 /usr/local/bin/../lib/gcc/arm-none-eabi/6.3.1/../../../../arm-none-eabi/lib/thumb/v7e-m/fpv4-sp/hard/libg_nano.a(lib_a-memcpy-stub.o)
                0x0000000008001784                memcpy
 .text.memset   0x000000000800179a       0x10 /usr/local/bin/../lib/gcc/arm-none-eabi/6.3.1/../../../../arm-none-eabi/lib/thumb/v7e-m/fpv4-sp/hard/libg_nano.a(lib_a-memset.o)
                0x000000000800179a                memset
 *fill*         0x00000000080017aa        0x2 ff
 .text.validate_structure
                0x00000000080017ac      0x1c0 /usr/local/bin/../lib/gcc/arm-none-eabi/6.3.1/../../../../arm-none-eabi/lib/thumb/v7e-m/fpv4-sp/hard/libg_nano.a(lib_a-mktime.o)
 .text.mktime   0x000000000800196c      0x2f8 /usr/local/bin/../lib/gcc/arm-none-eabi/6.3.1/../../../../arm-none-eabi/lib/thumb/v7e-m/fpv4-sp/hard/libg_nano.a(lib_a-mktime.o)
                0x000000000800196c                mktime
 .text._calloc_r
                0x0000000008001c64       0x1c /usr/local/bin/../lib/gcc/arm-none-eabi/6.3.1/../../../../arm-none-eabi/lib/thumb/v7e-m/fpv4-sp/hard/libg_nano.a(lib_a-nano-callocr.o)
                0x0000000008001c64                _calloc_r
 .text._free_r  0x0000000008001c80       0x9c /usr/local/bin/../lib/gcc/arm-none-eabi/6.3.1/../../../../arm-none-eabi/lib/thumb/v7e-m/fpv4-sp/hard/libg_nano.a(lib_a-nano-freer.o)
                0x0000000008001c80                _free_r
 .text._malloc_r
                0x0000000008001d1c       0xbc /usr/local/bin/../lib/gcc/arm-none-eabi/6.3.1/../../../../arm-none-eabi/lib/thumb/v7e-m/fpv4-sp/hard/libg_nano.a(lib_a-nano-mallocr.o)
                0x0000000008001d1c                _malloc_r
 .text.__sfputc_r
                0x0000000008001dd8       0x30 /usr/local/bin/../lib/gcc/arm-none-eabi/6.3.1/../../../../arm-none-eabi/lib/thumb/v7e-m/fpv4-sp/hard/libg_nano.a(lib_a-nano-vfprintf.o)
 .text.__sfputs_r
                0x0000000008001e08       0x24 /usr/local/bin/../lib/gcc/arm-none-eabi/6.3.1/../../../../arm-none-eabi/lib/thumb/v7e-m/fpv4-sp/hard/libg_nano.a(lib_a-nano-vfprintf.o)
                0x0000000008001e08                __sfputs_r
 .text._vfprintf_r
                0x0000000008001e2c      0x22c /usr/local/bin/../lib/gcc/arm-none-eabi/6.3.1/../../../../arm-none-eabi/lib/thumb/v7e-m/fpv4-sp/hard/libg_nano.a(lib_a-nano-vfprintf.o)
                0x0000000008001e2c                _vfiprintf_r
                0x0000000008001e2c                _vfprintf_r
 .text._printf_common
                0x0000000008002058       0xec /usr/local/bin/../lib/gcc/arm-none-eabi/6.3.1/../../../../arm-none-eabi/lib/thumb/v7e-m/fpv4-sp/hard/libg_nano.a(lib_a-nano-vfprintf_i.o)
                0x0000000008002058                _printf_common
 .text._printf_i
                0x0000000008002144      0x240 /usr/local/bin/../lib/gcc/arm-none-eabi/6.3.1/../../../../arm-none-eabi/lib/thumb/v7e-m/fpv4-sp/hard/libg_nano.a(lib_a-nano-vfprintf_i.o)
                0x0000000008002144                _printf_i
 .text.printf   0x0000000008002384       0x30 /usr/local/bin/../lib/gcc/arm-none-eabi/6.3.1/../../../../arm-none-eabi/lib/thumb/v7e-m/fpv4-sp/hard/libg_nano.a(lib_a-printf.o)
                0x0000000008002384                printf
                0x0000000008002384                iprintf
 .text._sbrk_r  0x00000000080023b4       0x20 /usr/local/bin/../lib/gcc/arm-none-eabi/6.3.1/../../../../arm-none-eabi/lib/thumb/v7e-m/fpv4-sp/hard/libg_nano.a(lib_a-sbrkr.o)
                0x00000000080023b4                _sbrk_r
 .text.setvbuf  0x00000000080023d4      0x15c /usr/local/bin/../lib/gcc/arm-none-eabi/6.3.1/../../../../arm-none-eabi/lib/thumb/v7e-m/fpv4-sp/hard/libg_nano.a(lib_a-setvbuf.o)
                0x00000000080023d4                setvbuf
 .text.snprintf
                0x0000000008002530       0x68 /usr/local/bin/../lib/gcc/arm-none-eabi/6.3.1/../../../../arm-none-eabi/lib/thumb/v7e-m/fpv4-sp/hard/libg_nano.a(lib_a-snprintf.o)
                0x0000000008002530                snprintf
                0x0000000008002530                sniprintf
 .text          0x0000000008002598       0x14 /usr/local/bin/../lib/gcc/arm-none-eabi/6.3.1/../../../../arm-none-eabi/lib/thumb/v7e-m/fpv4-sp/hard/libg_nano.a(lib_a-strcmp.o)
                0x0000000008002598                strcmp
 .text.iso_year_adjust
                0x00000000080025ac       0xae /usr/local/bin/../lib/gcc/arm-none-eabi/6.3.1/../../../../arm-none-eabi/lib/thumb/v7e-m/fpv4-sp/hard/libg_nano.a(lib_a-strftime.o)
 *fill*         0x000000000800265a        0x2 ff
 .text.__strftime
                0x000000000800265c      0xa40 /usr/local/bin/../lib/gcc/arm-none-eabi/6.3.1/../../../../arm-none-eabi/lib/thumb/v7e-m/fpv4-sp/hard/libg_nano.a(lib_a-strftime.o)
 .text.strftime
                0x000000000800309c       0x24 /usr/local/bin/../lib/gcc/arm-none-eabi/6.3.1/../../../../arm-none-eabi/lib/thumb/v7e-m/fpv4-sp/hard/libg_nano.a(lib_a-strftime.o)
                0x000000000800309c                strftime
 .text          0x00000000080030c0       0x10 /usr/local/bin/../lib/gcc/arm-none-eabi/6.3.1/../../../../arm-none-eabi/lib/thumb/v7e-m/fpv4-sp/hard/libg_nano.a(lib_a-strlen.o)
                0x00000000080030c0                strlen
 .text.is_leap_year
                0x00000000080030d0       0x2c /usr/local/bin/../lib/gcc/arm-none-eabi/6.3.1/../../../../arm-none-eabi/lib/thumb/v7e-m/fpv4-sp/hard/libg_nano.a(lib_a-strptime.o)
 .text.first_day
                0x00000000080030fc       0x2e /usr/local/bin/../lib/gcc/arm-none-eabi/6.3.1/../../../../arm-none-eabi/lib/thumb/v7e-m/fpv4-sp/hard/libg_nano.a(lib_a-strptime.o)
 .text.match_string
                0x000000000800312a       0x3c /usr/local/bin/../lib/gcc/arm-none-eabi/6.3.1/../../../../arm-none-eabi/lib/thumb/v7e-m/fpv4-sp/hard/libg_nano.a(lib_a-strptime.o)
 *fill*         0x0000000008003166        0x2 ff
 .text.strptime_l
                0x0000000008003168      0x590 /usr/local/bin/../lib/gcc/arm-none-eabi/6.3.1/../../../../arm-none-eabi/lib/thumb/v7e-m/fpv4-sp/hard/libg_nano.a(lib_a-strptime.o)
                0x0000000008003168                strptime_l
 .text.strptime
                0x00000000080036f8       0x20 /usr/local/bin/../lib/gcc/arm-none-eabi/6.3.1/../../../../arm-none-eabi/lib/thumb/v7e-m/fpv4-sp/hard/libg_nano.a(lib_a-strptime.o)
                0x00000000080036f8                strptime
 .text.strrchr  0x0000000008003718       0x26 /usr/local/bin/../lib/gcc/arm-none-eabi/6.3.1/../../../../arm-none-eabi/lib/thumb/v7e-m/fpv4-sp/hard/libg_nano.a(lib_a-strrchr.o)
                0x0000000008003718                strrchr
 .text._strtol_l.isra.0
                0x000000000800373e      0x100 /usr/local/bin/../lib/gcc/arm-none-eabi/6.3.1/../../../../arm-none-eabi/lib/thumb/v7e-m/fpv4-sp/hard/libg_nano.a(lib_a-strtol.o)
 *fill*         0x000000000800383e        0x2 ff
 .text._strtol_r
                0x0000000008003840       0x24 /usr/local/bin/../lib/gcc/arm-none-eabi/6.3.1/../../../../arm-none-eabi/lib/thumb/v7e-m/fpv4-sp/hard/libg_nano.a(lib_a-strtol.o)
                0x0000000008003840                _strtol_r
 .text.strtol_l
                0x0000000008003864       0x1c /usr/local/bin/../lib/gcc/arm-none-eabi/6.3.1/../../../../arm-none-eabi/lib/thumb/v7e-m/fpv4-sp/hard/libg_nano.a(lib_a-strtol.o)
                0x0000000008003864                strtol_l
 .text._strtoul_l.isra.0
                0x0000000008003880       0xfa /usr/local/bin/../lib/gcc/arm-none-eabi/6.3.1/../../../../arm-none-eabi/lib/thumb/v7e-m/fpv4-sp/hard/libg_nano.a(lib_a-strtoul.o)
 *fill*         0x000000000800397a        0x2 ff
 .text._strtoul_r
                0x000000000800397c       0x24 /usr/local/bin/../lib/gcc/arm-none-eabi/6.3.1/../../../../arm-none-eabi/lib/thumb/v7e-m/fpv4-sp/hard/libg_nano.a(lib_a-strtoul.o)
                0x000000000800397c                _strtoul_r
 .text.strtoul  0x00000000080039a0       0x2c /usr/local/bin/../lib/gcc/arm-none-eabi/6.3.1/../../../../arm-none-eabi/lib/thumb/v7e-m/fpv4-sp/hard/libg_nano.a(lib_a-strtoul.o)
                0x00000000080039a0                strtoul
 .text.close    0x00000000080039cc       0x10 /usr/local/bin/../lib/gcc/arm-none-eabi/6.3.1/../../../../arm-none-eabi/lib/thumb/v7e-m/fpv4-sp/hard/libg_nano.a(lib_a-sysclose.o)
                0x00000000080039cc                close
 .text.open     0x00000000080039dc       0x28 /usr/local/bin/../lib/gcc/arm-none-eabi/6.3.1/../../../../arm-none-eabi/lib/thumb/v7e-m/fpv4-sp/hard/libg_nano.a(lib_a-sysopen.o)
                0x00000000080039dc                open
 .text.sbrk     0x0000000008003a04       0x10 /usr/local/bin/../lib/gcc/arm-none-eabi/6.3.1/../../../../arm-none-eabi/lib/thumb/v7e-m/fpv4-sp/hard/libg_nano.a(lib_a-syssbrk.o)
                0x0000000008003a04                sbrk
 .text.time     0x0000000008003a14       0x28 /usr/local/bin/../lib/gcc/arm-none-eabi/6.3.1/../../../../arm-none-eabi/lib/thumb/v7e-m/fpv4-sp/hard/libg_nano.a(lib_a-time.o)
                0x0000000008003a14                time
 .text.__tzcalc_limits
                0x0000000008003a3c      0x150 /usr/local/bin/../lib/gcc/arm-none-eabi/6.3.1/../../../../arm-none-eabi/lib/thumb/v7e-m/fpv4-sp/hard/libg_nano.a(lib_a-tzcalc_limits.o)
                0x0000000008003a3c                __tzcalc_limits
 .text.__tz_lock
                0x0000000008003b8c        0x2 /usr/local/bin/../lib/gcc/arm-none-eabi/6.3.1/../../../../arm-none-eabi/lib/thumb/v7e-m/fpv4-sp/hard/libg_nano.a(lib_a-tzlock.o)
                0x0000000008003b8c                __tz_lock
 .text.__tz_unlock
                0x0000000008003b8e        0x2 /usr/local/bin/../lib/gcc/arm-none-eabi/6.3.1/../../../../arm-none-eabi/lib/thumb/v7e-m/fpv4-sp/hard/libg_nano.a(lib_a-tzlock.o)
                0x0000000008003b8e                __tz_unlock
 .text._tzset_unlocked
                0x0000000008003b90        0xc /usr/local/bin/../lib/gcc/arm-none-eabi/6.3.1/../../../../arm-none-eabi/lib/thumb/v7e-m/fpv4-sp/hard/libg_nano.a(lib_a-tzset.o)
                0x0000000008003b90                _tzset_unlocked
 .text._tzset_unlocked_r
                0x0000000008003b9c      0x304 /usr/local/bin/../lib/gcc/arm-none-eabi/6.3.1/../../../../arm-none-eabi/lib/thumb/v7e-m/fpv4-sp/hard/libg_nano.a(lib_a-tzset_r.o)
                0x0000000008003b9c                _tzset_unlocked_r
 .text.__swbuf_r
                0x0000000008003ea0       0xa4 /usr/local/bin/../lib/gcc/arm-none-eabi/6.3.1/../../../../arm-none-eabi/lib/thumb/v7e-m/fpv4-sp/hard/libg_nano.a(lib_a-wbuf.o)
                0x0000000008003ea0                __swbuf_r
 .text.__swsetup_r
                0x0000000008003f44       0xdc /usr/local/bin/../lib/gcc/arm-none-eabi/6.3.1/../../../../arm-none-eabi/lib/thumb/v7e-m/fpv4-sp/hard/libg_nano.a(lib_a-wsetup.o)
                0x0000000008003f44                __swsetup_r
 .text.abs      0x0000000008004020        0x8 /usr/local/bin/../lib/gcc/arm-none-eabi/6.3.1/../../../../arm-none-eabi/lib/thumb/v7e-m/fpv4-sp/hard/libg_nano.a(lib_a-abs.o)
                0x0000000008004020                abs
 .text._close_r
                0x0000000008004028       0x20 /usr/local/bin/../lib/gcc/arm-none-eabi/6.3.1/../../../../arm-none-eabi/lib/thumb/v7e-m/fpv4-sp/hard/libg_nano.a(lib_a-closer.o)
                0x0000000008004028                _close_r
 .text.div      0x0000000008004048       0x28 /usr/local/bin/../lib/gcc/arm-none-eabi/6.3.1/../../../../arm-none-eabi/lib/thumb/v7e-m/fpv4-sp/hard/libg_nano.a(lib_a-div.o)
                0x0000000008004048                div
 .text.__sflush_r
                0x0000000008004070      0x110 /usr/local/bin/../lib/gcc/arm-none-eabi/6.3.1/../../../../arm-none-eabi/lib/thumb/v7e-m/fpv4-sp/hard/libg_nano.a(lib_a-fflush.o)
                0x0000000008004070                __sflush_r
 .text._fflush_r
                0x0000000008004180       0x54 /usr/local/bin/../lib/gcc/arm-none-eabi/6.3.1/../../../../arm-none-eabi/lib/thumb/v7e-m/fpv4-sp/hard/libg_nano.a(lib_a-fflush.o)
                0x0000000008004180                _fflush_r
 .text._cleanup_r
                0x00000000080041d4        0xc /usr/local/bin/../lib/gcc/arm-none-eabi/6.3.1/../../../../arm-none-eabi/lib/thumb/v7e-m/fpv4-sp/hard/libg_nano.a(lib_a-findfp.o)
                0x00000000080041d4                _cleanup_r
 .text.std.isra.0
                0x00000000080041e0       0x48 /usr/local/bin/../lib/gcc/arm-none-eabi/6.3.1/../../../../arm-none-eabi/lib/thumb/v7e-m/fpv4-sp/hard/libg_nano.a(lib_a-findfp.o)
 .text.__sfmoreglue
                0x0000000008004228       0x2c /usr/local/bin/../lib/gcc/arm-none-eabi/6.3.1/../../../../arm-none-eabi/lib/thumb/v7e-m/fpv4-sp/hard/libg_nano.a(lib_a-findfp.o)
                0x0000000008004228                __sfmoreglue
 .text.__sinit  0x0000000008004254       0x60 /usr/local/bin/../lib/gcc/arm-none-eabi/6.3.1/../../../../arm-none-eabi/lib/thumb/v7e-m/fpv4-sp/hard/libg_nano.a(lib_a-findfp.o)
                0x0000000008004254                __sinit
 .text.__sfp    0x00000000080042b4       0x78 /usr/local/bin/../lib/gcc/arm-none-eabi/6.3.1/../../../../arm-none-eabi/lib/thumb/v7e-m/fpv4-sp/hard/libg_nano.a(lib_a-findfp.o)
                0x00000000080042b4                __sfp
 .text._fwalk_reent
                0x000000000800432c       0x3c /usr/local/bin/../lib/gcc/arm-none-eabi/6.3.1/../../../../arm-none-eabi/lib/thumb/v7e-m/fpv4-sp/hard/libg_nano.a(lib_a-fwalk.o)
                0x000000000800432c                _fwalk_reent
 .text._findenv_r
                0x0000000008004368       0x80 /usr/local/bin/../lib/gcc/arm-none-eabi/6.3.1/../../../../arm-none-eabi/lib/thumb/v7e-m/fpv4-sp/hard/libg_nano.a(lib_a-getenv_r.o)
                0x0000000008004368                _findenv_r
 .text._getenv_r
                0x00000000080043e8        0xe /usr/local/bin/../lib/gcc/arm-none-eabi/6.3.1/../../../../arm-none-eabi/lib/thumb/v7e-m/fpv4-sp/hard/libg_nano.a(lib_a-getenv_r.o)
                0x00000000080043e8                _getenv_r
 *fill*         0x00000000080043f6        0x2 ff
 .text._gettimeofday_r
                0x00000000080043f8       0x24 /usr/local/bin/../lib/gcc/arm-none-eabi/6.3.1/../../../../arm-none-eabi/lib/thumb/v7e-m/fpv4-sp/hard/libg_nano.a(lib_a-gettimeofdayr.o)
                0x00000000080043f8                _gettimeofday_r
 .text.__gettzinfo
                0x000000000800441c        0x8 /usr/local/bin/../lib/gcc/arm-none-eabi/6.3.1/../../../../arm-none-eabi/lib/thumb/v7e-m/fpv4-sp/hard/libg_nano.a(lib_a-gettzinfo.o)
                0x000000000800441c                __gettzinfo
 .text.labs     0x0000000008004424        0x8 /usr/local/bin/../lib/gcc/arm-none-eabi/6.3.1/../../../../arm-none-eabi/lib/thumb/v7e-m/fpv4-sp/hard/libg_nano.a(lib_a-labs.o)
                0x0000000008004424                labs
 .text.__locale_ctype_ptr_l
                0x000000000800442c        0x6 /usr/local/bin/../lib/gcc/arm-none-eabi/6.3.1/../../../../arm-none-eabi/lib/thumb/v7e-m/fpv4-sp/hard/libg_nano.a(lib_a-locale.o)
                0x000000000800442c                __locale_ctype_ptr_l
 *fill*         0x0000000008004432        0x2 ff
 .text.__locale_ctype_ptr
                0x0000000008004434       0x1c /usr/local/bin/../lib/gcc/arm-none-eabi/6.3.1/../../../../arm-none-eabi/lib/thumb/v7e-m/fpv4-sp/hard/libg_nano.a(lib_a-locale.o)
                0x0000000008004434                __locale_ctype_ptr
 .text.__swhatbuf_r
                0x0000000008004450       0x48 /usr/local/bin/../lib/gcc/arm-none-eabi/6.3.1/../../../../arm-none-eabi/lib/thumb/v7e-m/fpv4-sp/hard/libg_nano.a(lib_a-makebuf.o)
                0x0000000008004450                __swhatbuf_r
 .text.__smakebuf_r
                0x0000000008004498       0x80 /usr/local/bin/../lib/gcc/arm-none-eabi/6.3.1/../../../../arm-none-eabi/lib/thumb/v7e-m/fpv4-sp/hard/libg_nano.a(lib_a-makebuf.o)
                0x0000000008004498                __smakebuf_r
 .text.__ascii_mbtowc
                0x0000000008004518       0x24 /usr/local/bin/../lib/gcc/arm-none-eabi/6.3.1/../../../../arm-none-eabi/lib/thumb/v7e-m/fpv4-sp/hard/libg_nano.a(lib_a-mbtowc_r.o)
                0x0000000008004518                __ascii_mbtowc
 *fill*         0x000000000800453c        0x4 ff
 .text          0x0000000008004540       0xa0 /usr/local/bin/../lib/gcc/arm-none-eabi/6.3.1/../../../../arm-none-eabi/lib/thumb/v7e-m/fpv4-sp/hard/libg_nano.a(lib_a-memchr.o)
                0x0000000008004540                memchr
 .text.memmove  0x00000000080045e0       0x34 /usr/local/bin/../lib/gcc/arm-none-eabi/6.3.1/../../../../arm-none-eabi/lib/thumb/v7e-m/fpv4-sp/hard/libg_nano.a(lib_a-memmove.o)
                0x00000000080045e0                memmove
 .text.__malloc_lock
                0x0000000008004614        0x2 /usr/local/bin/../lib/gcc/arm-none-eabi/6.3.1/../../../../arm-none-eabi/lib/thumb/v7e-m/fpv4-sp/hard/libg_nano.a(lib_a-mlock.o)
                0x0000000008004614                __malloc_lock
 .text.__malloc_unlock
                0x0000000008004616        0x2 /usr/local/bin/../lib/gcc/arm-none-eabi/6.3.1/../../../../arm-none-eabi/lib/thumb/v7e-m/fpv4-sp/hard/libg_nano.a(lib_a-mlock.o)
                0x0000000008004616                __malloc_unlock
 .text._realloc_r
                0x0000000008004618       0x4c /usr/local/bin/../lib/gcc/arm-none-eabi/6.3.1/../../../../arm-none-eabi/lib/thumb/v7e-m/fpv4-sp/hard/libg_nano.a(lib_a-nano-reallocr.o)
                0x0000000008004618                _realloc_r
 .text.__ssputs_r
                0x0000000008004664       0xb6 /usr/local/bin/../lib/gcc/arm-none-eabi/6.3.1/../../../../arm-none-eabi/lib/thumb/v7e-m/fpv4-sp/hard/libg_nano.a(lib_a-nano-svfprintf.o)
                0x0000000008004664                __ssputs_r
 *fill*         0x000000000800471a        0x2 ff
 .text._svfprintf_r
                0x000000000800471c      0x1e8 /usr/local/bin/../lib/gcc/arm-none-eabi/6.3.1/../../../../arm-none-eabi/lib/thumb/v7e-m/fpv4-sp/hard/libg_nano.a(lib_a-nano-svfprintf.o)
                0x000000000800471c                _svfprintf_r
                0x000000000800471c                _svfiprintf_r
 .text._open_r  0x0000000008004904       0x24 /usr/local/bin/../lib/gcc/arm-none-eabi/6.3.1/../../../../arm-none-eabi/lib/thumb/v7e-m/fpv4-sp/hard/libg_nano.a(lib_a-openr.o)
                0x0000000008004904                _open_r
 .text.sscanf   0x0000000008004928       0x54 /usr/local/bin/../lib/gcc/arm-none-eabi/6.3.1/../../../../arm-none-eabi/lib/thumb/v7e-m/fpv4-sp/hard/libg_nano.a(lib_a-sscanf.o)
                0x0000000008004928                sscanf
                0x0000000008004928                siscanf
 .text.__sread  0x000000000800497c       0x22 /usr/local/bin/../lib/gcc/arm-none-eabi/6.3.1/../../../../arm-none-eabi/lib/thumb/v7e-m/fpv4-sp/hard/libg_nano.a(lib_a-stdio.o)
                0x000000000800497c                __sread
 .text.__seofread
                0x000000000800499e        0x4 /usr/local/bin/../lib/gcc/arm-none-eabi/6.3.1/../../../../arm-none-eabi/lib/thumb/v7e-m/fpv4-sp/hard/libg_nano.a(lib_a-stdio.o)
                0x000000000800499e                __seofread
 .text.__swrite
                0x00000000080049a2       0x38 /usr/local/bin/../lib/gcc/arm-none-eabi/6.3.1/../../../../arm-none-eabi/lib/thumb/v7e-m/fpv4-sp/hard/libg_nano.a(lib_a-stdio.o)
                0x00000000080049a2                __swrite
 .text.__sseek  0x00000000080049da       0x24 /usr/local/bin/../lib/gcc/arm-none-eabi/6.3.1/../../../../arm-none-eabi/lib/thumb/v7e-m/fpv4-sp/hard/libg_nano.a(lib_a-stdio.o)
                0x00000000080049da                __sseek
 .text.__sclose
                0x00000000080049fe        0x8 /usr/local/bin/../lib/gcc/arm-none-eabi/6.3.1/../../../../arm-none-eabi/lib/thumb/v7e-m/fpv4-sp/hard/libg_nano.a(lib_a-stdio.o)
                0x00000000080049fe                __sclose
 .text.strchr   0x0000000008004a06       0x1c /usr/local/bin/../lib/gcc/arm-none-eabi/6.3.1/../../../../arm-none-eabi/lib/thumb/v7e-m/fpv4-sp/hard/libg_nano.a(lib_a-strchr.o)
                0x0000000008004a06                strchr
 .text.strcpy   0x0000000008004a22       0x10 /usr/local/bin/../lib/gcc/arm-none-eabi/6.3.1/../../../../arm-none-eabi/lib/thumb/v7e-m/fpv4-sp/hard/libg_nano.a(lib_a-strcpy.o)
                0x0000000008004a22                strcpy
 .text.strncasecmp_l
                0x0000000008004a32       0x38 /usr/local/bin/../lib/gcc/arm-none-eabi/6.3.1/../../../../arm-none-eabi/lib/thumb/v7e-m/fpv4-sp/hard/libg_nano.a(lib_a-strncasecmp_l.o)
                0x0000000008004a32                strncasecmp_l
 .text.strncmp  0x0000000008004a6a       0x24 /usr/local/bin/../lib/gcc/arm-none-eabi/6.3.1/../../../../arm-none-eabi/lib/thumb/v7e-m/fpv4-sp/hard/libg_nano.a(lib_a-strncmp.o)
                0x0000000008004a6a                strncmp
 .text.tolower_l
                0x0000000008004a8e       0x1c /usr/local/bin/../lib/gcc/arm-none-eabi/6.3.1/../../../../arm-none-eabi/lib/thumb/v7e-m/fpv4-sp/hard/libg_nano.a(lib_a-tolower_l.o)
                0x0000000008004a8e                tolower_l
 .text.__ascii_wctomb
                0x0000000008004aaa       0x1a /usr/local/bin/../lib/gcc/arm-none-eabi/6.3.1/../../../../arm-none-eabi/lib/thumb/v7e-m/fpv4-sp/hard/libg_nano.a(lib_a-wctomb_r.o)
                0x0000000008004aaa                __ascii_wctomb
 .text._write_r
                0x0000000008004ac4       0x24 /usr/local/bin/../lib/gcc/arm-none-eabi/6.3.1/../../../../arm-none-eabi/lib/thumb/v7e-m/fpv4-sp/hard/libg_nano.a(lib_a-writer.o)
                0x0000000008004ac4                _write_r
 .text.__env_lock
                0x0000000008004ae8        0x2 /usr/local/bin/../lib/gcc/arm-none-eabi/6.3.1/../../../../arm-none-eabi/lib/thumb/v7e-m/fpv4-sp/hard/libg_nano.a(lib_a-envlock.o)
                0x0000000008004ae8                __env_lock
 .text.__env_unlock
                0x0000000008004aea        0x2 /usr/local/bin/../lib/gcc/arm-none-eabi/6.3.1/../../../../arm-none-eabi/lib/thumb/v7e-m/fpv4-sp/hard/libg_nano.a(lib_a-envlock.o)
                0x0000000008004aea                __env_unlock
 .text._fstat_r
                0x0000000008004aec       0x24 /usr/local/bin/../lib/gcc/arm-none-eabi/6.3.1/../../../../arm-none-eabi/lib/thumb/v7e-m/fpv4-sp/hard/libg_nano.a(lib_a-fstatr.o)
                0x0000000008004aec                _fstat_r
 .text._isatty_r
                0x0000000008004b10       0x20 /usr/local/bin/../lib/gcc/arm-none-eabi/6.3.1/../../../../arm-none-eabi/lib/thumb/v7e-m/fpv4-sp/hard/libg_nano.a(lib_a-isattyr.o)
                0x0000000008004b10                _isatty_r
 .text._lseek_r
                0x0000000008004b30       0x24 /usr/local/bin/../lib/gcc/arm-none-eabi/6.3.1/../../../../arm-none-eabi/lib/thumb/v7e-m/fpv4-sp/hard/libg_nano.a(lib_a-lseekr.o)
                0x0000000008004b30                _lseek_r
 .text._malloc_usable_size_r
                0x0000000008004b54       0x12 /usr/local/bin/../lib/gcc/arm-none-eabi/6.3.1/../../../../arm-none-eabi/lib/thumb/v7e-m/fpv4-sp/hard/libg_nano.a(lib_a-nano-msizer.o)
                0x0000000008004b54                _malloc_usable_size_r
 .text._sungetc_r
                0x0000000008004b66       0x7a /usr/local/bin/../lib/gcc/arm-none-eabi/6.3.1/../../../../arm-none-eabi/lib/thumb/v7e-m/fpv4-sp/hard/libg_nano.a(lib_a-nano-svfscanf.o)
                0x0000000008004b66                _sungetc_r
 .text.__ssrefill_r
                0x0000000008004be0       0x3a /usr/local/bin/../lib/gcc/arm-none-eabi/6.3.1/../../../../arm-none-eabi/lib/thumb/v7e-m/fpv4-sp/hard/libg_nano.a(lib_a-nano-svfscanf.o)
                0x0000000008004be0                __ssrefill_r
 *fill*         0x0000000008004c1a        0x2 ff
 .text.__ssvfscanf_r
                0x0000000008004c1c      0x2a8 /usr/local/bin/../lib/gcc/arm-none-eabi/6.3.1/../../../../arm-none-eabi/lib/thumb/v7e-m/fpv4-sp/hard/libg_nano.a(lib_a-nano-svfscanf.o)
                0x0000000008004c1c                __ssvfscanf_r
                0x0000000008004c1c                __ssvfiscanf_r
 .text._scanf_chars
                0x0000000008004ec4       0xc8 /usr/local/bin/../lib/gcc/arm-none-eabi/6.3.1/../../../../arm-none-eabi/lib/thumb/v7e-m/fpv4-sp/hard/libg_nano.a(lib_a-nano-vfscanf_i.o)
                0x0000000008004ec4                _scanf_chars
 .text._scanf_i
                0x0000000008004f8c      0x1e8 /usr/local/bin/../lib/gcc/arm-none-eabi/6.3.1/../../../../arm-none-eabi/lib/thumb/v7e-m/fpv4-sp/hard/libg_nano.a(lib_a-nano-vfscanf_i.o)
                0x0000000008004f8c                _scanf_i
 .text._read_r  0x0000000008005174       0x24 /usr/local/bin/../lib/gcc/arm-none-eabi/6.3.1/../../../../arm-none-eabi/lib/thumb/v7e-m/fpv4-sp/hard/libg_nano.a(lib_a-readr.o)
                0x0000000008005174                _read_r
 .text.__sccl   0x0000000008005198       0x60 /usr/local/bin/../lib/gcc/arm-none-eabi/6.3.1/../../../../arm-none-eabi/lib/thumb/v7e-m/fpv4-sp/hard/libg_nano.a(lib_a-sccl.o)
                0x0000000008005198                __sccl
 .text.__submore
                0x00000000080051f8       0x76 /usr/local/bin/../lib/gcc/arm-none-eabi/6.3.1/../../../../arm-none-eabi/lib/thumb/v7e-m/fpv4-sp/hard/libg_nano.a(lib_a-ungetc.o)
                0x00000000080051f8                __submore
 *fill*         0x000000000800526e        0x2 ff
 .text.__submore.__stub
                0x0000000008005270        0x8 linker stubs

.glue_7         0x0000000008005278        0x0
 .glue_7        0x0000000008005278        0x0 linker stubs

.glue_7t        0x0000000008005278        0x0
 .glue_7t       0x0000000008005278        0x0 linker stubs

.vfp11_veneer   0x0000000008005278        0x0
 .vfp11_veneer  0x0000000008005278        0x0 linker stubs

.v4_bx          0x0000000008005278        0x0
 .v4_bx         0x0000000008005278        0x0 linker stubs

.iplt           0x0000000008005278        0x0
 .iplt          0x0000000008005278        0x0 /usr/local/bin/../lib/gcc/arm-none-eabi/6.3.1/thumb/v7e-m/fpv4-sp/hard/crtbegin.o

.devices        0x0000000008005278        0xc
 *(.devices*)
 .devices       0x0000000008005278        0xc ./system/src/usart.o
                0x0000000008005278                TTY2
                0x000000000800527c                TTY1
                0x0000000008005280                TTY0

.rodata         0x0000000008005284      0x89b
 *(.rodata*)
 .rodata.GPIO.6580
                0x0000000008005284       0x18 ./system/src/gpio.o
 .rodata.stdio_init.str1.4
                0x000000000800529c        0xa ./system/src/stdio.o
 *fill*         0x00000000080052a6        0x2 ff
 .rodata.rtc_init.str1.4
                0x00000000080052a8       0x29 ./system/src/time.o
 *fill*         0x00000000080052d1        0x3 ff
 .rodata.str1.4
                0x00000000080052d4       0x28 ./system/src/usart.o
 .rodata.usart_driver
                0x00000000080052fc       0x2c ./system/src/usart.o
 .rodata.board_id_init.str1.4
                0x0000000008005328       0x3c ./src/board.o
 .rodata.pinModes.7556
                0x0000000008005364       0x80 ./src/board.o
 .rodata.main.str1.4
                0x00000000080053e4      0x12c ./src/main.o
                                        0x13d (size before relaxing)
 .rodata.HCLK_DIV.6734
                0x0000000008005510       0x40 ./platform/src/system_stm32f303cx.o
 .rodata._global_impure_ptr
                0x0000000008005550        0x4 /usr/local/bin/../lib/gcc/arm-none-eabi/6.3.1/../../../../arm-none-eabi/lib/thumb/v7e-m/fpv4-sp/hard/libg_nano.a(lib_a-impure.o)
                0x0000000008005550                _global_impure_ptr
 .rodata.DAYS_IN_MONTH
                0x0000000008005554       0x30 /usr/local/bin/../lib/gcc/arm-none-eabi/6.3.1/../../../../arm-none-eabi/lib/thumb/v7e-m/fpv4-sp/hard/libg_nano.a(lib_a-mktime.o)
 .rodata._DAYS_BEFORE_MONTH
                0x0000000008005584       0x30 /usr/local/bin/../lib/gcc/arm-none-eabi/6.3.1/../../../../arm-none-eabi/lib/thumb/v7e-m/fpv4-sp/hard/libg_nano.a(lib_a-mktime.o)
 .rodata._vfprintf_r.str1.1
                0x00000000080055b4       0x11 /usr/local/bin/../lib/gcc/arm-none-eabi/6.3.1/../../../../arm-none-eabi/lib/thumb/v7e-m/fpv4-sp/hard/libg_nano.a(lib_a-nano-vfprintf.o)
 .rodata._printf_i.str1.1
                0x00000000080055c5       0x22 /usr/local/bin/../lib/gcc/arm-none-eabi/6.3.1/../../../../arm-none-eabi/lib/thumb/v7e-m/fpv4-sp/hard/libg_nano.a(lib_a-nano-vfprintf_i.o)
 .rodata.__strftime.str1.1
                0x00000000080055e7       0x59 /usr/local/bin/../lib/gcc/arm-none-eabi/6.3.1/../../../../arm-none-eabi/lib/thumb/v7e-m/fpv4-sp/hard/libg_nano.a(lib_a-strftime.o)
                                         0x6b (size before relaxing)
 .rodata._DAYS_BEFORE_MONTH
                0x0000000008005640       0x30 /usr/local/bin/../lib/gcc/arm-none-eabi/6.3.1/../../../../arm-none-eabi/lib/thumb/v7e-m/fpv4-sp/hard/libg_nano.a(lib_a-strptime.o)
 .rodata.strptime_l.str1.1
                0x0000000008005670       0x18 /usr/local/bin/../lib/gcc/arm-none-eabi/6.3.1/../../../../arm-none-eabi/lib/thumb/v7e-m/fpv4-sp/hard/libg_nano.a(lib_a-strptime.o)
 .rodata._C_time_locale
                0x0000000008005688       0xfc /usr/local/bin/../lib/gcc/arm-none-eabi/6.3.1/../../../../arm-none-eabi/lib/thumb/v7e-m/fpv4-sp/hard/libg_nano.a(lib_a-timelocal.o)
                0x0000000008005688                _C_time_locale
 .rodata.str1.1
                0x0000000008005784      0x119 /usr/local/bin/../lib/gcc/arm-none-eabi/6.3.1/../../../../arm-none-eabi/lib/thumb/v7e-m/fpv4-sp/hard/libg_nano.a(lib_a-timelocal.o)
                                        0x12c (size before relaxing)
 .rodata._tzset_unlocked_r.str1.1
                0x000000000800589d       0x3c /usr/local/bin/../lib/gcc/arm-none-eabi/6.3.1/../../../../arm-none-eabi/lib/thumb/v7e-m/fpv4-sp/hard/libg_nano.a(lib_a-tzset_r.o)
                                         0x4e (size before relaxing)
 .rodata.str1.1
                0x00000000080058d9        0x4 /usr/local/bin/../lib/gcc/arm-none-eabi/6.3.1/../../../../arm-none-eabi/lib/thumb/v7e-m/fpv4-sp/hard/libg_nano.a(lib_a-tzvars.o)
 *fill*         0x00000000080058d9        0x3 ff
 .rodata.__sf_fake_stderr
                0x00000000080058dc       0x20 /usr/local/bin/../lib/gcc/arm-none-eabi/6.3.1/../../../../arm-none-eabi/lib/thumb/v7e-m/fpv4-sp/hard/libg_nano.a(lib_a-findfp.o)
                0x00000000080058dc                __sf_fake_stderr
 .rodata.__sf_fake_stdin
                0x00000000080058fc       0x20 /usr/local/bin/../lib/gcc/arm-none-eabi/6.3.1/../../../../arm-none-eabi/lib/thumb/v7e-m/fpv4-sp/hard/libg_nano.a(lib_a-findfp.o)
                0x00000000080058fc                __sf_fake_stdin
 .rodata.__sf_fake_stdout
                0x000000000800591c       0x20 /usr/local/bin/../lib/gcc/arm-none-eabi/6.3.1/../../../../arm-none-eabi/lib/thumb/v7e-m/fpv4-sp/hard/libg_nano.a(lib_a-findfp.o)
                0x000000000800591c                __sf_fake_stdout
 .rodata._setlocale_r.str1.1
                0x000000000800593c        0x8 /usr/local/bin/../lib/gcc/arm-none-eabi/6.3.1/../../../../arm-none-eabi/lib/thumb/v7e-m/fpv4-sp/hard/libg_nano.a(lib_a-locale.o)
                                          0x9 (size before relaxing)
 .rodata.str1.1
                0x0000000008005944        0x2 /usr/local/bin/../lib/gcc/arm-none-eabi/6.3.1/../../../../arm-none-eabi/lib/thumb/v7e-m/fpv4-sp/hard/libg_nano.a(lib_a-locale.o)
 *fill*         0x0000000008005946        0x2 ff
 .rodata.__month_lengths
                0x0000000008005948       0x60 /usr/local/bin/../lib/gcc/arm-none-eabi/6.3.1/../../../../arm-none-eabi/lib/thumb/v7e-m/fpv4-sp/hard/libg_nano.a(lib_a-month_lengths.o)
                0x0000000008005948                __month_lengths
 .rodata._svfprintf_r.str1.1
                0x00000000080059a8       0x11 /usr/local/bin/../lib/gcc/arm-none-eabi/6.3.1/../../../../arm-none-eabi/lib/thumb/v7e-m/fpv4-sp/hard/libg_nano.a(lib_a-nano-svfprintf.o)
 .rodata._ctype_
                0x00000000080059a8      0x101 /usr/local/bin/../lib/gcc/arm-none-eabi/6.3.1/../../../../arm-none-eabi/lib/thumb/v7e-m/fpv4-sp/hard/libg_nano.a(lib_a-ctype_.o)
                0x00000000080059a8                _ctype_
 .rodata.__ssvfscanf_r.str1.1
                0x0000000008005aa9        0x4 /usr/local/bin/../lib/gcc/arm-none-eabi/6.3.1/../../../../arm-none-eabi/lib/thumb/v7e-m/fpv4-sp/hard/libg_nano.a(lib_a-nano-svfscanf.o)
 *fill*         0x0000000008005aa9        0x3 ff
 .rodata        0x0000000008005aac        0xc /usr/local/bin/../lib/gcc/arm-none-eabi/6.3.1/../../../../arm-none-eabi/lib/thumb/v7e-m/fpv4-sp/hard/libg_nano.a(lib_a-nano-vfscanf_i.o)
 .rodata._scanf_i.str1.1
                0x0000000008005ab8       0x12 /usr/local/bin/../lib/gcc/arm-none-eabi/6.3.1/../../../../arm-none-eabi/lib/thumb/v7e-m/fpv4-sp/hard/libg_nano.a(lib_a-nano-vfscanf_i.o)
 .rodata.str1.1
                0x0000000008005aca        0x9 /usr/local/bin/../lib/gcc/arm-none-eabi/6.3.1/../../../../arm-none-eabi/lib/thumb/v7e-m/fpv4-sp/hard/libg_nano.a(lib_a-nano-vfscanf_i.o)
                0x0000000008005ad3                PROVIDE (__vector_load, .)
                0x0000000008005ad3        0x4 LONG 0x8000000 LOADADDR (.vector)
                0x0000000008005ad7                PROVIDE (__vector_addr, .)
                0x0000000008005ad7        0x4 LONG 0x10000000 ADDR (.vector)
                0x0000000008005adb                PROVIDE (__vector_size, .)
                0x0000000008005adb        0x4 LONG 0x188 SIZEOF (.vector)
                0x0000000008005adf                PROVIDE (__devices_addr, .)
                0x0000000008005adf        0x4 LONG 0x8005278 ADDR (.devices)
                0x0000000008005ae3                PROVIDE (__devices_size, .)
                0x0000000008005ae3        0x4 LONG 0xc SIZEOF (.devices)
                [!provide]                        PROVIDE (__ccmram_begin, .)
                0x0000000008005ae7        0x4 LONG 0x10000000 ORIGIN (CCM)
                0x0000000008005aeb                PROVIDE (__ccmram_size, .)
                0x0000000008005aeb        0x4 LONG 0x2000 LENGTH (CCM)
                0x0000000008005aef                PROVIDE (__ccm_load, .)
                0x0000000008005aef        0x4 LONG 0x8005b6c LOADADDR (.ccm)
                0x0000000008005af3                PROVIDE (__ccm_addr, .)
                0x0000000008005af3        0x4 LONG 0x10000188 ADDR (.ccm)
                0x0000000008005af7                PROVIDE (__ccm_size, .)
                0x0000000008005af7        0x4 LONG 0x150 SIZEOF (.ccm)
                0x0000000008005afb                PROVIDE (__mem_begin, .)
                0x0000000008005afb        0x4 LONG 0x20000000 ORIGIN (IRAM)
                0x0000000008005aff                PROVIDE (__mem_size, .)
                0x0000000008005aff        0x4 LONG 0xa000 LENGTH (IRAM)
                0x0000000008005b03                PROVIDE (__data_load, .)
                0x0000000008005b03        0x4 LONG 0x8005cbc LOADADDR (.data)
                0x0000000008005b07                PROVIDE (__data_addr, .)
                0x0000000008005b07        0x4 LONG 0x20000000 ADDR (.data)
                0x0000000008005b0b                PROVIDE (__data_size, .)
                0x0000000008005b0b        0x4 LONG 0x21c SIZEOF (.data)
                0x0000000008005b0f                PROVIDE (__bss_addr, .)
                0x0000000008005b0f        0x4 LONG 0x2000021c ADDR (.bss)
                0x0000000008005b13                PROVIDE (__bss_size, .)
                0x0000000008005b13        0x4 LONG 0x1d8 SIZEOF (.bss)
                0x0000000008005b17                PROVIDE (__bss_end, .)
                0x0000000008005b17        0x4 LONG 0x200003f4 (ADDR (.bss) + SIZEOF (.bss))
                0x0000000008005b1b                PROVIDE (__mem_end, .)
                0x0000000008005b1b        0x4 LONG 0x2000a000 (ORIGIN (IRAM) + LENGTH (IRAM))

.eh_frame       0x0000000008005b20        0x0
 .eh_frame      0x0000000008005b20        0x0 /usr/local/bin/../lib/gcc/arm-none-eabi/6.3.1/thumb/v7e-m/fpv4-sp/hard/crtbegin.o

.init           0x0000000008005b20        0xc
 *(.init)
 .init          0x0000000008005b20        0x4 /usr/local/bin/../lib/gcc/arm-none-eabi/6.3.1/thumb/v7e-m/fpv4-sp/hard/crti.o
                0x0000000008005b20                _init
 .init          0x0000000008005b24        0x8 /usr/local/bin/../lib/gcc/arm-none-eabi/6.3.1/thumb/v7e-m/fpv4-sp/hard/crtn.o

.fini           0x0000000008005b2c        0xc
 *(.fini)
 .fini          0x0000000008005b2c        0x4 /usr/local/bin/../lib/gcc/arm-none-eabi/6.3.1/thumb/v7e-m/fpv4-sp/hard/crti.o
                0x0000000008005b2c                _fini
 .fini          0x0000000008005b30        0x8 /usr/local/bin/../lib/gcc/arm-none-eabi/6.3.1/thumb/v7e-m/fpv4-sp/hard/crtn.o

.ARM.extab
 *(.ARM.extab*)

.ARM.exidx      0x0000000008005b38        0x8
 *(.ARM.exidx*)
 .ARM.exidx     0x0000000008005b38        0x8 /usr/local/bin/../lib/gcc/arm-none-eabi/6.3.1/../../../../arm-none-eabi/lib/thumb/v7e-m/fpv4-sp/hard/crt0.o

.rel.dyn        0x0000000008005b40        0x0
 .rel.iplt      0x0000000008005b40        0x0 /usr/local/bin/../lib/gcc/arm-none-eabi/6.3.1/thumb/v7e-m/fpv4-sp/hard/crtbegin.o

.preinit_array  0x0000000008005b40        0x0
                0x0000000008005b40                PROVIDE (__preinit_array_start, .)
 *(.preinit_array*)
                0x0000000008005b40                PROVIDE (__preinit_array_end, .)

.init_array     0x0000000008005b40       0x28
                0x0000000008005b40                PROVIDE (__init_array_start, .)
 *(SORT(.init_array.*))
 .init_array.01000
                0x0000000008005b40        0x4 ./system/src/gpio.o
 .init_array.01000
                0x0000000008005b44        0x4 ./system/src/usart.o
 .init_array.01000
                0x0000000008005b48        0x4 ./src/board.o
 .init_array.01000
                0x0000000008005b4c        0x4 ./src/pwm.o
 .init_array.01001
                0x0000000008005b50        0x4 ./src/board.o
 *(.init_array*)
 .init_array    0x0000000008005b54        0x4 /usr/local/bin/../lib/gcc/arm-none-eabi/6.3.1/thumb/v7e-m/fpv4-sp/hard/crtbegin.o
 .init_array    0x0000000008005b58        0x4 ./system/src/device.o
 .init_array    0x0000000008005b5c        0x4 ./system/src/stdio.o
 .init_array    0x0000000008005b60        0x8 ./system/src/time.o
                0x0000000008005b68                PROVIDE (__init_array_end, .)

.fini_array     0x0000000008005b68        0x4
                [!provide]                        PROVIDE (__fini_array_start, .)
 *(SORT(.fini_array.*))
 *(.fini_array*)
 .fini_array    0x0000000008005b68        0x4 /usr/local/bin/../lib/gcc/arm-none-eabi/6.3.1/thumb/v7e-m/fpv4-sp/hard/crtbegin.o
                [!provide]                        PROVIDE (__fini_array_end, .)
                0x0000000008005b6c                . = ALIGN (0x4)

.ccm            0x0000000010000188      0x150 load address 0x0000000008005b6c
 *(.ccm*)
 .ccmcode       0x0000000010000188       0x14 ./system/src/time.o
                0x0000000010000188                SysTick_Handler
                0x0000000010000198                yield
 .ccm           0x000000001000019c        0x4 ./system/src/time.o
                0x000000001000019c                millis_counter
 .ccmcode       0x00000000100001a0       0x84 ./system/src/usart.o
                0x00000000100001f4                USART1_Handler
                0x0000000010000204                USART2_Handler
                0x0000000010000214                USART3_Handler
 *fill*         0x0000000010000224        0x4 ff
 .ccmcode.__stub
                0x0000000010000228       0x10 linker stubs
 .ccm           0x0000000010000238       0x78 ./system/src/usart.o
 .ccm           0x00000000100002b0       0x28 ./src/board.o
                0x00000000100002b0                board_id
                0x00000000100002d4                board_hash
                0x00000000100002d8                . = ALIGN (0x4)
                0x0000000010002000                PROVIDE (__stack, (ORIGIN (CCM) + LENGTH (CCM)))

.data           0x0000000020000000      0x21c load address 0x0000000008005cbc
 *(vtable)
 *(.data*)
 .data._impure_ptr
                0x0000000020000000        0x4 /usr/local/bin/../lib/gcc/arm-none-eabi/6.3.1/../../../../arm-none-eabi/lib/thumb/v7e-m/fpv4-sp/hard/libg_nano.a(lib_a-impure.o)
                0x0000000020000000                _impure_ptr
 .data.impure_data
                0x0000000020000004       0x60 /usr/local/bin/../lib/gcc/arm-none-eabi/6.3.1/../../../../arm-none-eabi/lib/thumb/v7e-m/fpv4-sp/hard/libg_nano.a(lib_a-impure.o)
 .data._tzname  0x0000000020000064        0x8 /usr/local/bin/../lib/gcc/arm-none-eabi/6.3.1/../../../../arm-none-eabi/lib/thumb/v7e-m/fpv4-sp/hard/libg_nano.a(lib_a-tzvars.o)
                0x0000000020000064                _tzname
 .data.tzinfo   0x000000002000006c       0x40 /usr/local/bin/../lib/gcc/arm-none-eabi/6.3.1/../../../../arm-none-eabi/lib/thumb/v7e-m/fpv4-sp/hard/libg_nano.a(lib_a-gettzinfo.o)
 .data.__global_locale
                0x00000000200000ac      0x16c /usr/local/bin/../lib/gcc/arm-none-eabi/6.3.1/../../../../arm-none-eabi/lib/thumb/v7e-m/fpv4-sp/hard/libg_nano.a(lib_a-locale.o)
                0x00000000200000ac                __global_locale
 .data.environ  0x0000000020000218        0x4 /usr/local/bin/../lib/gcc/arm-none-eabi/6.3.1/../../../../arm-none-eabi/lib/thumb/v7e-m/fpv4-sp/hard/libg_nano.a(lib_a-environ.o)
                0x0000000020000218                environ
                0x000000002000021c                . = ALIGN (0x4)

.jcr            0x000000002000021c        0x0 load address 0x0000000008005ed8
 .jcr           0x000000002000021c        0x0 /usr/local/bin/../lib/gcc/arm-none-eabi/6.3.1/thumb/v7e-m/fpv4-sp/hard/crtbegin.o

.igot.plt       0x000000002000021c        0x0 load address 0x0000000008005ed8
 .igot.plt      0x000000002000021c        0x0 /usr/local/bin/../lib/gcc/arm-none-eabi/6.3.1/thumb/v7e-m/fpv4-sp/hard/crtbegin.o

.bss            0x000000002000021c      0x1d8 load address 0x0000000008005ed8
                0x000000002000021c                PROVIDE (__bss_start__, .)
 *(.bss*)
 .bss           0x000000002000021c       0x1c /usr/local/bin/../lib/gcc/arm-none-eabi/6.3.1/thumb/v7e-m/fpv4-sp/hard/crtbegin.o
 .bss.files     0x0000000020000238      0x180 ./system/src/device.o
 .bss._brk      0x00000000200003b8        0x4 ./system/src/sbrk.o
 .bss.__malloc_free_list
                0x00000000200003bc        0x4 /usr/local/bin/../lib/gcc/arm-none-eabi/6.3.1/../../../../arm-none-eabi/lib/thumb/v7e-m/fpv4-sp/hard/libg_nano.a(lib_a-nano-mallocr.o)
                0x00000000200003bc                __malloc_free_list
 .bss.__malloc_sbrk_start
                0x00000000200003c0        0x4 /usr/local/bin/../lib/gcc/arm-none-eabi/6.3.1/../../../../arm-none-eabi/lib/thumb/v7e-m/fpv4-sp/hard/libg_nano.a(lib_a-nano-mallocr.o)
                0x00000000200003c0                __malloc_sbrk_start
 .bss.__tzname_dst
                0x00000000200003c4        0xb /usr/local/bin/../lib/gcc/arm-none-eabi/6.3.1/../../../../arm-none-eabi/lib/thumb/v7e-m/fpv4-sp/hard/libg_nano.a(lib_a-tzset_r.o)
 .bss.__tzname_std
                0x00000000200003cf        0xb /usr/local/bin/../lib/gcc/arm-none-eabi/6.3.1/../../../../arm-none-eabi/lib/thumb/v7e-m/fpv4-sp/hard/libg_nano.a(lib_a-tzset_r.o)
 *fill*         0x00000000200003da        0x2 
 .bss.prev_tzenv
                0x00000000200003dc        0x4 /usr/local/bin/../lib/gcc/arm-none-eabi/6.3.1/../../../../arm-none-eabi/lib/thumb/v7e-m/fpv4-sp/hard/libg_nano.a(lib_a-tzset_r.o)
 .bss._daylight
                0x00000000200003e0        0x4 /usr/local/bin/../lib/gcc/arm-none-eabi/6.3.1/../../../../arm-none-eabi/lib/thumb/v7e-m/fpv4-sp/hard/libg_nano.a(lib_a-tzvars.o)
                0x00000000200003e0                _daylight
 .bss._timezone
                0x00000000200003e4        0x4 /usr/local/bin/../lib/gcc/arm-none-eabi/6.3.1/../../../../arm-none-eabi/lib/thumb/v7e-m/fpv4-sp/hard/libg_nano.a(lib_a-tzvars.o)
                0x00000000200003e4                _timezone
 .bss.initial_env
                0x00000000200003e8        0x4 /usr/local/bin/../lib/gcc/arm-none-eabi/6.3.1/../../../../arm-none-eabi/lib/thumb/v7e-m/fpv4-sp/hard/libg_nano.a(lib_a-environ.o)
                0x00000000200003ec                . = ALIGN (0x4)
                0x00000000200003ec                PROVIDE (__bss_end__, .)
 COMMON         0x00000000200003ec        0x4 ./platform/src/system_stm32f303cx.o
                0x00000000200003ec                SystemCoreClock
 COMMON         0x00000000200003f0        0x4 /usr/local/bin/../lib/gcc/arm-none-eabi/6.3.1/../../../../arm-none-eabi/lib/thumb/v7e-m/fpv4-sp/hard/libg_nano.a(lib_a-reent.o)
                0x00000000200003f0                errno
OUTPUT(LCDClock.elf elf32-littlearm)

.ARM.attributes
                0x0000000000000000       0x30
 .ARM.attributes
                0x0000000000000000       0x22 /usr/local/bin/../lib/gcc/arm-none-eabi/6.3.1/thumb/v7e-m/fpv4-sp/hard/crti.o
 .ARM.attributes
                0x0000000000000022       0x34 /usr/local/bin/../lib/gcc/arm-none-eabi/6.3.1/thumb/v7e-m/fpv4-sp/hard/crtbegin.o
 .ARM.attributes
                0x0000000000000056       0x20 /usr/local/bin/../lib/gcc/arm-none-eabi/6.3.1/../../../../arm-none-eabi/lib/thumb/v7e-m/fpv4-sp/hard/crt0.o
 .ARM.attributes
                0x0000000000000076       0x39 ./system/src/device.o
 .ARM.attributes
                0x00000000000000af       0x39 ./system/src/gpio.o
 .ARM.attributes
                0x00000000000000e8       0x39 ./system/src/ring-buffer.o
 .ARM.attributes
                0x0000000000000121       0x39 ./system/src/sbrk.o
 .ARM.attributes
                0x000000000000015a       0x39 ./system/src/stdio.o
 .ARM.attributes
                0x0000000000000193       0x39 ./system/src/time.o
 .ARM.attributes
                0x00000000000001cc       0x39 ./system/src/usart.o
 .ARM.attributes
                0x0000000000000205       0x39 ./src/board.o
 .ARM.attributes
                0x000000000000023e       0x39 ./src/main.o
 .ARM.attributes
                0x0000000000000277       0x39 ./src/pwm.o
 .ARM.attributes
                0x00000000000002b0       0x39 ./platform/src/stm32f303xc_it.o
 .ARM.attributes
                0x00000000000002e9       0x39 ./platform/src/system_stm32f303cx.o
 .ARM.attributes
                0x0000000000000322       0x34 /usr/local/bin/../lib/gcc/arm-none-eabi/6.3.1/../../../../arm-none-eabi/lib/thumb/v7e-m/fpv4-sp/hard/libg_nano.a(lib_a-calloc.o)
 .ARM.attributes
                0x0000000000000356       0x34 /usr/local/bin/../lib/gcc/arm-none-eabi/6.3.1/../../../../arm-none-eabi/lib/thumb/v7e-m/fpv4-sp/hard/libg_nano.a(lib_a-exit.o)
 .ARM.attributes
                0x000000000000038a       0x34 /usr/local/bin/../lib/gcc/arm-none-eabi/6.3.1/../../../../arm-none-eabi/lib/thumb/v7e-m/fpv4-sp/hard/libg_nano.a(lib_a-fprintf.o)
 .ARM.attributes
                0x00000000000003be       0x34 /usr/local/bin/../lib/gcc/arm-none-eabi/6.3.1/../../../../arm-none-eabi/lib/thumb/v7e-m/fpv4-sp/hard/libg_nano.a(lib_a-fwrite.o)
 .ARM.attributes
                0x00000000000003f2       0x34 /usr/local/bin/../lib/gcc/arm-none-eabi/6.3.1/../../../../arm-none-eabi/lib/thumb/v7e-m/fpv4-sp/hard/libg_nano.a(lib_a-gmtime_r.o)
 .ARM.attributes
                0x0000000000000426       0x34 /usr/local/bin/../lib/gcc/arm-none-eabi/6.3.1/../../../../arm-none-eabi/lib/thumb/v7e-m/fpv4-sp/hard/libg_nano.a(lib_a-impure.o)
 .ARM.attributes
                0x000000000000045a       0x34 /usr/local/bin/../lib/gcc/arm-none-eabi/6.3.1/../../../../arm-none-eabi/lib/thumb/v7e-m/fpv4-sp/hard/libg_nano.a(lib_a-init.o)
 .ARM.attributes
                0x000000000000048e       0x34 /usr/local/bin/../lib/gcc/arm-none-eabi/6.3.1/../../../../arm-none-eabi/lib/thumb/v7e-m/fpv4-sp/hard/libg_nano.a(lib_a-malloc.o)
 .ARM.attributes
                0x00000000000004c2       0x34 /usr/local/bin/../lib/gcc/arm-none-eabi/6.3.1/../../../../arm-none-eabi/lib/thumb/v7e-m/fpv4-sp/hard/libg_nano.a(lib_a-memcpy-stub.o)
 .ARM.attributes
                0x00000000000004f6       0x34 /usr/local/bin/../lib/gcc/arm-none-eabi/6.3.1/../../../../arm-none-eabi/lib/thumb/v7e-m/fpv4-sp/hard/libg_nano.a(lib_a-memset.o)
 .ARM.attributes
                0x000000000000052a       0x34 /usr/local/bin/../lib/gcc/arm-none-eabi/6.3.1/../../../../arm-none-eabi/lib/thumb/v7e-m/fpv4-sp/hard/libg_nano.a(lib_a-mktime.o)
 .ARM.attributes
                0x000000000000055e       0x34 /usr/local/bin/../lib/gcc/arm-none-eabi/6.3.1/../../../../arm-none-eabi/lib/thumb/v7e-m/fpv4-sp/hard/libg_nano.a(lib_a-nano-callocr.o)
 .ARM.attributes
                0x0000000000000592       0x34 /usr/local/bin/../lib/gcc/arm-none-eabi/6.3.1/../../../../arm-none-eabi/lib/thumb/v7e-m/fpv4-sp/hard/libg_nano.a(lib_a-nano-freer.o)
 .ARM.attributes
                0x00000000000005c6       0x34 /usr/local/bin/../lib/gcc/arm-none-eabi/6.3.1/../../../../arm-none-eabi/lib/thumb/v7e-m/fpv4-sp/hard/libg_nano.a(lib_a-nano-mallocr.o)
 .ARM.attributes
                0x00000000000005fa       0x34 /usr/local/bin/../lib/gcc/arm-none-eabi/6.3.1/../../../../arm-none-eabi/lib/thumb/v7e-m/fpv4-sp/hard/libg_nano.a(lib_a-nano-vfprintf.o)
 .ARM.attributes
                0x000000000000062e       0x34 /usr/local/bin/../lib/gcc/arm-none-eabi/6.3.1/../../../../arm-none-eabi/lib/thumb/v7e-m/fpv4-sp/hard/libg_nano.a(lib_a-nano-vfprintf_i.o)
 .ARM.attributes
                0x0000000000000662       0x34 /usr/local/bin/../lib/gcc/arm-none-eabi/6.3.1/../../../../arm-none-eabi/lib/thumb/v7e-m/fpv4-sp/hard/libg_nano.a(lib_a-printf.o)
 .ARM.attributes
                0x0000000000000696       0x34 /usr/local/bin/../lib/gcc/arm-none-eabi/6.3.1/../../../../arm-none-eabi/lib/thumb/v7e-m/fpv4-sp/hard/libg_nano.a(lib_a-reent.o)
 .ARM.attributes
                0x00000000000006ca       0x34 /usr/local/bin/../lib/gcc/arm-none-eabi/6.3.1/../../../../arm-none-eabi/lib/thumb/v7e-m/fpv4-sp/hard/libg_nano.a(lib_a-sbrkr.o)
 .ARM.attributes
                0x00000000000006fe       0x34 /usr/local/bin/../lib/gcc/arm-none-eabi/6.3.1/../../../../arm-none-eabi/lib/thumb/v7e-m/fpv4-sp/hard/libg_nano.a(lib_a-setvbuf.o)
 .ARM.attributes
                0x0000000000000732       0x34 /usr/local/bin/../lib/gcc/arm-none-eabi/6.3.1/../../../../arm-none-eabi/lib/thumb/v7e-m/fpv4-sp/hard/libg_nano.a(lib_a-snprintf.o)
 .ARM.attributes
                0x0000000000000766       0x20 /usr/local/bin/../lib/gcc/arm-none-eabi/6.3.1/../../../../arm-none-eabi/lib/thumb/v7e-m/fpv4-sp/hard/libg_nano.a(lib_a-strcmp.o)
 .ARM.attributes
                0x0000000000000786       0x34 /usr/local/bin/../lib/gcc/arm-none-eabi/6.3.1/../../../../arm-none-eabi/lib/thumb/v7e-m/fpv4-sp/hard/libg_nano.a(lib_a-strftime.o)
 .ARM.attributes
                0x00000000000007ba       0x1b /usr/local/bin/../lib/gcc/arm-none-eabi/6.3.1/../../../../arm-none-eabi/lib/thumb/v7e-m/fpv4-sp/hard/libg_nano.a(lib_a-strlen.o)
 .ARM.attributes
                0x00000000000007d5       0x34 /usr/local/bin/../lib/gcc/arm-none-eabi/6.3.1/../../../../arm-none-eabi/lib/thumb/v7e-m/fpv4-sp/hard/libg_nano.a(lib_a-strptime.o)
 .ARM.attributes
                0x0000000000000809       0x34 /usr/local/bin/../lib/gcc/arm-none-eabi/6.3.1/../../../../arm-none-eabi/lib/thumb/v7e-m/fpv4-sp/hard/libg_nano.a(lib_a-strrchr.o)
 .ARM.attributes
                0x000000000000083d       0x34 /usr/local/bin/../lib/gcc/arm-none-eabi/6.3.1/../../../../arm-none-eabi/lib/thumb/v7e-m/fpv4-sp/hard/libg_nano.a(lib_a-strtol.o)
 .ARM.attributes
                0x0000000000000871       0x34 /usr/local/bin/../lib/gcc/arm-none-eabi/6.3.1/../../../../arm-none-eabi/lib/thumb/v7e-m/fpv4-sp/hard/libg_nano.a(lib_a-strtoul.o)
 .ARM.attributes
                0x00000000000008a5       0x34 /usr/local/bin/../lib/gcc/arm-none-eabi/6.3.1/../../../../arm-none-eabi/lib/thumb/v7e-m/fpv4-sp/hard/libg_nano.a(lib_a-sysclose.o)
 .ARM.attributes
                0x00000000000008d9       0x34 /usr/local/bin/../lib/gcc/arm-none-eabi/6.3.1/../../../../arm-none-eabi/lib/thumb/v7e-m/fpv4-sp/hard/libg_nano.a(lib_a-sysopen.o)
 .ARM.attributes
                0x000000000000090d       0x34 /usr/local/bin/../lib/gcc/arm-none-eabi/6.3.1/../../../../arm-none-eabi/lib/thumb/v7e-m/fpv4-sp/hard/libg_nano.a(lib_a-syssbrk.o)
 .ARM.attributes
                0x0000000000000941       0x34 /usr/local/bin/../lib/gcc/arm-none-eabi/6.3.1/../../../../arm-none-eabi/lib/thumb/v7e-m/fpv4-sp/hard/libg_nano.a(lib_a-time.o)
 .ARM.attributes
                0x0000000000000975       0x34 /usr/local/bin/../lib/gcc/arm-none-eabi/6.3.1/../../../../arm-none-eabi/lib/thumb/v7e-m/fpv4-sp/hard/libg_nano.a(lib_a-timelocal.o)
 .ARM.attributes
                0x00000000000009a9       0x34 /usr/local/bin/../lib/gcc/arm-none-eabi/6.3.1/../../../../arm-none-eabi/lib/thumb/v7e-m/fpv4-sp/hard/libg_nano.a(lib_a-tzcalc_limits.o)
 .ARM.attributes
                0x00000000000009dd       0x34 /usr/local/bin/../lib/gcc/arm-none-eabi/6.3.1/../../../../arm-none-eabi/lib/thumb/v7e-m/fpv4-sp/hard/libg_nano.a(lib_a-tzlock.o)
 .ARM.attributes
                0x0000000000000a11       0x34 /usr/local/bin/../lib/gcc/arm-none-eabi/6.3.1/../../../../arm-none-eabi/lib/thumb/v7e-m/fpv4-sp/hard/libg_nano.a(lib_a-tzset.o)
 .ARM.attributes
                0x0000000000000a45       0x34 /usr/local/bin/../lib/gcc/arm-none-eabi/6.3.1/../../../../arm-none-eabi/lib/thumb/v7e-m/fpv4-sp/hard/libg_nano.a(lib_a-tzset_r.o)
 .ARM.attributes
                0x0000000000000a79       0x34 /usr/local/bin/../lib/gcc/arm-none-eabi/6.3.1/../../../../arm-none-eabi/lib/thumb/v7e-m/fpv4-sp/hard/libg_nano.a(lib_a-tzvars.o)
 .ARM.attributes
                0x0000000000000aad       0x34 /usr/local/bin/../lib/gcc/arm-none-eabi/6.3.1/../../../../arm-none-eabi/lib/thumb/v7e-m/fpv4-sp/hard/libg_nano.a(lib_a-wbuf.o)
 .ARM.attributes
                0x0000000000000ae1       0x34 /usr/local/bin/../lib/gcc/arm-none-eabi/6.3.1/../../../../arm-none-eabi/lib/thumb/v7e-m/fpv4-sp/hard/libg_nano.a(lib_a-wsetup.o)
 .ARM.attributes
                0x0000000000000b15       0x34 /usr/local/bin/../lib/gcc/arm-none-eabi/6.3.1/../../../../arm-none-eabi/lib/thumb/v7e-m/fpv4-sp/hard/libg_nano.a(lib_a-abs.o)
 .ARM.attributes
                0x0000000000000b49       0x34 /usr/local/bin/../lib/gcc/arm-none-eabi/6.3.1/../../../../arm-none-eabi/lib/thumb/v7e-m/fpv4-sp/hard/libg_nano.a(lib_a-closer.o)
 .ARM.attributes
                0x0000000000000b7d       0x34 /usr/local/bin/../lib/gcc/arm-none-eabi/6.3.1/../../../../arm-none-eabi/lib/thumb/v7e-m/fpv4-sp/hard/libg_nano.a(lib_a-div.o)
 .ARM.attributes
                0x0000000000000bb1       0x34 /usr/local/bin/../lib/gcc/arm-none-eabi/6.3.1/../../../../arm-none-eabi/lib/thumb/v7e-m/fpv4-sp/hard/libg_nano.a(lib_a-fflush.o)
 .ARM.attributes
                0x0000000000000be5       0x34 /usr/local/bin/../lib/gcc/arm-none-eabi/6.3.1/../../../../arm-none-eabi/lib/thumb/v7e-m/fpv4-sp/hard/libg_nano.a(lib_a-findfp.o)
 .ARM.attributes
                0x0000000000000c19       0x34 /usr/local/bin/../lib/gcc/arm-none-eabi/6.3.1/../../../../arm-none-eabi/lib/thumb/v7e-m/fpv4-sp/hard/libg_nano.a(lib_a-fwalk.o)
 .ARM.attributes
                0x0000000000000c4d       0x34 /usr/local/bin/../lib/gcc/arm-none-eabi/6.3.1/../../../../arm-none-eabi/lib/thumb/v7e-m/fpv4-sp/hard/libg_nano.a(lib_a-getenv_r.o)
 .ARM.attributes
                0x0000000000000c81       0x34 /usr/local/bin/../lib/gcc/arm-none-eabi/6.3.1/../../../../arm-none-eabi/lib/thumb/v7e-m/fpv4-sp/hard/libg_nano.a(lib_a-gettimeofdayr.o)
 .ARM.attributes
                0x0000000000000cb5       0x34 /usr/local/bin/../lib/gcc/arm-none-eabi/6.3.1/../../../../arm-none-eabi/lib/thumb/v7e-m/fpv4-sp/hard/libg_nano.a(lib_a-gettzinfo.o)
 .ARM.attributes
                0x0000000000000ce9       0x34 /usr/local/bin/../lib/gcc/arm-none-eabi/6.3.1/../../../../arm-none-eabi/lib/thumb/v7e-m/fpv4-sp/hard/libg_nano.a(lib_a-labs.o)
 .ARM.attributes
                0x0000000000000d1d       0x34 /usr/local/bin/../lib/gcc/arm-none-eabi/6.3.1/../../../../arm-none-eabi/lib/thumb/v7e-m/fpv4-sp/hard/libg_nano.a(lib_a-locale.o)
 .ARM.attributes
                0x0000000000000d51       0x34 /usr/local/bin/../lib/gcc/arm-none-eabi/6.3.1/../../../../arm-none-eabi/lib/thumb/v7e-m/fpv4-sp/hard/libg_nano.a(lib_a-makebuf.o)
 .ARM.attributes
                0x0000000000000d85       0x34 /usr/local/bin/../lib/gcc/arm-none-eabi/6.3.1/../../../../arm-none-eabi/lib/thumb/v7e-m/fpv4-sp/hard/libg_nano.a(lib_a-mbtowc_r.o)
 .ARM.attributes
                0x0000000000000db9       0x20 /usr/local/bin/../lib/gcc/arm-none-eabi/6.3.1/../../../../arm-none-eabi/lib/thumb/v7e-m/fpv4-sp/hard/libg_nano.a(lib_a-memchr.o)
 .ARM.attributes
                0x0000000000000dd9       0x34 /usr/local/bin/../lib/gcc/arm-none-eabi/6.3.1/../../../../arm-none-eabi/lib/thumb/v7e-m/fpv4-sp/hard/libg_nano.a(lib_a-memmove.o)
 .ARM.attributes
                0x0000000000000e0d       0x34 /usr/local/bin/../lib/gcc/arm-none-eabi/6.3.1/../../../../arm-none-eabi/lib/thumb/v7e-m/fpv4-sp/hard/libg_nano.a(lib_a-mlock.o)
 .ARM.attributes
                0x0000000000000e41       0x34 /usr/local/bin/../lib/gcc/arm-none-eabi/6.3.1/../../../../arm-none-eabi/lib/thumb/v7e-m/fpv4-sp/hard/libg_nano.a(lib_a-month_lengths.o)
 .ARM.attributes
                0x0000000000000e75       0x34 /usr/local/bin/../lib/gcc/arm-none-eabi/6.3.1/../../../../arm-none-eabi/lib/thumb/v7e-m/fpv4-sp/hard/libg_nano.a(lib_a-nano-reallocr.o)
 .ARM.attributes
                0x0000000000000ea9       0x34 /usr/local/bin/../lib/gcc/arm-none-eabi/6.3.1/../../../../arm-none-eabi/lib/thumb/v7e-m/fpv4-sp/hard/libg_nano.a(lib_a-nano-svfprintf.o)
 .ARM.attributes
                0x0000000000000edd       0x34 /usr/local/bin/../lib/gcc/arm-none-eabi/6.3.1/../../../../arm-none-eabi/lib/thumb/v7e-m/fpv4-sp/hard/libg_nano.a(lib_a-openr.o)
 .ARM.attributes
                0x0000000000000f11       0x34 /usr/local/bin/../lib/gcc/arm-none-eabi/6.3.1/../../../../arm-none-eabi/lib/thumb/v7e-m/fpv4-sp/hard/libg_nano.a(lib_a-sscanf.o)
 .ARM.attributes
                0x0000000000000f45       0x34 /usr/local/bin/../lib/gcc/arm-none-eabi/6.3.1/../../../../arm-none-eabi/lib/thumb/v7e-m/fpv4-sp/hard/libg_nano.a(lib_a-stdio.o)
 .ARM.attributes
                0x0000000000000f79       0x34 /usr/local/bin/../lib/gcc/arm-none-eabi/6.3.1/../../../../arm-none-eabi/lib/thumb/v7e-m/fpv4-sp/hard/libg_nano.a(lib_a-strchr.o)
 .ARM.attributes
                0x0000000000000fad       0x34 /usr/local/bin/../lib/gcc/arm-none-eabi/6.3.1/../../../../arm-none-eabi/lib/thumb/v7e-m/fpv4-sp/hard/libg_nano.a(lib_a-strcpy.o)
 .ARM.attributes
                0x0000000000000fe1       0x34 /usr/local/bin/../lib/gcc/arm-none-eabi/6.3.1/../../../../arm-none-eabi/lib/thumb/v7e-m/fpv4-sp/hard/libg_nano.a(lib_a-strncasecmp_l.o)
 .ARM.attributes
                0x0000000000001015       0x34 /usr/local/bin/../lib/gcc/arm-none-eabi/6.3.1/../../../../arm-none-eabi/lib/thumb/v7e-m/fpv4-sp/hard/libg_nano.a(lib_a-strncmp.o)
 .ARM.attributes
                0x0000000000001049       0x34 /usr/local/bin/../lib/gcc/arm-none-eabi/6.3.1/../../../../arm-none-eabi/lib/thumb/v7e-m/fpv4-sp/hard/libg_nano.a(lib_a-tolower_l.o)
 .ARM.attributes
                0x000000000000107d       0x34 /usr/local/bin/../lib/gcc/arm-none-eabi/6.3.1/../../../../arm-none-eabi/lib/thumb/v7e-m/fpv4-sp/hard/libg_nano.a(lib_a-wctomb_r.o)
 .ARM.attributes
                0x00000000000010b1       0x34 /usr/local/bin/../lib/gcc/arm-none-eabi/6.3.1/../../../../arm-none-eabi/lib/thumb/v7e-m/fpv4-sp/hard/libg_nano.a(lib_a-writer.o)
 .ARM.attributes
                0x00000000000010e5       0x34 /usr/local/bin/../lib/gcc/arm-none-eabi/6.3.1/../../../../arm-none-eabi/lib/thumb/v7e-m/fpv4-sp/hard/libg_nano.a(lib_a-ctype_.o)
 .ARM.attributes
                0x0000000000001119       0x34 /usr/local/bin/../lib/gcc/arm-none-eabi/6.3.1/../../../../arm-none-eabi/lib/thumb/v7e-m/fpv4-sp/hard/libg_nano.a(lib_a-environ.o)
 .ARM.attributes
                0x000000000000114d       0x34 /usr/local/bin/../lib/gcc/arm-none-eabi/6.3.1/../../../../arm-none-eabi/lib/thumb/v7e-m/fpv4-sp/hard/libg_nano.a(lib_a-envlock.o)
 .ARM.attributes
                0x0000000000001181       0x34 /usr/local/bin/../lib/gcc/arm-none-eabi/6.3.1/../../../../arm-none-eabi/lib/thumb/v7e-m/fpv4-sp/hard/libg_nano.a(lib_a-fstatr.o)
 .ARM.attributes
                0x00000000000011b5       0x34 /usr/local/bin/../lib/gcc/arm-none-eabi/6.3.1/../../../../arm-none-eabi/lib/thumb/v7e-m/fpv4-sp/hard/libg_nano.a(lib_a-isattyr.o)
 .ARM.attributes
                0x00000000000011e9       0x34 /usr/local/bin/../lib/gcc/arm-none-eabi/6.3.1/../../../../arm-none-eabi/lib/thumb/v7e-m/fpv4-sp/hard/libg_nano.a(lib_a-lseekr.o)
 .ARM.attributes
                0x000000000000121d       0x34 /usr/local/bin/../lib/gcc/arm-none-eabi/6.3.1/../../../../arm-none-eabi/lib/thumb/v7e-m/fpv4-sp/hard/libg_nano.a(lib_a-nano-msizer.o)
 .ARM.attributes
                0x0000000000001251       0x34 /usr/local/bin/../lib/gcc/arm-none-eabi/6.3.1/../../../../arm-none-eabi/lib/thumb/v7e-m/fpv4-sp/hard/libg_nano.a(lib_a-nano-svfscanf.o)
 .ARM.attributes
                0x0000000000001285       0x34 /usr/local/bin/../lib/gcc/arm-none-eabi/6.3.1/../../../../arm-none-eabi/lib/thumb/v7e-m/fpv4-sp/hard/libg_nano.a(lib_a-nano-vfscanf_i.o)
 .ARM.attributes
                0x00000000000012b9       0x34 /usr/local/bin/../lib/gcc/arm-none-eabi/6.3.1/../../../../arm-none-eabi/lib/thumb/v7e-m/fpv4-sp/hard/libg_nano.a(lib_a-readr.o)
 .ARM.attributes
                0x00000000000012ed       0x34 /usr/local/bin/../lib/gcc/arm-none-eabi/6.3.1/../../../../arm-none-eabi/lib/thumb/v7e-m/fpv4-sp/hard/libg_nano.a(lib_a-sccl.o)
 .ARM.attributes
                0x0000000000001321       0x34 /usr/local/bin/../lib/gcc/arm-none-eabi/6.3.1/../../../../arm-none-eabi/lib/thumb/v7e-m/fpv4-sp/hard/libg_nano.a(lib_a-ungetc.o)
 .ARM.attributes
                0x0000000000001355       0x22 /usr/local/bin/../lib/gcc/arm-none-eabi/6.3.1/thumb/v7e-m/fpv4-sp/hard/crtn.o

.comment        0x0000000000000000       0x7f
 .comment       0x0000000000000000       0x7f ./system/src/device.o
                                         0x80 (size before relaxing)
 .comment       0x000000000000007f       0x80 ./system/src/gpio.o
 .comment       0x000000000000007f       0x80 ./system/src/ring-buffer.o
 .comment       0x000000000000007f       0x80 ./system/src/sbrk.o
 .comment       0x000000000000007f       0x80 ./system/src/stdio.o
 .comment       0x000000000000007f       0x80 ./system/src/time.o
 .comment       0x000000000000007f       0x80 ./system/src/usart.o
 .comment       0x000000000000007f       0x80 ./src/board.o
 .comment       0x000000000000007f       0x80 ./src/main.o
 .comment       0x000000000000007f       0x80 ./src/pwm.o
 .comment       0x000000000000007f       0x80 ./platform/src/stm32f303xc_it.o
 .comment       0x000000000000007f       0x80 ./platform/src/system_stm32f303cx.o

.debug_info     0x0000000000000000     0x9c76
 .debug_info    0x0000000000000000     0x1629 ./system/src/device.o
 .debug_info    0x0000000000001629      0x5c7 ./system/src/gpio.o
 .debug_info    0x0000000000001bf0      0xafe ./system/src/ring-buffer.o
 .debug_info    0x00000000000026ee      0x99e ./system/src/sbrk.o
 .debug_info    0x000000000000308c      0xa4b ./system/src/stdio.o
 .debug_info    0x0000000000003ad7     0x1a43 ./system/src/time.o
 .debug_info    0x000000000000551a     0x19e7 ./system/src/usart.o
 .debug_info    0x0000000000006f01      0xc0f ./src/board.o
 .debug_info    0x0000000000007b10      0xc6b ./src/main.o
 .debug_info    0x000000000000877b      0x32c ./src/pwm.o
 .debug_info    0x0000000000008aa7      0xebc ./platform/src/stm32f303xc_it.o
 .debug_info    0x0000000000009963      0x313 ./platform/src/system_stm32f303cx.o

.debug_abbrev   0x0000000000000000     0x1e06
 .debug_abbrev  0x0000000000000000      0x40a ./system/src/device.o
 .debug_abbrev  0x000000000000040a      0x1df ./system/src/gpio.o
 .debug_abbrev  0x00000000000005e9      0x251 ./system/src/ring-buffer.o
 .debug_abbrev  0x000000000000083a      0x1de ./system/src/sbrk.o
 .debug_abbrev  0x0000000000000a18      0x1f0 ./system/src/stdio.o
 .debug_abbrev  0x0000000000000c08      0x450 ./system/src/time.o
 .debug_abbrev  0x0000000000001058      0x466 ./system/src/usart.o
 .debug_abbrev  0x00000000000014be      0x267 ./src/board.o
 .debug_abbrev  0x0000000000001725      0x226 ./src/main.o
 .debug_abbrev  0x000000000000194b       0xeb ./src/pwm.o
 .debug_abbrev  0x0000000000001a36      0x29b ./platform/src/stm32f303xc_it.o
 .debug_abbrev  0x0000000000001cd1      0x135 ./platform/src/system_stm32f303cx.o

.debug_loc      0x0000000000000000     0x1fb4
 .debug_loc     0x0000000000000000      0xaac ./system/src/device.o
 .debug_loc     0x0000000000000aac      0x3fe ./system/src/gpio.o
 .debug_loc     0x0000000000000eaa      0x1ec ./system/src/ring-buffer.o
 .debug_loc     0x0000000000001096       0xb6 ./system/src/sbrk.o
 .debug_loc     0x000000000000114c       0x3f ./system/src/stdio.o
 .debug_loc     0x000000000000118b      0x876 ./system/src/time.o
 .debug_loc     0x0000000000001a01      0x4ab ./system/src/usart.o
 .debug_loc     0x0000000000001eac       0xbc ./src/board.o
 .debug_loc     0x0000000000001f68       0x13 ./platform/src/stm32f303xc_it.o
 .debug_loc     0x0000000000001f7b       0x39 ./platform/src/system_stm32f303cx.o

.debug_aranges  0x0000000000000000      0x308
 .debug_aranges
                0x0000000000000000       0x78 ./system/src/device.o
 .debug_aranges
                0x0000000000000078       0x40 ./system/src/gpio.o
 .debug_aranges
                0x00000000000000b8       0x58 ./system/src/ring-buffer.o
 .debug_aranges
                0x0000000000000110       0x20 ./system/src/sbrk.o
 .debug_aranges
                0x0000000000000130       0x20 ./system/src/stdio.o
 .debug_aranges
                0x0000000000000150       0x70 ./system/src/time.o
 .debug_aranges
                0x00000000000001c0       0x80 ./system/src/usart.o
 .debug_aranges
                0x0000000000000240       0x28 ./src/board.o
 .debug_aranges
                0x0000000000000268       0x20 ./src/main.o
 .debug_aranges
                0x0000000000000288       0x28 ./src/pwm.o
 .debug_aranges
                0x00000000000002b0       0x30 ./platform/src/stm32f303xc_it.o
 .debug_aranges
                0x00000000000002e0       0x28 ./platform/src/system_stm32f303cx.o

.debug_ranges   0x0000000000000000      0x5c8
 .debug_ranges  0x0000000000000000      0x190 ./system/src/device.o
 .debug_ranges  0x0000000000000190       0x90 ./system/src/gpio.o
 .debug_ranges  0x0000000000000220       0x48 ./system/src/ring-buffer.o
 .debug_ranges  0x0000000000000268       0x10 ./system/src/sbrk.o
 .debug_ranges  0x0000000000000278       0x10 ./system/src/stdio.o
 .debug_ranges  0x0000000000000288      0x1c8 ./system/src/time.o
 .debug_ranges  0x0000000000000450      0x100 ./system/src/usart.o
 .debug_ranges  0x0000000000000550       0x18 ./src/board.o
 .debug_ranges  0x0000000000000568       0x10 ./src/main.o
 .debug_ranges  0x0000000000000578       0x18 ./src/pwm.o
 .debug_ranges  0x0000000000000590       0x20 ./platform/src/stm32f303xc_it.o
 .debug_ranges  0x00000000000005b0       0x18 ./platform/src/system_stm32f303cx.o

.debug_macro    0x0000000000000000     0xdebf
 .debug_macro   0x0000000000000000      0x294 ./system/src/device.o
 .debug_macro   0x0000000000000294      0x8aa ./system/src/device.o
 .debug_macro   0x0000000000000b3e       0x22 ./system/src/device.o
 .debug_macro   0x0000000000000b60       0x87 ./system/src/device.o
 .debug_macro   0x0000000000000be7       0x51 ./system/src/device.o
 .debug_macro   0x0000000000000c38       0xef ./system/src/device.o
 .debug_macro   0x0000000000000d27       0x6a ./system/src/device.o
 .debug_macro   0x0000000000000d91      0x1df ./system/src/device.o
 .debug_macro   0x0000000000000f70      0x174 ./system/src/device.o
 .debug_macro   0x00000000000010e4       0x58 ./system/src/device.o
 .debug_macro   0x000000000000113c       0x35 ./system/src/device.o
 .debug_macro   0x0000000000001171       0x9c ./system/src/device.o
 .debug_macro   0x000000000000120d      0x330 ./system/src/device.o
 .debug_macro   0x000000000000153d       0x10 ./system/src/device.o
 .debug_macro   0x000000000000154d       0x58 ./system/src/device.o
 .debug_macro   0x00000000000015a5       0x1f ./system/src/device.o
 .debug_macro   0x00000000000015c4       0x43 ./system/src/device.o
 .debug_macro   0x0000000000001607       0x20 ./system/src/device.o
 .debug_macro   0x0000000000001627       0x1c ./system/src/device.o
 .debug_macro   0x0000000000001643       0x52 ./system/src/device.o
 .debug_macro   0x0000000000001695       0x40 ./system/src/device.o
 .debug_macro   0x00000000000016d5       0x10 ./system/src/device.o
 .debug_macro   0x00000000000016e5       0x40 ./system/src/device.o
 .debug_macro   0x0000000000001725       0xd7 ./system/src/device.o
 .debug_macro   0x00000000000017fc      0x187 ./system/src/device.o
 .debug_macro   0x0000000000001983       0x10 ./system/src/device.o
 .debug_macro   0x0000000000001993       0x35 ./system/src/device.o
 .debug_macro   0x00000000000019c8       0x10 ./system/src/device.o
 .debug_macro   0x00000000000019d8       0x10 ./system/src/device.o
 .debug_macro   0x00000000000019e8       0x35 ./system/src/device.o
 .debug_macro   0x0000000000001a1d      0x122 ./system/src/device.o
 .debug_macro   0x0000000000001b3f       0x10 ./system/src/device.o
 .debug_macro   0x0000000000001b4f       0x16 ./system/src/device.o
 .debug_macro   0x0000000000001b65       0x16 ./system/src/device.o
 .debug_macro   0x0000000000001b7b       0x29 ./system/src/device.o
 .debug_macro   0x0000000000001ba4       0x16 ./system/src/device.o
 .debug_macro   0x0000000000001bba       0x58 ./system/src/device.o
 .debug_macro   0x0000000000001c12       0x16 ./system/src/device.o
 .debug_macro   0x0000000000001c28      0x51a ./system/src/device.o
 .debug_macro   0x0000000000002142      0x1da ./system/src/device.o
 .debug_macro   0x000000000000231c       0x10 ./system/src/device.o
 .debug_macro   0x000000000000232c       0x10 ./system/src/device.o
 .debug_macro   0x000000000000233c      0x241 ./system/src/device.o
 .debug_macro   0x000000000000257d       0xfd ./system/src/gpio.o
 .debug_macro   0x000000000000267a       0x22 ./system/src/gpio.o
 .debug_macro   0x000000000000269c      0x118 ./system/src/gpio.o
 .debug_macro   0x00000000000027b4       0x28 ./system/src/gpio.o
 .debug_macro   0x00000000000027dc       0x28 ./system/src/gpio.o
 .debug_macro   0x0000000000002804       0x1c ./system/src/gpio.o
 .debug_macro   0x0000000000002820       0x22 ./system/src/gpio.o
 .debug_macro   0x0000000000002842       0xd3 ./system/src/gpio.o
 .debug_macro   0x0000000000002915      0xfe0 ./system/src/gpio.o
 .debug_macro   0x00000000000038f5       0xe2 ./system/src/gpio.o
 .debug_macro   0x00000000000039d7       0x10 ./system/src/gpio.o
 .debug_macro   0x00000000000039e7     0x822c ./system/src/gpio.o
 .debug_macro   0x000000000000bc13       0x43 ./system/src/gpio.o
 .debug_macro   0x000000000000bc56      0x1ae ./system/src/ring-buffer.o
 .debug_macro   0x000000000000be04      0x1e5 ./system/src/sbrk.o
 .debug_macro   0x000000000000bfe9       0x52 ./system/src/sbrk.o
 .debug_macro   0x000000000000c03b       0x8d ./system/src/sbrk.o
 .debug_macro   0x000000000000c0c8      0x10e ./system/src/sbrk.o
 .debug_macro   0x000000000000c1d6       0x8d ./system/src/sbrk.o
 .debug_macro   0x000000000000c263       0x57 ./system/src/sbrk.o
 .debug_macro   0x000000000000c2ba      0x201 ./system/src/stdio.o
 .debug_macro   0x000000000000c4bb      0x1d4 ./system/src/stdio.o
 .debug_macro   0x000000000000c68f       0x1c ./system/src/stdio.o
 .debug_macro   0x000000000000c6ab       0x10 ./system/src/stdio.o
 .debug_macro   0x000000000000c6bb       0x10 ./system/src/stdio.o
 .debug_macro   0x000000000000c6cb       0x16 ./system/src/stdio.o
 .debug_macro   0x000000000000c6e1      0x176 ./system/src/stdio.o
 .debug_macro   0x000000000000c857      0x28d ./system/src/time.o
 .debug_macro   0x000000000000cae4       0xd9 ./system/src/time.o
 .debug_macro   0x000000000000cbbd       0x16 ./system/src/time.o
 .debug_macro   0x000000000000cbd3       0x10 ./system/src/time.o
 .debug_macro   0x000000000000cbe3      0x32a ./system/src/time.o
 .debug_macro   0x000000000000cf0d       0x88 ./system/src/time.o
 .debug_macro   0x000000000000cf95      0x2e1 ./system/src/usart.o
 .debug_macro   0x000000000000d276       0x10 ./system/src/usart.o
 .debug_macro   0x000000000000d286       0x22 ./system/src/usart.o
 .debug_macro   0x000000000000d2a8      0x243 ./src/board.o
 .debug_macro   0x000000000000d4eb       0x16 ./src/board.o
 .debug_macro   0x000000000000d501      0x18b ./src/board.o
 .debug_macro   0x000000000000d68c      0x2b2 ./src/main.o
 .debug_macro   0x000000000000d93e       0x97 ./src/main.o
 .debug_macro   0x000000000000d9d5       0xfd ./src/main.o
 .debug_macro   0x000000000000dad2       0x16 ./src/main.o
 .debug_macro   0x000000000000dae8       0x10 ./src/main.o
 .debug_macro   0x000000000000daf8       0xef ./src/pwm.o
 .debug_macro   0x000000000000dbe7      0x1dd ./platform/src/stm32f303xc_it.o
 .debug_macro   0x000000000000ddc4       0x10 ./platform/src/stm32f303xc_it.o
 .debug_macro   0x000000000000ddd4       0xeb ./platform/src/system_stm32f303cx.o

.debug_line     0x0000000000000000     0x3121
 .debug_line    0x0000000000000000      0x65a ./system/src/device.o
 .debug_line    0x000000000000065a      0x372 ./system/src/gpio.o
 .debug_line    0x00000000000009cc      0x36c ./system/src/ring-buffer.o
 .debug_line    0x0000000000000d38      0x2ad ./system/src/sbrk.o
 .debug_line    0x0000000000000fe5      0x2b1 ./system/src/stdio.o
 .debug_line    0x0000000000001296      0x645 ./system/src/time.o
 .debug_line    0x00000000000018db      0x665 ./system/src/usart.o
 .debug_line    0x0000000000001f40      0x471 ./src/board.o
 .debug_line    0x00000000000023b1      0x443 ./src/main.o
 .debug_line    0x00000000000027f4      0x2c3 ./src/pwm.o
 .debug_line    0x0000000000002ab7      0x384 ./platform/src/stm32f303xc_it.o
 .debug_line    0x0000000000002e3b      0x2e6 ./platform/src/system_stm32f303cx.o

.debug_str      0x0000000000000000    0x41ab1
 .debug_str     0x0000000000000000     0x8e93 ./system/src/device.o
                                       0x9241 (size before relaxing)
 .debug_str     0x0000000000008e93    0x37428 ./system/src/gpio.o
                                      0x3bfb8 (size before relaxing)
 .debug_str     0x00000000000402bb      0x118 ./system/src/ring-buffer.o
                                       0x6fed (size before relaxing)
 .debug_str     0x00000000000403d3       0x4b ./system/src/sbrk.o
                                       0x7b09 (size before relaxing)
 .debug_str     0x000000000004041e      0x715 ./system/src/stdio.o
                                       0x84fe (size before relaxing)
 .debug_str     0x0000000000040b33      0x973 ./system/src/time.o
                                      0x3f88f (size before relaxing)
 .debug_str     0x00000000000414a6      0x247 ./system/src/usart.o
                                      0x3f386 (size before relaxing)
 .debug_str     0x00000000000416ed       0x92 ./src/board.o
                                      0x3e94c (size before relaxing)
 .debug_str     0x000000000004177f       0x81 ./src/main.o
                                      0x3f284 (size before relaxing)
 .debug_str     0x0000000000041800       0x6b ./src/pwm.o
                                      0x3b6a9 (size before relaxing)
 .debug_str     0x000000000004186b      0x1a9 ./platform/src/stm32f303xc_it.o
                                      0x3d4f2 (size before relaxing)
 .debug_str     0x0000000000041a14       0x9d ./platform/src/system_stm32f303cx.o
                                      0x3a089 (size before relaxing)

.debug_frame    0x0000000000000000     0x1afc
 .debug_frame   0x0000000000000000      0x188 ./system/src/device.o
 .debug_frame   0x0000000000000188       0x84 ./system/src/gpio.o
 .debug_frame   0x000000000000020c       0xcc ./system/src/ring-buffer.o
 .debug_frame   0x00000000000002d8       0x20 ./system/src/sbrk.o
 .debug_frame   0x00000000000002f8       0x28 ./system/src/stdio.o
 .debug_frame   0x0000000000000320      0x130 ./system/src/time.o
 .debug_frame   0x0000000000000450      0x174 ./system/src/usart.o
 .debug_frame   0x00000000000005c4       0x50 ./src/board.o
 .debug_frame   0x0000000000000614       0x28 ./src/main.o
 .debug_frame   0x000000000000063c       0x30 ./src/pwm.o
 .debug_frame   0x000000000000066c       0x48 ./platform/src/stm32f303xc_it.o
 .debug_frame   0x00000000000006b4       0x30 ./platform/src/system_stm32f303cx.o
 .debug_frame   0x00000000000006e4       0x20 /usr/local/bin/../lib/gcc/arm-none-eabi/6.3.1/../../../../arm-none-eabi/lib/thumb/v7e-m/fpv4-sp/hard/libg_nano.a(lib_a-calloc.o)
 .debug_frame   0x0000000000000704       0x28 /usr/local/bin/../lib/gcc/arm-none-eabi/6.3.1/../../../../arm-none-eabi/lib/thumb/v7e-m/fpv4-sp/hard/libg_nano.a(lib_a-exit.o)
 .debug_frame   0x000000000000072c       0x64 /usr/local/bin/../lib/gcc/arm-none-eabi/6.3.1/../../../../arm-none-eabi/lib/thumb/v7e-m/fpv4-sp/hard/libg_nano.a(lib_a-fprintf.o)
 .debug_frame   0x0000000000000790       0x4c /usr/local/bin/../lib/gcc/arm-none-eabi/6.3.1/../../../../arm-none-eabi/lib/thumb/v7e-m/fpv4-sp/hard/libg_nano.a(lib_a-fwrite.o)
 .debug_frame   0x00000000000007dc       0x30 /usr/local/bin/../lib/gcc/arm-none-eabi/6.3.1/../../../../arm-none-eabi/lib/thumb/v7e-m/fpv4-sp/hard/libg_nano.a(lib_a-gmtime_r.o)
 .debug_frame   0x000000000000080c       0x2c /usr/local/bin/../lib/gcc/arm-none-eabi/6.3.1/../../../../arm-none-eabi/lib/thumb/v7e-m/fpv4-sp/hard/libg_nano.a(lib_a-init.o)
 .debug_frame   0x0000000000000838       0x30 /usr/local/bin/../lib/gcc/arm-none-eabi/6.3.1/../../../../arm-none-eabi/lib/thumb/v7e-m/fpv4-sp/hard/libg_nano.a(lib_a-malloc.o)
 .debug_frame   0x0000000000000868       0x28 /usr/local/bin/../lib/gcc/arm-none-eabi/6.3.1/../../../../arm-none-eabi/lib/thumb/v7e-m/fpv4-sp/hard/libg_nano.a(lib_a-memcpy-stub.o)
 .debug_frame   0x0000000000000890       0x20 /usr/local/bin/../lib/gcc/arm-none-eabi/6.3.1/../../../../arm-none-eabi/lib/thumb/v7e-m/fpv4-sp/hard/libg_nano.a(lib_a-memset.o)
 .debug_frame   0x00000000000008b0       0x58 /usr/local/bin/../lib/gcc/arm-none-eabi/6.3.1/../../../../arm-none-eabi/lib/thumb/v7e-m/fpv4-sp/hard/libg_nano.a(lib_a-mktime.o)
 .debug_frame   0x0000000000000908       0x2c /usr/local/bin/../lib/gcc/arm-none-eabi/6.3.1/../../../../arm-none-eabi/lib/thumb/v7e-m/fpv4-sp/hard/libg_nano.a(lib_a-nano-callocr.o)