Archive member included to satisfy reference by file (symbol)

/usr/local/bin/../lib/gcc/arm-none-eabi/6.3.1/../../../../arm-none-eabi/lib/thumb/v7e-m/fpv4-sp/hard/libg_nano.a(lib_a-calloc.o)
                              ./system/src/ring-buffer.o (calloc)
/usr/local/bin/../lib/gcc/arm-none-eabi/6.3.1/../../../../arm-none-eabi/lib/thumb/v7e-m/fpv4-sp/hard/libg_nano.a(lib_a-clock.o)
                              ./src/main.o (clock)
/usr/local/bin/../lib/gcc/arm-none-eabi/6.3.1/../../../../arm-none-eabi/lib/thumb/v7e-m/fpv4-sp/hard/libg_nano.a(lib_a-exit.o)
                              /usr/local/bin/../lib/gcc/arm-none-eabi/6.3.1/../../../../arm-none-eabi/lib/thumb/v7e-m/fpv4-sp/hard/crt0.o (exit)
/usr/local/bin/../lib/gcc/arm-none-eabi/6.3.1/../../../../arm-none-eabi/lib/thumb/v7e-m/fpv4-sp/hard/libg_nano.a(lib_a-fdopen.o)
                              ./src/main.o (fdopen)
/usr/local/bin/../lib/gcc/arm-none-eabi/6.3.1/../../../../arm-none-eabi/lib/thumb/v7e-m/fpv4-sp/hard/libg_nano.a(lib_a-findfp.o)
                              /usr/local/bin/../lib/gcc/arm-none-eabi/6.3.1/../../../../arm-none-eabi/lib/thumb/v7e-m/fpv4-sp/hard/libg_nano.a(lib_a-fdopen.o) (__sfp)
/usr/local/bin/../lib/gcc/arm-none-eabi/6.3.1/../../../../arm-none-eabi/lib/thumb/v7e-m/fpv4-sp/hard/libg_nano.a(lib_a-flags.o)
                              /usr/local/bin/../lib/gcc/arm-none-eabi/6.3.1/../../../../arm-none-eabi/lib/thumb/v7e-m/fpv4-sp/hard/libg_nano.a(lib_a-fdopen.o) (__sflags)
/usr/local/bin/../lib/gcc/arm-none-eabi/6.3.1/../../../../arm-none-eabi/lib/thumb/v7e-m/fpv4-sp/hard/libg_nano.a(lib_a-fprintf.o)
                              ./src/main.o (fprintf)
/usr/local/bin/../lib/gcc/arm-none-eabi/6.3.1/../../../../arm-none-eabi/lib/thumb/v7e-m/fpv4-sp/hard/libg_nano.a(lib_a-fwalk.o)
                              /usr/local/bin/../lib/gcc/arm-none-eabi/6.3.1/../../../../arm-none-eabi/lib/thumb/v7e-m/fpv4-sp/hard/libg_nano.a(lib_a-findfp.o) (_fwalk)
/usr/local/bin/../lib/gcc/arm-none-eabi/6.3.1/../../../../arm-none-eabi/lib/thumb/v7e-m/fpv4-sp/hard/libg_nano.a(lib_a-fwrite.o)
                              ./src/main.o (fwrite)
/usr/local/bin/../lib/gcc/arm-none-eabi/6.3.1/../../../../arm-none-eabi/lib/thumb/v7e-m/fpv4-sp/hard/libg_nano.a(lib_a-gmtime_r.o)
                              ./system/src/time.o (gmtime_r)
/usr/local/bin/../lib/gcc/arm-none-eabi/6.3.1/../../../../arm-none-eabi/lib/thumb/v7e-m/fpv4-sp/hard/libg_nano.a(lib_a-impure.o)
                              /usr/local/bin/../lib/gcc/arm-none-eabi/6.3.1/../../../../arm-none-eabi/lib/thumb/v7e-m/fpv4-sp/hard/libg_nano.a(lib_a-exit.o) (_global_impure_ptr)
/usr/local/bin/../lib/gcc/arm-none-eabi/6.3.1/../../../../arm-none-eabi/lib/thumb/v7e-m/fpv4-sp/hard/libg_nano.a(lib_a-init.o)
                              /usr/local/bin/../lib/gcc/arm-none-eabi/6.3.1/../../../../arm-none-eabi/lib/thumb/v7e-m/fpv4-sp/hard/crt0.o (__libc_init_array)
/usr/local/bin/../lib/gcc/arm-none-eabi/6.3.1/../../../../arm-none-eabi/lib/thumb/v7e-m/fpv4-sp/hard/libg_nano.a(lib_a-lcltime_r.o)
                              ./src/main.o (localtime_r)
/usr/local/bin/../lib/gcc/arm-none-eabi/6.3.1/../../../../arm-none-eabi/lib/thumb/v7e-m/fpv4-sp/hard/libg_nano.a(lib_a-malloc.o)
                              ./system/src/ring-buffer.o (free)
/usr/local/bin/../lib/gcc/arm-none-eabi/6.3.1/../../../../arm-none-eabi/lib/thumb/v7e-m/fpv4-sp/hard/libg_nano.a(lib_a-memcpy-stub.o)
                              ./platform/src/stm32f303xc_it.o (memcpy)
/usr/local/bin/../lib/gcc/arm-none-eabi/6.3.1/../../../../arm-none-eabi/lib/thumb/v7e-m/fpv4-sp/hard/libg_nano.a(lib_a-memset.o)
                              /usr/local/bin/../lib/gcc/arm-none-eabi/6.3.1/../../../../arm-none-eabi/lib/thumb/v7e-m/fpv4-sp/hard/crt0.o (memset)
/usr/local/bin/../lib/gcc/arm-none-eabi/6.3.1/../../../../arm-none-eabi/lib/thumb/v7e-m/fpv4-sp/hard/libg_nano.a(lib_a-mktime.o)
                              ./system/src/time.o (mktime)
/usr/local/bin/../lib/gcc/arm-none-eabi/6.3.1/../../../../arm-none-eabi/lib/thumb/v7e-m/fpv4-sp/hard/libg_nano.a(lib_a-month_lengths.o)
                              /usr/local/bin/../lib/gcc/arm-none-eabi/6.3.1/../../../../arm-none-eabi/lib/thumb/v7e-m/fpv4-sp/hard/libg_nano.a(lib_a-lcltime_r.o) (__month_lengths)
/usr/local/bin/../lib/gcc/arm-none-eabi/6.3.1/../../../../arm-none-eabi/lib/thumb/v7e-m/fpv4-sp/hard/libg_nano.a(lib_a-nano-callocr.o)
                              /usr/local/bin/../lib/gcc/arm-none-eabi/6.3.1/../../../../arm-none-eabi/lib/thumb/v7e-m/fpv4-sp/hard/libg_nano.a(lib_a-calloc.o) (_calloc_r)
/usr/local/bin/../lib/gcc/arm-none-eabi/6.3.1/../../../../arm-none-eabi/lib/thumb/v7e-m/fpv4-sp/hard/libg_nano.a(lib_a-nano-freer.o)
                              /usr/local/bin/../lib/gcc/arm-none-eabi/6.3.1/../../../../arm-none-eabi/lib/thumb/v7e-m/fpv4-sp/hard/libg_nano.a(lib_a-malloc.o) (_free_r)
[...]
Memory Configuration

Name             Origin             Length             Attributes
IROM             0x0000000008000000 0x0000000000040000 xr
IRAM             0x0000000020000000 0x000000000000a000 rw
CCM              0x0000000010000000 0x0000000000002000 xrw
*default*        0x0000000000000000 0xffffffffffffffff

Linker script and memory map

LOAD /usr/local/bin/../lib/gcc/arm-none-eabi/6.3.1/thumb/v7e-m/fpv4-sp/hard/crti.o
LOAD /usr/local/bin/../lib/gcc/arm-none-eabi/6.3.1/thumb/v7e-m/fpv4-sp/hard/crtbegin.o
LOAD /usr/local/bin/../lib/gcc/arm-none-eabi/6.3.1/../../../../arm-none-eabi/lib/thumb/v7e-m/fpv4-sp/hard/crt0.o
LOAD ./system/src/device.o
LOAD ./system/src/gpio.o
LOAD ./system/src/ring-buffer.o
LOAD ./system/src/sbrk.o
LOAD ./system/src/stdio.o
LOAD ./system/src/time.o
LOAD ./system/src/usart.o
LOAD ./src/board.o
LOAD ./src/lcd.o
LOAD ./src/main.o
LOAD ./src/pwm.o
LOAD ./platform/src/stm32f303xc_it.o
LOAD ./platform/src/system_stm32f303cx.o
LOAD /Users/technix/Developer/Eclipse/default/LCDClock/cmsis/lib/libarm_cortexM4lf_math.a
LOAD /usr/local/bin/../lib/gcc/arm-none-eabi/6.3.1/../../../../arm-none-eabi/lib/thumb/v7e-m/fpv4-sp/hard/libstdc++_nano.a
LOAD /usr/local/bin/../lib/gcc/arm-none-eabi/6.3.1/../../../../arm-none-eabi/lib/thumb/v7e-m/fpv4-sp/hard/libm.a
START GROUP
LOAD /usr/local/bin/../lib/gcc/arm-none-eabi/6.3.1/thumb/v7e-m/fpv4-sp/hard/libgcc.a
LOAD /usr/local/bin/../lib/gcc/arm-none-eabi/6.3.1/../../../../arm-none-eabi/lib/thumb/v7e-m/fpv4-sp/hard/libg_nano.a
LOAD /usr/local/bin/../lib/gcc/arm-none-eabi/6.3.1/../../../../arm-none-eabi/lib/thumb/v7e-m/fpv4-sp/hard/libc_nano.a
END GROUP
START GROUP
LOAD /usr/local/bin/../lib/gcc/arm-none-eabi/6.3.1/thumb/v7e-m/fpv4-sp/hard/libgcc.a
LOAD /usr/local/bin/../lib/gcc/arm-none-eabi/6.3.1/../../../../arm-none-eabi/lib/thumb/v7e-m/fpv4-sp/hard/libc_nano.a
END GROUP
LOAD /usr/local/bin/../lib/gcc/arm-none-eabi/6.3.1/thumb/v7e-m/fpv4-sp/hard/crtend.o
LOAD /usr/local/bin/../lib/gcc/arm-none-eabi/6.3.1/thumb/v7e-m/fpv4-sp/hard/crtn.o
                0x0000000008000000                . = ORIGIN (IROM)

.vector         0x0000000010000000      0x188 load address 0x0000000008000000
                0x0000000010000000                PROVIDE (__vector_start, .)
 *(.vector)
 .vector        0x0000000010000000      0x188 ./platform/src/stm32f303xc_it.o
                0x0000000010000000                isr_vector
                0x0000000000000001                ASSERT ((. != __vector_start), The interrupt vector is missing.)
                0x0000000010000188                . = ALIGN (0x4)

.text           0x0000000008000190     0x5ac0
 *(.text*)
 .text          0x0000000008000190       0x6c /usr/local/bin/../lib/gcc/arm-none-eabi/6.3.1/thumb/v7e-m/fpv4-sp/hard/crtbegin.o
 .text          0x00000000080001fc       0x74 /usr/local/bin/../lib/gcc/arm-none-eabi/6.3.1/../../../../arm-none-eabi/lib/thumb/v7e-m/fpv4-sp/hard/crt0.o
                0x00000000080001fc                _mainCRTStartup
                0x00000000080001fc                _start
 .text.devices_init
                0x0000000008000270       0x3c ./system/src/device.o
                0x0000000008000270                devices_init
 .text._open    0x00000000080002ac      0x110 ./system/src/device.o
                0x00000000080002ac                _open
 .text._close   0x00000000080003bc       0x78 ./system/src/device.o
                0x00000000080003bc                _close
 .text._read    0x0000000008000434       0x6c ./system/src/device.o
                0x0000000008000434                _read
 .text._write   0x00000000080004a0       0x6c ./system/src/device.o
                0x00000000080004a0                _write
 .text.ioctl    0x000000000800050c       0x74 ./system/src/device.o
                0x000000000800050c                ioctl
 .text.dup2     0x0000000008000580       0x84 ./system/src/device.o
                0x0000000008000580                dup2
 .text._fstat   0x0000000008000604       0x58 ./system/src/device.o
                0x0000000008000604                _fstat
 .text._lseek   0x000000000800065c       0x58 ./system/src/device.o
                0x000000000800065c                _lseek
 .text._isatty  0x00000000080006b4       0x58 ./system/src/device.o
                0x00000000080006b4                _isatty
 .text.GPIO_Initialize
                0x000000000800070c       0x10 ./system/src/gpio.o
                0x000000000800070c                GPIO_Initialize
 .text.pinMode  0x000000000800071c       0xc0 ./system/src/gpio.o
                0x000000000800071c                pinMode
 .text.digitalWrite
                0x00000000080007dc       0x38 ./system/src/gpio.o
                0x00000000080007dc                digitalWrite
 .text.digitalRead
                0x0000000008000814       0x2c ./system/src/gpio.o
                0x0000000008000814                digitalRead
 .text.ring_buffer_init
                0x0000000008000840       0x26 ./system/src/ring-buffer.o
                0x0000000008000840                ring_buffer_init
 .text.ring_buffer_dealloc
                0x0000000008000866       0x16 ./system/src/ring-buffer.o
                0x0000000008000866                ring_buffer_dealloc
 .text.ring_buffer_putchar
                0x000000000800087c       0x3e ./system/src/ring-buffer.o
                0x000000000800087c                ring_buffer_putchar
 .text.ring_buffer_getchar
                0x00000000080008ba       0x32 ./system/src/ring-buffer.o
                0x00000000080008ba                ring_buffer_getchar
 .text.ring_buffer_getlength
                0x00000000080008ec       0x1e ./system/src/ring-buffer.o
                0x00000000080008ec                ring_buffer_getlength
 .text.ring_buffer_getspace
                0x000000000800090a        0xe ./system/src/ring-buffer.o
                0x000000000800090a                ring_buffer_getspace
 .text._sbrk    0x0000000008000918       0x40 ./system/src/sbrk.o
                0x0000000008000918                _sbrk
 .text.stdio_init
                0x0000000008000958       0x78 ./system/src/stdio.o
                0x0000000008000958                stdio_init
 .text.systick_init
                0x00000000080009d0       0x3c ./system/src/time.o
                0x00000000080009d0                systick_init
 .text.millis   0x0000000008000a0c        0xc ./system/src/time.o
                0x0000000008000a0c                millis
 .text.usleep   0x0000000008000a18       0x74 ./system/src/time.o
                0x0000000008000a18                usleep
 .text._times   0x0000000008000a8c       0x28 ./system/src/time.o
                0x0000000008000a8c                _times
 .text._gettimeofday
                0x0000000008000ab4      0x18c ./system/src/time.o
                0x0000000008000ab4                _gettimeofday
 .text.settimeofday
                0x0000000008000c40      0x1f0 ./system/src/time.o
                0x0000000008000c40                settimeofday
 .text.rtc_init
                0x0000000008000e30       0x74 ./system/src/time.o
                0x0000000008000e30                rtc_init
 .text.usart_poll
                0x0000000008000ea4        0x6 ./system/src/usart.o
 .text.usart_fstat
                0x0000000008000eaa       0x2a ./system/src/usart.o
 .text.usart_isatty
                0x0000000008000ed4        0x4 ./system/src/usart.o
 .text.usart_ioctl
                0x0000000008000ed8       0xac ./system/src/usart.o
 .text.usart_write
                0x0000000008000f84       0x4e ./system/src/usart.o
 *fill*         0x0000000008000fd2        0x2 
 .text.usart_read
                0x0000000008000fd4       0x50 ./system/src/usart.o
 .text.usart_open
                0x0000000008001024       0xdc ./system/src/usart.o
 .text.usart_close
                0x0000000008001100       0x88 ./system/src/usart.o
 .text.usart_init
                0x0000000008001188       0x2c ./system/src/usart.o
                0x0000000008001188                usart_init
 .text.board_init
                0x00000000080011b4       0x28 ./src/board.o
                0x00000000080011b4                board_init
 .text.board_id_init
                0x00000000080011dc       0xf4 ./src/board.o
                0x00000000080011dc                board_id_init
 .text.lcd_fstat
                0x00000000080012d0       0x2a ./src/lcd.o
 .text.lcd_isatty
                0x00000000080012fa        0x4 ./src/lcd.o
 .text.lcd_write_value
                0x00000000080012fe       0x5a ./src/lcd.o
 .text.lcd_lseek
                0x0000000008001358       0x78 ./src/lcd.o
 .text.lcd_write
                0x00000000080013d0       0x40 ./src/lcd.o
 .text.lcd_close
                0x0000000008001410       0x18 ./src/lcd.o
 .text.lcd_read_value
                0x0000000008001428       0x62 ./src/lcd.o
 *fill*         0x000000000800148a        0x2 
 .text.lcd_read
                0x000000000800148c       0x40 ./src/lcd.o
 .text.lcd_open
                0x00000000080014cc       0x66 ./src/lcd.o
 *fill*         0x0000000008001532        0x2 
 .text.lcd_ioctl
                0x0000000008001534      0x214 ./src/lcd.o
 .text.lcd_location
                0x0000000008001748       0x12 ./src/lcd.o
                0x0000000008001748                lcd_location
 *fill*         0x000000000800175a        0x2 
 .text.main     0x000000000800175c      0x1f4 ./src/main.o
                0x000000000800175c                main
 .text.pwm_init
                0x0000000008001950       0x40 ./src/pwm.o
                0x0000000008001950                pwm_init
 .text.analogWrite
                0x0000000008001990        0xc ./src/pwm.o
                0x0000000008001990                analogWrite
 .text._exit    0x000000000800199c       0x24 ./platform/src/stm32f303xc_it.o
                0x000000000800199c                _exit
 .text.Reset_Handler
                0x00000000080019c0       0xac ./platform/src/stm32f303xc_it.o
                0x00000000080019c0                Reset_Handler
 .text.Default_Handler
                0x0000000008001a6c       0x2c ./platform/src/stm32f303xc_it.o
                0x0000000008001a6c                DebugMonitor_Handler
                0x0000000008001a6c                FLASH_Handler
                0x0000000008001a6c                SVCall_Handler
                0x0000000008001a6c                HardFault_Handler
                0x0000000008001a6c                TIM1_BRK_TIM15_Handler
                0x0000000008001a6c                DMA1_Channel7_Handler
                0x0000000008001a6c                COMP4_5_6_Handler
                0x0000000008001a6c                PendSV_Handler
                0x0000000008001a6c                USB_HP_Handler
                0x0000000008001a6c                DMA1_Channel6_Handler
                0x0000000008001a6c                DMA2_Channel5_Handler
                0x0000000008001a6c                TIM6_DAC_Handler
                0x0000000008001a6c                EXTI15_10_Handler
                0x0000000008001a6c                NonMaskableInt_Handler
                0x0000000008001a6c                DMA2_Channel1_Handler
                0x0000000008001a6c                I2C1_EV_Handler
                0x0000000008001a6c                ADC1_2_Handler
                0x0000000008001a6c                TAMP_STAMP_Handler
                0x0000000008001a6c                WWDG_Handler
                0x0000000008001a6c                EXTI4_Handler
                0x0000000008001a6c                DMA2_Channel4_Handler
                0x0000000008001a6c                DMA1_Channel1_Handler
                0x0000000008001a6c                I2C1_ER_Handler
                0x0000000008001a6c                UsageFault_Handler
                0x0000000008001a6c                TIM1_CC_Handler
                0x0000000008001a6c                I2C2_ER_Handler
                0x0000000008001a6c                TIM8_CC_Handler
                0x0000000008001a6c                TIM8_BRK_Handler
                0x0000000008001a6c                USB_HP_CAN_TX_Handler
                0x0000000008001a6c                CAN_RX1_Handler
                0x0000000008001a6c                EXTI1_Handler
                0x0000000008001a6c                TIM8_TRG_COM_Handler
                0x0000000008001a6c                EXTI3_Handler
                0x0000000008001a6c                USB_LP_CAN_RX0_Handler
                0x0000000008001a6c                UART4_Handler
                0x0000000008001a6c                TIM1_TRG_COM_TIM17_Handler
                0x0000000008001a6c                EXTI9_5_Handler
                0x0000000008001a6c                COMP7_Handler
                0x0000000008001a6c                TIM2_Handler
                0x0000000008001a6c                DMA1_Channel4_Handler
                0x0000000008001a6c                TIM3_Handler
                0x0000000008001a6c                CAN_SCE_Handler
                0x0000000008001a6c                Default_Handler
                0x0000000008001a6c                USBWakeUp_Handler
                0x0000000008001a6c                DMA1_Channel3_Handler
                0x0000000008001a6c                USBWakeUp_RMP_Handler
                0x0000000008001a6c                RTC_Alarm_Handler
                0x0000000008001a6c                TIM4_Handler
                0x0000000008001a6c                EXTI2_TSC_Handler
                0x0000000008001a6c                SPI2_Handler
                0x0000000008001a6c                COMP1_2_3_Handler
                0x0000000008001a6c                DMA1_Channel2_Handler
                0x0000000008001a6c                EXTI0_Handler
                0x0000000008001a6c                TIM8_UP_Handler
                0x0000000008001a6c                DMA1_Channel5_Handler
                0x0000000008001a6c                SPI1_Handler
                0x0000000008001a6c                ADC3_Handler
                0x0000000008001a6c                I2C2_EV_Handler
                0x0000000008001a6c                SPI3_Handler
                0x0000000008001a6c                DMA2_Channel3_Handler
                0x0000000008001a6c                RCC_Handler
                0x0000000008001a6c                PVD_Handler
                0x0000000008001a6c                UART5_Handler
                0x0000000008001a6c                DMA2_Channel2_Handler
                0x0000000008001a6c                TIM7_Handler
                0x0000000008001a6c                TIM1_UP_TIM16_Handler
                0x0000000008001a6c                USB_LP_Handler
                0x0000000008001a6c                FPU_Handler
                0x0000000008001a6c                ADC4_Handler
                0x0000000008001a6c                BusFault_Handler
                0x0000000008001a6c                MemoryManagement_Handler
                0x0000000008001a6c                RTC_WKUP_Handler
 .text.SystemInit
                0x0000000008001a98       0xc8 ./platform/src/system_stm32f303cx.o
                0x0000000008001a98                SystemInit
 .text.SystemCoreClockUpdate
                0x0000000008001b60       0x94 ./platform/src/system_stm32f303cx.o
                0x0000000008001b60                SystemCoreClockUpdate
 .text.calloc   0x0000000008001bf4       0x10 /usr/local/bin/../lib/gcc/arm-none-eabi/6.3.1/../../../../arm-none-eabi/lib/thumb/v7e-m/fpv4-sp/hard/libg_nano.a(lib_a-calloc.o)
                0x0000000008001bf4                calloc
 .text.clock    0x0000000008001c04       0x28 /usr/local/bin/../lib/gcc/arm-none-eabi/6.3.1/../../../../arm-none-eabi/lib/thumb/v7e-m/fpv4-sp/hard/libg_nano.a(lib_a-clock.o)
                0x0000000008001c04                clock
 .text.exit     0x0000000008001c2c       0x28 /usr/local/bin/../lib/gcc/arm-none-eabi/6.3.1/../../../../arm-none-eabi/lib/thumb/v7e-m/fpv4-sp/hard/libg_nano.a(lib_a-exit.o)
                0x0000000008001c2c                exit
 .text._fdopen_r
                0x0000000008001c54       0x48 /usr/local/bin/../lib/gcc/arm-none-eabi/6.3.1/../../../../arm-none-eabi/lib/thumb/v7e-m/fpv4-sp/hard/libg_nano.a(lib_a-fdopen.o)
                0x0000000008001c54                _fdopen_r
 .text.fdopen   0x0000000008001c9c       0x10 /usr/local/bin/../lib/gcc/arm-none-eabi/6.3.1/../../../../arm-none-eabi/lib/thumb/v7e-m/fpv4-sp/hard/libg_nano.a(lib_a-fdopen.o)
                0x0000000008001c9c                fdopen
 .text._cleanup_r
                0x0000000008001cac        0xc /usr/local/bin/../lib/gcc/arm-none-eabi/6.3.1/../../../../arm-none-eabi/lib/thumb/v7e-m/fpv4-sp/hard/libg_nano.a(lib_a-findfp.o)
                0x0000000008001cac                _cleanup_r
 .text.std.isra.0
                0x0000000008001cb8       0x48 /usr/local/bin/../lib/gcc/arm-none-eabi/6.3.1/../../../../arm-none-eabi/lib/thumb/v7e-m/fpv4-sp/hard/libg_nano.a(lib_a-findfp.o)
 .text.__sfmoreglue
                0x0000000008001d00       0x2c /usr/local/bin/../lib/gcc/arm-none-eabi/6.3.1/../../../../arm-none-eabi/lib/thumb/v7e-m/fpv4-sp/hard/libg_nano.a(lib_a-findfp.o)
                0x0000000008001d00                __sfmoreglue
 .text.__sinit  0x0000000008001d2c       0x60 /usr/local/bin/../lib/gcc/arm-none-eabi/6.3.1/../../../../arm-none-eabi/lib/thumb/v7e-m/fpv4-sp/hard/libg_nano.a(lib_a-findfp.o)
                0x0000000008001d2c                __sinit
 .text.__sfp    0x0000000008001d8c       0x78 /usr/local/bin/../lib/gcc/arm-none-eabi/6.3.1/../../../../arm-none-eabi/lib/thumb/v7e-m/fpv4-sp/hard/libg_nano.a(lib_a-findfp.o)
                0x0000000008001d8c                __sfp
 .text.__sflags
                0x0000000008001e04       0x6a /usr/local/bin/../lib/gcc/arm-none-eabi/6.3.1/../../../../arm-none-eabi/lib/thumb/v7e-m/fpv4-sp/hard/libg_nano.a(lib_a-flags.o)
                0x0000000008001e04                __sflags
 *fill*         0x0000000008001e6e        0x2 
 .text.fprintf  0x0000000008001e70       0x24 /usr/local/bin/../lib/gcc/arm-none-eabi/6.3.1/../../../../arm-none-eabi/lib/thumb/v7e-m/fpv4-sp/hard/libg_nano.a(lib_a-fprintf.o)
                0x0000000008001e70                fprintf
                0x0000000008001e70                fiprintf
 .text._fwalk_reent
                0x0000000008001e94       0x3c /usr/local/bin/../lib/gcc/arm-none-eabi/6.3.1/../../../../arm-none-eabi/lib/thumb/v7e-m/fpv4-sp/hard/libg_nano.a(lib_a-fwalk.o)
                0x0000000008001e94                _fwalk_reent
 .text._fwrite_r
                0x0000000008001ed0       0x9c /usr/local/bin/../lib/gcc/arm-none-eabi/6.3.1/../../../../arm-none-eabi/lib/thumb/v7e-m/fpv4-sp/hard/libg_nano.a(lib_a-fwrite.o)
                0x0000000008001ed0                _fwrite_r
 .text.fwrite   0x0000000008001f6c       0x1c /usr/local/bin/../lib/gcc/arm-none-eabi/6.3.1/../../../../arm-none-eabi/lib/thumb/v7e-m/fpv4-sp/hard/libg_nano.a(lib_a-fwrite.o)
                0x0000000008001f6c                fwrite
 .text.gmtime_r
                0x0000000008001f88      0x134 /usr/local/bin/../lib/gcc/arm-none-eabi/6.3.1/../../../../arm-none-eabi/lib/thumb/v7e-m/fpv4-sp/hard/libg_nano.a(lib_a-gmtime_r.o)
                0x0000000008001f88                gmtime_r
 .text.__libc_init_array
                0x00000000080020bc       0x48 /usr/local/bin/../lib/gcc/arm-none-eabi/6.3.1/../../../../arm-none-eabi/lib/thumb/v7e-m/fpv4-sp/hard/libg_nano.a(lib_a-init.o)
                0x00000000080020bc                __libc_init_array
 .text.localtime_r
                0x0000000008002104      0x1c8 /usr/local/bin/../lib/gcc/arm-none-eabi/6.3.1/../../../../arm-none-eabi/lib/thumb/v7e-m/fpv4-sp/hard/libg_nano.a(lib_a-lcltime_r.o)
                0x0000000008002104                localtime_r
 .text.malloc   0x00000000080022cc       0x10 /usr/local/bin/../lib/gcc/arm-none-eabi/6.3.1/../../../../arm-none-eabi/lib/thumb/v7e-m/fpv4-sp/hard/libg_nano.a(lib_a-malloc.o)
                0x00000000080022cc                malloc
 .text.free     0x00000000080022dc       0x10 /usr/local/bin/../lib/gcc/arm-none-eabi/6.3.1/../../../../arm-none-eabi/lib/thumb/v7e-m/fpv4-sp/hard/libg_nano.a(lib_a-malloc.o)
                0x00000000080022dc                free
 .text.memcpy   0x00000000080022ec       0x16 /usr/local/bin/../lib/gcc/arm-none-eabi/6.3.1/../../../../arm-none-eabi/lib/thumb/v7e-m/fpv4-sp/hard/libg_nano.a(lib_a-memcpy-stub.o)
                0x00000000080022ec                memcpy
 .text.memset   0x0000000008002302       0x10 /usr/local/bin/../lib/gcc/arm-none-eabi/6.3.1/../../../../arm-none-eabi/lib/thumb/v7e-m/fpv4-sp/hard/libg_nano.a(lib_a-memset.o)
                0x0000000008002302                memset
 *fill*         0x0000000008002312        0x2 
 .text.validate_structure
                0x0000000008002314      0x1c0 /usr/local/bin/../lib/gcc/arm-none-eabi/6.3.1/../../../../arm-none-eabi/lib/thumb/v7e-m/fpv4-sp/hard/libg_nano.a(lib_a-mktime.o)
 .text.mktime   0x00000000080024d4      0x2f8 /usr/local/bin/../lib/gcc/arm-none-eabi/6.3.1/../../../../arm-none-eabi/lib/thumb/v7e-m/fpv4-sp/hard/libg_nano.a(lib_a-mktime.o)
                0x00000000080024d4                mktime
 .text._calloc_r
                0x00000000080027cc       0x1c /usr/local/bin/../lib/gcc/arm-none-eabi/6.3.1/../../../../arm-none-eabi/lib/thumb/v7e-m/fpv4-sp/hard/libg_nano.a(lib_a-nano-callocr.o)
                0x00000000080027cc                _calloc_r
 .text._free_r  0x00000000080027e8       0x9c /usr/local/bin/../lib/gcc/arm-none-eabi/6.3.1/../../../../arm-none-eabi/lib/thumb/v7e-m/fpv4-sp/hard/libg_nano.a(lib_a-nano-freer.o)
                0x00000000080027e8                _free_r
 .text._malloc_r
                0x0000000008002884       0xbc /usr/local/bin/../lib/gcc/arm-none-eabi/6.3.1/../../../../arm-none-eabi/lib/thumb/v7e-m/fpv4-sp/hard/libg_nano.a(lib_a-nano-mallocr.o)
                0x0000000008002884                _malloc_r
 .text.__sfputc_r
                0x0000000008002940       0x30 /usr/local/bin/../lib/gcc/arm-none-eabi/6.3.1/../../../../arm-none-eabi/lib/thumb/v7e-m/fpv4-sp/hard/libg_nano.a(lib_a-nano-vfprintf.o)
 .text.__sfputs_r
                0x0000000008002970       0x24 /usr/local/bin/../lib/gcc/arm-none-eabi/6.3.1/../../../../arm-none-eabi/lib/thumb/v7e-m/fpv4-sp/hard/libg_nano.a(lib_a-nano-vfprintf.o)
                0x0000000008002970                __sfputs_r
 .text._vfprintf_r
                0x0000000008002994      0x22c /usr/local/bin/../lib/gcc/arm-none-eabi/6.3.1/../../../../arm-none-eabi/lib/thumb/v7e-m/fpv4-sp/hard/libg_nano.a(lib_a-nano-vfprintf.o)
                0x0000000008002994                _vfiprintf_r
                0x0000000008002994                _vfprintf_r
 .text._printf_common
                0x0000000008002bc0       0xec /usr/local/bin/../lib/gcc/arm-none-eabi/6.3.1/../../../../arm-none-eabi/lib/thumb/v7e-m/fpv4-sp/hard/libg_nano.a(lib_a-nano-vfprintf_i.o)
                0x0000000008002bc0                _printf_common
 .text._printf_i
                0x0000000008002cac      0x240 /usr/local/bin/../lib/gcc/arm-none-eabi/6.3.1/../../../../arm-none-eabi/lib/thumb/v7e-m/fpv4-sp/hard/libg_nano.a(lib_a-nano-vfprintf_i.o)
                0x0000000008002cac                _printf_i
 .text._sbrk_r  0x0000000008002eec       0x20 /usr/local/bin/../lib/gcc/arm-none-eabi/6.3.1/../../../../arm-none-eabi/lib/thumb/v7e-m/fpv4-sp/hard/libg_nano.a(lib_a-sbrkr.o)
                0x0000000008002eec                _sbrk_r
 .text.setvbuf  0x0000000008002f0c      0x15c /usr/local/bin/../lib/gcc/arm-none-eabi/6.3.1/../../../../arm-none-eabi/lib/thumb/v7e-m/fpv4-sp/hard/libg_nano.a(lib_a-setvbuf.o)
                0x0000000008002f0c                setvbuf
 .text.snprintf
                0x0000000008003068       0x68 /usr/local/bin/../lib/gcc/arm-none-eabi/6.3.1/../../../../arm-none-eabi/lib/thumb/v7e-m/fpv4-sp/hard/libg_nano.a(lib_a-snprintf.o)
                0x0000000008003068                snprintf
                0x0000000008003068                sniprintf
 .text.__sread  0x00000000080030d0       0x22 /usr/local/bin/../lib/gcc/arm-none-eabi/6.3.1/../../../../arm-none-eabi/lib/thumb/v7e-m/fpv4-sp/hard/libg_nano.a(lib_a-stdio.o)
                0x00000000080030d0                __sread
 .text.__seofread
                0x00000000080030f2        0x4 /usr/local/bin/../lib/gcc/arm-none-eabi/6.3.1/../../../../arm-none-eabi/lib/thumb/v7e-m/fpv4-sp/hard/libg_nano.a(lib_a-stdio.o)
                0x00000000080030f2                __seofread
 .text.__swrite
                0x00000000080030f6       0x38 /usr/local/bin/../lib/gcc/arm-none-eabi/6.3.1/../../../../arm-none-eabi/lib/thumb/v7e-m/fpv4-sp/hard/libg_nano.a(lib_a-stdio.o)
                0x00000000080030f6                __swrite
 .text.__sseek  0x000000000800312e       0x24 /usr/local/bin/../lib/gcc/arm-none-eabi/6.3.1/../../../../arm-none-eabi/lib/thumb/v7e-m/fpv4-sp/hard/libg_nano.a(lib_a-stdio.o)
                0x000000000800312e                __sseek
 .text.__sclose
                0x0000000008003152        0x8 /usr/local/bin/../lib/gcc/arm-none-eabi/6.3.1/../../../../arm-none-eabi/lib/thumb/v7e-m/fpv4-sp/hard/libg_nano.a(lib_a-stdio.o)
                0x0000000008003152                __sclose
 .text.strchr   0x000000000800315a       0x1c /usr/local/bin/../lib/gcc/arm-none-eabi/6.3.1/../../../../arm-none-eabi/lib/thumb/v7e-m/fpv4-sp/hard/libg_nano.a(lib_a-strchr.o)
                0x000000000800315a                strchr
 .text          0x0000000008003176       0x14 /usr/local/bin/../lib/gcc/arm-none-eabi/6.3.1/../../../../arm-none-eabi/lib/thumb/v7e-m/fpv4-sp/hard/libg_nano.a(lib_a-strcmp.o)
                0x0000000008003176                strcmp
 .text.iso_year_adjust
                0x000000000800318a       0xae /usr/local/bin/../lib/gcc/arm-none-eabi/6.3.1/../../../../arm-none-eabi/lib/thumb/v7e-m/fpv4-sp/hard/libg_nano.a(lib_a-strftime.o)
 .text.__strftime
                0x0000000008003238      0xa40 /usr/local/bin/../lib/gcc/arm-none-eabi/6.3.1/../../../../arm-none-eabi/lib/thumb/v7e-m/fpv4-sp/hard/libg_nano.a(lib_a-strftime.o)
 .text.strftime
                0x0000000008003c78       0x24 /usr/local/bin/../lib/gcc/arm-none-eabi/6.3.1/../../../../arm-none-eabi/lib/thumb/v7e-m/fpv4-sp/hard/libg_nano.a(lib_a-strftime.o)
                0x0000000008003c78                strftime
 .text          0x0000000008003c9c       0x10 /usr/local/bin/../lib/gcc/arm-none-eabi/6.3.1/../../../../arm-none-eabi/lib/thumb/v7e-m/fpv4-sp/hard/libg_nano.a(lib_a-strlen.o)
                0x0000000008003c9c                strlen
 .text.is_leap_year
                0x0000000008003cac       0x2c /usr/local/bin/../lib/gcc/arm-none-eabi/6.3.1/../../../../arm-none-eabi/lib/thumb/v7e-m/fpv4-sp/hard/libg_nano.a(lib_a-strptime.o)
 .text.first_day
                0x0000000008003cd8       0x2e /usr/local/bin/../lib/gcc/arm-none-eabi/6.3.1/../../../../arm-none-eabi/lib/thumb/v7e-m/fpv4-sp/hard/libg_nano.a(lib_a-strptime.o)
 .text.match_string
                0x0000000008003d06       0x3c /usr/local/bin/../lib/gcc/arm-none-eabi/6.3.1/../../../../arm-none-eabi/lib/thumb/v7e-m/fpv4-sp/hard/libg_nano.a(lib_a-strptime.o)
 *fill*         0x0000000008003d42        0x2 
 .text.strptime_l
                0x0000000008003d44      0x590 /usr/local/bin/../lib/gcc/arm-none-eabi/6.3.1/../../../../arm-none-eabi/lib/thumb/v7e-m/fpv4-sp/hard/libg_nano.a(lib_a-strptime.o)
                0x0000000008003d44                strptime_l
 .text.strptime
                0x00000000080042d4       0x20 /usr/local/bin/../lib/gcc/arm-none-eabi/6.3.1/../../../../arm-none-eabi/lib/thumb/v7e-m/fpv4-sp/hard/libg_nano.a(lib_a-strptime.o)
                0x00000000080042d4                strptime
 .text.strrchr  0x00000000080042f4       0x26 /usr/local/bin/../lib/gcc/arm-none-eabi/6.3.1/../../../../arm-none-eabi/lib/thumb/v7e-m/fpv4-sp/hard/libg_nano.a(lib_a-strrchr.o)
                0x00000000080042f4                strrchr
 .text._strtol_l.isra.0
                0x000000000800431a      0x100 /usr/local/bin/../lib/gcc/arm-none-eabi/6.3.1/../../../../arm-none-eabi/lib/thumb/v7e-m/fpv4-sp/hard/libg_nano.a(lib_a-strtol.o)
 *fill*         0x000000000800441a        0x2 
 .text._strtol_r
                0x000000000800441c       0x24 /usr/local/bin/../lib/gcc/arm-none-eabi/6.3.1/../../../../arm-none-eabi/lib/thumb/v7e-m/fpv4-sp/hard/libg_nano.a(lib_a-strtol.o)
                0x000000000800441c                _strtol_r
 .text.strtol_l
                0x0000000008004440       0x1c /usr/local/bin/../lib/gcc/arm-none-eabi/6.3.1/../../../../arm-none-eabi/lib/thumb/v7e-m/fpv4-sp/hard/libg_nano.a(lib_a-strtol.o)
                0x0000000008004440                strtol_l
 .text._strtoul_l.isra.0
                0x000000000800445c       0xfa /usr/local/bin/../lib/gcc/arm-none-eabi/6.3.1/../../../../arm-none-eabi/lib/thumb/v7e-m/fpv4-sp/hard/libg_nano.a(lib_a-strtoul.o)
 *fill*         0x0000000008004556        0x2 
 .text._strtoul_r
                0x0000000008004558       0x24 /usr/local/bin/../lib/gcc/arm-none-eabi/6.3.1/../../../../arm-none-eabi/lib/thumb/v7e-m/fpv4-sp/hard/libg_nano.a(lib_a-strtoul.o)
                0x0000000008004558                _strtoul_r
 .text.strtoul  0x000000000800457c       0x2c /usr/local/bin/../lib/gcc/arm-none-eabi/6.3.1/../../../../arm-none-eabi/lib/thumb/v7e-m/fpv4-sp/hard/libg_nano.a(lib_a-strtoul.o)
                0x000000000800457c                strtoul
 .text.close    0x00000000080045a8       0x10 /usr/local/bin/../lib/gcc/arm-none-eabi/6.3.1/../../../../arm-none-eabi/lib/thumb/v7e-m/fpv4-sp/hard/libg_nano.a(lib_a-sysclose.o)
                0x00000000080045a8                close
 .text.lseek    0x00000000080045b8       0x14 /usr/local/bin/../lib/gcc/arm-none-eabi/6.3.1/../../../../arm-none-eabi/lib/thumb/v7e-m/fpv4-sp/hard/libg_nano.a(lib_a-syslseek.o)
                0x00000000080045b8                lseek
 .text.open     0x00000000080045cc       0x28 /usr/local/bin/../lib/gcc/arm-none-eabi/6.3.1/../../../../arm-none-eabi/lib/thumb/v7e-m/fpv4-sp/hard/libg_nano.a(lib_a-sysopen.o)
                0x00000000080045cc                open
 .text.sbrk     0x00000000080045f4       0x10 /usr/local/bin/../lib/gcc/arm-none-eabi/6.3.1/../../../../arm-none-eabi/lib/thumb/v7e-m/fpv4-sp/hard/libg_nano.a(lib_a-syssbrk.o)
                0x00000000080045f4                sbrk
 .text.write    0x0000000008004604       0x14 /usr/local/bin/../lib/gcc/arm-none-eabi/6.3.1/../../../../arm-none-eabi/lib/thumb/v7e-m/fpv4-sp/hard/libg_nano.a(lib_a-syswrite.o)
                0x0000000008004604                write
 .text.time     0x0000000008004618       0x28 /usr/local/bin/../lib/gcc/arm-none-eabi/6.3.1/../../../../arm-none-eabi/lib/thumb/v7e-m/fpv4-sp/hard/libg_nano.a(lib_a-time.o)
                0x0000000008004618                time
 .text._times_r
                0x0000000008004640        0x6 /usr/local/bin/../lib/gcc/arm-none-eabi/6.3.1/../../../../arm-none-eabi/lib/thumb/v7e-m/fpv4-sp/hard/libg_nano.a(lib_a-timesr.o)
                0x0000000008004640                _times_r
 *fill*         0x0000000008004646        0x2 
 .text.__tzcalc_limits
                0x0000000008004648      0x150 /usr/local/bin/../lib/gcc/arm-none-eabi/6.3.1/../../../../arm-none-eabi/lib/thumb/v7e-m/fpv4-sp/hard/libg_nano.a(lib_a-tzcalc_limits.o)
                0x0000000008004648                __tzcalc_limits
 .text.__tz_lock
                0x0000000008004798        0x2 /usr/local/bin/../lib/gcc/arm-none-eabi/6.3.1/../../../../arm-none-eabi/lib/thumb/v7e-m/fpv4-sp/hard/libg_nano.a(lib_a-tzlock.o)
                0x0000000008004798                __tz_lock
 .text.__tz_unlock
                0x000000000800479a        0x2 /usr/local/bin/../lib/gcc/arm-none-eabi/6.3.1/../../../../arm-none-eabi/lib/thumb/v7e-m/fpv4-sp/hard/libg_nano.a(lib_a-tzlock.o)
                0x000000000800479a                __tz_unlock
 .text._tzset_unlocked
                0x000000000800479c        0xc /usr/local/bin/../lib/gcc/arm-none-eabi/6.3.1/../../../../arm-none-eabi/lib/thumb/v7e-m/fpv4-sp/hard/libg_nano.a(lib_a-tzset.o)
                0x000000000800479c                _tzset_unlocked
 .text._tzset_unlocked_r
                0x00000000080047a8      0x304 /usr/local/bin/../lib/gcc/arm-none-eabi/6.3.1/../../../../arm-none-eabi/lib/thumb/v7e-m/fpv4-sp/hard/libg_nano.a(lib_a-tzset_r.o)
                0x00000000080047a8                _tzset_unlocked_r
 .text.__swbuf_r
                0x0000000008004aac       0xa4 /usr/local/bin/../lib/gcc/arm-none-eabi/6.3.1/../../../../arm-none-eabi/lib/thumb/v7e-m/fpv4-sp/hard/libg_nano.a(lib_a-wbuf.o)
                0x0000000008004aac                __swbuf_r
 .text._write_r
                0x0000000008004b50       0x24 /usr/local/bin/../lib/gcc/arm-none-eabi/6.3.1/../../../../arm-none-eabi/lib/thumb/v7e-m/fpv4-sp/hard/libg_nano.a(lib_a-writer.o)
                0x0000000008004b50                _write_r
 .text.__swsetup_r
                0x0000000008004b74       0xdc /usr/local/bin/../lib/gcc/arm-none-eabi/6.3.1/../../../../arm-none-eabi/lib/thumb/v7e-m/fpv4-sp/hard/libg_nano.a(lib_a-wsetup.o)
                0x0000000008004b74                __swsetup_r
 .text.abs      0x0000000008004c50        0x8 /usr/local/bin/../lib/gcc/arm-none-eabi/6.3.1/../../../../arm-none-eabi/lib/thumb/v7e-m/fpv4-sp/hard/libg_nano.a(lib_a-abs.o)
                0x0000000008004c50                abs
 .text._close_r
                0x0000000008004c58       0x20 /usr/local/bin/../lib/gcc/arm-none-eabi/6.3.1/../../../../arm-none-eabi/lib/thumb/v7e-m/fpv4-sp/hard/libg_nano.a(lib_a-closer.o)
                0x0000000008004c58                _close_r
 .text.div      0x0000000008004c78       0x28 /usr/local/bin/../lib/gcc/arm-none-eabi/6.3.1/../../../../arm-none-eabi/lib/thumb/v7e-m/fpv4-sp/hard/libg_nano.a(lib_a-div.o)
                0x0000000008004c78                div
 .text.__sflush_r
                0x0000000008004ca0      0x110 /usr/local/bin/../lib/gcc/arm-none-eabi/6.3.1/../../../../arm-none-eabi/lib/thumb/v7e-m/fpv4-sp/hard/libg_nano.a(lib_a-fflush.o)
                0x0000000008004ca0                __sflush_r
 .text._fflush_r
                0x0000000008004db0       0x54 /usr/local/bin/../lib/gcc/arm-none-eabi/6.3.1/../../../../arm-none-eabi/lib/thumb/v7e-m/fpv4-sp/hard/libg_nano.a(lib_a-fflush.o)
                0x0000000008004db0                _fflush_r
 .text._findenv_r
                0x0000000008004e04       0x80 /usr/local/bin/../lib/gcc/arm-none-eabi/6.3.1/../../../../arm-none-eabi/lib/thumb/v7e-m/fpv4-sp/hard/libg_nano.a(lib_a-getenv_r.o)
                0x0000000008004e04                _findenv_r
 .text._getenv_r
                0x0000000008004e84        0xe /usr/local/bin/../lib/gcc/arm-none-eabi/6.3.1/../../../../arm-none-eabi/lib/thumb/v7e-m/fpv4-sp/hard/libg_nano.a(lib_a-getenv_r.o)
                0x0000000008004e84                _getenv_r
 *fill*         0x0000000008004e92        0x2 
 .text._gettimeofday_r
                0x0000000008004e94       0x24 /usr/local/bin/../lib/gcc/arm-none-eabi/6.3.1/../../../../arm-none-eabi/lib/thumb/v7e-m/fpv4-sp/hard/libg_nano.a(lib_a-gettimeofdayr.o)
                0x0000000008004e94                _gettimeofday_r
 .text.__gettzinfo
                0x0000000008004eb8        0x8 /usr/local/bin/../lib/gcc/arm-none-eabi/6.3.1/../../../../arm-none-eabi/lib/thumb/v7e-m/fpv4-sp/hard/libg_nano.a(lib_a-gettzinfo.o)
                0x0000000008004eb8                __gettzinfo
 .text.labs     0x0000000008004ec0        0x8 /usr/local/bin/../lib/gcc/arm-none-eabi/6.3.1/../../../../arm-none-eabi/lib/thumb/v7e-m/fpv4-sp/hard/libg_nano.a(lib_a-labs.o)
                0x0000000008004ec0                labs
 .text.__locale_ctype_ptr_l
                0x0000000008004ec8        0x6 /usr/local/bin/../lib/gcc/arm-none-eabi/6.3.1/../../../../arm-none-eabi/lib/thumb/v7e-m/fpv4-sp/hard/libg_nano.a(lib_a-locale.o)
                0x0000000008004ec8                __locale_ctype_ptr_l
 *fill*         0x0000000008004ece        0x2 
 .text.__locale_ctype_ptr
                0x0000000008004ed0       0x1c /usr/local/bin/../lib/gcc/arm-none-eabi/6.3.1/../../../../arm-none-eabi/lib/thumb/v7e-m/fpv4-sp/hard/libg_nano.a(lib_a-locale.o)
                0x0000000008004ed0                __locale_ctype_ptr
 .text._lseek_r
                0x0000000008004eec       0x24 /usr/local/bin/../lib/gcc/arm-none-eabi/6.3.1/../../../../arm-none-eabi/lib/thumb/v7e-m/fpv4-sp/hard/libg_nano.a(lib_a-lseekr.o)
                0x0000000008004eec                _lseek_r
 .text.__swhatbuf_r
                0x0000000008004f10       0x48 /usr/local/bin/../lib/gcc/arm-none-eabi/6.3.1/../../../../arm-none-eabi/lib/thumb/v7e-m/fpv4-sp/hard/libg_nano.a(lib_a-makebuf.o)
                0x0000000008004f10                __swhatbuf_r
 .text.__smakebuf_r
                0x0000000008004f58       0x80 /usr/local/bin/../lib/gcc/arm-none-eabi/6.3.1/../../../../arm-none-eabi/lib/thumb/v7e-m/fpv4-sp/hard/libg_nano.a(lib_a-makebuf.o)
                0x0000000008004f58                __smakebuf_r
 .text.__ascii_mbtowc
                0x0000000008004fd8       0x24 /usr/local/bin/../lib/gcc/arm-none-eabi/6.3.1/../../../../arm-none-eabi/lib/thumb/v7e-m/fpv4-sp/hard/libg_nano.a(lib_a-mbtowc_r.o)
                0x0000000008004fd8                __ascii_mbtowc
 *fill*         0x0000000008004ffc        0x4 
 .text          0x0000000008005000       0xa0 /usr/local/bin/../lib/gcc/arm-none-eabi/6.3.1/../../../../arm-none-eabi/lib/thumb/v7e-m/fpv4-sp/hard/libg_nano.a(lib_a-memchr.o)
                0x0000000008005000                memchr
 .text.memmove  0x00000000080050a0       0x34 /usr/local/bin/../lib/gcc/arm-none-eabi/6.3.1/../../../../arm-none-eabi/lib/thumb/v7e-m/fpv4-sp/hard/libg_nano.a(lib_a-memmove.o)
                0x00000000080050a0                memmove
 .text.__malloc_lock
                0x00000000080050d4        0x2 /usr/local/bin/../lib/gcc/arm-none-eabi/6.3.1/../../../../arm-none-eabi/lib/thumb/v7e-m/fpv4-sp/hard/libg_nano.a(lib_a-mlock.o)
                0x00000000080050d4                __malloc_lock
 .text.__malloc_unlock
                0x00000000080050d6        0x2 /usr/local/bin/../lib/gcc/arm-none-eabi/6.3.1/../../../../arm-none-eabi/lib/thumb/v7e-m/fpv4-sp/hard/libg_nano.a(lib_a-mlock.o)
                0x00000000080050d6                __malloc_unlock
 .text._realloc_r
                0x00000000080050d8       0x4c /usr/local/bin/../lib/gcc/arm-none-eabi/6.3.1/../../../../arm-none-eabi/lib/thumb/v7e-m/fpv4-sp/hard/libg_nano.a(lib_a-nano-reallocr.o)
                0x00000000080050d8                _realloc_r
 .text.__ssputs_r
                0x0000000008005124       0xb6 /usr/local/bin/../lib/gcc/arm-none-eabi/6.3.1/../../../../arm-none-eabi/lib/thumb/v7e-m/fpv4-sp/hard/libg_nano.a(lib_a-nano-svfprintf.o)
                0x0000000008005124                __ssputs_r
 *fill*         0x00000000080051da        0x2 
 .text._svfprintf_r
                0x00000000080051dc      0x1e8 /usr/local/bin/../lib/gcc/arm-none-eabi/6.3.1/../../../../arm-none-eabi/lib/thumb/v7e-m/fpv4-sp/hard/libg_nano.a(lib_a-nano-svfprintf.o)
                0x00000000080051dc                _svfprintf_r
                0x00000000080051dc                _svfiprintf_r
 .text._open_r  0x00000000080053c4       0x24 /usr/local/bin/../lib/gcc/arm-none-eabi/6.3.1/../../../../arm-none-eabi/lib/thumb/v7e-m/fpv4-sp/hard/libg_nano.a(lib_a-openr.o)
                0x00000000080053c4                _open_r
 .text._read_r  0x00000000080053e8       0x24 /usr/local/bin/../lib/gcc/arm-none-eabi/6.3.1/../../../../arm-none-eabi/lib/thumb/v7e-m/fpv4-sp/hard/libg_nano.a(lib_a-readr.o)
                0x00000000080053e8                _read_r
 .text.sscanf   0x000000000800540c       0x54 /usr/local/bin/../lib/gcc/arm-none-eabi/6.3.1/../../../../arm-none-eabi/lib/thumb/v7e-m/fpv4-sp/hard/libg_nano.a(lib_a-sscanf.o)
                0x000000000800540c                sscanf
                0x000000000800540c                siscanf
 .text.strcpy   0x0000000008005460       0x10 /usr/local/bin/../lib/gcc/arm-none-eabi/6.3.1/../../../../arm-none-eabi/lib/thumb/v7e-m/fpv4-sp/hard/libg_nano.a(lib_a-strcpy.o)
                0x0000000008005460                strcpy
 .text.strncasecmp_l
                0x0000000008005470       0x38 /usr/local/bin/../lib/gcc/arm-none-eabi/6.3.1/../../../../arm-none-eabi/lib/thumb/v7e-m/fpv4-sp/hard/libg_nano.a(lib_a-strncasecmp_l.o)
                0x0000000008005470                strncasecmp_l
 .text.strncmp  0x00000000080054a8       0x24 /usr/local/bin/../lib/gcc/arm-none-eabi/6.3.1/../../../../arm-none-eabi/lib/thumb/v7e-m/fpv4-sp/hard/libg_nano.a(lib_a-strncmp.o)
                0x00000000080054a8                strncmp
 .text.tolower_l
                0x00000000080054cc       0x1c /usr/local/bin/../lib/gcc/arm-none-eabi/6.3.1/../../../../arm-none-eabi/lib/thumb/v7e-m/fpv4-sp/hard/libg_nano.a(lib_a-tolower_l.o)
                0x00000000080054cc                tolower_l
 .text.__ascii_wctomb
                0x00000000080054e8       0x1a /usr/local/bin/../lib/gcc/arm-none-eabi/6.3.1/../../../../arm-none-eabi/lib/thumb/v7e-m/fpv4-sp/hard/libg_nano.a(lib_a-wctomb_r.o)
                0x00000000080054e8                __ascii_wctomb
 .text.__env_lock
                0x0000000008005502        0x2 /usr/local/bin/../lib/gcc/arm-none-eabi/6.3.1/../../../../arm-none-eabi/lib/thumb/v7e-m/fpv4-sp/hard/libg_nano.a(lib_a-envlock.o)
                0x0000000008005502                __env_lock
 .text.__env_unlock
                0x0000000008005504        0x2 /usr/local/bin/../lib/gcc/arm-none-eabi/6.3.1/../../../../arm-none-eabi/lib/thumb/v7e-m/fpv4-sp/hard/libg_nano.a(lib_a-envlock.o)
                0x0000000008005504                __env_unlock
 *fill*         0x0000000008005506        0x2 
 .text._fstat_r
                0x0000000008005508       0x24 /usr/local/bin/../lib/gcc/arm-none-eabi/6.3.1/../../../../arm-none-eabi/lib/thumb/v7e-m/fpv4-sp/hard/libg_nano.a(lib_a-fstatr.o)
                0x0000000008005508                _fstat_r
 .text._isatty_r
                0x000000000800552c       0x20 /usr/local/bin/../lib/gcc/arm-none-eabi/6.3.1/../../../../arm-none-eabi/lib/thumb/v7e-m/fpv4-sp/hard/libg_nano.a(lib_a-isattyr.o)
                0x000000000800552c                _isatty_r
 .text._malloc_usable_size_r
                0x000000000800554c       0x12 /usr/local/bin/../lib/gcc/arm-none-eabi/6.3.1/../../../../arm-none-eabi/lib/thumb/v7e-m/fpv4-sp/hard/libg_nano.a(lib_a-nano-msizer.o)
                0x000000000800554c                _malloc_usable_size_r
 .text._sungetc_r
                0x000000000800555e       0x7a /usr/local/bin/../lib/gcc/arm-none-eabi/6.3.1/../../../../arm-none-eabi/lib/thumb/v7e-m/fpv4-sp/hard/libg_nano.a(lib_a-nano-svfscanf.o)
                0x000000000800555e                _sungetc_r
 .text.__ssrefill_r
                0x00000000080055d8       0x3a /usr/local/bin/../lib/gcc/arm-none-eabi/6.3.1/../../../../arm-none-eabi/lib/thumb/v7e-m/fpv4-sp/hard/libg_nano.a(lib_a-nano-svfscanf.o)
                0x00000000080055d8                __ssrefill_r
 *fill*         0x0000000008005612        0x2 
 .text.__ssvfscanf_r
                0x0000000008005614      0x2a8 /usr/local/bin/../lib/gcc/arm-none-eabi/6.3.1/../../../../arm-none-eabi/lib/thumb/v7e-m/fpv4-sp/hard/libg_nano.a(lib_a-nano-svfscanf.o)
                0x0000000008005614                __ssvfscanf_r
                0x0000000008005614                __ssvfiscanf_r
 .text._scanf_chars
                0x00000000080058bc       0xc8 /usr/local/bin/../lib/gcc/arm-none-eabi/6.3.1/../../../../arm-none-eabi/lib/thumb/v7e-m/fpv4-sp/hard/libg_nano.a(lib_a-nano-vfscanf_i.o)
                0x00000000080058bc                _scanf_chars
 .text._scanf_i
                0x0000000008005984      0x1e8 /usr/local/bin/../lib/gcc/arm-none-eabi/6.3.1/../../../../arm-none-eabi/lib/thumb/v7e-m/fpv4-sp/hard/libg_nano.a(lib_a-nano-vfscanf_i.o)
                0x0000000008005984                _scanf_i
 .text.__sccl   0x0000000008005b6c       0x60 /usr/local/bin/../lib/gcc/arm-none-eabi/6.3.1/../../../../arm-none-eabi/lib/thumb/v7e-m/fpv4-sp/hard/libg_nano.a(lib_a-sccl.o)
                0x0000000008005b6c                __sccl
 .text.__submore
                0x0000000008005bcc       0x76 /usr/local/bin/../lib/gcc/arm-none-eabi/6.3.1/../../../../arm-none-eabi/lib/thumb/v7e-m/fpv4-sp/hard/libg_nano.a(lib_a-ungetc.o)
                0x0000000008005bcc                __submore
 *fill*         0x0000000008005c42        0x6 
 .text.__submore.__stub
                0x0000000008005c48        0x8 linker stubs

.glue_7         0x0000000008005c50        0x0
 .glue_7        0x0000000008005c50        0x0 linker stubs

.glue_7t        0x0000000008005c50        0x0
 .glue_7t       0x0000000008005c50        0x0 linker stubs

.vfp11_veneer   0x0000000008005c50        0x0
 .vfp11_veneer  0x0000000008005c50        0x0 linker stubs

.v4_bx          0x0000000008005c50        0x0
 .v4_bx         0x0000000008005c50        0x0 linker stubs

.iplt           0x0000000008005c50        0x0
 .iplt          0x0000000008005c50        0x0 /usr/local/bin/../lib/gcc/arm-none-eabi/6.3.1/thumb/v7e-m/fpv4-sp/hard/crtbegin.o

.devices        0x0000000008005c50       0x10
 *(.devices*)
 .devices       0x0000000008005c50        0xc ./system/src/usart.o
                0x0000000008005c50                TTY2
                0x0000000008005c54                TTY1
                0x0000000008005c58                TTY0
 .devices       0x0000000008005c5c        0x4 ./src/lcd.o
                0x0000000008005c5c                LCD

.rodata         0x0000000008005c60      0x917
 *(.rodata*)
 .rodata.GPIO.6580
                0x0000000008005c60       0x18 ./system/src/gpio.o
 .rodata.stdio_init.str1.4
                0x0000000008005c78        0xa ./system/src/stdio.o
 *fill*         0x0000000008005c82        0x2 
 .rodata.rtc_init.str1.4
                0x0000000008005c84       0x29 ./system/src/time.o
 *fill*         0x0000000008005cad        0x3 
 .rodata.str1.4
                0x0000000008005cb0       0x28 ./system/src/usart.o
 .rodata.usart_driver
                0x0000000008005cd8       0x2c ./system/src/usart.o
 .rodata.board_id_init.str1.4
                0x0000000008005d04       0x3c ./src/board.o
 .rodata.pinModes.7556
                0x0000000008005d40       0x80 ./src/board.o
 .rodata.lcd_driver
                0x0000000008005dc0       0x2c ./src/lcd.o
 .rodata.str1.4
                0x0000000008005dec       0x1b ./src/lcd.o
 *fill*         0x0000000008005e07        0x1 
 .rodata.main.str1.4
                0x0000000008005e08      0x168 ./src/main.o
                                        0x166 (size before relaxing)
 .rodata.HCLK_DIV.6734
                0x0000000008005f70       0x40 ./platform/src/system_stm32f303cx.o
 .rodata.__sf_fake_stderr
                0x0000000008005fb0       0x20 /usr/local/bin/../lib/gcc/arm-none-eabi/6.3.1/../../../../arm-none-eabi/lib/thumb/v7e-m/fpv4-sp/hard/libg_nano.a(lib_a-findfp.o)
                0x0000000008005fb0                __sf_fake_stderr
 .rodata.__sf_fake_stdin
                0x0000000008005fd0       0x20 /usr/local/bin/../lib/gcc/arm-none-eabi/6.3.1/../../../../arm-none-eabi/lib/thumb/v7e-m/fpv4-sp/hard/libg_nano.a(lib_a-findfp.o)
                0x0000000008005fd0                __sf_fake_stdin
 .rodata.__sf_fake_stdout
                0x0000000008005ff0       0x20 /usr/local/bin/../lib/gcc/arm-none-eabi/6.3.1/../../../../arm-none-eabi/lib/thumb/v7e-m/fpv4-sp/hard/libg_nano.a(lib_a-findfp.o)
                0x0000000008005ff0                __sf_fake_stdout
 .rodata._global_impure_ptr
                0x0000000008006010        0x4 /usr/local/bin/../lib/gcc/arm-none-eabi/6.3.1/../../../../arm-none-eabi/lib/thumb/v7e-m/fpv4-sp/hard/libg_nano.a(lib_a-impure.o)
                0x0000000008006010                _global_impure_ptr
 .rodata.DAYS_IN_MONTH
                0x0000000008006014       0x30 /usr/local/bin/../lib/gcc/arm-none-eabi/6.3.1/../../../../arm-none-eabi/lib/thumb/v7e-m/fpv4-sp/hard/libg_nano.a(lib_a-mktime.o)
 .rodata._DAYS_BEFORE_MONTH
                0x0000000008006044       0x30 /usr/local/bin/../lib/gcc/arm-none-eabi/6.3.1/../../../../arm-none-eabi/lib/thumb/v7e-m/fpv4-sp/hard/libg_nano.a(lib_a-mktime.o)
 .rodata.__month_lengths
                0x0000000008006074       0x60 /usr/local/bin/../lib/gcc/arm-none-eabi/6.3.1/../../../../arm-none-eabi/lib/thumb/v7e-m/fpv4-sp/hard/libg_nano.a(lib_a-month_lengths.o)
                0x0000000008006074                __month_lengths
 .rodata._vfprintf_r.str1.1
                0x00000000080060d4       0x11 /usr/local/bin/../lib/gcc/arm-none-eabi/6.3.1/../../../../arm-none-eabi/lib/thumb/v7e-m/fpv4-sp/hard/libg_nano.a(lib_a-nano-vfprintf.o)
 .rodata._printf_i.str1.1
                0x00000000080060e5       0x22 /usr/local/bin/../lib/gcc/arm-none-eabi/6.3.1/../../../../arm-none-eabi/lib/thumb/v7e-m/fpv4-sp/hard/libg_nano.a(lib_a-nano-vfprintf_i.o)
 .rodata.__strftime.str1.1
                0x0000000008006107       0x59 /usr/local/bin/../lib/gcc/arm-none-eabi/6.3.1/../../../../arm-none-eabi/lib/thumb/v7e-m/fpv4-sp/hard/libg_nano.a(lib_a-strftime.o)
                                         0x6b (size before relaxing)
 .rodata._DAYS_BEFORE_MONTH
                0x0000000008006160       0x30 /usr/local/bin/../lib/gcc/arm-none-eabi/6.3.1/../../../../arm-none-eabi/lib/thumb/v7e-m/fpv4-sp/hard/libg_nano.a(lib_a-strptime.o)
 .rodata.strptime_l.str1.1
                0x0000000008006190       0x18 /usr/local/bin/../lib/gcc/arm-none-eabi/6.3.1/../../../../arm-none-eabi/lib/thumb/v7e-m/fpv4-sp/hard/libg_nano.a(lib_a-strptime.o)
 .rodata._C_time_locale
                0x00000000080061a8       0xfc /usr/local/bin/../lib/gcc/arm-none-eabi/6.3.1/../../../../arm-none-eabi/lib/thumb/v7e-m/fpv4-sp/hard/libg_nano.a(lib_a-timelocal.o)
                0x00000000080061a8                _C_time_locale
 .rodata.str1.1
                0x00000000080062a4      0x119 /usr/local/bin/../lib/gcc/arm-none-eabi/6.3.1/../../../../arm-none-eabi/lib/thumb/v7e-m/fpv4-sp/hard/libg_nano.a(lib_a-timelocal.o)
                                        0x12c (size before relaxing)
 .rodata._tzset_unlocked_r.str1.1
                0x00000000080063bd       0x3c /usr/local/bin/../lib/gcc/arm-none-eabi/6.3.1/../../../../arm-none-eabi/lib/thumb/v7e-m/fpv4-sp/hard/libg_nano.a(lib_a-tzset_r.o)
                                         0x4e (size before relaxing)
 .rodata.str1.1
                0x00000000080063f9        0x4 /usr/local/bin/../lib/gcc/arm-none-eabi/6.3.1/../../../../arm-none-eabi/lib/thumb/v7e-m/fpv4-sp/hard/libg_nano.a(lib_a-tzvars.o)
 .rodata._setlocale_r.str1.1
                0x00000000080063f9        0x8 /usr/local/bin/../lib/gcc/arm-none-eabi/6.3.1/../../../../arm-none-eabi/lib/thumb/v7e-m/fpv4-sp/hard/libg_nano.a(lib_a-locale.o)
                                          0x9 (size before relaxing)
 .rodata.str1.1
                0x0000000008006401        0x2 /usr/local/bin/../lib/gcc/arm-none-eabi/6.3.1/../../../../arm-none-eabi/lib/thumb/v7e-m/fpv4-sp/hard/libg_nano.a(lib_a-locale.o)
 .rodata._svfprintf_r.str1.1
                0x0000000008006403       0x11 /usr/local/bin/../lib/gcc/arm-none-eabi/6.3.1/../../../../arm-none-eabi/lib/thumb/v7e-m/fpv4-sp/hard/libg_nano.a(lib_a-nano-svfprintf.o)
 .rodata._ctype_
                0x0000000008006403      0x101 /usr/local/bin/../lib/gcc/arm-none-eabi/6.3.1/../../../../arm-none-eabi/lib/thumb/v7e-m/fpv4-sp/hard/libg_nano.a(lib_a-ctype_.o)
                0x0000000008006403                _ctype_
 .rodata.__ssvfscanf_r.str1.1
                0x0000000008006504        0x4 /usr/local/bin/../lib/gcc/arm-none-eabi/6.3.1/../../../../arm-none-eabi/lib/thumb/v7e-m/fpv4-sp/hard/libg_nano.a(lib_a-nano-svfscanf.o)
 .rodata        0x0000000008006504        0xc /usr/local/bin/../lib/gcc/arm-none-eabi/6.3.1/../../../../arm-none-eabi/lib/thumb/v7e-m/fpv4-sp/hard/libg_nano.a(lib_a-nano-vfscanf_i.o)
 .rodata._scanf_i.str1.1
                0x0000000008006510       0x12 /usr/local/bin/../lib/gcc/arm-none-eabi/6.3.1/../../../../arm-none-eabi/lib/thumb/v7e-m/fpv4-sp/hard/libg_nano.a(lib_a-nano-vfscanf_i.o)
 .rodata.str1.1
                0x0000000008006522        0x9 /usr/local/bin/../lib/gcc/arm-none-eabi/6.3.1/../../../../arm-none-eabi/lib/thumb/v7e-m/fpv4-sp/hard/libg_nano.a(lib_a-nano-vfscanf_i.o)
                0x000000000800652b                PROVIDE (__vector_load, .)
                0x000000000800652b        0x4 LONG 0x8000000 LOADADDR (.vector)
                0x000000000800652f                PROVIDE (__vector_addr, .)
                0x000000000800652f        0x4 LONG 0x10000000 ADDR (.vector)
                0x0000000008006533                PROVIDE (__vector_size, .)
                0x0000000008006533        0x4 LONG 0x188 SIZEOF (.vector)
                0x0000000008006537                PROVIDE (__devices_addr, .)
                0x0000000008006537        0x4 LONG 0x8005c50 ADDR (.devices)
                0x000000000800653b                PROVIDE (__devices_size, .)
                0x000000000800653b        0x4 LONG 0x10 SIZEOF (.devices)
                [!provide]                        PROVIDE (__ccmram_begin, .)
                0x000000000800653f        0x4 LONG 0x10000000 ORIGIN (CCM)
                0x0000000008006543                PROVIDE (__ccmram_size, .)
                0x0000000008006543        0x4 LONG 0x2000 LENGTH (CCM)
                0x0000000008006547                PROVIDE (__ccm_load, .)
                0x0000000008006547        0x4 LONG 0x80065c4 LOADADDR (.ccm)
                0x000000000800654b                PROVIDE (__ccm_addr, .)
                0x000000000800654b        0x4 LONG 0x10000188 ADDR (.ccm)
                0x000000000800654f                PROVIDE (__ccm_size, .)
                0x000000000800654f        0x4 LONG 0x160 SIZEOF (.ccm)
                0x0000000008006553                PROVIDE (__mem_begin, .)
                0x0000000008006553        0x4 LONG 0x20000000 ORIGIN (IRAM)
                0x0000000008006557                PROVIDE (__mem_size, .)
                0x0000000008006557        0x4 LONG 0xa000 LENGTH (IRAM)
                0x000000000800655b                PROVIDE (__data_load, .)
                0x000000000800655b        0x4 LONG 0x8006724 LOADADDR (.data)
                0x000000000800655f                PROVIDE (__data_addr, .)
                0x000000000800655f        0x4 LONG 0x20000000 ADDR (.data)
                0x0000000008006563                PROVIDE (__data_size, .)
                0x0000000008006563        0x4 LONG 0x264 SIZEOF (.data)
                0x0000000008006567                PROVIDE (__bss_addr, .)
                0x0000000008006567        0x4 LONG 0x20000264 ADDR (.bss)
                0x000000000800656b                PROVIDE (__bss_size, .)
                0x000000000800656b        0x4 LONG 0x20c SIZEOF (.bss)
                0x000000000800656f                PROVIDE (__bss_end, .)
                0x000000000800656f        0x4 LONG 0x20000470 (ADDR (.bss) + SIZEOF (.bss))
                0x0000000008006573                PROVIDE (__mem_end, .)
                0x0000000008006573        0x4 LONG 0x2000a000 (ORIGIN (IRAM) + LENGTH (IRAM))

.eh_frame       0x0000000008006578        0x0
 .eh_frame      0x0000000008006578        0x0 /usr/local/bin/../lib/gcc/arm-none-eabi/6.3.1/thumb/v7e-m/fpv4-sp/hard/crtbegin.o

.init           0x0000000008006578        0xc
 *(.init)
 .init          0x0000000008006578        0x4 /usr/local/bin/../lib/gcc/arm-none-eabi/6.3.1/thumb/v7e-m/fpv4-sp/hard/crti.o
                0x0000000008006578                _init
 .init          0x000000000800657c        0x8 /usr/local/bin/../lib/gcc/arm-none-eabi/6.3.1/thumb/v7e-m/fpv4-sp/hard/crtn.o

.fini           0x0000000008006584        0xc
 *(.fini)
 .fini          0x0000000008006584        0x4 /usr/local/bin/../lib/gcc/arm-none-eabi/6.3.1/thumb/v7e-m/fpv4-sp/hard/crti.o
                0x0000000008006584                _fini
 .fini          0x0000000008006588        0x8 /usr/local/bin/../lib/gcc/arm-none-eabi/6.3.1/thumb/v7e-m/fpv4-sp/hard/crtn.o

.ARM.extab
 *(.ARM.extab*)

.ARM.exidx      0x0000000008006590        0x8
 *(.ARM.exidx*)
 .ARM.exidx     0x0000000008006590        0x8 /usr/local/bin/../lib/gcc/arm-none-eabi/6.3.1/../../../../arm-none-eabi/lib/thumb/v7e-m/fpv4-sp/hard/crt0.o

.rel.dyn        0x0000000008006598        0x0
 .rel.iplt      0x0000000008006598        0x0 /usr/local/bin/../lib/gcc/arm-none-eabi/6.3.1/thumb/v7e-m/fpv4-sp/hard/crtbegin.o

.preinit_array  0x0000000008006598        0x0
                0x0000000008006598                PROVIDE (__preinit_array_start, .)
 *(.preinit_array*)
                0x0000000008006598                PROVIDE (__preinit_array_end, .)

.init_array     0x0000000008006598       0x28
                0x0000000008006598                PROVIDE (__init_array_start, .)
 *(SORT(.init_array.*))
 .init_array.01000
                0x0000000008006598        0x4 ./system/src/gpio.o
 .init_array.01000
                0x000000000800659c        0x4 ./system/src/usart.o
 .init_array.01000
                0x00000000080065a0        0x4 ./src/board.o
 .init_array.01000
                0x00000000080065a4        0x4 ./src/pwm.o
 .init_array.01001
                0x00000000080065a8        0x4 ./src/board.o
 *(.init_array*)
 .init_array    0x00000000080065ac        0x4 /usr/local/bin/../lib/gcc/arm-none-eabi/6.3.1/thumb/v7e-m/fpv4-sp/hard/crtbegin.o
 .init_array    0x00000000080065b0        0x4 ./system/src/device.o
 .init_array    0x00000000080065b4        0x4 ./system/src/stdio.o
 .init_array    0x00000000080065b8        0x8 ./system/src/time.o
                0x00000000080065c0                PROVIDE (__init_array_end, .)

.fini_array     0x00000000080065c0        0x4
                [!provide]                        PROVIDE (__fini_array_start, .)
 *(SORT(.fini_array.*))
 *(.fini_array*)
 .fini_array    0x00000000080065c0        0x4 /usr/local/bin/../lib/gcc/arm-none-eabi/6.3.1/thumb/v7e-m/fpv4-sp/hard/crtbegin.o
                [!provide]                        PROVIDE (__fini_array_end, .)
                0x00000000080065c4                . = ALIGN (0x4)

.ccm            0x0000000010000188      0x160 load address 0x00000000080065c4
 *(.ccm*)
 .ccmcode       0x0000000010000188       0x14 ./system/src/time.o
                0x0000000010000188                SysTick_Handler
                0x0000000010000198                yield
 .ccm           0x000000001000019c        0x4 ./system/src/time.o
                0x000000001000019c                millis_counter
 .ccmcode       0x00000000100001a0       0x84 ./system/src/usart.o
                0x00000000100001f4                USART1_Handler
                0x0000000010000204                USART2_Handler
                0x0000000010000214                USART3_Handler
 *fill*         0x0000000010000224        0x4 
 .ccmcode.__stub
                0x0000000010000228       0x10 linker stubs
 .ccm           0x0000000010000238       0x78 ./system/src/usart.o
 .ccm           0x00000000100002b0       0x28 ./src/board.o
                0x00000000100002b0                board_id
                0x00000000100002d4                board_hash
 .ccm           0x00000000100002d8       0x10 ./src/lcd.o
                0x00000000100002e8                . = ALIGN (0x4)
                0x0000000010002000                PROVIDE (__stack, (ORIGIN (CCM) + LENGTH (CCM)))

.data           0x0000000020000000      0x264 load address 0x0000000008006724
 *(vtable)
 *(.data*)
 .data.battery_empty
                0x0000000020000000        0x9 ./src/main.o
 *fill*         0x0000000020000009        0x3 
 .data.battery_full
                0x000000002000000c        0x9 ./src/main.o
 *fill*         0x0000000020000015        0x3 
 .data.battery_half_empty
                0x0000000020000018        0x9 ./src/main.o
 *fill*         0x0000000020000021        0x3 
 .data.battery_half_full
                0x0000000020000024        0x9 ./src/main.o
 *fill*         0x000000002000002d        0x3 
 .data.charged  0x0000000020000030        0x9 ./src/main.o
 *fill*         0x0000000020000039        0x3 
 .data.degree   0x000000002000003c        0x9 ./src/main.o
 *fill*         0x0000000020000045        0x3 
 .data._impure_ptr
                0x0000000020000048        0x4 /usr/local/bin/../lib/gcc/arm-none-eabi/6.3.1/../../../../arm-none-eabi/lib/thumb/v7e-m/fpv4-sp/hard/libg_nano.a(lib_a-impure.o)
                0x0000000020000048                _impure_ptr
 .data.impure_data
                0x000000002000004c       0x60 /usr/local/bin/../lib/gcc/arm-none-eabi/6.3.1/../../../../arm-none-eabi/lib/thumb/v7e-m/fpv4-sp/hard/libg_nano.a(lib_a-impure.o)
 .data._tzname  0x00000000200000ac        0x8 /usr/local/bin/../lib/gcc/arm-none-eabi/6.3.1/../../../../arm-none-eabi/lib/thumb/v7e-m/fpv4-sp/hard/libg_nano.a(lib_a-tzvars.o)
                0x00000000200000ac                _tzname
 .data.tzinfo   0x00000000200000b4       0x40 /usr/local/bin/../lib/gcc/arm-none-eabi/6.3.1/../../../../arm-none-eabi/lib/thumb/v7e-m/fpv4-sp/hard/libg_nano.a(lib_a-gettzinfo.o)
 .data.__global_locale
                0x00000000200000f4      0x16c /usr/local/bin/../lib/gcc/arm-none-eabi/6.3.1/../../../../arm-none-eabi/lib/thumb/v7e-m/fpv4-sp/hard/libg_nano.a(lib_a-locale.o)
                0x00000000200000f4                __global_locale
 .data.environ  0x0000000020000260        0x4 /usr/local/bin/../lib/gcc/arm-none-eabi/6.3.1/../../../../arm-none-eabi/lib/thumb/v7e-m/fpv4-sp/hard/libg_nano.a(lib_a-environ.o)
                0x0000000020000260                environ
                0x0000000020000264                . = ALIGN (0x4)

.jcr            0x0000000020000264        0x0 load address 0x0000000008006988
 .jcr           0x0000000020000264        0x0 /usr/local/bin/../lib/gcc/arm-none-eabi/6.3.1/thumb/v7e-m/fpv4-sp/hard/crtbegin.o

.igot.plt       0x0000000020000264        0x0 load address 0x0000000008006988
 .igot.plt      0x0000000020000264        0x0 /usr/local/bin/../lib/gcc/arm-none-eabi/6.3.1/thumb/v7e-m/fpv4-sp/hard/crtbegin.o

.bss            0x0000000020000264      0x20c load address 0x0000000008006988
                0x0000000020000264                PROVIDE (__bss_start__, .)
 *(.bss*)
 .bss           0x0000000020000264       0x1c /usr/local/bin/../lib/gcc/arm-none-eabi/6.3.1/thumb/v7e-m/fpv4-sp/hard/crtbegin.o
 .bss.files     0x0000000020000280      0x180 ./system/src/device.o
 .bss._brk      0x0000000020000400        0x4 ./system/src/sbrk.o
 .bss.__malloc_free_list
                0x0000000020000404        0x4 /usr/local/bin/../lib/gcc/arm-none-eabi/6.3.1/../../../../arm-none-eabi/lib/thumb/v7e-m/fpv4-sp/hard/libg_nano.a(lib_a-nano-mallocr.o)
                0x0000000020000404                __malloc_free_list
 .bss.__malloc_sbrk_start
                0x0000000020000408        0x4 /usr/local/bin/../lib/gcc/arm-none-eabi/6.3.1/../../../../arm-none-eabi/lib/thumb/v7e-m/fpv4-sp/hard/libg_nano.a(lib_a-nano-mallocr.o)
                0x0000000020000408                __malloc_sbrk_start
 .bss.__tzname_dst
                0x000000002000040c        0xb /usr/local/bin/../lib/gcc/arm-none-eabi/6.3.1/../../../../arm-none-eabi/lib/thumb/v7e-m/fpv4-sp/hard/libg_nano.a(lib_a-tzset_r.o)
 .bss.__tzname_std
                0x0000000020000417        0xb /usr/local/bin/../lib/gcc/arm-none-eabi/6.3.1/../../../../arm-none-eabi/lib/thumb/v7e-m/fpv4-sp/hard/libg_nano.a(lib_a-tzset_r.o)
 *fill*         0x0000000020000422        0x2 
 .bss.prev_tzenv
                0x0000000020000424        0x4 /usr/local/bin/../lib/gcc/arm-none-eabi/6.3.1/../../../../arm-none-eabi/lib/thumb/v7e-m/fpv4-sp/hard/libg_nano.a(lib_a-tzset_r.o)
 .bss._daylight
                0x0000000020000428        0x4 /usr/local/bin/../lib/gcc/arm-none-eabi/6.3.1/../../../../arm-none-eabi/lib/thumb/v7e-m/fpv4-sp/hard/libg_nano.a(lib_a-tzvars.o)
                0x0000000020000428                _daylight
 .bss._timezone
                0x000000002000042c        0x4 /usr/local/bin/../lib/gcc/arm-none-eabi/6.3.1/../../../../arm-none-eabi/lib/thumb/v7e-m/fpv4-sp/hard/libg_nano.a(lib_a-tzvars.o)
                0x000000002000042c                _timezone
 .bss.initial_env
                0x0000000020000430        0x4 /usr/local/bin/../lib/gcc/arm-none-eabi/6.3.1/../../../../arm-none-eabi/lib/thumb/v7e-m/fpv4-sp/hard/libg_nano.a(lib_a-environ.o)
                0x0000000020000434                . = ALIGN (0x4)
                0x0000000020000434                PROVIDE (__bss_end__, .)
 COMMON         0x0000000020000434       0x34 ./src/main.o
                0x0000000020000434                DISP
                0x0000000020000438                lcd_line
                0x0000000020000460                disp
                0x0000000020000464                last_update
 COMMON         0x0000000020000468        0x4 ./platform/src/system_stm32f303cx.o
                0x0000000020000468                SystemCoreClock
 COMMON         0x000000002000046c        0x4 /usr/local/bin/../lib/gcc/arm-none-eabi/6.3.1/../../../../arm-none-eabi/lib/thumb/v7e-m/fpv4-sp/hard/libg_nano.a(lib_a-reent.o)
                0x000000002000046c                errno
OUTPUT(LCDClock.elf elf32-littlearm)

.ARM.attributes
                0x0000000000000000       0x30
 .ARM.attributes
                0x0000000000000000       0x22 /usr/local/bin/../lib/gcc/arm-none-eabi/6.3.1/thumb/v7e-m/fpv4-sp/hard/crti.o
 .ARM.attributes
                0x0000000000000022       0x34 /usr/local/bin/../lib/gcc/arm-none-eabi/6.3.1/thumb/v7e-m/fpv4-sp/hard/crtbegin.o
 .ARM.attributes
                0x0000000000000056       0x20 /usr/local/bin/../lib/gcc/arm-none-eabi/6.3.1/../../../../arm-none-eabi/lib/thumb/v7e-m/fpv4-sp/hard/crt0.o
 .ARM.attributes
                0x0000000000000076       0x39 ./system/src/device.o
 .ARM.attributes
                0x00000000000000af       0x39 ./system/src/gpio.o
 .ARM.attributes
                0x00000000000000e8       0x39 ./system/src/ring-buffer.o
 .ARM.attributes
                0x0000000000000121       0x39 ./system/src/sbrk.o
 .ARM.attributes
                0x000000000000015a       0x39 ./system/src/stdio.o
 .ARM.attributes
                0x0000000000000193       0x39 ./system/src/time.o
 .ARM.attributes
                0x00000000000001cc       0x39 ./system/src/usart.o
 .ARM.attributes
                0x0000000000000205       0x39 ./src/board.o
 .ARM.attributes
                0x000000000000023e       0x39 ./src/lcd.o
 .ARM.attributes
                0x0000000000000277       0x39 ./src/main.o
 .ARM.attributes
                0x00000000000002b0       0x39 ./src/pwm.o
 .ARM.attributes
                0x00000000000002e9       0x39 ./platform/src/stm32f303xc_it.o
 .ARM.attributes
                0x0000000000000322       0x39 ./platform/src/system_stm32f303cx.o
 .ARM.attributes
                0x000000000000035b       0x34 /usr/local/bin/../lib/gcc/arm-none-eabi/6.3.1/../../../../arm-none-eabi/lib/thumb/v7e-m/fpv4-sp/hard/libg_nano.a(lib_a-calloc.o)
 .ARM.attributes
                0x000000000000038f       0x34 /usr/local/bin/../lib/gcc/arm-none-eabi/6.3.1/../../../../arm-none-eabi/lib/thumb/v7e-m/fpv4-sp/hard/libg_nano.a(lib_a-clock.o)
 .ARM.attributes
                0x00000000000003c3       0x34 /usr/local/bin/../lib/gcc/arm-none-eabi/6.3.1/../../../../arm-none-eabi/lib/thumb/v7e-m/fpv4-sp/hard/libg_nano.a(lib_a-exit.o)
 .ARM.attributes
                0x00000000000003f7       0x34 /usr/local/bin/../lib/gcc/arm-none-eabi/6.3.1/../../../../arm-none-eabi/lib/thumb/v7e-m/fpv4-sp/hard/libg_nano.a(lib_a-fdopen.o)
 .ARM.attributes
                0x000000000000042b       0x34 /usr/local/bin/../lib/gcc/arm-none-eabi/6.3.1/../../../../arm-none-eabi/lib/thumb/v7e-m/fpv4-sp/hard/libg_nano.a(lib_a-findfp.o)
 .ARM.attributes
                0x000000000000045f       0x34 /usr/local/bin/../lib/gcc/arm-none-eabi/6.3.1/../../../../arm-none-eabi/lib/thumb/v7e-m/fpv4-sp/hard/libg_nano.a(lib_a-flags.o)
 .ARM.attributes
                0x0000000000000493       0x34 /usr/local/bin/../lib/gcc/arm-none-eabi/6.3.1/../../../../arm-none-eabi/lib/thumb/v7e-m/fpv4-sp/hard/libg_nano.a(lib_a-fprintf.o)
 .ARM.attributes
                0x00000000000004c7       0x34 /usr/local/bin/../lib/gcc/arm-none-eabi/6.3.1/../../../../arm-none-eabi/lib/thumb/v7e-m/fpv4-sp/hard/libg_nano.a(lib_a-fwalk.o)
 .ARM.attributes
                0x00000000000004fb       0x34 /usr/local/bin/../lib/gcc/arm-none-eabi/6.3.1/../../../../arm-none-eabi/lib/thumb/v7e-m/fpv4-sp/hard/libg_nano.a(lib_a-fwrite.o)
 .ARM.attributes
                0x000000000000052f       0x34 /usr/local/bin/../lib/gcc/arm-none-eabi/6.3.1/../../../../arm-none-eabi/lib/thumb/v7e-m/fpv4-sp/hard/libg_nano.a(lib_a-gmtime_r.o)
 .ARM.attributes
                0x0000000000000563       0x34 /usr/local/bin/../lib/gcc/arm-none-eabi/6.3.1/../../../../arm-none-eabi/lib/thumb/v7e-m/fpv4-sp/hard/libg_nano.a(lib_a-impure.o)
 .ARM.attributes
                0x0000000000000597       0x34 /usr/local/bin/../lib/gcc/arm-none-eabi/6.3.1/../../../../arm-none-eabi/lib/thumb/v7e-m/fpv4-sp/hard/libg_nano.a(lib_a-init.o)
 .ARM.attributes
                0x00000000000005cb       0x34 /usr/local/bin/../lib/gcc/arm-none-eabi/6.3.1/../../../../arm-none-eabi/lib/thumb/v7e-m/fpv4-sp/hard/libg_nano.a(lib_a-lcltime_r.o)
 .ARM.attributes
                0x00000000000005ff       0x34 /usr/local/bin/../lib/gcc/arm-none-eabi/6.3.1/../../../../arm-none-eabi/lib/thumb/v7e-m/fpv4-sp/hard/libg_nano.a(lib_a-malloc.o)
 .ARM.attributes
                0x0000000000000633       0x34 /usr/local/bin/../lib/gcc/arm-none-eabi/6.3.1/../../../../arm-none-eabi/lib/thumb/v7e-m/fpv4-sp/hard/libg_nano.a(lib_a-memcpy-stub.o)
 .ARM.attributes
                0x0000000000000667       0x34 /usr/local/bin/../lib/gcc/arm-none-eabi/6.3.1/../../../../arm-none-eabi/lib/thumb/v7e-m/fpv4-sp/hard/libg_nano.a(lib_a-memset.o)
 .ARM.attributes
                0x000000000000069b       0x34 /usr/local/bin/../lib/gcc/arm-none-eabi/6.3.1/../../../../arm-none-eabi/lib/thumb/v7e-m/fpv4-sp/hard/libg_nano.a(lib_a-mktime.o)
 .ARM.attributes
                0x00000000000006cf       0x34 /usr/local/bin/../lib/gcc/arm-none-eabi/6.3.1/../../../../arm-none-eabi/lib/thumb/v7e-m/fpv4-sp/hard/libg_nano.a(lib_a-month_lengths.o)
 .ARM.attributes
                0x0000000000000703       0x34 /usr/local/bin/../lib/gcc/arm-none-eabi/6.3.1/../../../../arm-none-eabi/lib/thumb/v7e-m/fpv4-sp/hard/libg_nano.a(lib_a-nano-callocr.o)
 .ARM.attributes
                0x0000000000000737       0x34 /usr/local/bin/../lib/gcc/arm-none-eabi/6.3.1/../../../../arm-none-eabi/lib/thumb/v7e-m/fpv4-sp/hard/libg_nano.a(lib_a-nano-freer.o)
 .ARM.attributes
                0x000000000000076b       0x34 /usr/local/bin/../lib/gcc/arm-none-eabi/6.3.1/../../../../arm-none-eabi/lib/thumb/v7e-m/fpv4-sp/hard/libg_nano.a(lib_a-nano-mallocr.o)
 .ARM.attributes
                0x000000000000079f       0x34 /usr/local/bin/../lib/gcc/arm-none-eabi/6.3.1/../../../../arm-none-eabi/lib/thumb/v7e-m/fpv4-sp/hard/libg_nano.a(lib_a-nano-vfprintf.o)
 .ARM.attributes
                0x00000000000007d3       0x34 /usr/local/bin/../lib/gcc/arm-none-eabi/6.3.1/../../../../arm-none-eabi/lib/thumb/v7e-m/fpv4-sp/hard/libg_nano.a(lib_a-nano-vfprintf_i.o)
 .ARM.attributes
                0x0000000000000807       0x34 /usr/local/bin/../lib/gcc/arm-none-eabi/6.3.1/../../../../arm-none-eabi/lib/thumb/v7e-m/fpv4-sp/hard/libg_nano.a(lib_a-reent.o)
 .ARM.attributes
                0x000000000000083b       0x34 /usr/local/bin/../lib/gcc/arm-none-eabi/6.3.1/../../../../arm-none-eabi/lib/thumb/v7e-m/fpv4-sp/hard/libg_nano.a(lib_a-sbrkr.o)
 .ARM.attributes
                0x000000000000086f       0x34 /usr/local/bin/../lib/gcc/arm-none-eabi/6.3.1/../../../../arm-none-eabi/lib/thumb/v7e-m/fpv4-sp/hard/libg_nano.a(lib_a-setvbuf.o)
 .ARM.attributes
                0x00000000000008a3       0x34 /usr/local/bin/../lib/gcc/arm-none-eabi/6.3.1/../../../../arm-none-eabi/lib/thumb/v7e-m/fpv4-sp/hard/libg_nano.a(lib_a-snprintf.o)
 .ARM.attributes
                0x00000000000008d7       0x34 /usr/local/bin/../lib/gcc/arm-none-eabi/6.3.1/../../../../arm-none-eabi/lib/thumb/v7e-m/fpv4-sp/hard/libg_nano.a(lib_a-stdio.o)
 .ARM.attributes
                0x000000000000090b       0x34 /usr/local/bin/../lib/gcc/arm-none-eabi/6.3.1/../../../../arm-none-eabi/lib/thumb/v7e-m/fpv4-sp/hard/libg_nano.a(lib_a-strchr.o)
 .ARM.attributes
                0x000000000000093f       0x20 /usr/local/bin/../lib/gcc/arm-none-eabi/6.3.1/../../../../arm-none-eabi/lib/thumb/v7e-m/fpv4-sp/hard/libg_nano.a(lib_a-strcmp.o)
 .ARM.attributes
                0x000000000000095f       0x34 /usr/local/bin/../lib/gcc/arm-none-eabi/6.3.1/../../../../arm-none-eabi/lib/thumb/v7e-m/fpv4-sp/hard/libg_nano.a(lib_a-strftime.o)
 .ARM.attributes
                0x0000000000000993       0x1b /usr/local/bin/../lib/gcc/arm-none-eabi/6.3.1/../../../../arm-none-eabi/lib/thumb/v7e-m/fpv4-sp/hard/libg_nano.a(lib_a-strlen.o)
 .ARM.attributes
                0x00000000000009ae       0x34 /usr/local/bin/../lib/gcc/arm-none-eabi/6.3.1/../../../../arm-none-eabi/lib/thumb/v7e-m/fpv4-sp/hard/libg_nano.a(lib_a-strptime.o)
 .ARM.attributes
                0x00000000000009e2       0x34 /usr/local/bin/../lib/gcc/arm-none-eabi/6.3.1/../../../../arm-none-eabi/lib/thumb/v7e-m/fpv4-sp/hard/libg_nano.a(lib_a-strrchr.o)
 .ARM.attributes
                0x0000000000000a16       0x34 /usr/local/bin/../lib/gcc/arm-none-eabi/6.3.1/../../../../arm-none-eabi/lib/thumb/v7e-m/fpv4-sp/hard/libg_nano.a(lib_a-strtol.o)
 .ARM.attributes
                0x0000000000000a4a       0x34 /usr/local/bin/../lib/gcc/arm-none-eabi/6.3.1/../../../../arm-none-eabi/lib/thumb/v7e-m/fpv4-sp/hard/libg_nano.a(lib_a-strtoul.o)
 .ARM.attributes
                0x0000000000000a7e       0x34 /usr/local/bin/../lib/gcc/arm-none-eabi/6.3.1/../../../../arm-none-eabi/lib/thumb/v7e-m/fpv4-sp/hard/libg_nano.a(lib_a-sysclose.o)
 .ARM.attributes
                0x0000000000000ab2       0x34 /usr/local/bin/../lib/gcc/arm-none-eabi/6.3.1/../../../../arm-none-eabi/lib/thumb/v7e-m/fpv4-sp/hard/libg_nano.a(lib_a-syslseek.o)
 .ARM.attributes
                0x0000000000000ae6       0x34 /usr/local/bin/../lib/gcc/arm-none-eabi/6.3.1/../../../../arm-none-eabi/lib/thumb/v7e-m/fpv4-sp/hard/libg_nano.a(lib_a-sysopen.o)
 .ARM.attributes
                0x0000000000000b1a       0x34 /usr/local/bin/../lib/gcc/arm-none-eabi/6.3.1/../../../../arm-none-eabi/lib/thumb/v7e-m/fpv4-sp/hard/libg_nano.a(lib_a-syssbrk.o)
 .ARM.attributes
                0x0000000000000b4e       0x34 /usr/local/bin/../lib/gcc/arm-none-eabi/6.3.1/../../../../arm-none-eabi/lib/thumb/v7e-m/fpv4-sp/hard/libg_nano.a(lib_a-syswrite.o)
 .ARM.attributes
                0x0000000000000b82       0x34 /usr/local/bin/../lib/gcc/arm-none-eabi/6.3.1/../../../../arm-none-eabi/lib/thumb/v7e-m/fpv4-sp/hard/libg_nano.a(lib_a-time.o)
 .ARM.attributes
                0x0000000000000bb6       0x34 /usr/local/bin/../lib/gcc/arm-none-eabi/6.3.1/../../../../arm-none-eabi/lib/thumb/v7e-m/fpv4-sp/hard/libg_nano.a(lib_a-timelocal.o)
 .ARM.attributes
                0x0000000000000bea       0x34 /usr/local/bin/../lib/gcc/arm-none-eabi/6.3.1/../../../../arm-none-eabi/lib/thumb/v7e-m/fpv4-sp/hard/libg_nano.a(lib_a-timesr.o)
 .ARM.attributes
                0x0000000000000c1e       0x34 /usr/local/bin/../lib/gcc/arm-none-eabi/6.3.1/../../../../arm-none-eabi/lib/thumb/v7e-m/fpv4-sp/hard/libg_nano.a(lib_a-tzcalc_limits.o)
 .ARM.attributes
                0x0000000000000c52       0x34 /usr/local/bin/../lib/gcc/arm-none-eabi/6.3.1/../../../../arm-none-eabi/lib/thumb/v7e-m/fpv4-sp/hard/libg_nano.a(lib_a-tzlock.o)
 .ARM.attributes
                0x0000000000000c86       0x34 /usr/local/bin/../lib/gcc/arm-none-eabi/6.3.1/../../../../arm-none-eabi/lib/thumb/v7e-m/fpv4-sp/hard/libg_nano.a(lib_a-tzset.o)
 .ARM.attributes
                0x0000000000000cba       0x34 /usr/local/bin/../lib/gcc/arm-none-eabi/6.3.1/../../../../arm-none-eabi/lib/thumb/v7e-m/fpv4-sp/hard/libg_nano.a(lib_a-tzset_r.o)
 .ARM.attributes
                0x0000000000000cee       0x34 /usr/local/bin/../lib/gcc/arm-none-eabi/6.3.1/../../../../arm-none-eabi/lib/thumb/v7e-m/fpv4-sp/hard/libg_nano.a(lib_a-tzvars.o)
 .ARM.attributes
                0x0000000000000d22       0x34 /usr/local/bin/../lib/gcc/arm-none-eabi/6.3.1/../../../../arm-none-eabi/lib/thumb/v7e-m/fpv4-sp/hard/libg_nano.a(lib_a-wbuf.o)
 .ARM.attributes
                0x0000000000000d56       0x34 /usr/local/bin/../lib/gcc/arm-none-eabi/6.3.1/../../../../arm-none-eabi/lib/thumb/v7e-m/fpv4-sp/hard/libg_nano.a(lib_a-writer.o)
 .ARM.attributes
                0x0000000000000d8a       0x34 /usr/local/bin/../lib/gcc/arm-none-eabi/6.3.1/../../../../arm-none-eabi/lib/thumb/v7e-m/fpv4-sp/hard/libg_nano.a(lib_a-wsetup.o)
 .ARM.attributes
                0x0000000000000dbe       0x34 /usr/local/bin/../lib/gcc/arm-none-eabi/6.3.1/../../../../arm-none-eabi/lib/thumb/v7e-m/fpv4-sp/hard/libg_nano.a(lib_a-abs.o)
 .ARM.attributes
                0x0000000000000df2       0x34 /usr/local/bin/../lib/gcc/arm-none-eabi/6.3.1/../../../../arm-none-eabi/lib/thumb/v7e-m/fpv4-sp/hard/libg_nano.a(lib_a-closer.o)
 .ARM.attributes
                0x0000000000000e26       0x34 /usr/local/bin/../lib/gcc/arm-none-eabi/6.3.1/../../../../arm-none-eabi/lib/thumb/v7e-m/fpv4-sp/hard/libg_nano.a(lib_a-div.o)
 .ARM.attributes
                0x0000000000000e5a       0x34 /usr/local/bin/../lib/gcc/arm-none-eabi/6.3.1/../../../../arm-none-eabi/lib/thumb/v7e-m/fpv4-sp/hard/libg_nano.a(lib_a-fflush.o)
 .ARM.attributes
                0x0000000000000e8e       0x34 /usr/local/bin/../lib/gcc/arm-none-eabi/6.3.1/../../../../arm-none-eabi/lib/thumb/v7e-m/fpv4-sp/hard/libg_nano.a(lib_a-getenv_r.o)
 .ARM.attributes
                0x0000000000000ec2       0x34 /usr/local/bin/../lib/gcc/arm-none-eabi/6.3.1/../../../../arm-none-eabi/lib/thumb/v7e-m/fpv4-sp/hard/libg_nano.a(lib_a-gettimeofdayr.o)
 .ARM.attributes
                0x0000000000000ef6       0x34 /usr/local/bin/../lib/gcc/arm-none-eabi/6.3.1/../../../../arm-none-eabi/lib/thumb/v7e-m/fpv4-sp/hard/libg_nano.a(lib_a-gettzinfo.o)
 .ARM.attributes
                0x0000000000000f2a       0x34 /usr/local/bin/../lib/gcc/arm-none-eabi/6.3.1/../../../../arm-none-eabi/lib/thumb/v7e-m/fpv4-sp/hard/libg_nano.a(lib_a-labs.o)
 .ARM.attributes
                0x0000000000000f5e       0x34 /usr/local/bin/../lib/gcc/arm-none-eabi/6.3.1/../../../../arm-none-eabi/lib/thumb/v7e-m/fpv4-sp/hard/libg_nano.a(lib_a-locale.o)
 .ARM.attributes
                0x0000000000000f92       0x34 /usr/local/bin/../lib/gcc/arm-none-eabi/6.3.1/../../../../arm-none-eabi/lib/thumb/v7e-m/fpv4-sp/hard/libg_nano.a(lib_a-lseekr.o)
 .ARM.attributes
                0x0000000000000fc6       0x34 /usr/local/bin/../lib/gcc/arm-none-eabi/6.3.1/../../../../arm-none-eabi/lib/thumb/v7e-m/fpv4-sp/hard/libg_nano.a(lib_a-makebuf.o)
 .ARM.attributes
                0x0000000000000ffa       0x34 /usr/local/bin/../lib/gcc/arm-none-eabi/6.3.1/../../../../arm-none-eabi/lib/thumb/v7e-m/fpv4-sp/hard/libg_nano.a(lib_a-mbtowc_r.o)
 .ARM.attributes
                0x000000000000102e       0x20 /usr/local/bin/../lib/gcc/arm-none-eabi/6.3.1/../../../../arm-none-eabi/lib/thumb/v7e-m/fpv4-sp/hard/libg_nano.a(lib_a-memchr.o)
 .ARM.attributes
                0x000000000000104e       0x34 /usr/local/bin/../lib/gcc/arm-none-eabi/6.3.1/../../../../arm-none-eabi/lib/thumb/v7e-m/fpv4-sp/hard/libg_nano.a(lib_a-memmove.o)
 .ARM.attributes
                0x0000000000001082       0x34 /usr/local/bin/../lib/gcc/arm-none-eabi/6.3.1/../../../../arm-none-eabi/lib/thumb/v7e-m/fpv4-sp/hard/libg_nano.a(lib_a-mlock.o)
 .ARM.attributes
                0x00000000000010b6       0x34 /usr/local/bin/../lib/gcc/arm-none-eabi/6.3.1/../../../../arm-none-eabi/lib/thumb/v7e-m/fpv4-sp/hard/libg_nano.a(lib_a-nano-reallocr.o)
 .ARM.attributes
                0x00000000000010ea       0x34 /usr/local/bin/../lib/gcc/arm-none-eabi/6.3.1/../../../../arm-none-eabi/lib/thumb/v7e-m/fpv4-sp/hard/libg_nano.a(lib_a-nano-svfprintf.o)
 .ARM.attributes
                0x000000000000111e       0x34 /usr/local/bin/../lib/gcc/arm-none-eabi/6.3.1/../../../../arm-none-eabi/lib/thumb/v7e-m/fpv4-sp/hard/libg_nano.a(lib_a-openr.o)
 .ARM.attributes
                0x0000000000001152       0x34 /usr/local/bin/../lib/gcc/arm-none-eabi/6.3.1/../../../../arm-none-eabi/lib/thumb/v7e-m/fpv4-sp/hard/libg_nano.a(lib_a-readr.o)
 .ARM.attributes
                0x0000000000001186       0x34 /usr/local/bin/../lib/gcc/arm-none-eabi/6.3.1/../../../../arm-none-eabi/lib/thumb/v7e-m/fpv4-sp/hard/libg_nano.a(lib_a-sscanf.o)
 .ARM.attributes
                0x00000000000011ba       0x34 /usr/local/bin/../lib/gcc/arm-none-eabi/6.3.1/../../../../arm-none-eabi/lib/thumb/v7e-m/fpv4-sp/hard/libg_nano.a(lib_a-strcpy.o)
 .ARM.attributes
                0x00000000000011ee       0x34 /usr/local/bin/../lib/gcc/arm-none-eabi/6.3.1/../../../../arm-none-eabi/lib/thumb/v7e-m/fpv4-sp/hard/libg_nano.a(lib_a-strncasecmp_l.o)
 .ARM.attributes
                0x0000000000001222       0x34 /usr/local/bin/../lib/gcc/arm-none-eabi/6.3.1/../../../../arm-none-eabi/lib/thumb/v7e-m/fpv4-sp/hard/libg_nano.a(lib_a-strncmp.o)
 .ARM.attributes
                0x0000000000001256       0x34 /usr/local/bin/../lib/gcc/arm-none-eabi/6.3.1/../../../../arm-none-eabi/lib/thumb/v7e-m/fpv4-sp/hard/libg_nano.a(lib_a-tolower_l.o)
 .ARM.attributes
                0x000000000000128a       0x34 /usr/local/bin/../lib/gcc/arm-none-eabi/6.3.1/../../../../arm-none-eabi/lib/thumb/v7e-m/fpv4-sp/hard/libg_nano.a(lib_a-wctomb_r.o)
 .ARM.attributes
                0x00000000000012be       0x34 /usr/local/bin/../lib/gcc/arm-none-eabi/6.3.1/../../../../arm-none-eabi/lib/thumb/v7e-m/fpv4-sp/hard/libg_nano.a(lib_a-ctype_.o)
 .ARM.attributes
                0x00000000000012f2       0x34 /usr/local/bin/../lib/gcc/arm-none-eabi/6.3.1/../../../../arm-none-eabi/lib/thumb/v7e-m/fpv4-sp/hard/libg_nano.a(lib_a-environ.o)
 .ARM.attributes
                0x0000000000001326       0x34 /usr/local/bin/../lib/gcc/arm-none-eabi/6.3.1/../../../../arm-none-eabi/lib/thumb/v7e-m/fpv4-sp/hard/libg_nano.a(lib_a-envlock.o)
 .ARM.attributes
                0x000000000000135a       0x34 /usr/local/bin/../lib/gcc/arm-none-eabi/6.3.1/../../../../arm-none-eabi/lib/thumb/v7e-m/fpv4-sp/hard/libg_nano.a(lib_a-fstatr.o)
 .ARM.attributes
                0x000000000000138e       0x34 /usr/local/bin/../lib/gcc/arm-none-eabi/6.3.1/../../../../arm-none-eabi/lib/thumb/v7e-m/fpv4-sp/hard/libg_nano.a(lib_a-isattyr.o)
 .ARM.attributes
                0x00000000000013c2       0x34 /usr/local/bin/../lib/gcc/arm-none-eabi/6.3.1/../../../../arm-none-eabi/lib/thumb/v7e-m/fpv4-sp/hard/libg_nano.a(lib_a-nano-msizer.o)
 .ARM.attributes
                0x00000000000013f6       0x34 /usr/local/bin/../lib/gcc/arm-none-eabi/6.3.1/../../../../arm-none-eabi/lib/thumb/v7e-m/fpv4-sp/hard/libg_nano.a(lib_a-nano-svfscanf.o)
 .ARM.attributes
                0x000000000000142a       0x34 /usr/local/bin/../lib/gcc/arm-none-eabi/6.3.1/../../../../arm-none-eabi/lib/thumb/v7e-m/fpv4-sp/hard/libg_nano.a(lib_a-nano-vfscanf_i.o)
 .ARM.attributes
                0x000000000000145e       0x34 /usr/local/bin/../lib/gcc/arm-none-eabi/6.3.1/../../../../arm-none-eabi/lib/thumb/v7e-m/fpv4-sp/hard/libg_nano.a(lib_a-sccl.o)
 .ARM.attributes
                0x0000000000001492       0x34 /usr/local/bin/../lib/gcc/arm-none-eabi/6.3.1/../../../../arm-none-eabi/lib/thumb/v7e-m/fpv4-sp/hard/libg_nano.a(lib_a-ungetc.o)
 .ARM.attributes
                0x00000000000014c6       0x22 /usr/local/bin/../lib/gcc/arm-none-eabi/6.3.1/thumb/v7e-m/fpv4-sp/hard/crtn.o

.comment        0x0000000000000000       0x7f
 .comment       0x0000000000000000       0x7f ./system/src/device.o
                                         0x80 (size before relaxing)
 .comment       0x000000000000007f       0x80 ./system/src/gpio.o
 .comment       0x000000000000007f       0x80 ./system/src/ring-buffer.o
 .comment       0x000000000000007f       0x80 ./system/src/sbrk.o
 .comment       0x000000000000007f       0x80 ./system/src/stdio.o
 .comment       0x000000000000007f       0x80 ./system/src/time.o
 .comment       0x000000000000007f       0x80 ./system/src/usart.o
 .comment       0x000000000000007f       0x80 ./src/board.o
 .comment       0x000000000000007f       0x80 ./src/lcd.o
 .comment       0x000000000000007f       0x80 ./src/main.o
 .comment       0x000000000000007f       0x80 ./src/pwm.o
 .comment       0x000000000000007f       0x80 ./platform/src/stm32f303xc_it.o
 .comment       0x000000000000007f       0x80 ./platform/src/system_stm32f303cx.o

.debug_info     0x0000000000000000     0xb9f3
 .debug_info    0x0000000000000000     0x1736 ./system/src/device.o
 .debug_info    0x0000000000001736      0x5c7 ./system/src/gpio.o
 .debug_info    0x0000000000001cfd      0xafe ./system/src/ring-buffer.o
 .debug_info    0x00000000000027fb      0x99e ./system/src/sbrk.o
 .debug_info    0x0000000000003199      0xa68 ./system/src/stdio.o
 .debug_info    0x0000000000003c01     0x1a6a ./system/src/time.o
 .debug_info    0x000000000000566b     0x1a00 ./system/src/usart.o
 .debug_info    0x000000000000706b      0xc0f ./src/board.o
 .debug_info    0x0000000000007c7a     0x1832 ./src/lcd.o
 .debug_info    0x00000000000094ac     0x104c ./src/main.o
 .debug_info    0x000000000000a4f8      0x32c ./src/pwm.o
 .debug_info    0x000000000000a824      0xebc ./platform/src/stm32f303xc_it.o
 .debug_info    0x000000000000b6e0      0x313 ./platform/src/system_stm32f303cx.o

.debug_abbrev   0x0000000000000000     0x2256
 .debug_abbrev  0x0000000000000000      0x43c ./system/src/device.o
 .debug_abbrev  0x000000000000043c      0x1df ./system/src/gpio.o
 .debug_abbrev  0x000000000000061b      0x251 ./system/src/ring-buffer.o
 .debug_abbrev  0x000000000000086c      0x1de ./system/src/sbrk.o
 .debug_abbrev  0x0000000000000a4a      0x1f0 ./system/src/stdio.o
 .debug_abbrev  0x0000000000000c3a      0x434 ./system/src/time.o
 .debug_abbrev  0x000000000000106e      0x466 ./system/src/usart.o
 .debug_abbrev  0x00000000000014d4      0x267 ./src/board.o
 .debug_abbrev  0x000000000000173b      0x39a ./src/lcd.o
 .debug_abbrev  0x0000000000001ad5      0x2c6 ./src/main.o
 .debug_abbrev  0x0000000000001d9b       0xeb ./src/pwm.o
 .debug_abbrev  0x0000000000001e86      0x29b ./platform/src/stm32f303xc_it.o
 .debug_abbrev  0x0000000000002121      0x135 ./platform/src/system_stm32f303cx.o

.debug_loc      0x0000000000000000     0x29f2
 .debug_loc     0x0000000000000000      0xc15 ./system/src/device.o
 .debug_loc     0x0000000000000c15      0x3fa ./system/src/gpio.o
 .debug_loc     0x000000000000100f      0x1ec ./system/src/ring-buffer.o
 .debug_loc     0x00000000000011fb       0xb6 ./system/src/sbrk.o
 .debug_loc     0x00000000000012b1       0x3f ./system/src/stdio.o
 .debug_loc     0x00000000000012f0      0x905 ./system/src/time.o
 .debug_loc     0x0000000000001bf5      0x4ab ./system/src/usart.o
 .debug_loc     0x00000000000020a0       0xbc ./src/board.o
 .debug_loc     0x000000000000215c      0x815 ./src/lcd.o
 .debug_loc     0x0000000000002971       0x35 ./src/main.o
 .debug_loc     0x00000000000029a6       0x13 ./platform/src/stm32f303xc_it.o
 .debug_loc     0x00000000000029b9       0x39 ./platform/src/system_stm32f303cx.o

.debug_aranges  0x0000000000000000      0x378
 .debug_aranges
                0x0000000000000000       0x78 ./system/src/device.o
 .debug_aranges
                0x0000000000000078       0x40 ./system/src/gpio.o
 .debug_aranges
                0x00000000000000b8       0x58 ./system/src/ring-buffer.o
 .debug_aranges
                0x0000000000000110       0x20 ./system/src/sbrk.o
 .debug_aranges
                0x0000000000000130       0x20 ./system/src/stdio.o
 .debug_aranges
                0x0000000000000150       0x70 ./system/src/time.o
 .debug_aranges
                0x00000000000001c0       0x80 ./system/src/usart.o
 .debug_aranges
                0x0000000000000240       0x28 ./src/board.o
 .debug_aranges
                0x0000000000000268       0x70 ./src/lcd.o
 .debug_aranges
                0x00000000000002d8       0x20 ./src/main.o
 .debug_aranges
                0x00000000000002f8       0x28 ./src/pwm.o
 .debug_aranges
                0x0000000000000320       0x30 ./platform/src/stm32f303xc_it.o
 .debug_aranges
                0x0000000000000350       0x28 ./platform/src/system_stm32f303cx.o

.debug_ranges   0x0000000000000000      0x6b8
 .debug_ranges  0x0000000000000000      0x1d8 ./system/src/device.o
 .debug_ranges  0x00000000000001d8       0x90 ./system/src/gpio.o
 .debug_ranges  0x0000000000000268       0x48 ./system/src/ring-buffer.o
 .debug_ranges  0x00000000000002b0       0x10 ./system/src/sbrk.o
 .debug_ranges  0x00000000000002c0       0x10 ./system/src/stdio.o
 .debug_ranges  0x00000000000002d0      0x1c8 ./system/src/time.o
 .debug_ranges  0x0000000000000498      0x100 ./system/src/usart.o
 .debug_ranges  0x0000000000000598       0x18 ./src/board.o
 .debug_ranges  0x00000000000005b0       0x90 ./src/lcd.o
 .debug_ranges  0x0000000000000640       0x28 ./src/main.o
 .debug_ranges  0x0000000000000668       0x18 ./src/pwm.o
 .debug_ranges  0x0000000000000680       0x20 ./platform/src/stm32f303xc_it.o
 .debug_ranges  0x00000000000006a0       0x18 ./platform/src/system_stm32f303cx.o

.debug_macro    0x0000000000000000     0xe502
 .debug_macro   0x0000000000000000      0x2b6 ./system/src/device.o
 .debug_macro   0x00000000000002b6      0x8aa ./system/src/device.o
 .debug_macro   0x0000000000000b60       0x22 ./system/src/device.o
 .debug_macro   0x0000000000000b82       0x87 ./system/src/device.o
 .debug_macro   0x0000000000000c09       0x51 ./system/src/device.o
 .debug_macro   0x0000000000000c5a       0xef ./system/src/device.o
 .debug_macro   0x0000000000000d49       0x6a ./system/src/device.o
 .debug_macro   0x0000000000000db3      0x1df ./system/src/device.o
 .debug_macro   0x0000000000000f92      0x174 ./system/src/device.o
 .debug_macro   0x0000000000001106       0x58 ./system/src/device.o
 .debug_macro   0x000000000000115e       0x35 ./system/src/device.o
 .debug_macro   0x0000000000001193       0x9c ./system/src/device.o
 .debug_macro   0x000000000000122f      0x330 ./system/src/device.o
 .debug_macro   0x000000000000155f       0x10 ./system/src/device.o
 .debug_macro   0x000000000000156f       0x58 ./system/src/device.o
 .debug_macro   0x00000000000015c7       0x1f ./system/src/device.o
 .debug_macro   0x00000000000015e6       0x43 ./system/src/device.o
 .debug_macro   0x0000000000001629       0x20 ./system/src/device.o
 .debug_macro   0x0000000000001649       0x1c ./system/src/device.o
 .debug_macro   0x0000000000001665       0x52 ./system/src/device.o
 .debug_macro   0x00000000000016b7       0x40 ./system/src/device.o
 .debug_macro   0x00000000000016f7       0x10 ./system/src/device.o
 .debug_macro   0x0000000000001707       0x40 ./system/src/device.o
 .debug_macro   0x0000000000001747       0xd7 ./system/src/device.o
 .debug_macro   0x000000000000181e      0x187 ./system/src/device.o
 .debug_macro   0x00000000000019a5       0x10 ./system/src/device.o
 .debug_macro   0x00000000000019b5       0x35 ./system/src/device.o
 .debug_macro   0x00000000000019ea       0x10 ./system/src/device.o
 .debug_macro   0x00000000000019fa       0x10 ./system/src/device.o
 .debug_macro   0x0000000000001a0a       0x35 ./system/src/device.o
 .debug_macro   0x0000000000001a3f      0x122 ./system/src/device.o
 .debug_macro   0x0000000000001b61       0x10 ./system/src/device.o
 .debug_macro   0x0000000000001b71       0x88 ./system/src/device.o
 .debug_macro   0x0000000000001bf9       0x16 ./system/src/device.o
 .debug_macro   0x0000000000001c0f       0x16 ./system/src/device.o
 .debug_macro   0x0000000000001c25       0x29 ./system/src/device.o
 .debug_macro   0x0000000000001c4e       0x16 ./system/src/device.o
 .debug_macro   0x0000000000001c64       0x58 ./system/src/device.o
 .debug_macro   0x0000000000001cbc       0x16 ./system/src/device.o
 .debug_macro   0x0000000000001cd2      0x51a ./system/src/device.o
 .debug_macro   0x00000000000021ec      0x1da ./system/src/device.o
 .debug_macro   0x00000000000023c6       0x10 ./system/src/device.o
 .debug_macro   0x00000000000023d6       0x10 ./system/src/device.o
 .debug_macro   0x00000000000023e6      0x241 ./system/src/device.o
 .debug_macro   0x0000000000002627       0xfd ./system/src/gpio.o
 .debug_macro   0x0000000000002724       0x22 ./system/src/gpio.o
 .debug_macro   0x0000000000002746      0x118 ./system/src/gpio.o
 .debug_macro   0x000000000000285e       0x28 ./system/src/gpio.o
 .debug_macro   0x0000000000002886       0x28 ./system/src/gpio.o
 .debug_macro   0x00000000000028ae       0x1c ./system/src/gpio.o
 .debug_macro   0x00000000000028ca       0x22 ./system/src/gpio.o
 .debug_macro   0x00000000000028ec       0xd3 ./system/src/gpio.o
 .debug_macro   0x00000000000029bf      0xfe0 ./system/src/gpio.o
 .debug_macro   0x000000000000399f       0xe2 ./system/src/gpio.o
 .debug_macro   0x0000000000003a81       0x10 ./system/src/gpio.o
 .debug_macro   0x0000000000003a91     0x822c ./system/src/gpio.o
 .debug_macro   0x000000000000bcbd       0x43 ./system/src/gpio.o
 .debug_macro   0x000000000000bd00      0x1ae ./system/src/ring-buffer.o
 .debug_macro   0x000000000000beae      0x1e5 ./system/src/sbrk.o
 .debug_macro   0x000000000000c093       0x52 ./system/src/sbrk.o
 .debug_macro   0x000000000000c0e5       0x8d ./system/src/sbrk.o
 .debug_macro   0x000000000000c172      0x10e ./system/src/sbrk.o
 .debug_macro   0x000000000000c280       0x8d ./system/src/sbrk.o
 .debug_macro   0x000000000000c30d       0x57 ./system/src/sbrk.o
 .debug_macro   0x000000000000c364      0x201 ./system/src/stdio.o
 .debug_macro   0x000000000000c565      0x1d4 ./system/src/stdio.o
 .debug_macro   0x000000000000c739       0x1c ./system/src/stdio.o
 .debug_macro   0x000000000000c755       0x10 ./system/src/stdio.o
 .debug_macro   0x000000000000c765       0x10 ./system/src/stdio.o
 .debug_macro   0x000000000000c775       0x16 ./system/src/stdio.o
 .debug_macro   0x000000000000c78b      0x176 ./system/src/stdio.o
 .debug_macro   0x000000000000c901      0x297 ./system/src/time.o
 .debug_macro   0x000000000000cb98       0xd9 ./system/src/time.o
 .debug_macro   0x000000000000cc71       0x16 ./system/src/time.o
 .debug_macro   0x000000000000cc87       0x10 ./system/src/time.o
 .debug_macro   0x000000000000cc97      0x32a ./system/src/time.o
 .debug_macro   0x000000000000cfc1      0x2fb ./system/src/usart.o