Archive member included to satisfy reference by file (symbol)

/usr/local/bin/../lib/gcc/arm-none-eabi/6.3.1/../../../../arm-none-eabi/lib/thumb/v7e-m/fpv4-sp/hard/libg_nano.a(lib_a-calloc.o)
                              ./system/src/ring-buffer.o (calloc)
/usr/local/bin/../lib/gcc/arm-none-eabi/6.3.1/../../../../arm-none-eabi/lib/thumb/v7e-m/fpv4-sp/hard/libg_nano.a(lib_a-exit.o)
                              /usr/local/bin/../lib/gcc/arm-none-eabi/6.3.1/../../../../arm-none-eabi/lib/thumb/v7e-m/fpv4-sp/hard/crt0.o (exit)
/usr/local/bin/../lib/gcc/arm-none-eabi/6.3.1/../../../../arm-none-eabi/lib/thumb/v7e-m/fpv4-sp/hard/libg_nano.a(lib_a-fopen.o)
                              ./src/main.o (fopen)
/usr/local/bin/../lib/gcc/arm-none-eabi/6.3.1/../../../../arm-none-eabi/lib/thumb/v7e-m/fpv4-sp/hard/libg_nano.a(lib_a-fprintf.o)
                              ./src/main.o (fprintf)
/usr/local/bin/../lib/gcc/arm-none-eabi/6.3.1/../../../../arm-none-eabi/lib/thumb/v7e-m/fpv4-sp/hard/libg_nano.a(lib_a-fseek.o)
                              /usr/local/bin/../lib/gcc/arm-none-eabi/6.3.1/../../../../arm-none-eabi/lib/thumb/v7e-m/fpv4-sp/hard/libg_nano.a(lib_a-fopen.o) (_fseek_r)
/usr/local/bin/../lib/gcc/arm-none-eabi/6.3.1/../../../../arm-none-eabi/lib/thumb/v7e-m/fpv4-sp/hard/libg_nano.a(lib_a-fseeko.o)
                              /usr/local/bin/../lib/gcc/arm-none-eabi/6.3.1/../../../../arm-none-eabi/lib/thumb/v7e-m/fpv4-sp/hard/libg_nano.a(lib_a-fseek.o) (_fseeko_r)
/usr/local/bin/../lib/gcc/arm-none-eabi/6.3.1/../../../../arm-none-eabi/lib/thumb/v7e-m/fpv4-sp/hard/libg_nano.a(lib_a-fwrite.o)
                              ./src/main.o (fwrite)
/usr/local/bin/../lib/gcc/arm-none-eabi/6.3.1/../../../../arm-none-eabi/lib/thumb/v7e-m/fpv4-sp/hard/libg_nano.a(lib_a-gmtime_r.o)
                              ./system/src/time.o (gmtime_r)
/usr/local/bin/../lib/gcc/arm-none-eabi/6.3.1/../../../../arm-none-eabi/lib/thumb/v7e-m/fpv4-sp/hard/libg_nano.a(lib_a-impure.o)
                              /usr/local/bin/../lib/gcc/arm-none-eabi/6.3.1/../../../../arm-none-eabi/lib/thumb/v7e-m/fpv4-sp/hard/libg_nano.a(lib_a-exit.o) (_global_impure_ptr)
/usr/local/bin/../lib/gcc/arm-none-eabi/6.3.1/../../../../arm-none-eabi/lib/thumb/v7e-m/fpv4-sp/hard/libg_nano.a(lib_a-init.o)
                              /usr/local/bin/../lib/gcc/arm-none-eabi/6.3.1/../../../../arm-none-eabi/lib/thumb/v7e-m/fpv4-sp/hard/crt0.o (__libc_init_array)
/usr/local/bin/../lib/gcc/arm-none-eabi/6.3.1/../../../../arm-none-eabi/lib/thumb/v7e-m/fpv4-sp/hard/libg_nano.a(lib_a-makebuf.o)
                              /usr/local/bin/../lib/gcc/arm-none-eabi/6.3.1/../../../../arm-none-eabi/lib/thumb/v7e-m/fpv4-sp/hard/libg_nano.a(lib_a-fseeko.o) (__smakebuf_r)
/usr/local/bin/../lib/gcc/arm-none-eabi/6.3.1/../../../../arm-none-eabi/lib/thumb/v7e-m/fpv4-sp/hard/libg_nano.a(lib_a-malloc.o)
                              ./system/src/ring-buffer.o (free)
/usr/local/bin/../lib/gcc/arm-none-eabi/6.3.1/../../../../arm-none-eabi/lib/thumb/v7e-m/fpv4-sp/hard/libg_nano.a(lib_a-memcpy-stub.o)
                              ./platform/src/stm32f303xc_it.o (memcpy)
/usr/local/bin/../lib/gcc/arm-none-eabi/6.3.1/../../../../arm-none-eabi/lib/thumb/v7e-m/fpv4-sp/hard/libg_nano.a(lib_a-memset.o)
                              /usr/local/bin/../lib/gcc/arm-none-eabi/6.3.1/../../../../arm-none-eabi/lib/thumb/v7e-m/fpv4-sp/hard/crt0.o (memset)
/usr/local/bin/../lib/gcc/arm-none-eabi/6.3.1/../../../../arm-none-eabi/lib/thumb/v7e-m/fpv4-sp/hard/libg_nano.a(lib_a-mktime.o)
                              ./system/src/time.o (mktime)
/usr/local/bin/../lib/gcc/arm-none-eabi/6.3.1/../../../../arm-none-eabi/lib/thumb/v7e-m/fpv4-sp/hard/libg_nano.a(lib_a-nano-callocr.o)
                              /usr/local/bin/../lib/gcc/arm-none-eabi/6.3.1/../../../../arm-none-eabi/lib/thumb/v7e-m/fpv4-sp/hard/libg_nano.a(lib_a-calloc.o) (_calloc_r)
/usr/local/bin/../lib/gcc/arm-none-eabi/6.3.1/../../../../arm-none-eabi/lib/thumb/v7e-m/fpv4-sp/hard/libg_nano.a(lib_a-nano-freer.o)
                              /usr/local/bin/../lib/gcc/arm-none-eabi/6.3.1/../../../../arm-none-eabi/lib/thumb/v7e-m/fpv4-sp/hard/libg_nano.a(lib_a-fseeko.o) (_free_r)
/usr/local/bin/../lib/gcc/arm-none-eabi/6.3.1/../../../../arm-none-eabi/lib/thumb/v7e-m/fpv4-sp/hard/libg_nano.a(lib_a-nano-mallocr.o)
                              /usr/local/bin/../lib/gcc/arm-none-eabi/6.3.1/../../../../arm-none-eabi/lib/thumb/v7e-m/fpv4-sp/hard/libg_nano.a(lib_a-makebuf.o) (_malloc_r)
/usr/local/bin/../lib/gcc/arm-none-eabi/6.3.1/../../../../arm-none-eabi/lib/thumb/v7e-m/fpv4-sp/hard/libg_nano.a(lib_a-nano-vfprintf.o)
                              /usr/local/bin/../lib/gcc/arm-none-eabi/6.3.1/../../../../arm-none-eabi/lib/thumb/v7e-m/fpv4-sp/hard/libg_nano.a(lib_a-fprintf.o) (_vfprintf_r)
/usr/local/bin/../lib/gcc/arm-none-eabi/6.3.1/../../../../arm-none-eabi/lib/thumb/v7e-m/fpv4-sp/hard/libg_nano.a(lib_a-nano-vfprintf_i.o)
[...]
Memory Configuration

Name             Origin             Length             Attributes
IROM             0x0000000008000000 0x0000000000040000 xr
IRAM             0x0000000020000000 0x000000000000a000 rw
CCM              0x0000000010000000 0x0000000000002000 xrw
*default*        0x0000000000000000 0xffffffffffffffff

Linker script and memory map

LOAD /usr/local/bin/../lib/gcc/arm-none-eabi/6.3.1/thumb/v7e-m/fpv4-sp/hard/crti.o
LOAD /usr/local/bin/../lib/gcc/arm-none-eabi/6.3.1/thumb/v7e-m/fpv4-sp/hard/crtbegin.o
LOAD /usr/local/bin/../lib/gcc/arm-none-eabi/6.3.1/../../../../arm-none-eabi/lib/thumb/v7e-m/fpv4-sp/hard/crt0.o
LOAD ./system/src/device.o
LOAD ./system/src/gpio.o
LOAD ./system/src/ring-buffer.o
LOAD ./system/src/sbrk.o
LOAD ./system/src/stdio.o
LOAD ./system/src/time.o
LOAD ./system/src/usart.o
LOAD ./src/board.o
LOAD ./src/lcd.o
LOAD ./src/main.o
LOAD ./src/pwm.o
LOAD ./platform/src/stm32f303xc_it.o
LOAD ./platform/src/system_stm32f303cx.o
LOAD /Users/technix/Developer/Eclipse/default/LCDClock/cmsis/lib/libarm_cortexM4lf_math.a
LOAD /usr/local/bin/../lib/gcc/arm-none-eabi/6.3.1/../../../../arm-none-eabi/lib/thumb/v7e-m/fpv4-sp/hard/libstdc++_nano.a
LOAD /usr/local/bin/../lib/gcc/arm-none-eabi/6.3.1/../../../../arm-none-eabi/lib/thumb/v7e-m/fpv4-sp/hard/libm.a
START GROUP
LOAD /usr/local/bin/../lib/gcc/arm-none-eabi/6.3.1/thumb/v7e-m/fpv4-sp/hard/libgcc.a
LOAD /usr/local/bin/../lib/gcc/arm-none-eabi/6.3.1/../../../../arm-none-eabi/lib/thumb/v7e-m/fpv4-sp/hard/libg_nano.a
LOAD /usr/local/bin/../lib/gcc/arm-none-eabi/6.3.1/../../../../arm-none-eabi/lib/thumb/v7e-m/fpv4-sp/hard/libc_nano.a
END GROUP
START GROUP
LOAD /usr/local/bin/../lib/gcc/arm-none-eabi/6.3.1/thumb/v7e-m/fpv4-sp/hard/libgcc.a
LOAD /usr/local/bin/../lib/gcc/arm-none-eabi/6.3.1/../../../../arm-none-eabi/lib/thumb/v7e-m/fpv4-sp/hard/libc_nano.a
END GROUP
LOAD /usr/local/bin/../lib/gcc/arm-none-eabi/6.3.1/thumb/v7e-m/fpv4-sp/hard/crtend.o
LOAD /usr/local/bin/../lib/gcc/arm-none-eabi/6.3.1/thumb/v7e-m/fpv4-sp/hard/crtn.o
                0x0000000008000000                . = ORIGIN (IROM)

.vector         0x0000000010000000      0x188 load address 0x0000000008000000
                0x0000000010000000                PROVIDE (__vector_start, .)
 *(.vector)
 .vector        0x0000000010000000      0x188 ./platform/src/stm32f303xc_it.o
                0x0000000010000000                isr_vector
                0x0000000000000001                ASSERT ((. != __vector_start), The interrupt vector is missing.)
                0x0000000010000188                . = ALIGN (0x4)

.text           0x0000000008000190     0x4b18
 *(.text*)
 .text          0x0000000008000190       0x6c /usr/local/bin/../lib/gcc/arm-none-eabi/6.3.1/thumb/v7e-m/fpv4-sp/hard/crtbegin.o
 .text          0x00000000080001fc       0x74 /usr/local/bin/../lib/gcc/arm-none-eabi/6.3.1/../../../../arm-none-eabi/lib/thumb/v7e-m/fpv4-sp/hard/crt0.o
                0x00000000080001fc                _mainCRTStartup
                0x00000000080001fc                _start
 .text.devices_init
                0x0000000008000270       0x3c ./system/src/device.o
                0x0000000008000270                devices_init
 .text._open    0x00000000080002ac      0x110 ./system/src/device.o
                0x00000000080002ac                _open
 .text._close   0x00000000080003bc       0x78 ./system/src/device.o
                0x00000000080003bc                _close
 .text._read    0x0000000008000434       0x6c ./system/src/device.o
                0x0000000008000434                _read
 .text._write   0x00000000080004a0       0x6c ./system/src/device.o
                0x00000000080004a0                _write
 .text.dup2     0x000000000800050c       0x84 ./system/src/device.o
                0x000000000800050c                dup2
 .text._fstat   0x0000000008000590       0x58 ./system/src/device.o
                0x0000000008000590                _fstat
 .text._lseek   0x00000000080005e8       0x58 ./system/src/device.o
                0x00000000080005e8                _lseek
 .text._isatty  0x0000000008000640       0x58 ./system/src/device.o
                0x0000000008000640                _isatty
 .text.GPIO_Initialize
                0x0000000008000698       0x10 ./system/src/gpio.o
                0x0000000008000698                GPIO_Initialize
 .text.pinMode  0x00000000080006a8       0xc0 ./system/src/gpio.o
                0x00000000080006a8                pinMode
 .text.digitalWrite
                0x0000000008000768       0x38 ./system/src/gpio.o
                0x0000000008000768                digitalWrite
 .text.ring_buffer_init
                0x00000000080007a0       0x26 ./system/src/ring-buffer.o
                0x00000000080007a0                ring_buffer_init
 .text.ring_buffer_dealloc
                0x00000000080007c6       0x16 ./system/src/ring-buffer.o
                0x00000000080007c6                ring_buffer_dealloc
 .text.ring_buffer_putchar
                0x00000000080007dc       0x3e ./system/src/ring-buffer.o
                0x00000000080007dc                ring_buffer_putchar
 .text.ring_buffer_getchar
                0x000000000800081a       0x32 ./system/src/ring-buffer.o
                0x000000000800081a                ring_buffer_getchar
 .text.ring_buffer_getlength
                0x000000000800084c       0x1e ./system/src/ring-buffer.o
                0x000000000800084c                ring_buffer_getlength
 .text.ring_buffer_getspace
                0x000000000800086a        0xe ./system/src/ring-buffer.o
                0x000000000800086a                ring_buffer_getspace
 .text._sbrk    0x0000000008000878       0x40 ./system/src/sbrk.o
                0x0000000008000878                _sbrk
 .text.stdio_init
                0x00000000080008b8       0x78 ./system/src/stdio.o
                0x00000000080008b8                stdio_init
 .text.systick_init
                0x0000000008000930       0x3c ./system/src/time.o
                0x0000000008000930                systick_init
 .text.sleep    0x000000000800096c       0x28 ./system/src/time.o
                0x000000000800096c                sleep
 .text.usleep   0x0000000008000994       0x74 ./system/src/time.o
                0x0000000008000994                usleep
 .text.settimeofday
                0x0000000008000a08      0x1f0 ./system/src/time.o
                0x0000000008000a08                settimeofday
 .text.rtc_init
                0x0000000008000bf8       0x74 ./system/src/time.o
                0x0000000008000bf8                rtc_init
 .text.usart_poll
                0x0000000008000c6c        0x6 ./system/src/usart.o
 .text.usart_fstat
                0x0000000008000c72       0x2a ./system/src/usart.o
 .text.usart_isatty
                0x0000000008000c9c        0x4 ./system/src/usart.o
 .text.usart_ioctl
                0x0000000008000ca0       0xac ./system/src/usart.o
 .text.usart_write
                0x0000000008000d4c       0x4e ./system/src/usart.o
 *fill*         0x0000000008000d9a        0x2 ff
 .text.usart_read
                0x0000000008000d9c       0x50 ./system/src/usart.o
 .text.usart_open
                0x0000000008000dec       0xdc ./system/src/usart.o
 .text.usart_close
                0x0000000008000ec8       0x88 ./system/src/usart.o
 .text.usart_init
                0x0000000008000f50       0x2c ./system/src/usart.o
                0x0000000008000f50                usart_init
 .text.board_init
                0x0000000008000f7c       0x28 ./src/board.o
                0x0000000008000f7c                board_init
 .text.board_id_init
                0x0000000008000fa4       0xf4 ./src/board.o
                0x0000000008000fa4                board_id_init
 .text.lcd_fstat
                0x0000000008001098       0x2a ./src/lcd.o
 .text.lcd_isatty
                0x00000000080010c2        0x4 ./src/lcd.o
 .text.lcd_write_value
                0x00000000080010c6       0x5a ./src/lcd.o
 .text.lcd_lseek
                0x0000000008001120       0x78 ./src/lcd.o
 .text.lcd_write
                0x0000000008001198       0x40 ./src/lcd.o
 .text.lcd_close
                0x00000000080011d8       0x18 ./src/lcd.o
 .text.lcd_read_value
                0x00000000080011f0       0x62 ./src/lcd.o
 *fill*         0x0000000008001252        0x2 ff
 .text.lcd_read
                0x0000000008001254       0x40 ./src/lcd.o
 .text.lcd_open
                0x0000000008001294       0x66 ./src/lcd.o
 *fill*         0x00000000080012fa        0x2 ff
 .text.lcd_ioctl
                0x00000000080012fc      0x20c ./src/lcd.o
 .text.main     0x0000000008001508       0xd4 ./src/main.o
                0x0000000008001508                main
 .text.pwm_init
                0x00000000080015dc       0x40 ./src/pwm.o
                0x00000000080015dc                pwm_init
 .text.analogWrite
                0x000000000800161c        0xc ./src/pwm.o
                0x000000000800161c                analogWrite
 .text._exit    0x0000000008001628       0x24 ./platform/src/stm32f303xc_it.o
                0x0000000008001628                _exit
 .text.Reset_Handler
                0x000000000800164c       0xac ./platform/src/stm32f303xc_it.o
                0x000000000800164c                Reset_Handler
 .text.Default_Handler
                0x00000000080016f8       0x2c ./platform/src/stm32f303xc_it.o
                0x00000000080016f8                DebugMonitor_Handler
                0x00000000080016f8                FLASH_Handler
                0x00000000080016f8                SVCall_Handler
                0x00000000080016f8                HardFault_Handler
                0x00000000080016f8                TIM1_BRK_TIM15_Handler
                0x00000000080016f8                DMA1_Channel7_Handler
                0x00000000080016f8                COMP4_5_6_Handler
                0x00000000080016f8                PendSV_Handler
                0x00000000080016f8                USB_HP_Handler
                0x00000000080016f8                DMA1_Channel6_Handler
                0x00000000080016f8                DMA2_Channel5_Handler
                0x00000000080016f8                TIM6_DAC_Handler
                0x00000000080016f8                EXTI15_10_Handler
                0x00000000080016f8                NonMaskableInt_Handler
                0x00000000080016f8                DMA2_Channel1_Handler
                0x00000000080016f8                I2C1_EV_Handler
                0x00000000080016f8                ADC1_2_Handler
                0x00000000080016f8                TAMP_STAMP_Handler
                0x00000000080016f8                WWDG_Handler
                0x00000000080016f8                EXTI4_Handler
                0x00000000080016f8                DMA2_Channel4_Handler
                0x00000000080016f8                DMA1_Channel1_Handler
                0x00000000080016f8                I2C1_ER_Handler
                0x00000000080016f8                UsageFault_Handler
                0x00000000080016f8                TIM1_CC_Handler
                0x00000000080016f8                I2C2_ER_Handler
                0x00000000080016f8                TIM8_CC_Handler
                0x00000000080016f8                TIM8_BRK_Handler
                0x00000000080016f8                USB_HP_CAN_TX_Handler
                0x00000000080016f8                CAN_RX1_Handler
                0x00000000080016f8                EXTI1_Handler
                0x00000000080016f8                TIM8_TRG_COM_Handler
                0x00000000080016f8                EXTI3_Handler
                0x00000000080016f8                USB_LP_CAN_RX0_Handler
                0x00000000080016f8                UART4_Handler
                0x00000000080016f8                TIM1_TRG_COM_TIM17_Handler
                0x00000000080016f8                EXTI9_5_Handler
                0x00000000080016f8                COMP7_Handler
                0x00000000080016f8                TIM2_Handler
                0x00000000080016f8                DMA1_Channel4_Handler
                0x00000000080016f8                TIM3_Handler
                0x00000000080016f8                CAN_SCE_Handler
                0x00000000080016f8                Default_Handler
                0x00000000080016f8                USBWakeUp_Handler
                0x00000000080016f8                DMA1_Channel3_Handler
                0x00000000080016f8                USBWakeUp_RMP_Handler
                0x00000000080016f8                RTC_Alarm_Handler
                0x00000000080016f8                TIM4_Handler
                0x00000000080016f8                EXTI2_TSC_Handler
                0x00000000080016f8                SPI2_Handler
                0x00000000080016f8                COMP1_2_3_Handler
                0x00000000080016f8                DMA1_Channel2_Handler
                0x00000000080016f8                EXTI0_Handler
                0x00000000080016f8                TIM8_UP_Handler
                0x00000000080016f8                DMA1_Channel5_Handler
                0x00000000080016f8                SPI1_Handler
                0x00000000080016f8                ADC3_Handler
                0x00000000080016f8                I2C2_EV_Handler
                0x00000000080016f8                SPI3_Handler
                0x00000000080016f8                DMA2_Channel3_Handler
                0x00000000080016f8                RCC_Handler
                0x00000000080016f8                PVD_Handler
                0x00000000080016f8                UART5_Handler
                0x00000000080016f8                DMA2_Channel2_Handler
                0x00000000080016f8                TIM7_Handler
                0x00000000080016f8                TIM1_UP_TIM16_Handler
                0x00000000080016f8                USB_LP_Handler
                0x00000000080016f8                FPU_Handler
                0x00000000080016f8                ADC4_Handler
                0x00000000080016f8                BusFault_Handler
                0x00000000080016f8                MemoryManagement_Handler
                0x00000000080016f8                RTC_WKUP_Handler
 .text.SystemInit
                0x0000000008001724       0xc8 ./platform/src/system_stm32f303cx.o
                0x0000000008001724                SystemInit
 .text.SystemCoreClockUpdate
                0x00000000080017ec       0x94 ./platform/src/system_stm32f303cx.o
                0x00000000080017ec                SystemCoreClockUpdate
 .text.calloc   0x0000000008001880       0x10 /usr/local/bin/../lib/gcc/arm-none-eabi/6.3.1/../../../../arm-none-eabi/lib/thumb/v7e-m/fpv4-sp/hard/libg_nano.a(lib_a-calloc.o)
                0x0000000008001880                calloc
 .text.exit     0x0000000008001890       0x28 /usr/local/bin/../lib/gcc/arm-none-eabi/6.3.1/../../../../arm-none-eabi/lib/thumb/v7e-m/fpv4-sp/hard/libg_nano.a(lib_a-exit.o)
                0x0000000008001890                exit
 .text._fopen_r
                0x00000000080018b8       0x80 /usr/local/bin/../lib/gcc/arm-none-eabi/6.3.1/../../../../arm-none-eabi/lib/thumb/v7e-m/fpv4-sp/hard/libg_nano.a(lib_a-fopen.o)
                0x00000000080018b8                _fopen_r
 .text.fopen    0x0000000008001938       0x10 /usr/local/bin/../lib/gcc/arm-none-eabi/6.3.1/../../../../arm-none-eabi/lib/thumb/v7e-m/fpv4-sp/hard/libg_nano.a(lib_a-fopen.o)
                0x0000000008001938                fopen
 .text.fprintf  0x0000000008001948       0x24 /usr/local/bin/../lib/gcc/arm-none-eabi/6.3.1/../../../../arm-none-eabi/lib/thumb/v7e-m/fpv4-sp/hard/libg_nano.a(lib_a-fprintf.o)
                0x0000000008001948                fprintf
                0x0000000008001948                fiprintf
 .text._fseek_r
                0x000000000800196c        0x4 /usr/local/bin/../lib/gcc/arm-none-eabi/6.3.1/../../../../arm-none-eabi/lib/thumb/v7e-m/fpv4-sp/hard/libg_nano.a(lib_a-fseek.o)
                0x000000000800196c                _fseek_r
 .text._fseeko_r
                0x0000000008001970      0x120 /usr/local/bin/../lib/gcc/arm-none-eabi/6.3.1/../../../../arm-none-eabi/lib/thumb/v7e-m/fpv4-sp/hard/libg_nano.a(lib_a-fseeko.o)
                0x0000000008001970                _fseeko_r
 .text._fwrite_r
                0x0000000008001a90       0x9c /usr/local/bin/../lib/gcc/arm-none-eabi/6.3.1/../../../../arm-none-eabi/lib/thumb/v7e-m/fpv4-sp/hard/libg_nano.a(lib_a-fwrite.o)
                0x0000000008001a90                _fwrite_r
 .text.fwrite   0x0000000008001b2c       0x1c /usr/local/bin/../lib/gcc/arm-none-eabi/6.3.1/../../../../arm-none-eabi/lib/thumb/v7e-m/fpv4-sp/hard/libg_nano.a(lib_a-fwrite.o)
                0x0000000008001b2c                fwrite
 .text.gmtime_r
                0x0000000008001b48      0x134 /usr/local/bin/../lib/gcc/arm-none-eabi/6.3.1/../../../../arm-none-eabi/lib/thumb/v7e-m/fpv4-sp/hard/libg_nano.a(lib_a-gmtime_r.o)
                0x0000000008001b48                gmtime_r
 .text.__libc_init_array
                0x0000000008001c7c       0x48 /usr/local/bin/../lib/gcc/arm-none-eabi/6.3.1/../../../../arm-none-eabi/lib/thumb/v7e-m/fpv4-sp/hard/libg_nano.a(lib_a-init.o)
                0x0000000008001c7c                __libc_init_array
 .text.__swhatbuf_r
                0x0000000008001cc4       0x48 /usr/local/bin/../lib/gcc/arm-none-eabi/6.3.1/../../../../arm-none-eabi/lib/thumb/v7e-m/fpv4-sp/hard/libg_nano.a(lib_a-makebuf.o)
                0x0000000008001cc4                __swhatbuf_r
 .text.__smakebuf_r
                0x0000000008001d0c       0x80 /usr/local/bin/../lib/gcc/arm-none-eabi/6.3.1/../../../../arm-none-eabi/lib/thumb/v7e-m/fpv4-sp/hard/libg_nano.a(lib_a-makebuf.o)
                0x0000000008001d0c                __smakebuf_r
 .text.malloc   0x0000000008001d8c       0x10 /usr/local/bin/../lib/gcc/arm-none-eabi/6.3.1/../../../../arm-none-eabi/lib/thumb/v7e-m/fpv4-sp/hard/libg_nano.a(lib_a-malloc.o)
                0x0000000008001d8c                malloc
 .text.free     0x0000000008001d9c       0x10 /usr/local/bin/../lib/gcc/arm-none-eabi/6.3.1/../../../../arm-none-eabi/lib/thumb/v7e-m/fpv4-sp/hard/libg_nano.a(lib_a-malloc.o)
                0x0000000008001d9c                free
 .text.memcpy   0x0000000008001dac       0x16 /usr/local/bin/../lib/gcc/arm-none-eabi/6.3.1/../../../../arm-none-eabi/lib/thumb/v7e-m/fpv4-sp/hard/libg_nano.a(lib_a-memcpy-stub.o)
                0x0000000008001dac                memcpy
 .text.memset   0x0000000008001dc2       0x10 /usr/local/bin/../lib/gcc/arm-none-eabi/6.3.1/../../../../arm-none-eabi/lib/thumb/v7e-m/fpv4-sp/hard/libg_nano.a(lib_a-memset.o)
                0x0000000008001dc2                memset
 *fill*         0x0000000008001dd2        0x2 ff
 .text.validate_structure
                0x0000000008001dd4      0x1c0 /usr/local/bin/../lib/gcc/arm-none-eabi/6.3.1/../../../../arm-none-eabi/lib/thumb/v7e-m/fpv4-sp/hard/libg_nano.a(lib_a-mktime.o)
 .text.mktime   0x0000000008001f94      0x2f8 /usr/local/bin/../lib/gcc/arm-none-eabi/6.3.1/../../../../arm-none-eabi/lib/thumb/v7e-m/fpv4-sp/hard/libg_nano.a(lib_a-mktime.o)
                0x0000000008001f94                mktime
 .text._calloc_r
                0x000000000800228c       0x1c /usr/local/bin/../lib/gcc/arm-none-eabi/6.3.1/../../../../arm-none-eabi/lib/thumb/v7e-m/fpv4-sp/hard/libg_nano.a(lib_a-nano-callocr.o)
                0x000000000800228c                _calloc_r
 .text._free_r  0x00000000080022a8       0x9c /usr/local/bin/../lib/gcc/arm-none-eabi/6.3.1/../../../../arm-none-eabi/lib/thumb/v7e-m/fpv4-sp/hard/libg_nano.a(lib_a-nano-freer.o)
                0x00000000080022a8                _free_r
 .text._malloc_r
                0x0000000008002344       0xbc /usr/local/bin/../lib/gcc/arm-none-eabi/6.3.1/../../../../arm-none-eabi/lib/thumb/v7e-m/fpv4-sp/hard/libg_nano.a(lib_a-nano-mallocr.o)
                0x0000000008002344                _malloc_r
 .text.__sfputc_r
                0x0000000008002400       0x30 /usr/local/bin/../lib/gcc/arm-none-eabi/6.3.1/../../../../arm-none-eabi/lib/thumb/v7e-m/fpv4-sp/hard/libg_nano.a(lib_a-nano-vfprintf.o)
 .text.__sfputs_r
                0x0000000008002430       0x24 /usr/local/bin/../lib/gcc/arm-none-eabi/6.3.1/../../../../arm-none-eabi/lib/thumb/v7e-m/fpv4-sp/hard/libg_nano.a(lib_a-nano-vfprintf.o)
                0x0000000008002430                __sfputs_r
 .text._vfprintf_r
                0x0000000008002454      0x22c /usr/local/bin/../lib/gcc/arm-none-eabi/6.3.1/../../../../arm-none-eabi/lib/thumb/v7e-m/fpv4-sp/hard/libg_nano.a(lib_a-nano-vfprintf.o)
                0x0000000008002454                _vfiprintf_r
                0x0000000008002454                _vfprintf_r
 .text._printf_common
                0x0000000008002680       0xec /usr/local/bin/../lib/gcc/arm-none-eabi/6.3.1/../../../../arm-none-eabi/lib/thumb/v7e-m/fpv4-sp/hard/libg_nano.a(lib_a-nano-vfprintf_i.o)
                0x0000000008002680                _printf_common
 .text._printf_i
                0x000000000800276c      0x240 /usr/local/bin/../lib/gcc/arm-none-eabi/6.3.1/../../../../arm-none-eabi/lib/thumb/v7e-m/fpv4-sp/hard/libg_nano.a(lib_a-nano-vfprintf_i.o)
                0x000000000800276c                _printf_i
 .text._open_r  0x00000000080029ac       0x24 /usr/local/bin/../lib/gcc/arm-none-eabi/6.3.1/../../../../arm-none-eabi/lib/thumb/v7e-m/fpv4-sp/hard/libg_nano.a(lib_a-openr.o)
                0x00000000080029ac                _open_r
 .text._sbrk_r  0x00000000080029d0       0x20 /usr/local/bin/../lib/gcc/arm-none-eabi/6.3.1/../../../../arm-none-eabi/lib/thumb/v7e-m/fpv4-sp/hard/libg_nano.a(lib_a-sbrkr.o)
                0x00000000080029d0                _sbrk_r
 .text.setvbuf  0x00000000080029f0      0x15c /usr/local/bin/../lib/gcc/arm-none-eabi/6.3.1/../../../../arm-none-eabi/lib/thumb/v7e-m/fpv4-sp/hard/libg_nano.a(lib_a-setvbuf.o)
                0x00000000080029f0                setvbuf
 .text.snprintf
                0x0000000008002b4c       0x68 /usr/local/bin/../lib/gcc/arm-none-eabi/6.3.1/../../../../arm-none-eabi/lib/thumb/v7e-m/fpv4-sp/hard/libg_nano.a(lib_a-snprintf.o)
                0x0000000008002b4c                snprintf
                0x0000000008002b4c                sniprintf
 .text.__sread  0x0000000008002bb4       0x22 /usr/local/bin/../lib/gcc/arm-none-eabi/6.3.1/../../../../arm-none-eabi/lib/thumb/v7e-m/fpv4-sp/hard/libg_nano.a(lib_a-stdio.o)
                0x0000000008002bb4                __sread
 .text.__seofread
                0x0000000008002bd6        0x4 /usr/local/bin/../lib/gcc/arm-none-eabi/6.3.1/../../../../arm-none-eabi/lib/thumb/v7e-m/fpv4-sp/hard/libg_nano.a(lib_a-stdio.o)
                0x0000000008002bd6                __seofread
 .text.__swrite
                0x0000000008002bda       0x38 /usr/local/bin/../lib/gcc/arm-none-eabi/6.3.1/../../../../arm-none-eabi/lib/thumb/v7e-m/fpv4-sp/hard/libg_nano.a(lib_a-stdio.o)
                0x0000000008002bda                __swrite
 .text.__sseek  0x0000000008002c12       0x24 /usr/local/bin/../lib/gcc/arm-none-eabi/6.3.1/../../../../arm-none-eabi/lib/thumb/v7e-m/fpv4-sp/hard/libg_nano.a(lib_a-stdio.o)
                0x0000000008002c12                __sseek
 .text.__sclose
                0x0000000008002c36        0x8 /usr/local/bin/../lib/gcc/arm-none-eabi/6.3.1/../../../../arm-none-eabi/lib/thumb/v7e-m/fpv4-sp/hard/libg_nano.a(lib_a-stdio.o)
                0x0000000008002c36                __sclose
 .text          0x0000000008002c3e       0x14 /usr/local/bin/../lib/gcc/arm-none-eabi/6.3.1/../../../../arm-none-eabi/lib/thumb/v7e-m/fpv4-sp/hard/libg_nano.a(lib_a-strcmp.o)
                0x0000000008002c3e                strcmp
 .text.is_leap_year
                0x0000000008002c52       0x2c /usr/local/bin/../lib/gcc/arm-none-eabi/6.3.1/../../../../arm-none-eabi/lib/thumb/v7e-m/fpv4-sp/hard/libg_nano.a(lib_a-strptime.o)
 .text.first_day
                0x0000000008002c7e       0x2e /usr/local/bin/../lib/gcc/arm-none-eabi/6.3.1/../../../../arm-none-eabi/lib/thumb/v7e-m/fpv4-sp/hard/libg_nano.a(lib_a-strptime.o)
 .text.match_string
                0x0000000008002cac       0x3c /usr/local/bin/../lib/gcc/arm-none-eabi/6.3.1/../../../../arm-none-eabi/lib/thumb/v7e-m/fpv4-sp/hard/libg_nano.a(lib_a-strptime.o)
 .text.strptime_l
                0x0000000008002ce8      0x590 /usr/local/bin/../lib/gcc/arm-none-eabi/6.3.1/../../../../arm-none-eabi/lib/thumb/v7e-m/fpv4-sp/hard/libg_nano.a(lib_a-strptime.o)
                0x0000000008002ce8                strptime_l
 .text.strptime
                0x0000000008003278       0x20 /usr/local/bin/../lib/gcc/arm-none-eabi/6.3.1/../../../../arm-none-eabi/lib/thumb/v7e-m/fpv4-sp/hard/libg_nano.a(lib_a-strptime.o)
                0x0000000008003278                strptime
 .text.strrchr  0x0000000008003298       0x26 /usr/local/bin/../lib/gcc/arm-none-eabi/6.3.1/../../../../arm-none-eabi/lib/thumb/v7e-m/fpv4-sp/hard/libg_nano.a(lib_a-strrchr.o)
                0x0000000008003298                strrchr
 .text._strtol_l.isra.0
                0x00000000080032be      0x100 /usr/local/bin/../lib/gcc/arm-none-eabi/6.3.1/../../../../arm-none-eabi/lib/thumb/v7e-m/fpv4-sp/hard/libg_nano.a(lib_a-strtol.o)
 *fill*         0x00000000080033be        0x2 ff
 .text._strtol_r
                0x00000000080033c0       0x24 /usr/local/bin/../lib/gcc/arm-none-eabi/6.3.1/../../../../arm-none-eabi/lib/thumb/v7e-m/fpv4-sp/hard/libg_nano.a(lib_a-strtol.o)
                0x00000000080033c0                _strtol_r
 .text.strtol_l
                0x00000000080033e4       0x1c /usr/local/bin/../lib/gcc/arm-none-eabi/6.3.1/../../../../arm-none-eabi/lib/thumb/v7e-m/fpv4-sp/hard/libg_nano.a(lib_a-strtol.o)
                0x00000000080033e4                strtol_l
 .text.close    0x0000000008003400       0x10 /usr/local/bin/../lib/gcc/arm-none-eabi/6.3.1/../../../../arm-none-eabi/lib/thumb/v7e-m/fpv4-sp/hard/libg_nano.a(lib_a-sysclose.o)
                0x0000000008003400                close
 .text.open     0x0000000008003410       0x28 /usr/local/bin/../lib/gcc/arm-none-eabi/6.3.1/../../../../arm-none-eabi/lib/thumb/v7e-m/fpv4-sp/hard/libg_nano.a(lib_a-sysopen.o)
                0x0000000008003410                open
 .text.sbrk     0x0000000008003438       0x10 /usr/local/bin/../lib/gcc/arm-none-eabi/6.3.1/../../../../arm-none-eabi/lib/thumb/v7e-m/fpv4-sp/hard/libg_nano.a(lib_a-syssbrk.o)
                0x0000000008003438                sbrk
 .text.__tzcalc_limits
                0x0000000008003448      0x150 /usr/local/bin/../lib/gcc/arm-none-eabi/6.3.1/../../../../arm-none-eabi/lib/thumb/v7e-m/fpv4-sp/hard/libg_nano.a(lib_a-tzcalc_limits.o)
                0x0000000008003448                __tzcalc_limits
 .text.__tz_lock
                0x0000000008003598        0x2 /usr/local/bin/../lib/gcc/arm-none-eabi/6.3.1/../../../../arm-none-eabi/lib/thumb/v7e-m/fpv4-sp/hard/libg_nano.a(lib_a-tzlock.o)
                0x0000000008003598                __tz_lock
 .text.__tz_unlock
                0x000000000800359a        0x2 /usr/local/bin/../lib/gcc/arm-none-eabi/6.3.1/../../../../arm-none-eabi/lib/thumb/v7e-m/fpv4-sp/hard/libg_nano.a(lib_a-tzlock.o)
                0x000000000800359a                __tz_unlock
 .text._tzset_unlocked
                0x000000000800359c        0xc /usr/local/bin/../lib/gcc/arm-none-eabi/6.3.1/../../../../arm-none-eabi/lib/thumb/v7e-m/fpv4-sp/hard/libg_nano.a(lib_a-tzset.o)
                0x000000000800359c                _tzset_unlocked
 .text._tzset_unlocked_r
                0x00000000080035a8      0x304 /usr/local/bin/../lib/gcc/arm-none-eabi/6.3.1/../../../../arm-none-eabi/lib/thumb/v7e-m/fpv4-sp/hard/libg_nano.a(lib_a-tzset_r.o)
                0x00000000080035a8                _tzset_unlocked_r
 .text.__swbuf_r
                0x00000000080038ac       0xa4 /usr/local/bin/../lib/gcc/arm-none-eabi/6.3.1/../../../../arm-none-eabi/lib/thumb/v7e-m/fpv4-sp/hard/libg_nano.a(lib_a-wbuf.o)
                0x00000000080038ac                __swbuf_r
 .text._write_r
                0x0000000008003950       0x24 /usr/local/bin/../lib/gcc/arm-none-eabi/6.3.1/../../../../arm-none-eabi/lib/thumb/v7e-m/fpv4-sp/hard/libg_nano.a(lib_a-writer.o)
                0x0000000008003950                _write_r
 .text.__swsetup_r
                0x0000000008003974       0xdc /usr/local/bin/../lib/gcc/arm-none-eabi/6.3.1/../../../../arm-none-eabi/lib/thumb/v7e-m/fpv4-sp/hard/libg_nano.a(lib_a-wsetup.o)
                0x0000000008003974                __swsetup_r
 .text._close_r
                0x0000000008003a50       0x20 /usr/local/bin/../lib/gcc/arm-none-eabi/6.3.1/../../../../arm-none-eabi/lib/thumb/v7e-m/fpv4-sp/hard/libg_nano.a(lib_a-closer.o)
                0x0000000008003a50                _close_r
 .text.div      0x0000000008003a70       0x28 /usr/local/bin/../lib/gcc/arm-none-eabi/6.3.1/../../../../arm-none-eabi/lib/thumb/v7e-m/fpv4-sp/hard/libg_nano.a(lib_a-div.o)
                0x0000000008003a70                div
 .text.__sflush_r
                0x0000000008003a98      0x110 /usr/local/bin/../lib/gcc/arm-none-eabi/6.3.1/../../../../arm-none-eabi/lib/thumb/v7e-m/fpv4-sp/hard/libg_nano.a(lib_a-fflush.o)
                0x0000000008003a98                __sflush_r
 .text._fflush_r
                0x0000000008003ba8       0x54 /usr/local/bin/../lib/gcc/arm-none-eabi/6.3.1/../../../../arm-none-eabi/lib/thumb/v7e-m/fpv4-sp/hard/libg_nano.a(lib_a-fflush.o)
                0x0000000008003ba8                _fflush_r
 .text._cleanup_r
                0x0000000008003bfc        0xc /usr/local/bin/../lib/gcc/arm-none-eabi/6.3.1/../../../../arm-none-eabi/lib/thumb/v7e-m/fpv4-sp/hard/libg_nano.a(lib_a-findfp.o)
                0x0000000008003bfc                _cleanup_r
 .text.std.isra.0
                0x0000000008003c08       0x48 /usr/local/bin/../lib/gcc/arm-none-eabi/6.3.1/../../../../arm-none-eabi/lib/thumb/v7e-m/fpv4-sp/hard/libg_nano.a(lib_a-findfp.o)
 .text.__sfmoreglue
                0x0000000008003c50       0x2c /usr/local/bin/../lib/gcc/arm-none-eabi/6.3.1/../../../../arm-none-eabi/lib/thumb/v7e-m/fpv4-sp/hard/libg_nano.a(lib_a-findfp.o)
                0x0000000008003c50                __sfmoreglue
 .text.__sinit  0x0000000008003c7c       0x60 /usr/local/bin/../lib/gcc/arm-none-eabi/6.3.1/../../../../arm-none-eabi/lib/thumb/v7e-m/fpv4-sp/hard/libg_nano.a(lib_a-findfp.o)
                0x0000000008003c7c                __sinit
 .text.__sfp    0x0000000008003cdc       0x78 /usr/local/bin/../lib/gcc/arm-none-eabi/6.3.1/../../../../arm-none-eabi/lib/thumb/v7e-m/fpv4-sp/hard/libg_nano.a(lib_a-findfp.o)
                0x0000000008003cdc                __sfp
 .text.__sfp_lock_acquire
                0x0000000008003d54        0x2 /usr/local/bin/../lib/gcc/arm-none-eabi/6.3.1/../../../../arm-none-eabi/lib/thumb/v7e-m/fpv4-sp/hard/libg_nano.a(lib_a-findfp.o)
                0x0000000008003d54                __sfp_lock_acquire
 .text.__sfp_lock_release
                0x0000000008003d56        0x2 /usr/local/bin/../lib/gcc/arm-none-eabi/6.3.1/../../../../arm-none-eabi/lib/thumb/v7e-m/fpv4-sp/hard/libg_nano.a(lib_a-findfp.o)
                0x0000000008003d56                __sfp_lock_release
 .text.__sflags
                0x0000000008003d58       0x6a /usr/local/bin/../lib/gcc/arm-none-eabi/6.3.1/../../../../arm-none-eabi/lib/thumb/v7e-m/fpv4-sp/hard/libg_nano.a(lib_a-flags.o)
                0x0000000008003d58                __sflags
 *fill*         0x0000000008003dc2        0x2 ff
 .text._fstat_r
                0x0000000008003dc4       0x24 /usr/local/bin/../lib/gcc/arm-none-eabi/6.3.1/../../../../arm-none-eabi/lib/thumb/v7e-m/fpv4-sp/hard/libg_nano.a(lib_a-fstatr.o)
                0x0000000008003dc4                _fstat_r
 .text._fwalk_reent
                0x0000000008003de8       0x3c /usr/local/bin/../lib/gcc/arm-none-eabi/6.3.1/../../../../arm-none-eabi/lib/thumb/v7e-m/fpv4-sp/hard/libg_nano.a(lib_a-fwalk.o)
                0x0000000008003de8                _fwalk_reent
 .text._findenv_r
                0x0000000008003e24       0x80 /usr/local/bin/../lib/gcc/arm-none-eabi/6.3.1/../../../../arm-none-eabi/lib/thumb/v7e-m/fpv4-sp/hard/libg_nano.a(lib_a-getenv_r.o)
                0x0000000008003e24                _findenv_r
 .text._getenv_r
                0x0000000008003ea4        0xe /usr/local/bin/../lib/gcc/arm-none-eabi/6.3.1/../../../../arm-none-eabi/lib/thumb/v7e-m/fpv4-sp/hard/libg_nano.a(lib_a-getenv_r.o)
                0x0000000008003ea4                _getenv_r
 *fill*         0x0000000008003eb2        0x2 ff
 .text.__gettzinfo
                0x0000000008003eb4        0x8 /usr/local/bin/../lib/gcc/arm-none-eabi/6.3.1/../../../../arm-none-eabi/lib/thumb/v7e-m/fpv4-sp/hard/libg_nano.a(lib_a-gettzinfo.o)
                0x0000000008003eb4                __gettzinfo
 .text._isatty_r
                0x0000000008003ebc       0x20 /usr/local/bin/../lib/gcc/arm-none-eabi/6.3.1/../../../../arm-none-eabi/lib/thumb/v7e-m/fpv4-sp/hard/libg_nano.a(lib_a-isattyr.o)
                0x0000000008003ebc                _isatty_r
 .text.__locale_ctype_ptr_l
                0x0000000008003edc        0x6 /usr/local/bin/../lib/gcc/arm-none-eabi/6.3.1/../../../../arm-none-eabi/lib/thumb/v7e-m/fpv4-sp/hard/libg_nano.a(lib_a-locale.o)
                0x0000000008003edc                __locale_ctype_ptr_l
 *fill*         0x0000000008003ee2        0x2 ff
 .text.__locale_ctype_ptr
                0x0000000008003ee4       0x1c /usr/local/bin/../lib/gcc/arm-none-eabi/6.3.1/../../../../arm-none-eabi/lib/thumb/v7e-m/fpv4-sp/hard/libg_nano.a(lib_a-locale.o)
                0x0000000008003ee4                __locale_ctype_ptr
 .text._lseek_r
                0x0000000008003f00       0x24 /usr/local/bin/../lib/gcc/arm-none-eabi/6.3.1/../../../../arm-none-eabi/lib/thumb/v7e-m/fpv4-sp/hard/libg_nano.a(lib_a-lseekr.o)
                0x0000000008003f00                _lseek_r
 .text.__ascii_mbtowc
                0x0000000008003f24       0x24 /usr/local/bin/../lib/gcc/arm-none-eabi/6.3.1/../../../../arm-none-eabi/lib/thumb/v7e-m/fpv4-sp/hard/libg_nano.a(lib_a-mbtowc_r.o)
                0x0000000008003f24                __ascii_mbtowc
 *fill*         0x0000000008003f48        0x8 ff
 .text          0x0000000008003f50       0xa0 /usr/local/bin/../lib/gcc/arm-none-eabi/6.3.1/../../../../arm-none-eabi/lib/thumb/v7e-m/fpv4-sp/hard/libg_nano.a(lib_a-memchr.o)
                0x0000000008003f50                memchr
 .text.memmove  0x0000000008003ff0       0x34 /usr/local/bin/../lib/gcc/arm-none-eabi/6.3.1/../../../../arm-none-eabi/lib/thumb/v7e-m/fpv4-sp/hard/libg_nano.a(lib_a-memmove.o)
                0x0000000008003ff0                memmove
 .text.__malloc_lock
                0x0000000008004024        0x2 /usr/local/bin/../lib/gcc/arm-none-eabi/6.3.1/../../../../arm-none-eabi/lib/thumb/v7e-m/fpv4-sp/hard/libg_nano.a(lib_a-mlock.o)
                0x0000000008004024                __malloc_lock
 .text.__malloc_unlock
                0x0000000008004026        0x2 /usr/local/bin/../lib/gcc/arm-none-eabi/6.3.1/../../../../arm-none-eabi/lib/thumb/v7e-m/fpv4-sp/hard/libg_nano.a(lib_a-mlock.o)
                0x0000000008004026                __malloc_unlock
 .text._realloc_r
                0x0000000008004028       0x4c /usr/local/bin/../lib/gcc/arm-none-eabi/6.3.1/../../../../arm-none-eabi/lib/thumb/v7e-m/fpv4-sp/hard/libg_nano.a(lib_a-nano-reallocr.o)
                0x0000000008004028                _realloc_r
 .text.__ssputs_r
                0x0000000008004074       0xb6 /usr/local/bin/../lib/gcc/arm-none-eabi/6.3.1/../../../../arm-none-eabi/lib/thumb/v7e-m/fpv4-sp/hard/libg_nano.a(lib_a-nano-svfprintf.o)
                0x0000000008004074                __ssputs_r
 *fill*         0x000000000800412a        0x2 ff
 .text._svfprintf_r
                0x000000000800412c      0x1e8 /usr/local/bin/../lib/gcc/arm-none-eabi/6.3.1/../../../../arm-none-eabi/lib/thumb/v7e-m/fpv4-sp/hard/libg_nano.a(lib_a-nano-svfprintf.o)
                0x000000000800412c                _svfprintf_r
                0x000000000800412c                _svfiprintf_r
 .text._read_r  0x0000000008004314       0x24 /usr/local/bin/../lib/gcc/arm-none-eabi/6.3.1/../../../../arm-none-eabi/lib/thumb/v7e-m/fpv4-sp/hard/libg_nano.a(lib_a-readr.o)
                0x0000000008004314                _read_r
 .text.sscanf   0x0000000008004338       0x54 /usr/local/bin/../lib/gcc/arm-none-eabi/6.3.1/../../../../arm-none-eabi/lib/thumb/v7e-m/fpv4-sp/hard/libg_nano.a(lib_a-sscanf.o)
                0x0000000008004338                sscanf
                0x0000000008004338                siscanf
 .text.strchr   0x000000000800438c       0x1c /usr/local/bin/../lib/gcc/arm-none-eabi/6.3.1/../../../../arm-none-eabi/lib/thumb/v7e-m/fpv4-sp/hard/libg_nano.a(lib_a-strchr.o)
                0x000000000800438c                strchr
 .text.strcpy   0x00000000080043a8       0x10 /usr/local/bin/../lib/gcc/arm-none-eabi/6.3.1/../../../../arm-none-eabi/lib/thumb/v7e-m/fpv4-sp/hard/libg_nano.a(lib_a-strcpy.o)
                0x00000000080043a8                strcpy
 .text          0x00000000080043b8       0x10 /usr/local/bin/../lib/gcc/arm-none-eabi/6.3.1/../../../../arm-none-eabi/lib/thumb/v7e-m/fpv4-sp/hard/libg_nano.a(lib_a-strlen.o)
                0x00000000080043b8                strlen
 .text.strncasecmp_l
                0x00000000080043c8       0x38 /usr/local/bin/../lib/gcc/arm-none-eabi/6.3.1/../../../../arm-none-eabi/lib/thumb/v7e-m/fpv4-sp/hard/libg_nano.a(lib_a-strncasecmp_l.o)
                0x00000000080043c8                strncasecmp_l
 .text.strncmp  0x0000000008004400       0x24 /usr/local/bin/../lib/gcc/arm-none-eabi/6.3.1/../../../../arm-none-eabi/lib/thumb/v7e-m/fpv4-sp/hard/libg_nano.a(lib_a-strncmp.o)
                0x0000000008004400                strncmp
 .text._strtoul_l.isra.0
                0x0000000008004424       0xfa /usr/local/bin/../lib/gcc/arm-none-eabi/6.3.1/../../../../arm-none-eabi/lib/thumb/v7e-m/fpv4-sp/hard/libg_nano.a(lib_a-strtoul.o)
 *fill*         0x000000000800451e        0x2 ff
 .text._strtoul_r
                0x0000000008004520       0x24 /usr/local/bin/../lib/gcc/arm-none-eabi/6.3.1/../../../../arm-none-eabi/lib/thumb/v7e-m/fpv4-sp/hard/libg_nano.a(lib_a-strtoul.o)
                0x0000000008004520                _strtoul_r
 .text.strtoul  0x0000000008004544       0x2c /usr/local/bin/../lib/gcc/arm-none-eabi/6.3.1/../../../../arm-none-eabi/lib/thumb/v7e-m/fpv4-sp/hard/libg_nano.a(lib_a-strtoul.o)
                0x0000000008004544                strtoul
 .text.tolower_l
                0x0000000008004570       0x1c /usr/local/bin/../lib/gcc/arm-none-eabi/6.3.1/../../../../arm-none-eabi/lib/thumb/v7e-m/fpv4-sp/hard/libg_nano.a(lib_a-tolower_l.o)
                0x0000000008004570                tolower_l
 .text.__ascii_wctomb
                0x000000000800458c       0x1a /usr/local/bin/../lib/gcc/arm-none-eabi/6.3.1/../../../../arm-none-eabi/lib/thumb/v7e-m/fpv4-sp/hard/libg_nano.a(lib_a-wctomb_r.o)
                0x000000000800458c                __ascii_wctomb
 .text.__env_lock
                0x00000000080045a6        0x2 /usr/local/bin/../lib/gcc/arm-none-eabi/6.3.1/../../../../arm-none-eabi/lib/thumb/v7e-m/fpv4-sp/hard/libg_nano.a(lib_a-envlock.o)
                0x00000000080045a6                __env_lock
 .text.__env_unlock
                0x00000000080045a8        0x2 /usr/local/bin/../lib/gcc/arm-none-eabi/6.3.1/../../../../arm-none-eabi/lib/thumb/v7e-m/fpv4-sp/hard/libg_nano.a(lib_a-envlock.o)
                0x00000000080045a8                __env_unlock
 .text._malloc_usable_size_r
                0x00000000080045aa       0x12 /usr/local/bin/../lib/gcc/arm-none-eabi/6.3.1/../../../../arm-none-eabi/lib/thumb/v7e-m/fpv4-sp/hard/libg_nano.a(lib_a-nano-msizer.o)
                0x00000000080045aa                _malloc_usable_size_r
 .text._sungetc_r
                0x00000000080045bc       0x7a /usr/local/bin/../lib/gcc/arm-none-eabi/6.3.1/../../../../arm-none-eabi/lib/thumb/v7e-m/fpv4-sp/hard/libg_nano.a(lib_a-nano-svfscanf.o)
                0x00000000080045bc                _sungetc_r
 .text.__ssrefill_r
                0x0000000008004636       0x3a /usr/local/bin/../lib/gcc/arm-none-eabi/6.3.1/../../../../arm-none-eabi/lib/thumb/v7e-m/fpv4-sp/hard/libg_nano.a(lib_a-nano-svfscanf.o)
                0x0000000008004636                __ssrefill_r
 .text.__ssvfscanf_r
                0x0000000008004670      0x2a8 /usr/local/bin/../lib/gcc/arm-none-eabi/6.3.1/../../../../arm-none-eabi/lib/thumb/v7e-m/fpv4-sp/hard/libg_nano.a(lib_a-nano-svfscanf.o)
                0x0000000008004670                __ssvfscanf_r
                0x0000000008004670                __ssvfiscanf_r
 .text._scanf_chars
                0x0000000008004918       0xc8 /usr/local/bin/../lib/gcc/arm-none-eabi/6.3.1/../../../../arm-none-eabi/lib/thumb/v7e-m/fpv4-sp/hard/libg_nano.a(lib_a-nano-vfscanf_i.o)
                0x0000000008004918                _scanf_chars
 .text._scanf_i
                0x00000000080049e0      0x1e8 /usr/local/bin/../lib/gcc/arm-none-eabi/6.3.1/../../../../arm-none-eabi/lib/thumb/v7e-m/fpv4-sp/hard/libg_nano.a(lib_a-nano-vfscanf_i.o)
                0x00000000080049e0                _scanf_i
 .text.__sccl   0x0000000008004bc8       0x60 /usr/local/bin/../lib/gcc/arm-none-eabi/6.3.1/../../../../arm-none-eabi/lib/thumb/v7e-m/fpv4-sp/hard/libg_nano.a(lib_a-sccl.o)
                0x0000000008004bc8                __sccl
 .text.__submore
                0x0000000008004c28       0x76 /usr/local/bin/../lib/gcc/arm-none-eabi/6.3.1/../../../../arm-none-eabi/lib/thumb/v7e-m/fpv4-sp/hard/libg_nano.a(lib_a-ungetc.o)
                0x0000000008004c28                __submore
 *fill*         0x0000000008004c9e        0x2 ff
 .text.__submore.__stub
                0x0000000008004ca0        0x8 linker stubs

.glue_7         0x0000000008004ca8        0x0
 .glue_7        0x0000000008004ca8        0x0 linker stubs

.glue_7t        0x0000000008004ca8        0x0
 .glue_7t       0x0000000008004ca8        0x0 linker stubs

.vfp11_veneer   0x0000000008004ca8        0x0
 .vfp11_veneer  0x0000000008004ca8        0x0 linker stubs

.v4_bx          0x0000000008004ca8        0x0
 .v4_bx         0x0000000008004ca8        0x0 linker stubs

.iplt           0x0000000008004ca8        0x0
 .iplt          0x0000000008004ca8        0x0 /usr/local/bin/../lib/gcc/arm-none-eabi/6.3.1/thumb/v7e-m/fpv4-sp/hard/crtbegin.o

.devices        0x0000000008004ca8       0x10
 *(.devices*)
 .devices       0x0000000008004ca8        0xc ./system/src/usart.o
                0x0000000008004ca8                TTY2
                0x0000000008004cac                TTY1
                0x0000000008004cb0                TTY0
 .devices       0x0000000008004cb4        0x4 ./src/lcd.o
                0x0000000008004cb4                LCD

.rodata         0x0000000008004cb8      0x8a7
 *(.rodata*)
 .rodata.GPIO.6580
                0x0000000008004cb8       0x18 ./system/src/gpio.o
 .rodata.stdio_init.str1.4
                0x0000000008004cd0        0xa ./system/src/stdio.o
 *fill*         0x0000000008004cda        0x2 ff
 .rodata.rtc_init.str1.4
                0x0000000008004cdc       0x29 ./system/src/time.o
 *fill*         0x0000000008004d05        0x3 ff
 .rodata.str1.4
                0x0000000008004d08       0x28 ./system/src/usart.o
 .rodata.usart_driver
                0x0000000008004d30       0x2c ./system/src/usart.o
 .rodata.board_id_init.str1.4
                0x0000000008004d5c       0x3c ./src/board.o
 .rodata.pinModes.7556
                0x0000000008004d98       0x80 ./src/board.o
 .rodata.lcd_driver
                0x0000000008004e18       0x2c ./src/lcd.o
 .rodata.str1.4
                0x0000000008004e44       0x1b ./src/lcd.o
 *fill*         0x0000000008004e5f        0x1 ff
 .rodata.main.str1.4
                0x0000000008004e60      0x148 ./src/main.o
                                        0x147 (size before relaxing)
 .rodata.HCLK_DIV.6734
                0x0000000008004fa8       0x40 ./platform/src/system_stm32f303cx.o
 .rodata._global_impure_ptr
                0x0000000008004fe8        0x4 /usr/local/bin/../lib/gcc/arm-none-eabi/6.3.1/../../../../arm-none-eabi/lib/thumb/v7e-m/fpv4-sp/hard/libg_nano.a(lib_a-impure.o)
                0x0000000008004fe8                _global_impure_ptr
 .rodata.DAYS_IN_MONTH
                0x0000000008004fec       0x30 /usr/local/bin/../lib/gcc/arm-none-eabi/6.3.1/../../../../arm-none-eabi/lib/thumb/v7e-m/fpv4-sp/hard/libg_nano.a(lib_a-mktime.o)
 .rodata._DAYS_BEFORE_MONTH
                0x000000000800501c       0x30 /usr/local/bin/../lib/gcc/arm-none-eabi/6.3.1/../../../../arm-none-eabi/lib/thumb/v7e-m/fpv4-sp/hard/libg_nano.a(lib_a-mktime.o)
 .rodata._vfprintf_r.str1.1
                0x000000000800504c       0x11 /usr/local/bin/../lib/gcc/arm-none-eabi/6.3.1/../../../../arm-none-eabi/lib/thumb/v7e-m/fpv4-sp/hard/libg_nano.a(lib_a-nano-vfprintf.o)
 .rodata._printf_i.str1.1
                0x000000000800505d       0x22 /usr/local/bin/../lib/gcc/arm-none-eabi/6.3.1/../../../../arm-none-eabi/lib/thumb/v7e-m/fpv4-sp/hard/libg_nano.a(lib_a-nano-vfprintf_i.o)
 *fill*         0x000000000800507f        0x1 ff
 .rodata._DAYS_BEFORE_MONTH
                0x0000000008005080       0x30 /usr/local/bin/../lib/gcc/arm-none-eabi/6.3.1/../../../../arm-none-eabi/lib/thumb/v7e-m/fpv4-sp/hard/libg_nano.a(lib_a-strptime.o)
 .rodata.strptime_l.str1.1
                0x00000000080050b0       0x18 /usr/local/bin/../lib/gcc/arm-none-eabi/6.3.1/../../../../arm-none-eabi/lib/thumb/v7e-m/fpv4-sp/hard/libg_nano.a(lib_a-strptime.o)
 .rodata._C_time_locale
                0x00000000080050c8       0xfc /usr/local/bin/../lib/gcc/arm-none-eabi/6.3.1/../../../../arm-none-eabi/lib/thumb/v7e-m/fpv4-sp/hard/libg_nano.a(lib_a-timelocal.o)
                0x00000000080050c8                _C_time_locale
 .rodata.str1.1
                0x00000000080051c4      0x119 /usr/local/bin/../lib/gcc/arm-none-eabi/6.3.1/../../../../arm-none-eabi/lib/thumb/v7e-m/fpv4-sp/hard/libg_nano.a(lib_a-timelocal.o)
                                        0x12c (size before relaxing)
 .rodata._tzset_unlocked_r.str1.1
                0x00000000080052dd       0x3c /usr/local/bin/../lib/gcc/arm-none-eabi/6.3.1/../../../../arm-none-eabi/lib/thumb/v7e-m/fpv4-sp/hard/libg_nano.a(lib_a-tzset_r.o)
                                         0x4e (size before relaxing)
 .rodata.str1.1
                0x0000000008005319        0x4 /usr/local/bin/../lib/gcc/arm-none-eabi/6.3.1/../../../../arm-none-eabi/lib/thumb/v7e-m/fpv4-sp/hard/libg_nano.a(lib_a-tzvars.o)
 *fill*         0x0000000008005319        0x3 ff
 .rodata.__sf_fake_stderr
                0x000000000800531c       0x20 /usr/local/bin/../lib/gcc/arm-none-eabi/6.3.1/../../../../arm-none-eabi/lib/thumb/v7e-m/fpv4-sp/hard/libg_nano.a(lib_a-findfp.o)
                0x000000000800531c                __sf_fake_stderr
 .rodata.__sf_fake_stdin
                0x000000000800533c       0x20 /usr/local/bin/../lib/gcc/arm-none-eabi/6.3.1/../../../../arm-none-eabi/lib/thumb/v7e-m/fpv4-sp/hard/libg_nano.a(lib_a-findfp.o)
                0x000000000800533c                __sf_fake_stdin
 .rodata.__sf_fake_stdout
                0x000000000800535c       0x20 /usr/local/bin/../lib/gcc/arm-none-eabi/6.3.1/../../../../arm-none-eabi/lib/thumb/v7e-m/fpv4-sp/hard/libg_nano.a(lib_a-findfp.o)
                0x000000000800535c                __sf_fake_stdout
 .rodata._setlocale_r.str1.1
                0x000000000800537c        0x8 /usr/local/bin/../lib/gcc/arm-none-eabi/6.3.1/../../../../arm-none-eabi/lib/thumb/v7e-m/fpv4-sp/hard/libg_nano.a(lib_a-locale.o)
                                          0x9 (size before relaxing)
 .rodata.str1.1
                0x0000000008005384        0x2 /usr/local/bin/../lib/gcc/arm-none-eabi/6.3.1/../../../../arm-none-eabi/lib/thumb/v7e-m/fpv4-sp/hard/libg_nano.a(lib_a-locale.o)
 *fill*         0x0000000008005386        0x2 ff
 .rodata.__month_lengths
                0x0000000008005388       0x60 /usr/local/bin/../lib/gcc/arm-none-eabi/6.3.1/../../../../arm-none-eabi/lib/thumb/v7e-m/fpv4-sp/hard/libg_nano.a(lib_a-month_lengths.o)
                0x0000000008005388                __month_lengths
 .rodata._svfprintf_r.str1.1
                0x00000000080053e8       0x11 /usr/local/bin/../lib/gcc/arm-none-eabi/6.3.1/../../../../arm-none-eabi/lib/thumb/v7e-m/fpv4-sp/hard/libg_nano.a(lib_a-nano-svfprintf.o)
 .rodata._ctype_
                0x00000000080053e8      0x101 /usr/local/bin/../lib/gcc/arm-none-eabi/6.3.1/../../../../arm-none-eabi/lib/thumb/v7e-m/fpv4-sp/hard/libg_nano.a(lib_a-ctype_.o)
                0x00000000080053e8                _ctype_
 .rodata.__ssvfscanf_r.str1.1
                0x00000000080054e9        0x4 /usr/local/bin/../lib/gcc/arm-none-eabi/6.3.1/../../../../arm-none-eabi/lib/thumb/v7e-m/fpv4-sp/hard/libg_nano.a(lib_a-nano-svfscanf.o)
 *fill*         0x00000000080054e9        0x3 ff
 .rodata        0x00000000080054ec        0xc /usr/local/bin/../lib/gcc/arm-none-eabi/6.3.1/../../../../arm-none-eabi/lib/thumb/v7e-m/fpv4-sp/hard/libg_nano.a(lib_a-nano-vfscanf_i.o)
 .rodata._scanf_i.str1.1
                0x00000000080054f8       0x12 /usr/local/bin/../lib/gcc/arm-none-eabi/6.3.1/../../../../arm-none-eabi/lib/thumb/v7e-m/fpv4-sp/hard/libg_nano.a(lib_a-nano-vfscanf_i.o)
 .rodata.str1.1
                0x000000000800550a        0x9 /usr/local/bin/../lib/gcc/arm-none-eabi/6.3.1/../../../../arm-none-eabi/lib/thumb/v7e-m/fpv4-sp/hard/libg_nano.a(lib_a-nano-vfscanf_i.o)
                0x0000000008005513                PROVIDE (__vector_load, .)
                0x0000000008005513        0x4 LONG 0x8000000 LOADADDR (.vector)
                0x0000000008005517                PROVIDE (__vector_addr, .)
                0x0000000008005517        0x4 LONG 0x10000000 ADDR (.vector)
                0x000000000800551b                PROVIDE (__vector_size, .)
                0x000000000800551b        0x4 LONG 0x188 SIZEOF (.vector)
                0x000000000800551f                PROVIDE (__devices_addr, .)
                0x000000000800551f        0x4 LONG 0x8004ca8 ADDR (.devices)
                0x0000000008005523                PROVIDE (__devices_size, .)
                0x0000000008005523        0x4 LONG 0x10 SIZEOF (.devices)
                [!provide]                        PROVIDE (__ccmram_begin, .)
                0x0000000008005527        0x4 LONG 0x10000000 ORIGIN (CCM)
                0x000000000800552b                PROVIDE (__ccmram_size, .)
                0x000000000800552b        0x4 LONG 0x2000 LENGTH (CCM)
                0x000000000800552f                PROVIDE (__ccm_load, .)
                0x000000000800552f        0x4 LONG 0x80055ac LOADADDR (.ccm)
                0x0000000008005533                PROVIDE (__ccm_addr, .)
                0x0000000008005533        0x4 LONG 0x10000188 ADDR (.ccm)
                0x0000000008005537                PROVIDE (__ccm_size, .)
                0x0000000008005537        0x4 LONG 0x160 SIZEOF (.ccm)
                0x000000000800553b                PROVIDE (__mem_begin, .)
                0x000000000800553b        0x4 LONG 0x20000000 ORIGIN (IRAM)
                0x000000000800553f                PROVIDE (__mem_size, .)
                0x000000000800553f        0x4 LONG 0xa000 LENGTH (IRAM)
                0x0000000008005543                PROVIDE (__data_load, .)
                0x0000000008005543        0x4 LONG 0x800570c LOADADDR (.data)
                0x0000000008005547                PROVIDE (__data_addr, .)
                0x0000000008005547        0x4 LONG 0x20000000 ADDR (.data)
                0x000000000800554b                PROVIDE (__data_size, .)
                0x000000000800554b        0x4 LONG 0x21c SIZEOF (.data)
                0x000000000800554f                PROVIDE (__bss_addr, .)
                0x000000000800554f        0x4 LONG 0x2000021c ADDR (.bss)
                0x0000000008005553                PROVIDE (__bss_size, .)
                0x0000000008005553        0x4 LONG 0x1dc SIZEOF (.bss)
                0x0000000008005557                PROVIDE (__bss_end, .)
                0x0000000008005557        0x4 LONG 0x200003f8 (ADDR (.bss) + SIZEOF (.bss))
                0x000000000800555b                PROVIDE (__mem_end, .)
                0x000000000800555b        0x4 LONG 0x2000a000 (ORIGIN (IRAM) + LENGTH (IRAM))

.eh_frame       0x0000000008005560        0x0
 .eh_frame      0x0000000008005560        0x0 /usr/local/bin/../lib/gcc/arm-none-eabi/6.3.1/thumb/v7e-m/fpv4-sp/hard/crtbegin.o

.init           0x0000000008005560        0xc
 *(.init)
 .init          0x0000000008005560        0x4 /usr/local/bin/../lib/gcc/arm-none-eabi/6.3.1/thumb/v7e-m/fpv4-sp/hard/crti.o
                0x0000000008005560                _init
 .init          0x0000000008005564        0x8 /usr/local/bin/../lib/gcc/arm-none-eabi/6.3.1/thumb/v7e-m/fpv4-sp/hard/crtn.o

.fini           0x000000000800556c        0xc
 *(.fini)
 .fini          0x000000000800556c        0x4 /usr/local/bin/../lib/gcc/arm-none-eabi/6.3.1/thumb/v7e-m/fpv4-sp/hard/crti.o
                0x000000000800556c                _fini
 .fini          0x0000000008005570        0x8 /usr/local/bin/../lib/gcc/arm-none-eabi/6.3.1/thumb/v7e-m/fpv4-sp/hard/crtn.o

.ARM.extab
 *(.ARM.extab*)

.ARM.exidx      0x0000000008005578        0x8
 *(.ARM.exidx*)
 .ARM.exidx     0x0000000008005578        0x8 /usr/local/bin/../lib/gcc/arm-none-eabi/6.3.1/../../../../arm-none-eabi/lib/thumb/v7e-m/fpv4-sp/hard/crt0.o

.rel.dyn        0x0000000008005580        0x0
 .rel.iplt      0x0000000008005580        0x0 /usr/local/bin/../lib/gcc/arm-none-eabi/6.3.1/thumb/v7e-m/fpv4-sp/hard/crtbegin.o

.preinit_array  0x0000000008005580        0x0
                0x0000000008005580                PROVIDE (__preinit_array_start, .)
 *(.preinit_array*)
                0x0000000008005580                PROVIDE (__preinit_array_end, .)

.init_array     0x0000000008005580       0x28
                0x0000000008005580                PROVIDE (__init_array_start, .)
 *(SORT(.init_array.*))
 .init_array.01000
                0x0000000008005580        0x4 ./system/src/gpio.o
 .init_array.01000
                0x0000000008005584        0x4 ./system/src/usart.o
 .init_array.01000
                0x0000000008005588        0x4 ./src/board.o
 .init_array.01000
                0x000000000800558c        0x4 ./src/pwm.o
 .init_array.01001
                0x0000000008005590        0x4 ./src/board.o
 *(.init_array*)
 .init_array    0x0000000008005594        0x4 /usr/local/bin/../lib/gcc/arm-none-eabi/6.3.1/thumb/v7e-m/fpv4-sp/hard/crtbegin.o
 .init_array    0x0000000008005598        0x4 ./system/src/device.o
 .init_array    0x000000000800559c        0x4 ./system/src/stdio.o
 .init_array    0x00000000080055a0        0x8 ./system/src/time.o
                0x00000000080055a8                PROVIDE (__init_array_end, .)

.fini_array     0x00000000080055a8        0x4
                [!provide]                        PROVIDE (__fini_array_start, .)
 *(SORT(.fini_array.*))
 *(.fini_array*)
 .fini_array    0x00000000080055a8        0x4 /usr/local/bin/../lib/gcc/arm-none-eabi/6.3.1/thumb/v7e-m/fpv4-sp/hard/crtbegin.o
                [!provide]                        PROVIDE (__fini_array_end, .)
                0x00000000080055ac                . = ALIGN (0x4)

.ccm            0x0000000010000188      0x160 load address 0x00000000080055ac
 *(.ccm*)
 .ccmcode       0x0000000010000188       0x14 ./system/src/time.o
                0x0000000010000188                SysTick_Handler
                0x0000000010000198                yield
 .ccm           0x000000001000019c        0x4 ./system/src/time.o
                0x000000001000019c                millis_counter
 .ccmcode       0x00000000100001a0       0x84 ./system/src/usart.o
                0x00000000100001f4                USART1_Handler
                0x0000000010000204                USART2_Handler
                0x0000000010000214                USART3_Handler
 *fill*         0x0000000010000224        0x4 ff
 .ccmcode.__stub
                0x0000000010000228       0x10 linker stubs
 .ccm           0x0000000010000238       0x78 ./system/src/usart.o
 .ccm           0x00000000100002b0       0x28 ./src/board.o
                0x00000000100002b0                board_id
                0x00000000100002d4                board_hash
 .ccm           0x00000000100002d8       0x10 ./src/lcd.o
                0x00000000100002e8                . = ALIGN (0x4)
                0x0000000010002000                PROVIDE (__stack, (ORIGIN (CCM) + LENGTH (CCM)))

.data           0x0000000020000000      0x21c load address 0x000000000800570c
 *(vtable)
 *(.data*)
 .data._impure_ptr
                0x0000000020000000        0x4 /usr/local/bin/../lib/gcc/arm-none-eabi/6.3.1/../../../../arm-none-eabi/lib/thumb/v7e-m/fpv4-sp/hard/libg_nano.a(lib_a-impure.o)
                0x0000000020000000                _impure_ptr
 .data.impure_data
                0x0000000020000004       0x60 /usr/local/bin/../lib/gcc/arm-none-eabi/6.3.1/../../../../arm-none-eabi/lib/thumb/v7e-m/fpv4-sp/hard/libg_nano.a(lib_a-impure.o)
 .data._tzname  0x0000000020000064        0x8 /usr/local/bin/../lib/gcc/arm-none-eabi/6.3.1/../../../../arm-none-eabi/lib/thumb/v7e-m/fpv4-sp/hard/libg_nano.a(lib_a-tzvars.o)
                0x0000000020000064                _tzname
 .data.tzinfo   0x000000002000006c       0x40 /usr/local/bin/../lib/gcc/arm-none-eabi/6.3.1/../../../../arm-none-eabi/lib/thumb/v7e-m/fpv4-sp/hard/libg_nano.a(lib_a-gettzinfo.o)
 .data.__global_locale
                0x00000000200000ac      0x16c /usr/local/bin/../lib/gcc/arm-none-eabi/6.3.1/../../../../arm-none-eabi/lib/thumb/v7e-m/fpv4-sp/hard/libg_nano.a(lib_a-locale.o)
                0x00000000200000ac                __global_locale
 .data.environ  0x0000000020000218        0x4 /usr/local/bin/../lib/gcc/arm-none-eabi/6.3.1/../../../../arm-none-eabi/lib/thumb/v7e-m/fpv4-sp/hard/libg_nano.a(lib_a-environ.o)
                0x0000000020000218                environ
                0x000000002000021c                . = ALIGN (0x4)

.jcr            0x000000002000021c        0x0 load address 0x0000000008005928
 .jcr           0x000000002000021c        0x0 /usr/local/bin/../lib/gcc/arm-none-eabi/6.3.1/thumb/v7e-m/fpv4-sp/hard/crtbegin.o

.igot.plt       0x000000002000021c        0x0 load address 0x0000000008005928
 .igot.plt      0x000000002000021c        0x0 /usr/local/bin/../lib/gcc/arm-none-eabi/6.3.1/thumb/v7e-m/fpv4-sp/hard/crtbegin.o

.bss            0x000000002000021c      0x1dc load address 0x0000000008005928
                0x000000002000021c                PROVIDE (__bss_start__, .)
 *(.bss*)
 .bss           0x000000002000021c       0x1c /usr/local/bin/../lib/gcc/arm-none-eabi/6.3.1/thumb/v7e-m/fpv4-sp/hard/crtbegin.o
 .bss.files     0x0000000020000238      0x180 ./system/src/device.o
 .bss._brk      0x00000000200003b8        0x4 ./system/src/sbrk.o
 .bss.__malloc_free_list
                0x00000000200003bc        0x4 /usr/local/bin/../lib/gcc/arm-none-eabi/6.3.1/../../../../arm-none-eabi/lib/thumb/v7e-m/fpv4-sp/hard/libg_nano.a(lib_a-nano-mallocr.o)
                0x00000000200003bc                __malloc_free_list
 .bss.__malloc_sbrk_start
                0x00000000200003c0        0x4 /usr/local/bin/../lib/gcc/arm-none-eabi/6.3.1/../../../../arm-none-eabi/lib/thumb/v7e-m/fpv4-sp/hard/libg_nano.a(lib_a-nano-mallocr.o)
                0x00000000200003c0                __malloc_sbrk_start
 .bss.__tzname_dst
                0x00000000200003c4        0xb /usr/local/bin/../lib/gcc/arm-none-eabi/6.3.1/../../../../arm-none-eabi/lib/thumb/v7e-m/fpv4-sp/hard/libg_nano.a(lib_a-tzset_r.o)
 .bss.__tzname_std
                0x00000000200003cf        0xb /usr/local/bin/../lib/gcc/arm-none-eabi/6.3.1/../../../../arm-none-eabi/lib/thumb/v7e-m/fpv4-sp/hard/libg_nano.a(lib_a-tzset_r.o)
 *fill*         0x00000000200003da        0x2 
 .bss.prev_tzenv
                0x00000000200003dc        0x4 /usr/local/bin/../lib/gcc/arm-none-eabi/6.3.1/../../../../arm-none-eabi/lib/thumb/v7e-m/fpv4-sp/hard/libg_nano.a(lib_a-tzset_r.o)
 .bss._daylight
                0x00000000200003e0        0x4 /usr/local/bin/../lib/gcc/arm-none-eabi/6.3.1/../../../../arm-none-eabi/lib/thumb/v7e-m/fpv4-sp/hard/libg_nano.a(lib_a-tzvars.o)
                0x00000000200003e0                _daylight
 .bss._timezone
                0x00000000200003e4        0x4 /usr/local/bin/../lib/gcc/arm-none-eabi/6.3.1/../../../../arm-none-eabi/lib/thumb/v7e-m/fpv4-sp/hard/libg_nano.a(lib_a-tzvars.o)
                0x00000000200003e4                _timezone
 .bss.initial_env
                0x00000000200003e8        0x4 /usr/local/bin/../lib/gcc/arm-none-eabi/6.3.1/../../../../arm-none-eabi/lib/thumb/v7e-m/fpv4-sp/hard/libg_nano.a(lib_a-environ.o)
                0x00000000200003ec                . = ALIGN (0x4)
                0x00000000200003ec                PROVIDE (__bss_end__, .)
 COMMON         0x00000000200003ec        0x4 ./src/main.o
                0x00000000200003ec                lcd
 COMMON         0x00000000200003f0        0x4 ./platform/src/system_stm32f303cx.o
                0x00000000200003f0                SystemCoreClock
 COMMON         0x00000000200003f4        0x4 /usr/local/bin/../lib/gcc/arm-none-eabi/6.3.1/../../../../arm-none-eabi/lib/thumb/v7e-m/fpv4-sp/hard/libg_nano.a(lib_a-reent.o)
                0x00000000200003f4                errno
OUTPUT(LCDClock.elf elf32-littlearm)

.ARM.attributes
                0x0000000000000000       0x30
 .ARM.attributes
                0x0000000000000000       0x22 /usr/local/bin/../lib/gcc/arm-none-eabi/6.3.1/thumb/v7e-m/fpv4-sp/hard/crti.o
 .ARM.attributes
                0x0000000000000022       0x34 /usr/local/bin/../lib/gcc/arm-none-eabi/6.3.1/thumb/v7e-m/fpv4-sp/hard/crtbegin.o
 .ARM.attributes
                0x0000000000000056       0x20 /usr/local/bin/../lib/gcc/arm-none-eabi/6.3.1/../../../../arm-none-eabi/lib/thumb/v7e-m/fpv4-sp/hard/crt0.o
 .ARM.attributes
                0x0000000000000076       0x39 ./system/src/device.o
 .ARM.attributes
                0x00000000000000af       0x39 ./system/src/gpio.o
 .ARM.attributes
                0x00000000000000e8       0x39 ./system/src/ring-buffer.o
 .ARM.attributes
                0x0000000000000121       0x39 ./system/src/sbrk.o
 .ARM.attributes
                0x000000000000015a       0x39 ./system/src/stdio.o
 .ARM.attributes
                0x0000000000000193       0x39 ./system/src/time.o
 .ARM.attributes
                0x00000000000001cc       0x39 ./system/src/usart.o
 .ARM.attributes
                0x0000000000000205       0x39 ./src/board.o
 .ARM.attributes
                0x000000000000023e       0x39 ./src/lcd.o
 .ARM.attributes
                0x0000000000000277       0x39 ./src/main.o
 .ARM.attributes
                0x00000000000002b0       0x39 ./src/pwm.o
 .ARM.attributes
                0x00000000000002e9       0x39 ./platform/src/stm32f303xc_it.o
 .ARM.attributes
                0x0000000000000322       0x39 ./platform/src/system_stm32f303cx.o
 .ARM.attributes
                0x000000000000035b       0x34 /usr/local/bin/../lib/gcc/arm-none-eabi/6.3.1/../../../../arm-none-eabi/lib/thumb/v7e-m/fpv4-sp/hard/libg_nano.a(lib_a-calloc.o)
 .ARM.attributes
                0x000000000000038f       0x34 /usr/local/bin/../lib/gcc/arm-none-eabi/6.3.1/../../../../arm-none-eabi/lib/thumb/v7e-m/fpv4-sp/hard/libg_nano.a(lib_a-exit.o)
 .ARM.attributes
                0x00000000000003c3       0x34 /usr/local/bin/../lib/gcc/arm-none-eabi/6.3.1/../../../../arm-none-eabi/lib/thumb/v7e-m/fpv4-sp/hard/libg_nano.a(lib_a-fopen.o)
 .ARM.attributes
                0x00000000000003f7       0x34 /usr/local/bin/../lib/gcc/arm-none-eabi/6.3.1/../../../../arm-none-eabi/lib/thumb/v7e-m/fpv4-sp/hard/libg_nano.a(lib_a-fprintf.o)
 .ARM.attributes
                0x000000000000042b       0x34 /usr/local/bin/../lib/gcc/arm-none-eabi/6.3.1/../../../../arm-none-eabi/lib/thumb/v7e-m/fpv4-sp/hard/libg_nano.a(lib_a-fseek.o)
 .ARM.attributes
                0x000000000000045f       0x34 /usr/local/bin/../lib/gcc/arm-none-eabi/6.3.1/../../../../arm-none-eabi/lib/thumb/v7e-m/fpv4-sp/hard/libg_nano.a(lib_a-fseeko.o)
 .ARM.attributes
                0x0000000000000493       0x34 /usr/local/bin/../lib/gcc/arm-none-eabi/6.3.1/../../../../arm-none-eabi/lib/thumb/v7e-m/fpv4-sp/hard/libg_nano.a(lib_a-fwrite.o)
 .ARM.attributes
                0x00000000000004c7       0x34 /usr/local/bin/../lib/gcc/arm-none-eabi/6.3.1/../../../../arm-none-eabi/lib/thumb/v7e-m/fpv4-sp/hard/libg_nano.a(lib_a-gmtime_r.o)
 .ARM.attributes
                0x00000000000004fb       0x34 /usr/local/bin/../lib/gcc/arm-none-eabi/6.3.1/../../../../arm-none-eabi/lib/thumb/v7e-m/fpv4-sp/hard/libg_nano.a(lib_a-impure.o)
 .ARM.attributes
                0x000000000000052f       0x34 /usr/local/bin/../lib/gcc/arm-none-eabi/6.3.1/../../../../arm-none-eabi/lib/thumb/v7e-m/fpv4-sp/hard/libg_nano.a(lib_a-init.o)
 .ARM.attributes
                0x0000000000000563       0x34 /usr/local/bin/../lib/gcc/arm-none-eabi/6.3.1/../../../../arm-none-eabi/lib/thumb/v7e-m/fpv4-sp/hard/libg_nano.a(lib_a-makebuf.o)
 .ARM.attributes
                0x0000000000000597       0x34 /usr/local/bin/../lib/gcc/arm-none-eabi/6.3.1/../../../../arm-none-eabi/lib/thumb/v7e-m/fpv4-sp/hard/libg_nano.a(lib_a-malloc.o)
 .ARM.attributes
                0x00000000000005cb       0x34 /usr/local/bin/../lib/gcc/arm-none-eabi/6.3.1/../../../../arm-none-eabi/lib/thumb/v7e-m/fpv4-sp/hard/libg_nano.a(lib_a-memcpy-stub.o)
 .ARM.attributes
                0x00000000000005ff       0x34 /usr/local/bin/../lib/gcc/arm-none-eabi/6.3.1/../../../../arm-none-eabi/lib/thumb/v7e-m/fpv4-sp/hard/libg_nano.a(lib_a-memset.o)
 .ARM.attributes
                0x0000000000000633       0x34 /usr/local/bin/../lib/gcc/arm-none-eabi/6.3.1/../../../../arm-none-eabi/lib/thumb/v7e-m/fpv4-sp/hard/libg_nano.a(lib_a-mktime.o)
 .ARM.attributes
                0x0000000000000667       0x34 /usr/local/bin/../lib/gcc/arm-none-eabi/6.3.1/../../../../arm-none-eabi/lib/thumb/v7e-m/fpv4-sp/hard/libg_nano.a(lib_a-nano-callocr.o)
 .ARM.attributes
                0x000000000000069b       0x34 /usr/local/bin/../lib/gcc/arm-none-eabi/6.3.1/../../../../arm-none-eabi/lib/thumb/v7e-m/fpv4-sp/hard/libg_nano.a(lib_a-nano-freer.o)
 .ARM.attributes
                0x00000000000006cf       0x34 /usr/local/bin/../lib/gcc/arm-none-eabi/6.3.1/../../../../arm-none-eabi/lib/thumb/v7e-m/fpv4-sp/hard/libg_nano.a(lib_a-nano-mallocr.o)
 .ARM.attributes
                0x0000000000000703       0x34 /usr/local/bin/../lib/gcc/arm-none-eabi/6.3.1/../../../../arm-none-eabi/lib/thumb/v7e-m/fpv4-sp/hard/libg_nano.a(lib_a-nano-vfprintf.o)
 .ARM.attributes
                0x0000000000000737       0x34 /usr/local/bin/../lib/gcc/arm-none-eabi/6.3.1/../../../../arm-none-eabi/lib/thumb/v7e-m/fpv4-sp/hard/libg_nano.a(lib_a-nano-vfprintf_i.o)
 .ARM.attributes
                0x000000000000076b       0x34 /usr/local/bin/../lib/gcc/arm-none-eabi/6.3.1/../../../../arm-none-eabi/lib/thumb/v7e-m/fpv4-sp/hard/libg_nano.a(lib_a-openr.o)
 .ARM.attributes
                0x000000000000079f       0x34 /usr/local/bin/../lib/gcc/arm-none-eabi/6.3.1/../../../../arm-none-eabi/lib/thumb/v7e-m/fpv4-sp/hard/libg_nano.a(lib_a-reent.o)
 .ARM.attributes
                0x00000000000007d3       0x34 /usr/local/bin/../lib/gcc/arm-none-eabi/6.3.1/../../../../arm-none-eabi/lib/thumb/v7e-m/fpv4-sp/hard/libg_nano.a(lib_a-sbrkr.o)
 .ARM.attributes
                0x0000000000000807       0x34 /usr/local/bin/../lib/gcc/arm-none-eabi/6.3.1/../../../../arm-none-eabi/lib/thumb/v7e-m/fpv4-sp/hard/libg_nano.a(lib_a-setvbuf.o)
 .ARM.attributes
                0x000000000000083b       0x34 /usr/local/bin/../lib/gcc/arm-none-eabi/6.3.1/../../../../arm-none-eabi/lib/thumb/v7e-m/fpv4-sp/hard/libg_nano.a(lib_a-snprintf.o)
 .ARM.attributes
                0x000000000000086f       0x34 /usr/local/bin/../lib/gcc/arm-none-eabi/6.3.1/../../../../arm-none-eabi/lib/thumb/v7e-m/fpv4-sp/hard/libg_nano.a(lib_a-stdio.o)
 .ARM.attributes
                0x00000000000008a3       0x20 /usr/local/bin/../lib/gcc/arm-none-eabi/6.3.1/../../../../arm-none-eabi/lib/thumb/v7e-m/fpv4-sp/hard/libg_nano.a(lib_a-strcmp.o)
 .ARM.attributes
                0x00000000000008c3       0x34 /usr/local/bin/../lib/gcc/arm-none-eabi/6.3.1/../../../../arm-none-eabi/lib/thumb/v7e-m/fpv4-sp/hard/libg_nano.a(lib_a-strptime.o)
 .ARM.attributes
                0x00000000000008f7       0x34 /usr/local/bin/../lib/gcc/arm-none-eabi/6.3.1/../../../../arm-none-eabi/lib/thumb/v7e-m/fpv4-sp/hard/libg_nano.a(lib_a-strrchr.o)
 .ARM.attributes
                0x000000000000092b       0x34 /usr/local/bin/../lib/gcc/arm-none-eabi/6.3.1/../../../../arm-none-eabi/lib/thumb/v7e-m/fpv4-sp/hard/libg_nano.a(lib_a-strtol.o)
 .ARM.attributes
                0x000000000000095f       0x34 /usr/local/bin/../lib/gcc/arm-none-eabi/6.3.1/../../../../arm-none-eabi/lib/thumb/v7e-m/fpv4-sp/hard/libg_nano.a(lib_a-sysclose.o)
 .ARM.attributes
                0x0000000000000993       0x34 /usr/local/bin/../lib/gcc/arm-none-eabi/6.3.1/../../../../arm-none-eabi/lib/thumb/v7e-m/fpv4-sp/hard/libg_nano.a(lib_a-sysopen.o)
 .ARM.attributes
                0x00000000000009c7       0x34 /usr/local/bin/../lib/gcc/arm-none-eabi/6.3.1/../../../../arm-none-eabi/lib/thumb/v7e-m/fpv4-sp/hard/libg_nano.a(lib_a-syssbrk.o)
 .ARM.attributes
                0x00000000000009fb       0x34 /usr/local/bin/../lib/gcc/arm-none-eabi/6.3.1/../../../../arm-none-eabi/lib/thumb/v7e-m/fpv4-sp/hard/libg_nano.a(lib_a-timelocal.o)
 .ARM.attributes
                0x0000000000000a2f       0x34 /usr/local/bin/../lib/gcc/arm-none-eabi/6.3.1/../../../../arm-none-eabi/lib/thumb/v7e-m/fpv4-sp/hard/libg_nano.a(lib_a-tzcalc_limits.o)
 .ARM.attributes
                0x0000000000000a63       0x34 /usr/local/bin/../lib/gcc/arm-none-eabi/6.3.1/../../../../arm-none-eabi/lib/thumb/v7e-m/fpv4-sp/hard/libg_nano.a(lib_a-tzlock.o)
 .ARM.attributes
                0x0000000000000a97       0x34 /usr/local/bin/../lib/gcc/arm-none-eabi/6.3.1/../../../../arm-none-eabi/lib/thumb/v7e-m/fpv4-sp/hard/libg_nano.a(lib_a-tzset.o)
 .ARM.attributes
                0x0000000000000acb       0x34 /usr/local/bin/../lib/gcc/arm-none-eabi/6.3.1/../../../../arm-none-eabi/lib/thumb/v7e-m/fpv4-sp/hard/libg_nano.a(lib_a-tzset_r.o)
 .ARM.attributes
                0x0000000000000aff       0x34 /usr/local/bin/../lib/gcc/arm-none-eabi/6.3.1/../../../../arm-none-eabi/lib/thumb/v7e-m/fpv4-sp/hard/libg_nano.a(lib_a-tzvars.o)
 .ARM.attributes
                0x0000000000000b33       0x34 /usr/local/bin/../lib/gcc/arm-none-eabi/6.3.1/../../../../arm-none-eabi/lib/thumb/v7e-m/fpv4-sp/hard/libg_nano.a(lib_a-wbuf.o)
 .ARM.attributes
                0x0000000000000b67       0x34 /usr/local/bin/../lib/gcc/arm-none-eabi/6.3.1/../../../../arm-none-eabi/lib/thumb/v7e-m/fpv4-sp/hard/libg_nano.a(lib_a-writer.o)
 .ARM.attributes
                0x0000000000000b9b       0x34 /usr/local/bin/../lib/gcc/arm-none-eabi/6.3.1/../../../../arm-none-eabi/lib/thumb/v7e-m/fpv4-sp/hard/libg_nano.a(lib_a-wsetup.o)
 .ARM.attributes
                0x0000000000000bcf       0x34 /usr/local/bin/../lib/gcc/arm-none-eabi/6.3.1/../../../../arm-none-eabi/lib/thumb/v7e-m/fpv4-sp/hard/libg_nano.a(lib_a-closer.o)
 .ARM.attributes
                0x0000000000000c03       0x34 /usr/local/bin/../lib/gcc/arm-none-eabi/6.3.1/../../../../arm-none-eabi/lib/thumb/v7e-m/fpv4-sp/hard/libg_nano.a(lib_a-div.o)
 .ARM.attributes
                0x0000000000000c37       0x34 /usr/local/bin/../lib/gcc/arm-none-eabi/6.3.1/../../../../arm-none-eabi/lib/thumb/v7e-m/fpv4-sp/hard/libg_nano.a(lib_a-fflush.o)
 .ARM.attributes
                0x0000000000000c6b       0x34 /usr/local/bin/../lib/gcc/arm-none-eabi/6.3.1/../../../../arm-none-eabi/lib/thumb/v7e-m/fpv4-sp/hard/libg_nano.a(lib_a-findfp.o)
 .ARM.attributes
                0x0000000000000c9f       0x34 /usr/local/bin/../lib/gcc/arm-none-eabi/6.3.1/../../../../arm-none-eabi/lib/thumb/v7e-m/fpv4-sp/hard/libg_nano.a(lib_a-flags.o)
 .ARM.attributes
                0x0000000000000cd3       0x34 /usr/local/bin/../lib/gcc/arm-none-eabi/6.3.1/../../../../arm-none-eabi/lib/thumb/v7e-m/fpv4-sp/hard/libg_nano.a(lib_a-fstatr.o)
 .ARM.attributes
                0x0000000000000d07       0x34 /usr/local/bin/../lib/gcc/arm-none-eabi/6.3.1/../../../../arm-none-eabi/lib/thumb/v7e-m/fpv4-sp/hard/libg_nano.a(lib_a-fwalk.o)
 .ARM.attributes
                0x0000000000000d3b       0x34 /usr/local/bin/../lib/gcc/arm-none-eabi/6.3.1/../../../../arm-none-eabi/lib/thumb/v7e-m/fpv4-sp/hard/libg_nano.a(lib_a-getenv_r.o)
 .ARM.attributes
                0x0000000000000d6f       0x34 /usr/local/bin/../lib/gcc/arm-none-eabi/6.3.1/../../../../arm-none-eabi/lib/thumb/v7e-m/fpv4-sp/hard/libg_nano.a(lib_a-gettzinfo.o)
 .ARM.attributes
                0x0000000000000da3       0x34 /usr/local/bin/../lib/gcc/arm-none-eabi/6.3.1/../../../../arm-none-eabi/lib/thumb/v7e-m/fpv4-sp/hard/libg_nano.a(lib_a-isattyr.o)
 .ARM.attributes
                0x0000000000000dd7       0x34 /usr/local/bin/../lib/gcc/arm-none-eabi/6.3.1/../../../../arm-none-eabi/lib/thumb/v7e-m/fpv4-sp/hard/libg_nano.a(lib_a-locale.o)
 .ARM.attributes
                0x0000000000000e0b       0x34 /usr/local/bin/../lib/gcc/arm-none-eabi/6.3.1/../../../../arm-none-eabi/lib/thumb/v7e-m/fpv4-sp/hard/libg_nano.a(lib_a-lseekr.o)
 .ARM.attributes
                0x0000000000000e3f       0x34 /usr/local/bin/../lib/gcc/arm-none-eabi/6.3.1/../../../../arm-none-eabi/lib/thumb/v7e-m/fpv4-sp/hard/libg_nano.a(lib_a-mbtowc_r.o)
 .ARM.attributes
                0x0000000000000e73       0x20 /usr/local/bin/../lib/gcc/arm-none-eabi/6.3.1/../../../../arm-none-eabi/lib/thumb/v7e-m/fpv4-sp/hard/libg_nano.a(lib_a-memchr.o)
 .ARM.attributes
                0x0000000000000e93       0x34 /usr/local/bin/../lib/gcc/arm-none-eabi/6.3.1/../../../../arm-none-eabi/lib/thumb/v7e-m/fpv4-sp/hard/libg_nano.a(lib_a-memmove.o)
 .ARM.attributes
                0x0000000000000ec7       0x34 /usr/local/bin/../lib/gcc/arm-none-eabi/6.3.1/../../../../arm-none-eabi/lib/thumb/v7e-m/fpv4-sp/hard/libg_nano.a(lib_a-mlock.o)
 .ARM.attributes
                0x0000000000000efb       0x34 /usr/local/bin/../lib/gcc/arm-none-eabi/6.3.1/../../../../arm-none-eabi/lib/thumb/v7e-m/fpv4-sp/hard/libg_nano.a(lib_a-month_lengths.o)
 .ARM.attributes
                0x0000000000000f2f       0x34 /usr/local/bin/../lib/gcc/arm-none-eabi/6.3.1/../../../../arm-none-eabi/lib/thumb/v7e-m/fpv4-sp/hard/libg_nano.a(lib_a-nano-reallocr.o)
 .ARM.attributes
                0x0000000000000f63       0x34 /usr/local/bin/../lib/gcc/arm-none-eabi/6.3.1/../../../../arm-none-eabi/lib/thumb/v7e-m/fpv4-sp/hard/libg_nano.a(lib_a-nano-svfprintf.o)
 .ARM.attributes
                0x0000000000000f97       0x34 /usr/local/bin/../lib/gcc/arm-none-eabi/6.3.1/../../../../arm-none-eabi/lib/thumb/v7e-m/fpv4-sp/hard/libg_nano.a(lib_a-readr.o)
 .ARM.attributes
                0x0000000000000fcb       0x34 /usr/local/bin/../lib/gcc/arm-none-eabi/6.3.1/../../../../arm-none-eabi/lib/thumb/v7e-m/fpv4-sp/hard/libg_nano.a(lib_a-sscanf.o)
 .ARM.attributes
                0x0000000000000fff       0x34 /usr/local/bin/../lib/gcc/arm-none-eabi/6.3.1/../../../../arm-none-eabi/lib/thumb/v7e-m/fpv4-sp/hard/libg_nano.a(lib_a-strchr.o)
 .ARM.attributes
                0x0000000000001033       0x34 /usr/local/bin/../lib/gcc/arm-none-eabi/6.3.1/../../../../arm-none-eabi/lib/thumb/v7e-m/fpv4-sp/hard/libg_nano.a(lib_a-strcpy.o)
 .ARM.attributes
                0x0000000000001067       0x1b /usr/local/bin/../lib/gcc/arm-none-eabi/6.3.1/../../../../arm-none-eabi/lib/thumb/v7e-m/fpv4-sp/hard/libg_nano.a(lib_a-strlen.o)
 .ARM.attributes
                0x0000000000001082       0x34 /usr/local/bin/../lib/gcc/arm-none-eabi/6.3.1/../../../../arm-none-eabi/lib/thumb/v7e-m/fpv4-sp/hard/libg_nano.a(lib_a-strncasecmp_l.o)
 .ARM.attributes
                0x00000000000010b6       0x34 /usr/local/bin/../lib/gcc/arm-none-eabi/6.3.1/../../../../arm-none-eabi/lib/thumb/v7e-m/fpv4-sp/hard/libg_nano.a(lib_a-strncmp.o)
 .ARM.attributes
                0x00000000000010ea       0x34 /usr/local/bin/../lib/gcc/arm-none-eabi/6.3.1/../../../../arm-none-eabi/lib/thumb/v7e-m/fpv4-sp/hard/libg_nano.a(lib_a-strtoul.o)
 .ARM.attributes
                0x000000000000111e       0x34 /usr/local/bin/../lib/gcc/arm-none-eabi/6.3.1/../../../../arm-none-eabi/lib/thumb/v7e-m/fpv4-sp/hard/libg_nano.a(lib_a-tolower_l.o)
 .ARM.attributes
                0x0000000000001152       0x34 /usr/local/bin/../lib/gcc/arm-none-eabi/6.3.1/../../../../arm-none-eabi/lib/thumb/v7e-m/fpv4-sp/hard/libg_nano.a(lib_a-wctomb_r.o)
 .ARM.attributes
                0x0000000000001186       0x34 /usr/local/bin/../lib/gcc/arm-none-eabi/6.3.1/../../../../arm-none-eabi/lib/thumb/v7e-m/fpv4-sp/hard/libg_nano.a(lib_a-ctype_.o)
 .ARM.attributes
                0x00000000000011ba       0x34 /usr/local/bin/../lib/gcc/arm-none-eabi/6.3.1/../../../../arm-none-eabi/lib/thumb/v7e-m/fpv4-sp/hard/libg_nano.a(lib_a-environ.o)
 .ARM.attributes
                0x00000000000011ee       0x34 /usr/local/bin/../lib/gcc/arm-none-eabi/6.3.1/../../../../arm-none-eabi/lib/thumb/v7e-m/fpv4-sp/hard/libg_nano.a(lib_a-envlock.o)
 .ARM.attributes
                0x0000000000001222       0x34 /usr/local/bin/../lib/gcc/arm-none-eabi/6.3.1/../../../../arm-none-eabi/lib/thumb/v7e-m/fpv4-sp/hard/libg_nano.a(lib_a-nano-msizer.o)
 .ARM.attributes
                0x0000000000001256       0x34 /usr/local/bin/../lib/gcc/arm-none-eabi/6.3.1/../../../../arm-none-eabi/lib/thumb/v7e-m/fpv4-sp/hard/libg_nano.a(lib_a-nano-svfscanf.o)
 .ARM.attributes
                0x000000000000128a       0x34 /usr/local/bin/../lib/gcc/arm-none-eabi/6.3.1/../../../../arm-none-eabi/lib/thumb/v7e-m/fpv4-sp/hard/libg_nano.a(lib_a-nano-vfscanf_i.o)
 .ARM.attributes
                0x00000000000012be       0x34 /usr/local/bin/../lib/gcc/arm-none-eabi/6.3.1/../../../../arm-none-eabi/lib/thumb/v7e-m/fpv4-sp/hard/libg_nano.a(lib_a-sccl.o)
 .ARM.attributes
                0x00000000000012f2       0x34 /usr/local/bin/../lib/gcc/arm-none-eabi/6.3.1/../../../../arm-none-eabi/lib/thumb/v7e-m/fpv4-sp/hard/libg_nano.a(lib_a-ungetc.o)
 .ARM.attributes
                0x0000000000001326       0x22 /usr/local/bin/../lib/gcc/arm-none-eabi/6.3.1/thumb/v7e-m/fpv4-sp/hard/crtn.o

.comment        0x0000000000000000       0x7f
 .comment       0x0000000000000000       0x7f ./system/src/device.o
                                         0x80 (size before relaxing)
 .comment       0x000000000000007f       0x80 ./system/src/gpio.o
 .comment       0x000000000000007f       0x80 ./system/src/ring-buffer.o
 .comment       0x000000000000007f       0x80 ./system/src/sbrk.o
 .comment       0x000000000000007f       0x80 ./system/src/stdio.o
 .comment       0x000000000000007f       0x80 ./system/src/time.o
 .comment       0x000000000000007f       0x80 ./system/src/usart.o
 .comment       0x000000000000007f       0x80 ./src/board.o
 .comment       0x000000000000007f       0x80 ./src/lcd.o
 .comment       0x000000000000007f       0x80 ./src/main.o
 .comment       0x000000000000007f       0x80 ./src/pwm.o
 .comment       0x000000000000007f       0x80 ./platform/src/stm32f303xc_it.o
 .comment       0x000000000000007f       0x80 ./platform/src/system_stm32f303cx.o

.debug_info     0x0000000000000000     0xb53f
 .debug_info    0x0000000000000000     0x1736 ./system/src/device.o
 .debug_info    0x0000000000001736      0x5c7 ./system/src/gpio.o
 .debug_info    0x0000000000001cfd      0xafe ./system/src/ring-buffer.o
 .debug_info    0x00000000000027fb      0x99e ./system/src/sbrk.o
 .debug_info    0x0000000000003199      0xa68 ./system/src/stdio.o
 .debug_info    0x0000000000003c01     0x1a6a ./system/src/time.o
 .debug_info    0x000000000000566b     0x1a00 ./system/src/usart.o
 .debug_info    0x000000000000706b      0xc0f ./src/board.o
 .debug_info    0x0000000000007c7a     0x1832 ./src/lcd.o
 .debug_info    0x00000000000094ac      0xb98 ./src/main.o
 .debug_info    0x000000000000a044      0x32c ./src/pwm.o
 .debug_info    0x000000000000a370      0xebc ./platform/src/stm32f303xc_it.o
 .debug_info    0x000000000000b22c      0x313 ./platform/src/system_stm32f303cx.o

.debug_abbrev   0x0000000000000000     0x219e
 .debug_abbrev  0x0000000000000000      0x43c ./system/src/device.o
 .debug_abbrev  0x000000000000043c      0x1df ./system/src/gpio.o
 .debug_abbrev  0x000000000000061b      0x251 ./system/src/ring-buffer.o
 .debug_abbrev  0x000000000000086c      0x1de ./system/src/sbrk.o
 .debug_abbrev  0x0000000000000a4a      0x1f0 ./system/src/stdio.o
 .debug_abbrev  0x0000000000000c3a      0x434 ./system/src/time.o
 .debug_abbrev  0x000000000000106e      0x466 ./system/src/usart.o
 .debug_abbrev  0x00000000000014d4      0x267 ./src/board.o
 .debug_abbrev  0x000000000000173b      0x39a ./src/lcd.o
 .debug_abbrev  0x0000000000001ad5      0x20e ./src/main.o
 .debug_abbrev  0x0000000000001ce3       0xeb ./src/pwm.o
 .debug_abbrev  0x0000000000001dce      0x29b ./platform/src/stm32f303xc_it.o
 .debug_abbrev  0x0000000000002069      0x135 ./platform/src/system_stm32f303cx.o

.debug_loc      0x0000000000000000     0x29c8
 .debug_loc     0x0000000000000000      0xc15 ./system/src/device.o
 .debug_loc     0x0000000000000c15      0x3fa ./system/src/gpio.o
 .debug_loc     0x000000000000100f      0x1ec ./system/src/ring-buffer.o
 .debug_loc     0x00000000000011fb       0xb6 ./system/src/sbrk.o
 .debug_loc     0x00000000000012b1       0x3f ./system/src/stdio.o
 .debug_loc     0x00000000000012f0      0x910 ./system/src/time.o
 .debug_loc     0x0000000000001c00      0x4ab ./system/src/usart.o
 .debug_loc     0x00000000000020ab       0xbc ./src/board.o
 .debug_loc     0x0000000000002167      0x815 ./src/lcd.o
 .debug_loc     0x000000000000297c       0x13 ./platform/src/stm32f303xc_it.o
 .debug_loc     0x000000000000298f       0x39 ./platform/src/system_stm32f303cx.o

.debug_aranges  0x0000000000000000      0x378
 .debug_aranges
                0x0000000000000000       0x78 ./system/src/device.o
 .debug_aranges
                0x0000000000000078       0x40 ./system/src/gpio.o
 .debug_aranges
                0x00000000000000b8       0x58 ./system/src/ring-buffer.o
 .debug_aranges
                0x0000000000000110       0x20 ./system/src/sbrk.o
 .debug_aranges
                0x0000000000000130       0x20 ./system/src/stdio.o
 .debug_aranges
                0x0000000000000150       0x70 ./system/src/time.o
 .debug_aranges
                0x00000000000001c0       0x80 ./system/src/usart.o
 .debug_aranges
                0x0000000000000240       0x28 ./src/board.o
 .debug_aranges
                0x0000000000000268       0x70 ./src/lcd.o
 .debug_aranges
                0x00000000000002d8       0x20 ./src/main.o
 .debug_aranges
                0x00000000000002f8       0x28 ./src/pwm.o
 .debug_aranges
                0x0000000000000320       0x30 ./platform/src/stm32f303xc_it.o
 .debug_aranges
                0x0000000000000350       0x28 ./platform/src/system_stm32f303cx.o

.debug_ranges   0x0000000000000000      0x6a0
 .debug_ranges  0x0000000000000000      0x1d8 ./system/src/device.o
 .debug_ranges  0x00000000000001d8       0x90 ./system/src/gpio.o
 .debug_ranges  0x0000000000000268       0x48 ./system/src/ring-buffer.o
 .debug_ranges  0x00000000000002b0       0x10 ./system/src/sbrk.o
 .debug_ranges  0x00000000000002c0       0x10 ./system/src/stdio.o
 .debug_ranges  0x00000000000002d0      0x1c8 ./system/src/time.o
 .debug_ranges  0x0000000000000498      0x100 ./system/src/usart.o
 .debug_ranges  0x0000000000000598       0x18 ./src/board.o
 .debug_ranges  0x00000000000005b0       0x90 ./src/lcd.o
 .debug_ranges  0x0000000000000640       0x10 ./src/main.o
 .debug_ranges  0x0000000000000650       0x18 ./src/pwm.o
 .debug_ranges  0x0000000000000668       0x20 ./platform/src/stm32f303xc_it.o
 .debug_ranges  0x0000000000000688       0x18 ./platform/src/system_stm32f303cx.o

.debug_macro    0x0000000000000000     0xe367
 .debug_macro   0x0000000000000000      0x2b6 ./system/src/device.o
 .debug_macro   0x00000000000002b6      0x8aa ./system/src/device.o
 .debug_macro   0x0000000000000b60       0x22 ./system/src/device.o
 .debug_macro   0x0000000000000b82       0x87 ./system/src/device.o
 .debug_macro   0x0000000000000c09       0x51 ./system/src/device.o
 .debug_macro   0x0000000000000c5a       0xef ./system/src/device.o
 .debug_macro   0x0000000000000d49       0x6a ./system/src/device.o
 .debug_macro   0x0000000000000db3      0x1df ./system/src/device.o
 .debug_macro   0x0000000000000f92      0x174 ./system/src/device.o
 .debug_macro   0x0000000000001106       0x58 ./system/src/device.o
 .debug_macro   0x000000000000115e       0x35 ./system/src/device.o
 .debug_macro   0x0000000000001193       0x9c ./system/src/device.o
 .debug_macro   0x000000000000122f      0x330 ./system/src/device.o
 .debug_macro   0x000000000000155f       0x10 ./system/src/device.o
 .debug_macro   0x000000000000156f       0x58 ./system/src/device.o
 .debug_macro   0x00000000000015c7       0x1f ./system/src/device.o
 .debug_macro   0x00000000000015e6       0x43 ./system/src/device.o
 .debug_macro   0x0000000000001629       0x20 ./system/src/device.o
 .debug_macro   0x0000000000001649       0x1c ./system/src/device.o
 .debug_macro   0x0000000000001665       0x52 ./system/src/device.o
 .debug_macro   0x00000000000016b7       0x40 ./system/src/device.o
 .debug_macro   0x00000000000016f7       0x10 ./system/src/device.o
 .debug_macro   0x0000000000001707       0x40 ./system/src/device.o
 .debug_macro   0x0000000000001747       0xd7 ./system/src/device.o
 .debug_macro   0x000000000000181e      0x187 ./system/src/device.o
 .debug_macro   0x00000000000019a5       0x10 ./system/src/device.o
 .debug_macro   0x00000000000019b5       0x35 ./system/src/device.o
 .debug_macro   0x00000000000019ea       0x10 ./system/src/device.o
 .debug_macro   0x00000000000019fa       0x10 ./system/src/device.o
 .debug_macro   0x0000000000001a0a       0x35 ./system/src/device.o
 .debug_macro   0x0000000000001a3f      0x122 ./system/src/device.o
 .debug_macro   0x0000000000001b61       0x10 ./system/src/device.o
 .debug_macro   0x0000000000001b71       0x88 ./system/src/device.o
 .debug_macro   0x0000000000001bf9       0x16 ./system/src/device.o
 .debug_macro   0x0000000000001c0f       0x16 ./system/src/device.o
 .debug_macro   0x0000000000001c25       0x29 ./system/src/device.o
 .debug_macro   0x0000000000001c4e       0x16 ./system/src/device.o
 .debug_macro   0x0000000000001c64       0x58 ./system/src/device.o
 .debug_macro   0x0000000000001cbc       0x16 ./system/src/device.o
 .debug_macro   0x0000000000001cd2      0x51a ./system/src/device.o
 .debug_macro   0x00000000000021ec      0x1da ./system/src/device.o
 .debug_macro   0x00000000000023c6       0x10 ./system/src/device.o
 .debug_macro   0x00000000000023d6       0x10 ./system/src/device.o
 .debug_macro   0x00000000000023e6      0x241 ./system/src/device.o
 .debug_macro   0x0000000000002627       0xfd ./system/src/gpio.o
 .debug_macro   0x0000000000002724       0x22 ./system/src/gpio.o
 .debug_macro   0x0000000000002746      0x118 ./system/src/gpio.o
 .debug_macro   0x000000000000285e       0x28 ./system/src/gpio.o
 .debug_macro   0x0000000000002886       0x28 ./system/src/gpio.o
 .debug_macro   0x00000000000028ae       0x1c ./system/src/gpio.o
 .debug_macro   0x00000000000028ca       0x22 ./system/src/gpio.o
 .debug_macro   0x00000000000028ec       0xd3 ./system/src/gpio.o
 .debug_macro   0x00000000000029bf      0xfe0 ./system/src/gpio.o
 .debug_macro   0x000000000000399f       0xe2 ./system/src/gpio.o
 .debug_macro   0x0000000000003a81       0x10 ./system/src/gpio.o
 .debug_macro   0x0000000000003a91     0x822c ./system/src/gpio.o
 .debug_macro   0x000000000000bcbd       0x43 ./system/src/gpio.o
 .debug_macro   0x000000000000bd00      0x1ae ./system/src/ring-buffer.o
 .debug_macro   0x000000000000beae      0x1e5 ./system/src/sbrk.o
 .debug_macro   0x000000000000c093       0x52 ./system/src/sbrk.o
 .debug_macro   0x000000000000c0e5       0x8d ./system/src/sbrk.o
 .debug_macro   0x000000000000c172      0x10e ./system/src/sbrk.o
 .debug_macro   0x000000000000c280       0x8d ./system/src/sbrk.o
 .debug_macro   0x000000000000c30d       0x57 ./system/src/sbrk.o
 .debug_macro   0x000000000000c364      0x201 ./system/src/stdio.o
 .debug_macro   0x000000000000c565      0x1d4 ./system/src/stdio.o
 .debug_macro   0x000000000000c739       0x1c ./system/src/stdio.o
 .debug_macro   0x000000000000c755       0x10 ./system/src/stdio.o
 .debug_macro   0x000000000000c765       0x10 ./system/src/stdio.o
 .debug_macro   0x000000000000c775       0x16 ./system/src/stdio.o
 .debug_macro   0x000000000000c78b      0x176 ./system/src/stdio.o
 .debug_macro   0x000000000000c901      0x297 ./system/src/time.o
 .debug_macro   0x000000000000cb98       0xd9 ./system/src/time.o
 .debug_macro   0x000000000000cc71       0x16 ./system/src/time.o
 .debug_macro   0x000000000000cc87       0x10 ./system/src/time.o
 .debug_macro   0x000000000000cc97      0x32a ./system/src/time.o
 .debug_macro   0x000000000000cfc1      0x2fb ./system/src/usart.o
 .debug_macro   0x000000000000d2bc       0x1c ./system/src/usart.o
 .debug_macro   0x000000000000d2d8       0x16 ./system/src/usart.o
 .debug_macro   0x000000000000d2ee       0x10 ./system/src/usart.o
 .debug_macro   0x000000000000d2fe      0x243 ./src/board.o
 .debug_macro   0x000000000000d541       0x16 ./src/board.o
 .debug_macro   0x000000000000d557      0x18b ./src/board.o
 .debug_macro   0x000000000000d6e2      0x33a ./src/lcd.o
 .debug_macro   0x000000000000da1c       0x10 ./src/lcd.o
 .debug_macro   0x000000000000da2c      0x11e ./src/lcd.o
 .debug_macro   0x000000000000db4a      0x2b2 ./src/main.o
 .debug_macro   0x000000000000ddfc       0x97 ./src/main.o
 .debug_macro   0x000000000000de93       0xfd ./src/main.o
 .debug_macro   0x000000000000df90       0x10 ./src/main.o
 .debug_macro   0x000000000000dfa0       0xef ./src/pwm.o
 .debug_macro   0x000000000000e08f      0x1dd ./platform/src/stm32f303xc_it.o
 .debug_macro   0x000000000000e26c       0x10 ./platform/src/stm32f303xc_it.o
 .debug_macro   0x000000000000e27c       0xeb ./platform/src/system_stm32f303cx.o

.debug_line     0x0000000000000000     0x39e9
 .debug_line    0x0000000000000000      0x6c7 ./system/src/device.o
 .debug_line    0x00000000000006c7      0x377 ./system/src/gpio.o
 .debug_line    0x0000000000000a3e      0x36c ./system/src/ring-buffer.o
 .debug_line    0x0000000000000daa      0x2ad ./system/src/sbrk.o
 .debug_line    0x0000000000001057      0x2b2 ./system/src/stdio.o
 .debug_line    0x0000000000001309      0x6a1 ./system/src/time.o
 .debug_line    0x00000000000019aa      0x6de ./system/src/usart.o
 .debug_line    0x0000000000002088      0x471 ./src/board.o
 .debug_line    0x00000000000024f9      0x791 ./src/lcd.o
 .debug_line    0x0000000000002c8a      0x432 ./src/main.o
 .debug_line    0x00000000000030bc      0x2c3 ./src/pwm.o
 .debug_line    0x000000000000337f      0x384 ./platform/src/stm32f303xc_it.o
 .debug_line    0x0000000000003703      0x2e6 ./platform/src/system_stm32f303cx.o

.debug_str      0x0000000000000000    0x41d50
 .debug_str     0x0000000000000000     0x90ea ./system/src/device.o
                                       0x94ad (size before relaxing)
 .debug_str     0x00000000000090ea    0x37422 ./system/src/gpio.o
                                      0x3bfbc (size before relaxing)
 .debug_str     0x000000000004050c      0x118 ./system/src/ring-buffer.o
                                       0x6fed (size before relaxing)
 .debug_str     0x0000000000040624       0x4b ./system/src/sbrk.o
                                       0x7b09 (size before relaxing)
 .debug_str     0x000000000004066f      0x715 ./system/src/stdio.o
                                       0x84fe (size before relaxing)
 .debug_str     0x0000000000040d84      0x782 ./system/src/time.o
                                      0x3f8b2 (size before relaxing)
 .debug_str     0x0000000000041506      0x243 ./system/src/usart.o
                                      0x3f5ab (size before relaxing)
 .debug_str     0x0000000000041749       0x92 ./src/board.o
                                      0x3e950 (size before relaxing)
 .debug_str     0x00000000000417db      0x246 ./src/lcd.o
                                      0x40904 (size before relaxing)
 .debug_str     0x0000000000041a21       0x7e ./src/main.o
                                      0x3f22c (size before relaxing)
 .debug_str     0x0000000000041a9f       0x6b ./src/pwm.o
                                      0x3b6a9 (size before relaxing)
 .debug_str     0x0000000000041b0a      0x1a9 ./platform/src/stm32f303xc_it.o
                                      0x3d4f2 (size before relaxing)
 .debug_str     0x0000000000041cb3       0x9d ./platform/src/system_stm32f303cx.o
                                      0x3a089 (size before relaxing)

.debug_frame    0x0000000000000000     0x1bec
 .debug_frame   0x0000000000000000      0x19c ./system/src/device.o
 .debug_frame   0x000000000000019c       0x94 ./system/src/gpio.o
 .debug_frame   0x0000000000000230       0xcc ./system/src/ring-buffer.o
 .debug_frame   0x00000000000002fc       0x20 ./system/src/sbrk.o
 .debug_frame   0x000000000000031c       0x28 ./system/src/stdio.o
 .debug_frame   0x0000000000000344      0x13c ./system/src/time.o
 .debug_frame   0x0000000000000480      0x174 ./system/src/usart.o
 .debug_frame   0x00000000000005f4       0x50 ./src/board.o
 .debug_frame   0x0000000000000644      0x164 ./src/lcd.o
 .debug_frame   0x00000000000007a8       0x28 ./src/main.o
 .debug_frame   0x00000000000007d0       0x30 ./src/pwm.o
 .debug_frame   0x0000000000000800       0x48 ./platform/src/stm32f303xc_it.o
 .debug_frame   0x0000000000000848       0x30 ./platform/src/system_stm32f303cx.o
 .debug_frame   0x0000000000000878       0x20 /usr/local/bin/../lib/gcc/arm-none-eabi/6.3.1/../../../../arm-none-eabi/lib/thumb/v7e-m/fpv4-sp/hard/libg_nano.a(lib_a-calloc.o)
 .debug_frame   0x0000000000000898       0x28 /usr/local/bin/../lib/gcc/arm-none-eabi/6.3.1/../../../../arm-none-eabi/lib/thumb/v7e-m/fpv4-sp/hard/libg_nano.a(lib_a-exit.o)
 .debug_frame   0x00000000000008c0       0x44 /usr/local/bin/../lib/gcc/arm-none-eabi/6.3.1/../../../../arm-none-eabi/lib/thumb/v7e-m/fpv4-sp/hard/libg_nano.a(lib_a-fopen.o)