Archive member included to satisfy reference by file (symbol)

/usr/local/bin/../lib/gcc/arm-none-eabi/6.3.1/../../../../arm-none-eabi/lib/thumb/v7e-m/fpv4-sp/hard/libg_nano.a(lib_a-exit.o)
                              /usr/local/bin/../lib/gcc/arm-none-eabi/6.3.1/../../../../arm-none-eabi/lib/thumb/v7e-m/fpv4-sp/hard/crt0.o (exit)
/usr/local/bin/../lib/gcc/arm-none-eabi/6.3.1/../../../../arm-none-eabi/lib/thumb/v7e-m/fpv4-sp/hard/libg_nano.a(lib_a-impure.o)
                              /usr/local/bin/../lib/gcc/arm-none-eabi/6.3.1/../../../../arm-none-eabi/lib/thumb/v7e-m/fpv4-sp/hard/libg_nano.a(lib_a-exit.o) (_global_impure_ptr)
/usr/local/bin/../lib/gcc/arm-none-eabi/6.3.1/../../../../arm-none-eabi/lib/thumb/v7e-m/fpv4-sp/hard/libg_nano.a(lib_a-init.o)
                              /usr/local/bin/../lib/gcc/arm-none-eabi/6.3.1/../../../../arm-none-eabi/lib/thumb/v7e-m/fpv4-sp/hard/crt0.o (__libc_init_array)
/usr/local/bin/../lib/gcc/arm-none-eabi/6.3.1/../../../../arm-none-eabi/lib/thumb/v7e-m/fpv4-sp/hard/libg_nano.a(lib_a-memcpy-stub.o)
                              ./platform/src/stm32f303xc_it.o (memcpy)
/usr/local/bin/../lib/gcc/arm-none-eabi/6.3.1/../../../../arm-none-eabi/lib/thumb/v7e-m/fpv4-sp/hard/libg_nano.a(lib_a-memset.o)
                              /usr/local/bin/../lib/gcc/arm-none-eabi/6.3.1/../../../../arm-none-eabi/lib/thumb/v7e-m/fpv4-sp/hard/crt0.o (memset)

Allocating common symbols
Common symbol       size              file

SystemCoreClock     0x4               ./platform/src/system_stm32f303cx.o

Discarded input sections

 .text          0x0000000000000000        0x0 /usr/local/bin/../lib/gcc/arm-none-eabi/6.3.1/thumb/v7e-m/fpv4-sp/hard/crti.o
 .data          0x0000000000000000        0x0 /usr/local/bin/../lib/gcc/arm-none-eabi/6.3.1/thumb/v7e-m/fpv4-sp/hard/crti.o
 .bss           0x0000000000000000        0x0 /usr/local/bin/../lib/gcc/arm-none-eabi/6.3.1/thumb/v7e-m/fpv4-sp/hard/crti.o
 .data          0x0000000000000000        0x4 /usr/local/bin/../lib/gcc/arm-none-eabi/6.3.1/thumb/v7e-m/fpv4-sp/hard/crtbegin.o
 .data          0x0000000000000000        0x0 /usr/local/bin/../lib/gcc/arm-none-eabi/6.3.1/../../../../arm-none-eabi/lib/thumb/v7e-m/fpv4-sp/hard/crt0.o
 .bss           0x0000000000000000        0x0 /usr/local/bin/../lib/gcc/arm-none-eabi/6.3.1/../../../../arm-none-eabi/lib/thumb/v7e-m/fpv4-sp/hard/crt0.o
 .ARM.extab     0x0000000000000000        0x0 /usr/local/bin/../lib/gcc/arm-none-eabi/6.3.1/../../../../arm-none-eabi/lib/thumb/v7e-m/fpv4-sp/hard/crt0.o
 .group         0x0000000000000000        0x8 ./src/main.o
 .group         0x0000000000000000        0x8 ./src/main.o
 .group         0x0000000000000000        0x8 ./src/main.o
 .group         0x0000000000000000        0x8 ./src/main.o
 .group         0x0000000000000000        0x8 ./src/main.o
 .group         0x0000000000000000        0x8 ./src/main.o
 .group         0x0000000000000000        0x8 ./src/main.o
 .group         0x0000000000000000        0x8 ./src/main.o
 .group         0x0000000000000000        0x8 ./src/main.o
 .group         0x0000000000000000        0x8 ./src/main.o
 .group         0x0000000000000000        0x8 ./src/main.o
 .group         0x0000000000000000        0x8 ./src/main.o
 .group         0x0000000000000000        0x8 ./src/main.o
 .group         0x0000000000000000        0x8 ./src/main.o
 .group         0x0000000000000000        0x8 ./src/main.o
 .group         0x0000000000000000        0x8 ./src/main.o
 .group         0x0000000000000000        0x8 ./src/main.o
 .text          0x0000000000000000        0x0 ./src/main.o
 .data          0x0000000000000000        0x0 ./src/main.o
 .bss           0x0000000000000000        0x0 ./src/main.o
 .group         0x0000000000000000        0x8 ./platform/src/stm32f303xc_it.o
 .group         0x0000000000000000        0x8 ./platform/src/stm32f303xc_it.o
 .group         0x0000000000000000        0x8 ./platform/src/stm32f303xc_it.o
 .group         0x0000000000000000        0x8 ./platform/src/stm32f303xc_it.o
 .group         0x0000000000000000        0x8 ./platform/src/stm32f303xc_it.o
 .group         0x0000000000000000        0x8 ./platform/src/stm32f303xc_it.o
 .group         0x0000000000000000        0x8 ./platform/src/stm32f303xc_it.o
 .group         0x0000000000000000        0x8 ./platform/src/stm32f303xc_it.o
 .group         0x0000000000000000        0x8 ./platform/src/stm32f303xc_it.o
 .group         0x0000000000000000        0x8 ./platform/src/stm32f303xc_it.o
 .group         0x0000000000000000        0x8 ./platform/src/stm32f303xc_it.o
 .group         0x0000000000000000        0x8 ./platform/src/stm32f303xc_it.o
 .group         0x0000000000000000        0x8 ./platform/src/stm32f303xc_it.o
 .group         0x0000000000000000        0x8 ./platform/src/stm32f303xc_it.o
 .group         0x0000000000000000        0x8 ./platform/src/stm32f303xc_it.o
 .group         0x0000000000000000        0x8 ./platform/src/stm32f303xc_it.o
 .group         0x0000000000000000        0x8 ./platform/src/stm32f303xc_it.o
 .group         0x0000000000000000        0x8 ./platform/src/stm32f303xc_it.o
 .group         0x0000000000000000        0x8 ./platform/src/stm32f303xc_it.o
 .group         0x0000000000000000        0x8 ./platform/src/stm32f303xc_it.o
 .group         0x0000000000000000        0x8 ./platform/src/stm32f303xc_it.o
 .group         0x0000000000000000        0x8 ./platform/src/stm32f303xc_it.o
 .group         0x0000000000000000        0x8 ./platform/src/stm32f303xc_it.o
 .group         0x0000000000000000        0x8 ./platform/src/stm32f303xc_it.o
 .group         0x0000000000000000        0x8 ./platform/src/stm32f303xc_it.o
 .group         0x0000000000000000        0x8 ./platform/src/stm32f303xc_it.o
 .group         0x0000000000000000        0x8 ./platform/src/stm32f303xc_it.o
 .group         0x0000000000000000        0x8 ./platform/src/stm32f303xc_it.o
 .group         0x0000000000000000        0x8 ./platform/src/stm32f303xc_it.o
 .group         0x0000000000000000        0x8 ./platform/src/stm32f303xc_it.o
 .group         0x0000000000000000        0x8 ./platform/src/stm32f303xc_it.o
 .text          0x0000000000000000        0x0 ./platform/src/stm32f303xc_it.o
 .data          0x0000000000000000        0x0 ./platform/src/stm32f303xc_it.o
 .bss           0x0000000000000000        0x0 ./platform/src/stm32f303xc_it.o
 .debug_macro   0x0000000000000000      0x8aa ./platform/src/stm32f303xc_it.o
 .debug_macro   0x0000000000000000       0x28 ./platform/src/stm32f303xc_it.o
 .debug_macro   0x0000000000000000       0x28 ./platform/src/stm32f303xc_it.o
 .debug_macro   0x0000000000000000       0x22 ./platform/src/stm32f303xc_it.o
 .debug_macro   0x0000000000000000       0x87 ./platform/src/stm32f303xc_it.o
 .debug_macro   0x0000000000000000       0x51 ./platform/src/stm32f303xc_it.o
 .debug_macro   0x0000000000000000       0xef ./platform/src/stm32f303xc_it.o
 .debug_macro   0x0000000000000000       0x6a ./platform/src/stm32f303xc_it.o
 .debug_macro   0x0000000000000000      0x1df ./platform/src/stm32f303xc_it.o
 .debug_macro   0x0000000000000000       0x1c ./platform/src/stm32f303xc_it.o
 .debug_macro   0x0000000000000000       0x22 ./platform/src/stm32f303xc_it.o
 .debug_macro   0x0000000000000000       0xd9 ./platform/src/stm32f303xc_it.o
 .debug_macro   0x0000000000000000      0xfe0 ./platform/src/stm32f303xc_it.o
 .debug_macro   0x0000000000000000       0xe2 ./platform/src/stm32f303xc_it.o
 .debug_macro   0x0000000000000000       0x10 ./platform/src/stm32f303xc_it.o
 .debug_macro   0x0000000000000000     0x822c ./platform/src/stm32f303xc_it.o
 .debug_macro   0x0000000000000000       0x43 ./platform/src/stm32f303xc_it.o
 .group         0x0000000000000000        0x8 ./platform/src/system_stm32f303cx.o
 .group         0x0000000000000000        0x8 ./platform/src/system_stm32f303cx.o
 .group         0x0000000000000000        0x8 ./platform/src/system_stm32f303cx.o
 .group         0x0000000000000000        0x8 ./platform/src/system_stm32f303cx.o
 .group         0x0000000000000000        0x8 ./platform/src/system_stm32f303cx.o
 .group         0x0000000000000000        0x8 ./platform/src/system_stm32f303cx.o
 .group         0x0000000000000000        0x8 ./platform/src/system_stm32f303cx.o
 .group         0x0000000000000000        0x8 ./platform/src/system_stm32f303cx.o
 .group         0x0000000000000000        0x8 ./platform/src/system_stm32f303cx.o
 .group         0x0000000000000000        0x8 ./platform/src/system_stm32f303cx.o
 .group         0x0000000000000000        0x8 ./platform/src/system_stm32f303cx.o
 .group         0x0000000000000000        0x8 ./platform/src/system_stm32f303cx.o
 .group         0x0000000000000000        0x8 ./platform/src/system_stm32f303cx.o
 .group         0x0000000000000000        0x8 ./platform/src/system_stm32f303cx.o
 .group         0x0000000000000000        0x8 ./platform/src/system_stm32f303cx.o
 .group         0x0000000000000000        0x8 ./platform/src/system_stm32f303cx.o
 .group         0x0000000000000000        0x8 ./platform/src/system_stm32f303cx.o
 .group         0x0000000000000000        0x8 ./platform/src/system_stm32f303cx.o
 .group         0x0000000000000000        0x8 ./platform/src/system_stm32f303cx.o
 .text          0x0000000000000000        0x0 ./platform/src/system_stm32f303cx.o
 .data          0x0000000000000000        0x0 ./platform/src/system_stm32f303cx.o
 .bss           0x0000000000000000        0x0 ./platform/src/system_stm32f303cx.o
 .debug_macro   0x0000000000000000      0x8aa ./platform/src/system_stm32f303cx.o
 .debug_macro   0x0000000000000000       0x28 ./platform/src/system_stm32f303cx.o
 .debug_macro   0x0000000000000000       0x28 ./platform/src/system_stm32f303cx.o
 .debug_macro   0x0000000000000000       0x22 ./platform/src/system_stm32f303cx.o
 .debug_macro   0x0000000000000000       0x87 ./platform/src/system_stm32f303cx.o
 .debug_macro   0x0000000000000000       0x51 ./platform/src/system_stm32f303cx.o
 .debug_macro   0x0000000000000000       0xef ./platform/src/system_stm32f303cx.o
 .debug_macro   0x0000000000000000       0x6a ./platform/src/system_stm32f303cx.o
 .debug_macro   0x0000000000000000      0x1df ./platform/src/system_stm32f303cx.o
 .debug_macro   0x0000000000000000       0x1c ./platform/src/system_stm32f303cx.o
 .debug_macro   0x0000000000000000       0x22 ./platform/src/system_stm32f303cx.o
 .debug_macro   0x0000000000000000       0xd9 ./platform/src/system_stm32f303cx.o
 .debug_macro   0x0000000000000000      0xfe0 ./platform/src/system_stm32f303cx.o
 .debug_macro   0x0000000000000000       0xe2 ./platform/src/system_stm32f303cx.o
 .debug_macro   0x0000000000000000       0x10 ./platform/src/system_stm32f303cx.o
 .debug_macro   0x0000000000000000     0x822c ./platform/src/system_stm32f303cx.o
 .debug_macro   0x0000000000000000       0x43 ./platform/src/system_stm32f303cx.o
 .debug_macro   0x0000000000000000       0x10 ./platform/src/system_stm32f303cx.o
 .text          0x0000000000000000        0x0 /usr/local/bin/../lib/gcc/arm-none-eabi/6.3.1/../../../../arm-none-eabi/lib/thumb/v7e-m/fpv4-sp/hard/libg_nano.a(lib_a-exit.o)
 .data          0x0000000000000000        0x0 /usr/local/bin/../lib/gcc/arm-none-eabi/6.3.1/../../../../arm-none-eabi/lib/thumb/v7e-m/fpv4-sp/hard/libg_nano.a(lib_a-exit.o)
 .bss           0x0000000000000000        0x0 /usr/local/bin/../lib/gcc/arm-none-eabi/6.3.1/../../../../arm-none-eabi/lib/thumb/v7e-m/fpv4-sp/hard/libg_nano.a(lib_a-exit.o)
 .text          0x0000000000000000        0x0 /usr/local/bin/../lib/gcc/arm-none-eabi/6.3.1/../../../../arm-none-eabi/lib/thumb/v7e-m/fpv4-sp/hard/libg_nano.a(lib_a-impure.o)
 .data          0x0000000000000000        0x0 /usr/local/bin/../lib/gcc/arm-none-eabi/6.3.1/../../../../arm-none-eabi/lib/thumb/v7e-m/fpv4-sp/hard/libg_nano.a(lib_a-impure.o)
 .bss           0x0000000000000000        0x0 /usr/local/bin/../lib/gcc/arm-none-eabi/6.3.1/../../../../arm-none-eabi/lib/thumb/v7e-m/fpv4-sp/hard/libg_nano.a(lib_a-impure.o)
 .data._impure_ptr
                0x0000000000000000        0x4 /usr/local/bin/../lib/gcc/arm-none-eabi/6.3.1/../../../../arm-none-eabi/lib/thumb/v7e-m/fpv4-sp/hard/libg_nano.a(lib_a-impure.o)
 .text          0x0000000000000000        0x0 /usr/local/bin/../lib/gcc/arm-none-eabi/6.3.1/../../../../arm-none-eabi/lib/thumb/v7e-m/fpv4-sp/hard/libg_nano.a(lib_a-init.o)
 .data          0x0000000000000000        0x0 /usr/local/bin/../lib/gcc/arm-none-eabi/6.3.1/../../../../arm-none-eabi/lib/thumb/v7e-m/fpv4-sp/hard/libg_nano.a(lib_a-init.o)
 .bss           0x0000000000000000        0x0 /usr/local/bin/../lib/gcc/arm-none-eabi/6.3.1/../../../../arm-none-eabi/lib/thumb/v7e-m/fpv4-sp/hard/libg_nano.a(lib_a-init.o)
 .text          0x0000000000000000        0x0 /usr/local/bin/../lib/gcc/arm-none-eabi/6.3.1/../../../../arm-none-eabi/lib/thumb/v7e-m/fpv4-sp/hard/libg_nano.a(lib_a-memcpy-stub.o)
 .data          0x0000000000000000        0x0 /usr/local/bin/../lib/gcc/arm-none-eabi/6.3.1/../../../../arm-none-eabi/lib/thumb/v7e-m/fpv4-sp/hard/libg_nano.a(lib_a-memcpy-stub.o)
 .bss           0x0000000000000000        0x0 /usr/local/bin/../lib/gcc/arm-none-eabi/6.3.1/../../../../arm-none-eabi/lib/thumb/v7e-m/fpv4-sp/hard/libg_nano.a(lib_a-memcpy-stub.o)
 .text          0x0000000000000000        0x0 /usr/local/bin/../lib/gcc/arm-none-eabi/6.3.1/../../../../arm-none-eabi/lib/thumb/v7e-m/fpv4-sp/hard/libg_nano.a(lib_a-memset.o)
 .data          0x0000000000000000        0x0 /usr/local/bin/../lib/gcc/arm-none-eabi/6.3.1/../../../../arm-none-eabi/lib/thumb/v7e-m/fpv4-sp/hard/libg_nano.a(lib_a-memset.o)
 .bss           0x0000000000000000        0x0 /usr/local/bin/../lib/gcc/arm-none-eabi/6.3.1/../../../../arm-none-eabi/lib/thumb/v7e-m/fpv4-sp/hard/libg_nano.a(lib_a-memset.o)
 .text          0x0000000000000000        0x0 /usr/local/bin/../lib/gcc/arm-none-eabi/6.3.1/thumb/v7e-m/fpv4-sp/hard/crtend.o
 .data          0x0000000000000000        0x0 /usr/local/bin/../lib/gcc/arm-none-eabi/6.3.1/thumb/v7e-m/fpv4-sp/hard/crtend.o
 .bss           0x0000000000000000        0x0 /usr/local/bin/../lib/gcc/arm-none-eabi/6.3.1/thumb/v7e-m/fpv4-sp/hard/crtend.o
 .eh_frame      0x0000000000000000        0x4 /usr/local/bin/../lib/gcc/arm-none-eabi/6.3.1/thumb/v7e-m/fpv4-sp/hard/crtend.o
 .jcr           0x0000000000000000        0x4 /usr/local/bin/../lib/gcc/arm-none-eabi/6.3.1/thumb/v7e-m/fpv4-sp/hard/crtend.o
 .ARM.attributes
                0x0000000000000000       0x34 /usr/local/bin/../lib/gcc/arm-none-eabi/6.3.1/thumb/v7e-m/fpv4-sp/hard/crtend.o
 .text          0x0000000000000000        0x0 /usr/local/bin/../lib/gcc/arm-none-eabi/6.3.1/thumb/v7e-m/fpv4-sp/hard/crtn.o
 .data          0x0000000000000000        0x0 /usr/local/bin/../lib/gcc/arm-none-eabi/6.3.1/thumb/v7e-m/fpv4-sp/hard/crtn.o
 .bss           0x0000000000000000        0x0 /usr/local/bin/../lib/gcc/arm-none-eabi/6.3.1/thumb/v7e-m/fpv4-sp/hard/crtn.o

Memory Configuration

Name             Origin             Length             Attributes
IROM             0x0000000008000000 0x0000000000040000 xr
IRAM             0x0000000020000000 0x000000000000a000 rw
CCM              0x0000000010000000 0x0000000000002000 xrw
*default*        0x0000000000000000 0xffffffffffffffff

Linker script and memory map

LOAD /usr/local/bin/../lib/gcc/arm-none-eabi/6.3.1/thumb/v7e-m/fpv4-sp/hard/crti.o
LOAD /usr/local/bin/../lib/gcc/arm-none-eabi/6.3.1/thumb/v7e-m/fpv4-sp/hard/crtbegin.o
LOAD /usr/local/bin/../lib/gcc/arm-none-eabi/6.3.1/../../../../arm-none-eabi/lib/thumb/v7e-m/fpv4-sp/hard/crt0.o
LOAD ./src/main.o
LOAD ./platform/src/stm32f303xc_it.o
LOAD ./platform/src/system_stm32f303cx.o
LOAD /Users/technix/Developer/Eclipse/default/LCDClock/cmsis/lib/libarm_cortexM4lf_math.a
LOAD /usr/local/bin/../lib/gcc/arm-none-eabi/6.3.1/../../../../arm-none-eabi/lib/thumb/v7e-m/fpv4-sp/hard/libstdc++_nano.a
LOAD /usr/local/bin/../lib/gcc/arm-none-eabi/6.3.1/../../../../arm-none-eabi/lib/thumb/v7e-m/fpv4-sp/hard/libm.a
START GROUP
LOAD /usr/local/bin/../lib/gcc/arm-none-eabi/6.3.1/thumb/v7e-m/fpv4-sp/hard/libgcc.a
LOAD /usr/local/bin/../lib/gcc/arm-none-eabi/6.3.1/../../../../arm-none-eabi/lib/thumb/v7e-m/fpv4-sp/hard/libg_nano.a
LOAD /usr/local/bin/../lib/gcc/arm-none-eabi/6.3.1/../../../../arm-none-eabi/lib/thumb/v7e-m/fpv4-sp/hard/libc_nano.a
END GROUP
START GROUP
LOAD /usr/local/bin/../lib/gcc/arm-none-eabi/6.3.1/thumb/v7e-m/fpv4-sp/hard/libgcc.a
LOAD /usr/local/bin/../lib/gcc/arm-none-eabi/6.3.1/../../../../arm-none-eabi/lib/thumb/v7e-m/fpv4-sp/hard/libc_nano.a
END GROUP
LOAD /usr/local/bin/../lib/gcc/arm-none-eabi/6.3.1/thumb/v7e-m/fpv4-sp/hard/crtend.o
LOAD /usr/local/bin/../lib/gcc/arm-none-eabi/6.3.1/thumb/v7e-m/fpv4-sp/hard/crtn.o
                0x0000000008000000                . = ORIGIN (IROM)

.vector         0x0000000010000000      0x188 load address 0x0000000008000000
                0x0000000010000000                PROVIDE (__vector_start, .)
 *(.vector)
 .vector        0x0000000010000000      0x188 ./platform/src/stm32f303xc_it.o
                0x0000000010000000                isr_vector
                0x0000000000000001                ASSERT ((. != __vector_start), The interrupt vector is missing.)
                0x0000000010000188                . = ALIGN (0x4)

.text           0x0000000008000188      0x32a
 *(.text*)
 .text          0x0000000008000188       0x6c /usr/local/bin/../lib/gcc/arm-none-eabi/6.3.1/thumb/v7e-m/fpv4-sp/hard/crtbegin.o
 .text          0x00000000080001f4       0x74 /usr/local/bin/../lib/gcc/arm-none-eabi/6.3.1/../../../../arm-none-eabi/lib/thumb/v7e-m/fpv4-sp/hard/crt0.o
                0x00000000080001f4                _mainCRTStartup
                0x00000000080001f4                _start
 .text.main     0x0000000008000268        0x4 ./src/main.o
                0x0000000008000268                main
 .text._exit    0x000000000800026c       0x24 ./platform/src/stm32f303xc_it.o
                0x000000000800026c                _exit
 .text.Reset_Handler
                0x0000000008000290       0x9c ./platform/src/stm32f303xc_it.o
                0x0000000008000290                Reset_Handler
 .text.Default_Handler
                0x000000000800032c       0x2c ./platform/src/stm32f303xc_it.o
                0x000000000800032c                DebugMonitor_Handler
                0x000000000800032c                FLASH_Handler
                0x000000000800032c                SVCall_Handler
                0x000000000800032c                HardFault_Handler
                0x000000000800032c                TIM1_BRK_TIM15_Handler
                0x000000000800032c                SysTick_Handler
                0x000000000800032c                USART3_Handler
                0x000000000800032c                DMA1_Channel7_Handler
                0x000000000800032c                COMP4_5_6_Handler
                0x000000000800032c                PendSV_Handler
                0x000000000800032c                USB_HP_Handler
                0x000000000800032c                DMA1_Channel6_Handler
                0x000000000800032c                DMA2_Channel5_Handler
                0x000000000800032c                TIM6_DAC_Handler
                0x000000000800032c                EXTI15_10_Handler
                0x000000000800032c                NonMaskableInt_Handler
                0x000000000800032c                DMA2_Channel1_Handler
                0x000000000800032c                I2C1_EV_Handler
                0x000000000800032c                ADC1_2_Handler
                0x000000000800032c                TAMP_STAMP_Handler
                0x000000000800032c                WWDG_Handler
                0x000000000800032c                EXTI4_Handler
                0x000000000800032c                DMA2_Channel4_Handler
                0x000000000800032c                DMA1_Channel1_Handler
                0x000000000800032c                I2C1_ER_Handler
                0x000000000800032c                UsageFault_Handler
                0x000000000800032c                TIM1_CC_Handler
                0x000000000800032c                I2C2_ER_Handler
                0x000000000800032c                TIM8_CC_Handler
                0x000000000800032c                TIM8_BRK_Handler
                0x000000000800032c                USB_HP_CAN_TX_Handler
                0x000000000800032c                CAN_RX1_Handler
                0x000000000800032c                EXTI1_Handler
                0x000000000800032c                TIM8_TRG_COM_Handler
                0x000000000800032c                EXTI3_Handler
                0x000000000800032c                USB_LP_CAN_RX0_Handler
                0x000000000800032c                UART4_Handler
                0x000000000800032c                TIM1_TRG_COM_TIM17_Handler
                0x000000000800032c                EXTI9_5_Handler
                0x000000000800032c                COMP7_Handler
                0x000000000800032c                TIM2_Handler
                0x000000000800032c                USART1_Handler
                0x000000000800032c                DMA1_Channel4_Handler
                0x000000000800032c                TIM3_Handler
                0x000000000800032c                CAN_SCE_Handler
                0x000000000800032c                Default_Handler
                0x000000000800032c                USBWakeUp_Handler
                0x000000000800032c                DMA1_Channel3_Handler
                0x000000000800032c                USBWakeUp_RMP_Handler
                0x000000000800032c                RTC_Alarm_Handler
                0x000000000800032c                TIM4_Handler
                0x000000000800032c                EXTI2_TSC_Handler
                0x000000000800032c                SPI2_Handler
                0x000000000800032c                COMP1_2_3_Handler
                0x000000000800032c                DMA1_Channel2_Handler
                0x000000000800032c                EXTI0_Handler
                0x000000000800032c                TIM8_UP_Handler
                0x000000000800032c                DMA1_Channel5_Handler
                0x000000000800032c                USART2_Handler
                0x000000000800032c                SPI1_Handler
                0x000000000800032c                ADC3_Handler
                0x000000000800032c                I2C2_EV_Handler
                0x000000000800032c                SPI3_Handler
                0x000000000800032c                DMA2_Channel3_Handler
                0x000000000800032c                RCC_Handler
                0x000000000800032c                PVD_Handler
                0x000000000800032c                UART5_Handler
                0x000000000800032c                DMA2_Channel2_Handler
                0x000000000800032c                TIM7_Handler
                0x000000000800032c                TIM1_UP_TIM16_Handler
                0x000000000800032c                USB_LP_Handler
                0x000000000800032c                FPU_Handler
                0x000000000800032c                ADC4_Handler
                0x000000000800032c                BusFault_Handler
                0x000000000800032c                MemoryManagement_Handler
                0x000000000800032c                RTC_WKUP_Handler
 .text.SystemInit
                0x0000000008000358       0x30 ./platform/src/system_stm32f303cx.o
                0x0000000008000358                SystemInit
 .text.SystemCoreClockUpdate
                0x0000000008000388       0x94 ./platform/src/system_stm32f303cx.o
                0x0000000008000388                SystemCoreClockUpdate
 .text.exit     0x000000000800041c       0x28 /usr/local/bin/../lib/gcc/arm-none-eabi/6.3.1/../../../../arm-none-eabi/lib/thumb/v7e-m/fpv4-sp/hard/libg_nano.a(lib_a-exit.o)
                0x000000000800041c                exit
 .text.__libc_init_array
                0x0000000008000444       0x48 /usr/local/bin/../lib/gcc/arm-none-eabi/6.3.1/../../../../arm-none-eabi/lib/thumb/v7e-m/fpv4-sp/hard/libg_nano.a(lib_a-init.o)
                0x0000000008000444                __libc_init_array
 .text.memcpy   0x000000000800048c       0x16 /usr/local/bin/../lib/gcc/arm-none-eabi/6.3.1/../../../../arm-none-eabi/lib/thumb/v7e-m/fpv4-sp/hard/libg_nano.a(lib_a-memcpy-stub.o)
                0x000000000800048c                memcpy
 .text.memset   0x00000000080004a2       0x10 /usr/local/bin/../lib/gcc/arm-none-eabi/6.3.1/../../../../arm-none-eabi/lib/thumb/v7e-m/fpv4-sp/hard/libg_nano.a(lib_a-memset.o)
                0x00000000080004a2                memset

.glue_7         0x00000000080004b4        0x0
 .glue_7        0x00000000080004b4        0x0 linker stubs

.glue_7t        0x00000000080004b4        0x0
 .glue_7t       0x00000000080004b4        0x0 linker stubs

.vfp11_veneer   0x00000000080004b4        0x0
 .vfp11_veneer  0x00000000080004b4        0x0 linker stubs

.v4_bx          0x00000000080004b4        0x0
 .v4_bx         0x00000000080004b4        0x0 linker stubs

.iplt           0x00000000080004b4        0x0
 .iplt          0x00000000080004b4        0x0 /usr/local/bin/../lib/gcc/arm-none-eabi/6.3.1/thumb/v7e-m/fpv4-sp/hard/crtbegin.o

.rodata         0x00000000080004b4       0x70
 *(.rodata*)
 .rodata.HCLK_DIV.6725
                0x00000000080004b4       0x40 ./platform/src/system_stm32f303cx.o
 .rodata._global_impure_ptr
                0x00000000080004f4        0x4 /usr/local/bin/../lib/gcc/arm-none-eabi/6.3.1/../../../../arm-none-eabi/lib/thumb/v7e-m/fpv4-sp/hard/libg_nano.a(lib_a-impure.o)
                0x00000000080004f4                _global_impure_ptr
                0x00000000080004f8                PROVIDE (__vector_load, .)
                0x00000000080004f8        0x4 LONG 0x8000000 LOADADDR (.vector)
                0x00000000080004fc                PROVIDE (__vector_addr, .)
                0x00000000080004fc        0x4 LONG 0x10000000 ADDR (.vector)
                0x0000000008000500                PROVIDE (__vector_size, .)
                0x0000000008000500        0x4 LONG 0x188 SIZEOF (.vector)
                0x0000000008000504                PROVIDE (__ccm_load, .)
                0x0000000008000504        0x4 LONG 0x800054c LOADADDR (.ccm)
                0x0000000008000508                PROVIDE (__ccm_addr, .)
                0x0000000008000508        0x4 LONG 0x10000188 ADDR (.ccm)
                0x000000000800050c                PROVIDE (__ccm_size, .)
                0x000000000800050c        0x4 LONG 0x0 SIZEOF (.ccm)
                0x0000000008000510                PROVIDE (__data_load, .)
                0x0000000008000510        0x4 LONG 0x800054c LOADADDR (.data)
                0x0000000008000514                PROVIDE (__data_addr, .)
                0x0000000008000514        0x4 LONG 0x20000000 ADDR (.data)
                0x0000000008000518                PROVIDE (__data_size, .)
                0x0000000008000518        0x4 LONG 0x60 SIZEOF (.data)
                0x000000000800051c                PROVIDE (__bss_addr, .)
                0x000000000800051c        0x4 LONG 0x20000060 ADDR (.bss)
                0x0000000008000520                PROVIDE (__bss_size, .)
                0x0000000008000520        0x4 LONG 0x20 SIZEOF (.bss)

.eh_frame       0x0000000008000524        0x0
 .eh_frame      0x0000000008000524        0x0 /usr/local/bin/../lib/gcc/arm-none-eabi/6.3.1/thumb/v7e-m/fpv4-sp/hard/crtbegin.o

.init           0x0000000008000524        0xc
 *(.init)
 .init          0x0000000008000524        0x4 /usr/local/bin/../lib/gcc/arm-none-eabi/6.3.1/thumb/v7e-m/fpv4-sp/hard/crti.o
                0x0000000008000524                _init
 .init          0x0000000008000528        0x8 /usr/local/bin/../lib/gcc/arm-none-eabi/6.3.1/thumb/v7e-m/fpv4-sp/hard/crtn.o

.fini           0x0000000008000530        0xc
 *(.fini)
 .fini          0x0000000008000530        0x4 /usr/local/bin/../lib/gcc/arm-none-eabi/6.3.1/thumb/v7e-m/fpv4-sp/hard/crti.o
                0x0000000008000530                _fini
 .fini          0x0000000008000534        0x8 /usr/local/bin/../lib/gcc/arm-none-eabi/6.3.1/thumb/v7e-m/fpv4-sp/hard/crtn.o

.ARM.extab
 *(.ARM.extab*)

.ARM.exidx      0x000000000800053c        0x8
 *(.ARM.exidx*)
 .ARM.exidx     0x000000000800053c        0x8 /usr/local/bin/../lib/gcc/arm-none-eabi/6.3.1/../../../../arm-none-eabi/lib/thumb/v7e-m/fpv4-sp/hard/crt0.o

.rel.dyn        0x0000000008000544        0x0
 .rel.iplt      0x0000000008000544        0x0 /usr/local/bin/../lib/gcc/arm-none-eabi/6.3.1/thumb/v7e-m/fpv4-sp/hard/crtbegin.o

.preinit_array  0x0000000008000544        0x0
                0x0000000008000544                PROVIDE (__preinit_array_start, .)
 *(.preinit_array*)
                0x0000000008000544                PROVIDE (__preinit_array_end, .)

.init_array     0x0000000008000544        0x4
                0x0000000008000544                PROVIDE (__init_array_start, .)
 *(SORT(.init_array.*))
 *(.init_array*)
 .init_array    0x0000000008000544        0x4 /usr/local/bin/../lib/gcc/arm-none-eabi/6.3.1/thumb/v7e-m/fpv4-sp/hard/crtbegin.o
                0x0000000008000548                PROVIDE (__init_array_end, .)

.fini_array     0x0000000008000548        0x4
                [!provide]                        PROVIDE (__fini_array_start, .)
 *(SORT(.fini_array.*))
 *(.fini_array*)
 .fini_array    0x0000000008000548        0x4 /usr/local/bin/../lib/gcc/arm-none-eabi/6.3.1/thumb/v7e-m/fpv4-sp/hard/crtbegin.o
                [!provide]                        PROVIDE (__fini_array_end, .)
                0x000000000800054c                . = ALIGN (0x4)

.ccm            0x0000000010000188        0x0 load address 0x000000000800054c
 *(.ccm*)
                0x0000000010000188                . = ALIGN (0x4)
                0x0000000010002000                PROVIDE (__stack, (ORIGIN (CCM) + LENGTH (CCM)))

.data           0x0000000020000000       0x60 load address 0x000000000800054c
 *(.data*)
 .data.impure_data
                0x0000000020000000       0x60 /usr/local/bin/../lib/gcc/arm-none-eabi/6.3.1/../../../../arm-none-eabi/lib/thumb/v7e-m/fpv4-sp/hard/libg_nano.a(lib_a-impure.o)
                0x0000000020000060                . = ALIGN (0x4)

.jcr            0x0000000020000060        0x0 load address 0x00000000080005ac
 .jcr           0x0000000020000060        0x0 /usr/local/bin/../lib/gcc/arm-none-eabi/6.3.1/thumb/v7e-m/fpv4-sp/hard/crtbegin.o

.igot.plt       0x0000000020000060        0x0 load address 0x00000000080005ac
 .igot.plt      0x0000000020000060        0x0 /usr/local/bin/../lib/gcc/arm-none-eabi/6.3.1/thumb/v7e-m/fpv4-sp/hard/crtbegin.o

.bss            0x0000000020000060       0x20 load address 0x00000000080005ac
                0x0000000020000060                PROVIDE (__bss_start__, .)
 *(.bss*)
 .bss           0x0000000020000060       0x1c /usr/local/bin/../lib/gcc/arm-none-eabi/6.3.1/thumb/v7e-m/fpv4-sp/hard/crtbegin.o
                0x000000002000007c                . = ALIGN (0x4)
                0x000000002000007c                PROVIDE (__bss_end__, .)
 COMMON         0x000000002000007c        0x4 ./platform/src/system_stm32f303cx.o
                0x000000002000007c                SystemCoreClock
OUTPUT(LCDClock.elf elf32-littlearm)

.ARM.attributes
                0x0000000000000000       0x30
 .ARM.attributes
                0x0000000000000000       0x22 /usr/local/bin/../lib/gcc/arm-none-eabi/6.3.1/thumb/v7e-m/fpv4-sp/hard/crti.o
 .ARM.attributes
                0x0000000000000022       0x34 /usr/local/bin/../lib/gcc/arm-none-eabi/6.3.1/thumb/v7e-m/fpv4-sp/hard/crtbegin.o
 .ARM.attributes
                0x0000000000000056       0x20 /usr/local/bin/../lib/gcc/arm-none-eabi/6.3.1/../../../../arm-none-eabi/lib/thumb/v7e-m/fpv4-sp/hard/crt0.o
 .ARM.attributes
                0x0000000000000076       0x39 ./src/main.o
 .ARM.attributes
                0x00000000000000af       0x39 ./platform/src/stm32f303xc_it.o
 .ARM.attributes
                0x00000000000000e8       0x39 ./platform/src/system_stm32f303cx.o
 .ARM.attributes
                0x0000000000000121       0x34 /usr/local/bin/../lib/gcc/arm-none-eabi/6.3.1/../../../../arm-none-eabi/lib/thumb/v7e-m/fpv4-sp/hard/libg_nano.a(lib_a-exit.o)
 .ARM.attributes
                0x0000000000000155       0x34 /usr/local/bin/../lib/gcc/arm-none-eabi/6.3.1/../../../../arm-none-eabi/lib/thumb/v7e-m/fpv4-sp/hard/libg_nano.a(lib_a-impure.o)
 .ARM.attributes
                0x0000000000000189       0x34 /usr/local/bin/../lib/gcc/arm-none-eabi/6.3.1/../../../../arm-none-eabi/lib/thumb/v7e-m/fpv4-sp/hard/libg_nano.a(lib_a-init.o)
 .ARM.attributes
                0x00000000000001bd       0x34 /usr/local/bin/../lib/gcc/arm-none-eabi/6.3.1/../../../../arm-none-eabi/lib/thumb/v7e-m/fpv4-sp/hard/libg_nano.a(lib_a-memcpy-stub.o)
 .ARM.attributes
                0x00000000000001f1       0x34 /usr/local/bin/../lib/gcc/arm-none-eabi/6.3.1/../../../../arm-none-eabi/lib/thumb/v7e-m/fpv4-sp/hard/libg_nano.a(lib_a-memset.o)
 .ARM.attributes
                0x0000000000000225       0x22 /usr/local/bin/../lib/gcc/arm-none-eabi/6.3.1/thumb/v7e-m/fpv4-sp/hard/crtn.o

.comment        0x0000000000000000       0x7f
 .comment       0x0000000000000000       0x7f ./src/main.o
                                         0x80 (size before relaxing)
 .comment       0x000000000000007f       0x80 ./platform/src/stm32f303xc_it.o
 .comment       0x000000000000007f       0x80 ./platform/src/system_stm32f303cx.o

.debug_info     0x0000000000000000     0x11a8
 .debug_info    0x0000000000000000       0xd4 ./src/main.o
 .debug_info    0x00000000000000d4      0xe95 ./platform/src/stm32f303xc_it.o
 .debug_info    0x0000000000000f69      0x23f ./platform/src/system_stm32f303cx.o

.debug_abbrev   0x0000000000000000      0x447
 .debug_abbrev  0x0000000000000000       0x7d ./src/main.o
 .debug_abbrev  0x000000000000007d      0x29b ./platform/src/stm32f303xc_it.o
 .debug_abbrev  0x0000000000000318      0x12f ./platform/src/system_stm32f303cx.o

.debug_aranges  0x0000000000000000       0x78
 .debug_aranges
                0x0000000000000000       0x20 ./src/main.o
 .debug_aranges
                0x0000000000000020       0x30 ./platform/src/stm32f303xc_it.o
 .debug_aranges
                0x0000000000000050       0x28 ./platform/src/system_stm32f303cx.o

.debug_ranges   0x0000000000000000       0x48
 .debug_ranges  0x0000000000000000       0x10 ./src/main.o
 .debug_ranges  0x0000000000000010       0x20 ./platform/src/stm32f303xc_it.o
 .debug_ranges  0x0000000000000030       0x18 ./platform/src/system_stm32f303cx.o

.debug_macro    0x0000000000000000     0xadbc
 .debug_macro   0x0000000000000000       0xcd ./src/main.o
 .debug_macro   0x00000000000000cd      0x8aa ./src/main.o
 .debug_macro   0x0000000000000977       0x28 ./src/main.o
 .debug_macro   0x000000000000099f       0x28 ./src/main.o
 .debug_macro   0x00000000000009c7       0x22 ./src/main.o
 .debug_macro   0x00000000000009e9       0x87 ./src/main.o
 .debug_macro   0x0000000000000a70       0x51 ./src/main.o
 .debug_macro   0x0000000000000ac1       0xef ./src/main.o
 .debug_macro   0x0000000000000bb0       0x6a ./src/main.o
 .debug_macro   0x0000000000000c1a      0x1df ./src/main.o
 .debug_macro   0x0000000000000df9       0x1c ./src/main.o
 .debug_macro   0x0000000000000e15       0x22 ./src/main.o
 .debug_macro   0x0000000000000e37       0xd9 ./src/main.o
 .debug_macro   0x0000000000000f10      0xfe0 ./src/main.o
 .debug_macro   0x0000000000001ef0       0xe2 ./src/main.o
 .debug_macro   0x0000000000001fd2       0x10 ./src/main.o
 .debug_macro   0x0000000000001fe2     0x822c ./src/main.o
 .debug_macro   0x000000000000a20e       0x43 ./src/main.o
 .debug_macro   0x000000000000a251      0x1dd ./platform/src/stm32f303xc_it.o
 .debug_macro   0x000000000000a42e       0x10 ./platform/src/stm32f303xc_it.o
 .debug_macro   0x000000000000a43e       0x10 ./platform/src/stm32f303xc_it.o
 .debug_macro   0x000000000000a44e      0x174 ./platform/src/stm32f303xc_it.o
 .debug_macro   0x000000000000a5c2       0x58 ./platform/src/stm32f303xc_it.o
 .debug_macro   0x000000000000a61a       0x35 ./platform/src/stm32f303xc_it.o
 .debug_macro   0x000000000000a64f       0x9c ./platform/src/stm32f303xc_it.o
 .debug_macro   0x000000000000a6eb       0x58 ./platform/src/stm32f303xc_it.o
 .debug_macro   0x000000000000a743       0x1f ./platform/src/stm32f303xc_it.o
 .debug_macro   0x000000000000a762       0x43 ./platform/src/stm32f303xc_it.o
 .debug_macro   0x000000000000a7a5       0x20 ./platform/src/stm32f303xc_it.o
 .debug_macro   0x000000000000a7c5      0x187 ./platform/src/stm32f303xc_it.o
 .debug_macro   0x000000000000a94c      0x32a ./platform/src/stm32f303xc_it.o
 .debug_macro   0x000000000000ac76       0x10 ./platform/src/stm32f303xc_it.o
 .debug_macro   0x000000000000ac86       0x35 ./platform/src/stm32f303xc_it.o
 .debug_macro   0x000000000000acbb       0xeb ./platform/src/system_stm32f303cx.o
 .debug_macro   0x000000000000ada6       0x16 ./platform/src/system_stm32f303cx.o

.debug_line     0x0000000000000000      0x88b
 .debug_line    0x0000000000000000      0x255 ./src/main.o
 .debug_line    0x0000000000000255      0x375 ./platform/src/stm32f303xc_it.o
 .debug_line    0x00000000000005ca      0x2c1 ./platform/src/system_stm32f303cx.o

.debug_str      0x0000000000000000    0x3d2a4
 .debug_str     0x0000000000000000    0x39d73 ./src/main.o
                                      0x39ee4 (size before relaxing)
 .debug_str     0x0000000000039d73     0x3471 ./platform/src/stm32f303xc_it.o
                                      0x3d4d0 (size before relaxing)
 .debug_str     0x000000000003d1e4       0xc0 ./platform/src/system_stm32f303cx.o
                                      0x3a032 (size before relaxing)

.debug_frame    0x0000000000000000      0x13c
 .debug_frame   0x0000000000000000       0x20 ./src/main.o
 .debug_frame   0x0000000000000020       0x50 ./platform/src/stm32f303xc_it.o
 .debug_frame   0x0000000000000070       0x30 ./platform/src/system_stm32f303cx.o
 .debug_frame   0x00000000000000a0       0x28 /usr/local/bin/../lib/gcc/arm-none-eabi/6.3.1/../../../../arm-none-eabi/lib/thumb/v7e-m/fpv4-sp/hard/libg_nano.a(lib_a-exit.o)
 .debug_frame   0x00000000000000c8       0x2c /usr/local/bin/../lib/gcc/arm-none-eabi/6.3.1/../../../../arm-none-eabi/lib/thumb/v7e-m/fpv4-sp/hard/libg_nano.a(lib_a-init.o)
 .debug_frame   0x00000000000000f4       0x28 /usr/local/bin/../lib/gcc/arm-none-eabi/6.3.1/../../../../arm-none-eabi/lib/thumb/v7e-m/fpv4-sp/hard/libg_nano.a(lib_a-memcpy-stub.o)
 .debug_frame   0x000000000000011c       0x20 /usr/local/bin/../lib/gcc/arm-none-eabi/6.3.1/../../../../arm-none-eabi/lib/thumb/v7e-m/fpv4-sp/hard/libg_nano.a(lib_a-memset.o)

.debug_loc      0x0000000000000000       0x4c
 .debug_loc     0x0000000000000000       0x13 ./platform/src/stm32f303xc_it.o
 .debug_loc     0x0000000000000013       0x39 ./platform/src/system_stm32f303cx.o
