Archive member included to satisfy reference by file (symbol)

/usr/local/bin/../lib/gcc/arm-none-eabi/6.3.1/../../../../arm-none-eabi/lib/thumb/v7-m/libg_nano.a(lib_a-calloc.o)
                              ./system/src/ring-buffer.o (calloc)
/usr/local/bin/../lib/gcc/arm-none-eabi/6.3.1/../../../../arm-none-eabi/lib/thumb/v7-m/libg_nano.a(lib_a-clock.o)
                              ./src/main.o (clock)
/usr/local/bin/../lib/gcc/arm-none-eabi/6.3.1/../../../../arm-none-eabi/lib/thumb/v7-m/libg_nano.a(lib_a-exit.o)
                              /usr/local/bin/../lib/gcc/arm-none-eabi/6.3.1/../../../../arm-none-eabi/lib/thumb/v7-m/crt0.o (exit)
/usr/local/bin/../lib/gcc/arm-none-eabi/6.3.1/../../../../arm-none-eabi/lib/thumb/v7-m/libg_nano.a(lib_a-fprintf.o)
                              ./src/i2c.o (fprintf)
/usr/local/bin/../lib/gcc/arm-none-eabi/6.3.1/../../../../arm-none-eabi/lib/thumb/v7-m/libg_nano.a(lib_a-fputc.o)
                              ./src/i2c.o (fputc)
/usr/local/bin/../lib/gcc/arm-none-eabi/6.3.1/../../../../arm-none-eabi/lib/thumb/v7-m/libg_nano.a(lib_a-fwrite.o)
                              ./src/i2c.o (fwrite)
/usr/local/bin/../lib/gcc/arm-none-eabi/6.3.1/../../../../arm-none-eabi/lib/thumb/v7-m/libg_nano.a(lib_a-impure.o)
                              /usr/local/bin/../lib/gcc/arm-none-eabi/6.3.1/../../../../arm-none-eabi/lib/thumb/v7-m/libg_nano.a(lib_a-exit.o) (_global_impure_ptr)
/usr/local/bin/../lib/gcc/arm-none-eabi/6.3.1/../../../../arm-none-eabi/lib/thumb/v7-m/libg_nano.a(lib_a-init.o)
                              /usr/local/bin/../lib/gcc/arm-none-eabi/6.3.1/../../../../arm-none-eabi/lib/thumb/v7-m/crt0.o (__libc_init_array)
/usr/local/bin/../lib/gcc/arm-none-eabi/6.3.1/../../../../arm-none-eabi/lib/thumb/v7-m/libg_nano.a(lib_a-lcltime_r.o)
                              ./src/main.o (localtime_r)
/usr/local/bin/../lib/gcc/arm-none-eabi/6.3.1/../../../../arm-none-eabi/lib/thumb/v7-m/libg_nano.a(lib_a-malloc.o)
                              ./system/src/ring-buffer.o (free)
/usr/local/bin/../lib/gcc/arm-none-eabi/6.3.1/../../../../arm-none-eabi/lib/thumb/v7-m/libg_nano.a(lib_a-memcpy-stub.o)
                              ./platform/src/stm32f1xx_it.o (memcpy)
/usr/local/bin/../lib/gcc/arm-none-eabi/6.3.1/../../../../arm-none-eabi/lib/thumb/v7-m/libg_nano.a(lib_a-memset.o)
                              /usr/local/bin/../lib/gcc/arm-none-eabi/6.3.1/../../../../arm-none-eabi/lib/thumb/v7-m/crt0.o (memset)
/usr/local/bin/../lib/gcc/arm-none-eabi/6.3.1/../../../../arm-none-eabi/lib/thumb/v7-m/libg_nano.a(lib_a-mktime.o)
                              ./system/src/time.o (mktime)
/usr/local/bin/../lib/gcc/arm-none-eabi/6.3.1/../../../../arm-none-eabi/lib/thumb/v7-m/libg_nano.a(lib_a-month_lengths.o)
                              /usr/local/bin/../lib/gcc/arm-none-eabi/6.3.1/../../../../arm-none-eabi/lib/thumb/v7-m/libg_nano.a(lib_a-lcltime_r.o) (__month_lengths)
/usr/local/bin/../lib/gcc/arm-none-eabi/6.3.1/../../../../arm-none-eabi/lib/thumb/v7-m/libg_nano.a(lib_a-nano-callocr.o)
                              /usr/local/bin/../lib/gcc/arm-none-eabi/6.3.1/../../../../arm-none-eabi/lib/thumb/v7-m/libg_nano.a(lib_a-calloc.o) (_calloc_r)
/usr/local/bin/../lib/gcc/arm-none-eabi/6.3.1/../../../../arm-none-eabi/lib/thumb/v7-m/libg_nano.a(lib_a-nano-freer.o)
                              /usr/local/bin/../lib/gcc/arm-none-eabi/6.3.1/../../../../arm-none-eabi/lib/thumb/v7-m/libg_nano.a(lib_a-malloc.o) (_free_r)
/usr/local/bin/../lib/gcc/arm-none-eabi/6.3.1/../../../../arm-none-eabi/lib/thumb/v7-m/libg_nano.a(lib_a-nano-mallocr.o)
                              /usr/local/bin/../lib/gcc/arm-none-eabi/6.3.1/../../../../arm-none-eabi/lib/thumb/v7-m/libg_nano.a(lib_a-malloc.o) (_malloc_r)
/usr/local/bin/../lib/gcc/arm-none-eabi/6.3.1/../../../../arm-none-eabi/lib/thumb/v7-m/libg_nano.a(lib_a-nano-vfprintf.o)
                              /usr/local/bin/../lib/gcc/arm-none-eabi/6.3.1/../../../../arm-none-eabi/lib/thumb/v7-m/libg_nano.a(lib_a-fprintf.o) (_vfprintf_r)
/usr/local/bin/../lib/gcc/arm-none-eabi/6.3.1/../../../../arm-none-eabi/lib/thumb/v7-m/libg_nano.a(lib_a-nano-vfprintf_i.o)
                              /usr/local/bin/../lib/gcc/arm-none-eabi/6.3.1/../../../../arm-none-eabi/lib/thumb/v7-m/libg_nano.a(lib_a-nano-vfprintf.o) (_printf_i)
/usr/local/bin/../lib/gcc/arm-none-eabi/6.3.1/../../../../arm-none-eabi/lib/thumb/v7-m/libg_nano.a(lib_a-putc.o)
                              /usr/local/bin/../lib/gcc/arm-none-eabi/6.3.1/../../../../arm-none-eabi/lib/thumb/v7-m/libg_nano.a(lib_a-fputc.o) (_putc_r)
/usr/local/bin/../lib/gcc/arm-none-eabi/6.3.1/../../../../arm-none-eabi/lib/thumb/v7-m/libg_nano.a(lib_a-reent.o)
                              ./system/src/device.o (errno)
/usr/local/bin/../lib/gcc/arm-none-eabi/6.3.1/../../../../arm-none-eabi/lib/thumb/v7-m/libg_nano.a(lib_a-sbrkr.o)
[...]
Memory Configuration

Name             Origin             Length             Attributes
IROM             0x0000000008000000 0x0000000000020000 xr
IRAM             0x0000000020000000 0x0000000000005000 rw
*default*        0x0000000000000000 0xffffffffffffffff

Linker script and memory map

LOAD /usr/local/bin/../lib/gcc/arm-none-eabi/6.3.1/thumb/v7-m/crti.o
LOAD /usr/local/bin/../lib/gcc/arm-none-eabi/6.3.1/thumb/v7-m/crtbegin.o
LOAD /usr/local/bin/../lib/gcc/arm-none-eabi/6.3.1/../../../../arm-none-eabi/lib/thumb/v7-m/crt0.o
LOAD ./system/src/device.o
LOAD ./system/src/gpio.o
LOAD ./system/src/ring-buffer.o
LOAD ./system/src/sbrk.o
LOAD ./system/src/stdio.o
LOAD ./system/src/time.o
LOAD ./system/src/usart.o
LOAD ./src/board.o
LOAD ./src/i2c.o
LOAD ./src/lcd.o
LOAD ./src/main.o
LOAD ./src/pwm.o
LOAD ./src/usb-device.o
LOAD ./platform/src/stm32f1xx_it.o
LOAD ./platform/src/system_stm32f1xx.o
LOAD ./contrib/libusb_stm32/src/usb_32v3.o
LOAD ./contrib/libusb_stm32/src/usbd_core.o
LOAD /Users/technix/Developer/Eclipse/default/LCDClock/cmsis/lib/libarm_cortexM3l_math.a
LOAD /usr/local/bin/../lib/gcc/arm-none-eabi/6.3.1/../../../../arm-none-eabi/lib/thumb/v7-m/libstdc++_nano.a
LOAD /usr/local/bin/../lib/gcc/arm-none-eabi/6.3.1/../../../../arm-none-eabi/lib/thumb/v7-m/libm.a
START GROUP
LOAD /usr/local/bin/../lib/gcc/arm-none-eabi/6.3.1/thumb/v7-m/libgcc.a
LOAD /usr/local/bin/../lib/gcc/arm-none-eabi/6.3.1/../../../../arm-none-eabi/lib/thumb/v7-m/libg_nano.a
LOAD /usr/local/bin/../lib/gcc/arm-none-eabi/6.3.1/../../../../arm-none-eabi/lib/thumb/v7-m/libc_nano.a
END GROUP
START GROUP
LOAD /usr/local/bin/../lib/gcc/arm-none-eabi/6.3.1/thumb/v7-m/libgcc.a
LOAD /usr/local/bin/../lib/gcc/arm-none-eabi/6.3.1/../../../../arm-none-eabi/lib/thumb/v7-m/libc_nano.a
END GROUP
LOAD /usr/local/bin/../lib/gcc/arm-none-eabi/6.3.1/thumb/v7-m/crtend.o
LOAD /usr/local/bin/../lib/gcc/arm-none-eabi/6.3.1/thumb/v7-m/crtn.o
                0x0000000008000000                . = ORIGIN (IROM)

.vector         0x0000000020000000       0xec load address 0x0000000008000000
                0x0000000020000000                PROVIDE (__vector_start, .)
 *(.vector)
 .vector        0x0000000020000000       0xec ./platform/src/stm32f1xx_it.o
                0x0000000020000000                isr_vector
                0x0000000000000001                ASSERT ((. != __vector_start), The interrupt vector is missing.)
                0x00000000200000ec                . = ALIGN (0x4)

.text           0x00000000080000f0     0x6530
 *(.text*)
 .text          0x00000000080000f0       0x6c /usr/local/bin/../lib/gcc/arm-none-eabi/6.3.1/thumb/v7-m/crtbegin.o
 .text          0x000000000800015c       0x74 /usr/local/bin/../lib/gcc/arm-none-eabi/6.3.1/../../../../arm-none-eabi/lib/thumb/v7-m/crt0.o
                0x000000000800015c                _mainCRTStartup
                0x000000000800015c                _start
 .text.devices_init
                0x00000000080001d0       0x3c ./system/src/device.o
                0x00000000080001d0                devices_init
 .text._open    0x000000000800020c      0x110 ./system/src/device.o
                0x000000000800020c                _open
 .text._close   0x000000000800031c       0x78 ./system/src/device.o
                0x000000000800031c                _close
 .text._read    0x0000000008000394       0x6c ./system/src/device.o
                0x0000000008000394                _read
 .text._write   0x0000000008000400       0x6c ./system/src/device.o
                0x0000000008000400                _write
 .text.ioctl    0x000000000800046c       0x74 ./system/src/device.o
                0x000000000800046c                ioctl
 .text.dup2     0x00000000080004e0       0x8c ./system/src/device.o
                0x00000000080004e0                dup2
 .text._fstat   0x000000000800056c       0x58 ./system/src/device.o
                0x000000000800056c                _fstat
 .text._lseek   0x00000000080005c4       0x58 ./system/src/device.o
                0x00000000080005c4                _lseek
 .text._isatty  0x000000000800061c       0x58 ./system/src/device.o
                0x000000000800061c                _isatty
 .text.GPIO_Initialize
                0x0000000008000674       0x14 ./system/src/gpio.o
                0x0000000008000674                GPIO_Initialize
 .text.pinMode  0x0000000008000688       0x5c ./system/src/gpio.o
                0x0000000008000688                pinMode
 .text.digitalWrite
                0x00000000080006e4       0x3c ./system/src/gpio.o
                0x00000000080006e4                digitalWrite
 .text.digitalRead
                0x0000000008000720       0x2c ./system/src/gpio.o
                0x0000000008000720                digitalRead
 .text.ring_buffer_init
                0x000000000800074c       0x26 ./system/src/ring-buffer.o
                0x000000000800074c                ring_buffer_init
 .text.ring_buffer_dealloc
                0x0000000008000772       0x16 ./system/src/ring-buffer.o
                0x0000000008000772                ring_buffer_dealloc
 .text.ring_buffer_putchar
                0x0000000008000788       0x3c ./system/src/ring-buffer.o
                0x0000000008000788                ring_buffer_putchar
 .text.ring_buffer_getchar
                0x00000000080007c4       0x30 ./system/src/ring-buffer.o
                0x00000000080007c4                ring_buffer_getchar
 .text.ring_buffer_getlength
                0x00000000080007f4       0x1e ./system/src/ring-buffer.o
                0x00000000080007f4                ring_buffer_getlength
 .text.ring_buffer_getspace
                0x0000000008000812        0xe ./system/src/ring-buffer.o
                0x0000000008000812                ring_buffer_getspace
 .text._sbrk    0x0000000008000820       0x38 ./system/src/sbrk.o
                0x0000000008000820                _sbrk
 .text.stdio_init
                0x0000000008000858       0x78 ./system/src/stdio.o
                0x0000000008000858                stdio_init
 .text.systick_init
                0x00000000080008d0       0x40 ./system/src/time.o
                0x00000000080008d0                systick_init
 .text.millis   0x0000000008000910        0xc ./system/src/time.o
                0x0000000008000910                millis
 .text.usleep   0x000000000800091c       0x74 ./system/src/time.o
                0x000000000800091c                usleep
 .text._times   0x0000000008000990       0x28 ./system/src/time.o
                0x0000000008000990                _times
 .text._gettimeofday
                0x00000000080009b8       0x60 ./system/src/time.o
                0x00000000080009b8                _gettimeofday
 .text.settimeofday
                0x0000000008000a18       0x68 ./system/src/time.o
                0x0000000008000a18                settimeofday
 .text.rtc_init
                0x0000000008000a80       0x4c ./system/src/time.o
                0x0000000008000a80                rtc_init
 .text.usart_poll
                0x0000000008000acc        0x6 ./system/src/usart.o
 .text.usart_fstat
                0x0000000008000ad2       0x2a ./system/src/usart.o
 .text.usart_isatty
                0x0000000008000afc        0x4 ./system/src/usart.o
 .text.usart_ioctl
                0x0000000008000b00       0xa4 ./system/src/usart.o
 .text.usart_write
                0x0000000008000ba4       0x4c ./system/src/usart.o
 .text.usart_read
                0x0000000008000bf0       0x50 ./system/src/usart.o
 .text.usart_open
                0x0000000008000c40       0xd4 ./system/src/usart.o
 .text.usart_close
                0x0000000008000d14       0x80 ./system/src/usart.o
 .text.board_init
                0x0000000008000d94       0x44 ./src/board.o
                0x0000000008000d94                board_init
 .text.i2c_open
                0x0000000008000dd8       0x4c ./src/i2c.o
                0x0000000008000dd8                i2c_open
 .text.i2c_transfer
                0x0000000008000e24      0x190 ./src/i2c.o
                0x0000000008000e24                i2c_transfer
 .text.i2c_probe
                0x0000000008000fb4       0xbc ./src/i2c.o
                0x0000000008000fb4                i2c_probe
 .text.lcd_fstat
                0x0000000008001070       0x2a ./src/lcd.o
 .text.lcd_isatty
                0x000000000800109a        0x4 ./src/lcd.o
 *fill*         0x000000000800109e        0x2 
 .text.lcd_write_value
                0x00000000080010a0       0x54 ./src/lcd.o
 .text.lcd_lseek
                0x00000000080010f4       0x78 ./src/lcd.o
 .text.lcd_write
                0x000000000800116c       0x40 ./src/lcd.o
 .text.lcd_close
                0x00000000080011ac       0x18 ./src/lcd.o
 .text.lcd_read_value
                0x00000000080011c4       0x58 ./src/lcd.o
 .text.lcd_read
                0x000000000800121c       0x40 ./src/lcd.o
 .text.lcd_open
                0x000000000800125c       0x66 ./src/lcd.o
 *fill*         0x00000000080012c2        0x2 
 .text.lcd_ioctl
                0x00000000080012c4      0x214 ./src/lcd.o
 .text.lcd_location
                0x00000000080014d8       0x12 ./src/lcd.o
                0x00000000080014d8                lcd_location
 *fill*         0x00000000080014ea        0x2 
 .text.main     0x00000000080014ec      0x204 ./src/main.o
                0x00000000080014ec                main
 .text.pwm_init
                0x00000000080016f0       0x40 ./src/pwm.o
                0x00000000080016f0                pwm_init
 .text.analogWrite
                0x0000000008001730        0xc ./src/pwm.o
                0x0000000008001730                analogWrite
 .text.usb_get_descriptor
                0x000000000800173c       0xa4 ./src/usb-device.o
 .text.usb_control
                0x00000000080017e0       0x1e ./src/usb-device.o
 *fill*         0x00000000080017fe        0x2 
 .text.usb_set_config
                0x0000000008001800       0x60 ./src/usb-device.o
 .text.usb_handle
                0x0000000008001860       0x40 ./src/usb-device.o
 .text.usb_init
                0x00000000080018a0       0x88 ./src/usb-device.o
                0x00000000080018a0                usb_init
 .text.Default_IRQHandler
                0x0000000008001928       0x14 ./platform/src/stm32f1xx_it.o
                0x0000000008001928                I2C1_ER_IRQHandler
                0x0000000008001928                EXTI2_IRQHandler
                0x0000000008001928                TIM1_CC_IRQHandler
                0x0000000008001928                MemoryManagement_IRQHandler
                0x0000000008001928                PVD_IRQHandler
                0x0000000008001928                EXTI3_IRQHandler
                0x0000000008001928                EXTI0_IRQHandler
                0x0000000008001928                I2C2_EV_IRQHandler
                0x0000000008001928                ADC1_2_IRQHandler
                0x0000000008001928                SPI1_IRQHandler
                0x0000000008001928                TAMPER_IRQHandler
                0x0000000008001928                NonMaskableInt_IRQHandler
                0x0000000008001928                BusFault_IRQHandler
                0x0000000008001928                DMA1_Channel4_IRQHandler
                0x0000000008001928                SVCall_IRQHandler
                0x0000000008001928                RTC_IRQHandler
                0x0000000008001928                DMA1_Channel7_IRQHandler
                0x0000000008001928                CAN1_RX1_IRQHandler
                0x0000000008001928                TIM4_IRQHandler
                0x0000000008001928                PendSV_IRQHandler
                0x0000000008001928                I2C1_EV_IRQHandler
                0x0000000008001928                DMA1_Channel6_IRQHandler
                0x0000000008001928                TIM3_IRQHandler
                0x0000000008001928                RCC_IRQHandler
                0x0000000008001928                TIM1_TRG_COM_IRQHandler
                0x0000000008001928                DMA1_Channel1_IRQHandler
                0x0000000008001928                EXTI15_10_IRQHandler
                0x0000000008001928                UsageFault_IRQHandler
                0x0000000008001928                EXTI9_5_IRQHandler
                0x0000000008001928                SPI2_IRQHandler
                0x0000000008001928                DebugMonitor_IRQHandler
                0x0000000008001928                DMA1_Channel5_IRQHandler
                0x0000000008001928                EXTI4_IRQHandler
                0x0000000008001928                DMA1_Channel3_IRQHandler
                0x0000000008001928                TIM1_UP_IRQHandler
                0x0000000008001928                WWDG_IRQHandler
                0x0000000008001928                Default_IRQHandler
                0x0000000008001928                HardFault_IRQHandler
                0x0000000008001928                TIM2_IRQHandler
                0x0000000008001928                TIM1_BRK_IRQHandler
                0x0000000008001928                EXTI1_IRQHandler
                0x0000000008001928                I2C2_ER_IRQHandler
                0x0000000008001928                DMA1_Channel2_IRQHandler
                0x0000000008001928                CAN1_SCE_IRQHandler
                0x0000000008001928                FLASH_IRQHandler
                0x0000000008001928                RTC_Alarm_IRQHandler
 .text.Reset_IRQHandler
                0x000000000800193c       0xa4 ./platform/src/stm32f1xx_it.o
                0x000000000800193c                Reset_IRQHandler
 .text._exit    0x00000000080019e0       0x24 ./platform/src/stm32f1xx_it.o
                0x00000000080019e0                _exit
 .text.SystemInit
                0x0000000008001a04       0xb4 ./platform/src/system_stm32f1xx.o
                0x0000000008001a04                SystemInit
 .text.SystemCoreClockUpdate
                0x0000000008001ab8       0x94 ./platform/src/system_stm32f1xx.o
                0x0000000008001ab8                SystemCoreClockUpdate
 .text.get_next_pma
                0x0000000008001b4c       0x4a ./contrib/libusb_stm32/src/usb_32v3.o
 .text.ep_setstall
                0x0000000008001b96       0xc4 ./contrib/libusb_stm32/src/usb_32v3.o
                0x0000000008001b96                ep_setstall
 .text.ep_isstalled
                0x0000000008001c5a       0x44 ./contrib/libusb_stm32/src/usb_32v3.o
                0x0000000008001c5a                ep_isstalled
 *fill*         0x0000000008001c9e        0x2 
 .text.enable   0x0000000008001ca0       0x4c ./contrib/libusb_stm32/src/usb_32v3.o
                0x0000000008001ca0                enable
 .text.reset    0x0000000008001cec       0x28 ./contrib/libusb_stm32/src/usb_32v3.o
                0x0000000008001cec                reset
 .text.connect  0x0000000008001d14        0x4 ./contrib/libusb_stm32/src/usb_32v3.o
                0x0000000008001d14                connect
 .text.setaddr  0x0000000008001d18       0x10 ./contrib/libusb_stm32/src/usb_32v3.o
                0x0000000008001d18                setaddr
 .text.ep_config
                0x0000000008001d28      0x152 ./contrib/libusb_stm32/src/usb_32v3.o
                0x0000000008001d28                ep_config
 .text.ep_deconfig
                0x0000000008001e7a       0x34 ./contrib/libusb_stm32/src/usb_32v3.o
                0x0000000008001e7a                ep_deconfig
 .text.pma_read
                0x0000000008001eae       0x40 ./contrib/libusb_stm32/src/usb_32v3.o
 .text.ep_read  0x0000000008001eee       0xc2 ./contrib/libusb_stm32/src/usb_32v3.o
                0x0000000008001eee                ep_read
 .text.pma_write
                0x0000000008001fb0       0x32 ./contrib/libusb_stm32/src/usb_32v3.o
 .text.ep_write
                0x0000000008001fe2       0xb6 ./contrib/libusb_stm32/src/usb_32v3.o
                0x0000000008001fe2                ep_write
 .text.get_frame
                0x0000000008002098       0x10 ./contrib/libusb_stm32/src/usb_32v3.o
                0x0000000008002098                get_frame
 .text.evt_poll
                0x00000000080020a8      0x148 ./contrib/libusb_stm32/src/usb_32v3.o
                0x00000000080020a8                evt_poll
 .text.fnv1a32_turn
                0x00000000080021f0       0x1c ./contrib/libusb_stm32/src/usb_32v3.o
 .text.get_serialno_desc
                0x000000000800220c       0x5c ./contrib/libusb_stm32/src/usb_32v3.o
                0x000000000800220c                get_serialno_desc
 .text.usbd_process_reset
                0x0000000008002268       0x34 ./contrib/libusb_stm32/src/usbd_core.o
 .text.usbd_set_address
                0x000000000800229c       0x1e ./contrib/libusb_stm32/src/usbd_core.o
 .text.usbd_process_callback
                0x00000000080022ba       0x14 ./contrib/libusb_stm32/src/usbd_core.o
 .text.usbd_configure
                0x00000000080022ce       0x2a ./contrib/libusb_stm32/src/usbd_core.o
 .text.usbd_process_devrq
                0x00000000080022f8       0x8c ./contrib/libusb_stm32/src/usbd_core.o
 .text.usbd_process_intrq
                0x0000000008002384       0x10 ./contrib/libusb_stm32/src/usbd_core.o
 .text.usbd_process_eptrq
                0x0000000008002394       0x42 ./contrib/libusb_stm32/src/usbd_core.o
 .text.usbd_process_request
                0x00000000080023d6       0x4e ./contrib/libusb_stm32/src/usbd_core.o
 .text.usbd_stall_pid
                0x0000000008002424       0x26 ./contrib/libusb_stm32/src/usbd_core.o
 .text.usbd_process_eptx
                0x000000000800244a       0x70 ./contrib/libusb_stm32/src/usbd_core.o
 .text.usbd_process_eprx
                0x00000000080024ba      0x134 ./contrib/libusb_stm32/src/usbd_core.o
 .text.usbd_process_ep0
                0x00000000080025ee       0x28 ./contrib/libusb_stm32/src/usbd_core.o
 .text.usbd_process_evt
                0x0000000008002616       0x38 ./contrib/libusb_stm32/src/usbd_core.o
 *fill*         0x000000000800264e        0x2 
 .text.usbd_poll
                0x0000000008002650       0x10 ./contrib/libusb_stm32/src/usbd_core.o
                0x0000000008002650                usbd_poll
 .text.calloc   0x0000000008002660       0x10 /usr/local/bin/../lib/gcc/arm-none-eabi/6.3.1/../../../../arm-none-eabi/lib/thumb/v7-m/libg_nano.a(lib_a-calloc.o)
                0x0000000008002660                calloc
 .text.clock    0x0000000008002670       0x28 /usr/local/bin/../lib/gcc/arm-none-eabi/6.3.1/../../../../arm-none-eabi/lib/thumb/v7-m/libg_nano.a(lib_a-clock.o)
                0x0000000008002670                clock
 .text.exit     0x0000000008002698       0x28 /usr/local/bin/../lib/gcc/arm-none-eabi/6.3.1/../../../../arm-none-eabi/lib/thumb/v7-m/libg_nano.a(lib_a-exit.o)
                0x0000000008002698                exit
 .text.fprintf  0x00000000080026c0       0x24 /usr/local/bin/../lib/gcc/arm-none-eabi/6.3.1/../../../../arm-none-eabi/lib/thumb/v7-m/libg_nano.a(lib_a-fprintf.o)
                0x00000000080026c0                fprintf
                0x00000000080026c0                fiprintf
 .text._fputc_r
                0x00000000080026e4       0x48 /usr/local/bin/../lib/gcc/arm-none-eabi/6.3.1/../../../../arm-none-eabi/lib/thumb/v7-m/libg_nano.a(lib_a-fputc.o)
                0x00000000080026e4                _fputc_r
 .text.fputc    0x000000000800272c       0x10 /usr/local/bin/../lib/gcc/arm-none-eabi/6.3.1/../../../../arm-none-eabi/lib/thumb/v7-m/libg_nano.a(lib_a-fputc.o)
                0x000000000800272c                fputc
 .text._fwrite_r
                0x000000000800273c       0x9c /usr/local/bin/../lib/gcc/arm-none-eabi/6.3.1/../../../../arm-none-eabi/lib/thumb/v7-m/libg_nano.a(lib_a-fwrite.o)
                0x000000000800273c                _fwrite_r
 .text.fwrite   0x00000000080027d8       0x1c /usr/local/bin/../lib/gcc/arm-none-eabi/6.3.1/../../../../arm-none-eabi/lib/thumb/v7-m/libg_nano.a(lib_a-fwrite.o)
                0x00000000080027d8                fwrite
 .text.__libc_init_array
                0x00000000080027f4       0x48 /usr/local/bin/../lib/gcc/arm-none-eabi/6.3.1/../../../../arm-none-eabi/lib/thumb/v7-m/libg_nano.a(lib_a-init.o)
                0x00000000080027f4                __libc_init_array
 .text.localtime_r
                0x000000000800283c      0x1c8 /usr/local/bin/../lib/gcc/arm-none-eabi/6.3.1/../../../../arm-none-eabi/lib/thumb/v7-m/libg_nano.a(lib_a-lcltime_r.o)
                0x000000000800283c                localtime_r
 .text.malloc   0x0000000008002a04       0x10 /usr/local/bin/../lib/gcc/arm-none-eabi/6.3.1/../../../../arm-none-eabi/lib/thumb/v7-m/libg_nano.a(lib_a-malloc.o)
                0x0000000008002a04                malloc
 .text.free     0x0000000008002a14       0x10 /usr/local/bin/../lib/gcc/arm-none-eabi/6.3.1/../../../../arm-none-eabi/lib/thumb/v7-m/libg_nano.a(lib_a-malloc.o)
                0x0000000008002a14                free
 .text.memcpy   0x0000000008002a24       0x16 /usr/local/bin/../lib/gcc/arm-none-eabi/6.3.1/../../../../arm-none-eabi/lib/thumb/v7-m/libg_nano.a(lib_a-memcpy-stub.o)
                0x0000000008002a24                memcpy
 .text.memset   0x0000000008002a3a       0x10 /usr/local/bin/../lib/gcc/arm-none-eabi/6.3.1/../../../../arm-none-eabi/lib/thumb/v7-m/libg_nano.a(lib_a-memset.o)
                0x0000000008002a3a                memset
 *fill*         0x0000000008002a4a        0x2 
 .text.validate_structure
                0x0000000008002a4c      0x1c0 /usr/local/bin/../lib/gcc/arm-none-eabi/6.3.1/../../../../arm-none-eabi/lib/thumb/v7-m/libg_nano.a(lib_a-mktime.o)
 .text.mktime   0x0000000008002c0c      0x2f8 /usr/local/bin/../lib/gcc/arm-none-eabi/6.3.1/../../../../arm-none-eabi/lib/thumb/v7-m/libg_nano.a(lib_a-mktime.o)
                0x0000000008002c0c                mktime
 .text._calloc_r
                0x0000000008002f04       0x1c /usr/local/bin/../lib/gcc/arm-none-eabi/6.3.1/../../../../arm-none-eabi/lib/thumb/v7-m/libg_nano.a(lib_a-nano-callocr.o)
                0x0000000008002f04                _calloc_r
 .text._free_r  0x0000000008002f20       0x98 /usr/local/bin/../lib/gcc/arm-none-eabi/6.3.1/../../../../arm-none-eabi/lib/thumb/v7-m/libg_nano.a(lib_a-nano-freer.o)
                0x0000000008002f20                _free_r
 .text._malloc_r
                0x0000000008002fb8       0xbc /usr/local/bin/../lib/gcc/arm-none-eabi/6.3.1/../../../../arm-none-eabi/lib/thumb/v7-m/libg_nano.a(lib_a-nano-mallocr.o)
                0x0000000008002fb8                _malloc_r
 .text.__sfputc_r
                0x0000000008003074       0x2c /usr/local/bin/../lib/gcc/arm-none-eabi/6.3.1/../../../../arm-none-eabi/lib/thumb/v7-m/libg_nano.a(lib_a-nano-vfprintf.o)
 .text.__sfputs_r
                0x00000000080030a0       0x24 /usr/local/bin/../lib/gcc/arm-none-eabi/6.3.1/../../../../arm-none-eabi/lib/thumb/v7-m/libg_nano.a(lib_a-nano-vfprintf.o)
                0x00000000080030a0                __sfputs_r
 .text._vfprintf_r
                0x00000000080030c4      0x22c /usr/local/bin/../lib/gcc/arm-none-eabi/6.3.1/../../../../arm-none-eabi/lib/thumb/v7-m/libg_nano.a(lib_a-nano-vfprintf.o)
                0x00000000080030c4                _vfiprintf_r
                0x00000000080030c4                _vfprintf_r
 .text._printf_common
                0x00000000080032f0       0xee /usr/local/bin/../lib/gcc/arm-none-eabi/6.3.1/../../../../arm-none-eabi/lib/thumb/v7-m/libg_nano.a(lib_a-nano-vfprintf_i.o)
                0x00000000080032f0                _printf_common
 *fill*         0x00000000080033de        0x2 
 .text._printf_i
                0x00000000080033e0      0x240 /usr/local/bin/../lib/gcc/arm-none-eabi/6.3.1/../../../../arm-none-eabi/lib/thumb/v7-m/libg_nano.a(lib_a-nano-vfprintf_i.o)
                0x00000000080033e0                _printf_i
 .text._putc_r  0x0000000008003620       0x6c /usr/local/bin/../lib/gcc/arm-none-eabi/6.3.1/../../../../arm-none-eabi/lib/thumb/v7-m/libg_nano.a(lib_a-putc.o)
                0x0000000008003620                _putc_r
 .text._sbrk_r  0x000000000800368c       0x20 /usr/local/bin/../lib/gcc/arm-none-eabi/6.3.1/../../../../arm-none-eabi/lib/thumb/v7-m/libg_nano.a(lib_a-sbrkr.o)
                0x000000000800368c                _sbrk_r
 .text.setvbuf  0x00000000080036ac      0x15c /usr/local/bin/../lib/gcc/arm-none-eabi/6.3.1/../../../../arm-none-eabi/lib/thumb/v7-m/libg_nano.a(lib_a-setvbuf.o)
                0x00000000080036ac                setvbuf
 .text.snprintf
                0x0000000008003808       0x68 /usr/local/bin/../lib/gcc/arm-none-eabi/6.3.1/../../../../arm-none-eabi/lib/thumb/v7-m/libg_nano.a(lib_a-snprintf.o)
                0x0000000008003808                snprintf
                0x0000000008003808                sniprintf
 .text.strchr   0x0000000008003870       0x1c /usr/local/bin/../lib/gcc/arm-none-eabi/6.3.1/../../../../arm-none-eabi/lib/thumb/v7-m/libg_nano.a(lib_a-strchr.o)
                0x0000000008003870                strchr
 .text          0x000000000800388c       0x14 /usr/local/bin/../lib/gcc/arm-none-eabi/6.3.1/../../../../arm-none-eabi/lib/thumb/v7-m/libg_nano.a(lib_a-strcmp.o)
                0x000000000800388c                strcmp
 .text.iso_year_adjust
                0x00000000080038a0       0xae /usr/local/bin/../lib/gcc/arm-none-eabi/6.3.1/../../../../arm-none-eabi/lib/thumb/v7-m/libg_nano.a(lib_a-strftime.o)
 *fill*         0x000000000800394e        0x2 
 .text.__strftime
                0x0000000008003950      0xa3c /usr/local/bin/../lib/gcc/arm-none-eabi/6.3.1/../../../../arm-none-eabi/lib/thumb/v7-m/libg_nano.a(lib_a-strftime.o)
 .text.strftime
                0x000000000800438c       0x24 /usr/local/bin/../lib/gcc/arm-none-eabi/6.3.1/../../../../arm-none-eabi/lib/thumb/v7-m/libg_nano.a(lib_a-strftime.o)
                0x000000000800438c                strftime
 .text          0x00000000080043b0       0x10 /usr/local/bin/../lib/gcc/arm-none-eabi/6.3.1/../../../../arm-none-eabi/lib/thumb/v7-m/libg_nano.a(lib_a-strlen.o)
                0x00000000080043b0                strlen
 .text.is_leap_year
                0x00000000080043c0       0x2c /usr/local/bin/../lib/gcc/arm-none-eabi/6.3.1/../../../../arm-none-eabi/lib/thumb/v7-m/libg_nano.a(lib_a-strptime.o)
 .text.first_day
                0x00000000080043ec       0x2e /usr/local/bin/../lib/gcc/arm-none-eabi/6.3.1/../../../../arm-none-eabi/lib/thumb/v7-m/libg_nano.a(lib_a-strptime.o)
 .text.match_string
                0x000000000800441a       0x3c /usr/local/bin/../lib/gcc/arm-none-eabi/6.3.1/../../../../arm-none-eabi/lib/thumb/v7-m/libg_nano.a(lib_a-strptime.o)
 *fill*         0x0000000008004456        0x2 
 .text.strptime_l
                0x0000000008004458      0x590 /usr/local/bin/../lib/gcc/arm-none-eabi/6.3.1/../../../../arm-none-eabi/lib/thumb/v7-m/libg_nano.a(lib_a-strptime.o)
                0x0000000008004458                strptime_l
 .text.strptime
                0x00000000080049e8       0x20 /usr/local/bin/../lib/gcc/arm-none-eabi/6.3.1/../../../../arm-none-eabi/lib/thumb/v7-m/libg_nano.a(lib_a-strptime.o)
                0x00000000080049e8                strptime
 .text.strrchr  0x0000000008004a08       0x26 /usr/local/bin/../lib/gcc/arm-none-eabi/6.3.1/../../../../arm-none-eabi/lib/thumb/v7-m/libg_nano.a(lib_a-strrchr.o)
                0x0000000008004a08                strrchr
 .text._strtol_l.isra.0
                0x0000000008004a2e      0x100 /usr/local/bin/../lib/gcc/arm-none-eabi/6.3.1/../../../../arm-none-eabi/lib/thumb/v7-m/libg_nano.a(lib_a-strtol.o)
 *fill*         0x0000000008004b2e        0x2 
 .text._strtol_r
                0x0000000008004b30       0x24 /usr/local/bin/../lib/gcc/arm-none-eabi/6.3.1/../../../../arm-none-eabi/lib/thumb/v7-m/libg_nano.a(lib_a-strtol.o)
                0x0000000008004b30                _strtol_r
 .text.strtol_l
                0x0000000008004b54       0x1c /usr/local/bin/../lib/gcc/arm-none-eabi/6.3.1/../../../../arm-none-eabi/lib/thumb/v7-m/libg_nano.a(lib_a-strtol.o)
                0x0000000008004b54                strtol_l
 .text._strtoul_l.isra.0
                0x0000000008004b70       0xfa /usr/local/bin/../lib/gcc/arm-none-eabi/6.3.1/../../../../arm-none-eabi/lib/thumb/v7-m/libg_nano.a(lib_a-strtoul.o)
 *fill*         0x0000000008004c6a        0x2 
 .text._strtoul_r
                0x0000000008004c6c       0x24 /usr/local/bin/../lib/gcc/arm-none-eabi/6.3.1/../../../../arm-none-eabi/lib/thumb/v7-m/libg_nano.a(lib_a-strtoul.o)
                0x0000000008004c6c                _strtoul_r
 .text.strtoul  0x0000000008004c90       0x2c /usr/local/bin/../lib/gcc/arm-none-eabi/6.3.1/../../../../arm-none-eabi/lib/thumb/v7-m/libg_nano.a(lib_a-strtoul.o)
                0x0000000008004c90                strtoul
 .text.close    0x0000000008004cbc       0x10 /usr/local/bin/../lib/gcc/arm-none-eabi/6.3.1/../../../../arm-none-eabi/lib/thumb/v7-m/libg_nano.a(lib_a-sysclose.o)
                0x0000000008004cbc                close
 .text.lseek    0x0000000008004ccc       0x14 /usr/local/bin/../lib/gcc/arm-none-eabi/6.3.1/../../../../arm-none-eabi/lib/thumb/v7-m/libg_nano.a(lib_a-syslseek.o)
                0x0000000008004ccc                lseek
 .text.open     0x0000000008004ce0       0x28 /usr/local/bin/../lib/gcc/arm-none-eabi/6.3.1/../../../../arm-none-eabi/lib/thumb/v7-m/libg_nano.a(lib_a-sysopen.o)
                0x0000000008004ce0                open
 .text.sbrk     0x0000000008004d08       0x10 /usr/local/bin/../lib/gcc/arm-none-eabi/6.3.1/../../../../arm-none-eabi/lib/thumb/v7-m/libg_nano.a(lib_a-syssbrk.o)
                0x0000000008004d08                sbrk
 .text.write    0x0000000008004d18       0x14 /usr/local/bin/../lib/gcc/arm-none-eabi/6.3.1/../../../../arm-none-eabi/lib/thumb/v7-m/libg_nano.a(lib_a-syswrite.o)
                0x0000000008004d18                write
 .text.time     0x0000000008004d2c       0x28 /usr/local/bin/../lib/gcc/arm-none-eabi/6.3.1/../../../../arm-none-eabi/lib/thumb/v7-m/libg_nano.a(lib_a-time.o)
                0x0000000008004d2c                time
 .text._times_r
                0x0000000008004d54        0x6 /usr/local/bin/../lib/gcc/arm-none-eabi/6.3.1/../../../../arm-none-eabi/lib/thumb/v7-m/libg_nano.a(lib_a-timesr.o)
                0x0000000008004d54                _times_r
 *fill*         0x0000000008004d5a        0x2 
 .text.__tzcalc_limits
                0x0000000008004d5c      0x150 /usr/local/bin/../lib/gcc/arm-none-eabi/6.3.1/../../../../arm-none-eabi/lib/thumb/v7-m/libg_nano.a(lib_a-tzcalc_limits.o)
                0x0000000008004d5c                __tzcalc_limits
 .text.__tz_lock
                0x0000000008004eac        0x2 /usr/local/bin/../lib/gcc/arm-none-eabi/6.3.1/../../../../arm-none-eabi/lib/thumb/v7-m/libg_nano.a(lib_a-tzlock.o)
                0x0000000008004eac                __tz_lock
 .text.__tz_unlock
                0x0000000008004eae        0x2 /usr/local/bin/../lib/gcc/arm-none-eabi/6.3.1/../../../../arm-none-eabi/lib/thumb/v7-m/libg_nano.a(lib_a-tzlock.o)
                0x0000000008004eae                __tz_unlock
 .text._tzset_unlocked
                0x0000000008004eb0        0xc /usr/local/bin/../lib/gcc/arm-none-eabi/6.3.1/../../../../arm-none-eabi/lib/thumb/v7-m/libg_nano.a(lib_a-tzset.o)
                0x0000000008004eb0                _tzset_unlocked
 .text._tzset_unlocked_r
                0x0000000008004ebc      0x304 /usr/local/bin/../lib/gcc/arm-none-eabi/6.3.1/../../../../arm-none-eabi/lib/thumb/v7-m/libg_nano.a(lib_a-tzset_r.o)
                0x0000000008004ebc                _tzset_unlocked_r
 .text.__swbuf_r
                0x00000000080051c0       0xa4 /usr/local/bin/../lib/gcc/arm-none-eabi/6.3.1/../../../../arm-none-eabi/lib/thumb/v7-m/libg_nano.a(lib_a-wbuf.o)
                0x00000000080051c0                __swbuf_r
 .text._write_r
                0x0000000008005264       0x24 /usr/local/bin/../lib/gcc/arm-none-eabi/6.3.1/../../../../arm-none-eabi/lib/thumb/v7-m/libg_nano.a(lib_a-writer.o)
                0x0000000008005264                _write_r
 .text.__swsetup_r
                0x0000000008005288       0xdc /usr/local/bin/../lib/gcc/arm-none-eabi/6.3.1/../../../../arm-none-eabi/lib/thumb/v7-m/libg_nano.a(lib_a-wsetup.o)
                0x0000000008005288                __swsetup_r
 .text.abs      0x0000000008005364        0x8 /usr/local/bin/../lib/gcc/arm-none-eabi/6.3.1/../../../../arm-none-eabi/lib/thumb/v7-m/libg_nano.a(lib_a-abs.o)
                0x0000000008005364                abs
 .text._close_r
                0x000000000800536c       0x20 /usr/local/bin/../lib/gcc/arm-none-eabi/6.3.1/../../../../arm-none-eabi/lib/thumb/v7-m/libg_nano.a(lib_a-closer.o)
                0x000000000800536c                _close_r
 .text.div      0x000000000800538c       0x28 /usr/local/bin/../lib/gcc/arm-none-eabi/6.3.1/../../../../arm-none-eabi/lib/thumb/v7-m/libg_nano.a(lib_a-div.o)
                0x000000000800538c                div
 .text.__sflush_r
                0x00000000080053b4      0x110 /usr/local/bin/../lib/gcc/arm-none-eabi/6.3.1/../../../../arm-none-eabi/lib/thumb/v7-m/libg_nano.a(lib_a-fflush.o)
                0x00000000080053b4                __sflush_r
 .text._fflush_r
                0x00000000080054c4       0x54 /usr/local/bin/../lib/gcc/arm-none-eabi/6.3.1/../../../../arm-none-eabi/lib/thumb/v7-m/libg_nano.a(lib_a-fflush.o)
                0x00000000080054c4                _fflush_r
 .text._cleanup_r
                0x0000000008005518        0xc /usr/local/bin/../lib/gcc/arm-none-eabi/6.3.1/../../../../arm-none-eabi/lib/thumb/v7-m/libg_nano.a(lib_a-findfp.o)
                0x0000000008005518                _cleanup_r
 .text.std.isra.0
                0x0000000008005524       0x48 /usr/local/bin/../lib/gcc/arm-none-eabi/6.3.1/../../../../arm-none-eabi/lib/thumb/v7-m/libg_nano.a(lib_a-findfp.o)
 .text.__sfmoreglue
                0x000000000800556c       0x2c /usr/local/bin/../lib/gcc/arm-none-eabi/6.3.1/../../../../arm-none-eabi/lib/thumb/v7-m/libg_nano.a(lib_a-findfp.o)
                0x000000000800556c                __sfmoreglue
 .text.__sinit  0x0000000008005598       0x60 /usr/local/bin/../lib/gcc/arm-none-eabi/6.3.1/../../../../arm-none-eabi/lib/thumb/v7-m/libg_nano.a(lib_a-findfp.o)
                0x0000000008005598                __sinit
 .text.__sfp    0x00000000080055f8       0x78 /usr/local/bin/../lib/gcc/arm-none-eabi/6.3.1/../../../../arm-none-eabi/lib/thumb/v7-m/libg_nano.a(lib_a-findfp.o)
                0x00000000080055f8                __sfp
 .text._fwalk_reent
                0x0000000008005670       0x3c /usr/local/bin/../lib/gcc/arm-none-eabi/6.3.1/../../../../arm-none-eabi/lib/thumb/v7-m/libg_nano.a(lib_a-fwalk.o)
                0x0000000008005670                _fwalk_reent
 .text._findenv_r
                0x00000000080056ac       0x80 /usr/local/bin/../lib/gcc/arm-none-eabi/6.3.1/../../../../arm-none-eabi/lib/thumb/v7-m/libg_nano.a(lib_a-getenv_r.o)
                0x00000000080056ac                _findenv_r
 .text._getenv_r
                0x000000000800572c        0xe /usr/local/bin/../lib/gcc/arm-none-eabi/6.3.1/../../../../arm-none-eabi/lib/thumb/v7-m/libg_nano.a(lib_a-getenv_r.o)
                0x000000000800572c                _getenv_r
 *fill*         0x000000000800573a        0x2 
 .text._gettimeofday_r
                0x000000000800573c       0x24 /usr/local/bin/../lib/gcc/arm-none-eabi/6.3.1/../../../../arm-none-eabi/lib/thumb/v7-m/libg_nano.a(lib_a-gettimeofdayr.o)
                0x000000000800573c                _gettimeofday_r
 .text.__gettzinfo
                0x0000000008005760        0x8 /usr/local/bin/../lib/gcc/arm-none-eabi/6.3.1/../../../../arm-none-eabi/lib/thumb/v7-m/libg_nano.a(lib_a-gettzinfo.o)
                0x0000000008005760                __gettzinfo
 .text.gmtime_r
                0x0000000008005768      0x130 /usr/local/bin/../lib/gcc/arm-none-eabi/6.3.1/../../../../arm-none-eabi/lib/thumb/v7-m/libg_nano.a(lib_a-gmtime_r.o)
                0x0000000008005768                gmtime_r
 .text.labs     0x0000000008005898        0x8 /usr/local/bin/../lib/gcc/arm-none-eabi/6.3.1/../../../../arm-none-eabi/lib/thumb/v7-m/libg_nano.a(lib_a-labs.o)
                0x0000000008005898                labs
 .text.__locale_ctype_ptr_l
                0x00000000080058a0        0x6 /usr/local/bin/../lib/gcc/arm-none-eabi/6.3.1/../../../../arm-none-eabi/lib/thumb/v7-m/libg_nano.a(lib_a-locale.o)
                0x00000000080058a0                __locale_ctype_ptr_l
 *fill*         0x00000000080058a6        0x2 
 .text.__locale_ctype_ptr
                0x00000000080058a8       0x1c /usr/local/bin/../lib/gcc/arm-none-eabi/6.3.1/../../../../arm-none-eabi/lib/thumb/v7-m/libg_nano.a(lib_a-locale.o)
                0x00000000080058a8                __locale_ctype_ptr
 .text._lseek_r
                0x00000000080058c4       0x24 /usr/local/bin/../lib/gcc/arm-none-eabi/6.3.1/../../../../arm-none-eabi/lib/thumb/v7-m/libg_nano.a(lib_a-lseekr.o)
                0x00000000080058c4                _lseek_r
 .text.__swhatbuf_r
                0x00000000080058e8       0x48 /usr/local/bin/../lib/gcc/arm-none-eabi/6.3.1/../../../../arm-none-eabi/lib/thumb/v7-m/libg_nano.a(lib_a-makebuf.o)
                0x00000000080058e8                __swhatbuf_r
 .text.__smakebuf_r
                0x0000000008005930       0x80 /usr/local/bin/../lib/gcc/arm-none-eabi/6.3.1/../../../../arm-none-eabi/lib/thumb/v7-m/libg_nano.a(lib_a-makebuf.o)
                0x0000000008005930                __smakebuf_r
 .text.__ascii_mbtowc
                0x00000000080059b0       0x24 /usr/local/bin/../lib/gcc/arm-none-eabi/6.3.1/../../../../arm-none-eabi/lib/thumb/v7-m/libg_nano.a(lib_a-mbtowc_r.o)
                0x00000000080059b0                __ascii_mbtowc
 .text.memchr   0x00000000080059d4       0x1c /usr/local/bin/../lib/gcc/arm-none-eabi/6.3.1/../../../../arm-none-eabi/lib/thumb/v7-m/libg_nano.a(lib_a-memchr-stub.o)
                0x00000000080059d4                memchr
 .text.memmove  0x00000000080059f0       0x34 /usr/local/bin/../lib/gcc/arm-none-eabi/6.3.1/../../../../arm-none-eabi/lib/thumb/v7-m/libg_nano.a(lib_a-memmove.o)
                0x00000000080059f0                memmove
 .text.__malloc_lock
                0x0000000008005a24        0x2 /usr/local/bin/../lib/gcc/arm-none-eabi/6.3.1/../../../../arm-none-eabi/lib/thumb/v7-m/libg_nano.a(lib_a-mlock.o)
                0x0000000008005a24                __malloc_lock
 .text.__malloc_unlock
                0x0000000008005a26        0x2 /usr/local/bin/../lib/gcc/arm-none-eabi/6.3.1/../../../../arm-none-eabi/lib/thumb/v7-m/libg_nano.a(lib_a-mlock.o)
                0x0000000008005a26                __malloc_unlock
 .text._realloc_r
                0x0000000008005a28       0x4c /usr/local/bin/../lib/gcc/arm-none-eabi/6.3.1/../../../../arm-none-eabi/lib/thumb/v7-m/libg_nano.a(lib_a-nano-reallocr.o)
                0x0000000008005a28                _realloc_r
 .text.__ssputs_r
                0x0000000008005a74       0xb6 /usr/local/bin/../lib/gcc/arm-none-eabi/6.3.1/../../../../arm-none-eabi/lib/thumb/v7-m/libg_nano.a(lib_a-nano-svfprintf.o)
                0x0000000008005a74                __ssputs_r
 *fill*         0x0000000008005b2a        0x2 
 .text._svfprintf_r
                0x0000000008005b2c      0x1e8 /usr/local/bin/../lib/gcc/arm-none-eabi/6.3.1/../../../../arm-none-eabi/lib/thumb/v7-m/libg_nano.a(lib_a-nano-svfprintf.o)
                0x0000000008005b2c                _svfprintf_r
                0x0000000008005b2c                _svfiprintf_r
 .text._open_r  0x0000000008005d14       0x24 /usr/local/bin/../lib/gcc/arm-none-eabi/6.3.1/../../../../arm-none-eabi/lib/thumb/v7-m/libg_nano.a(lib_a-openr.o)
                0x0000000008005d14                _open_r
 .text.sscanf   0x0000000008005d38       0x54 /usr/local/bin/../lib/gcc/arm-none-eabi/6.3.1/../../../../arm-none-eabi/lib/thumb/v7-m/libg_nano.a(lib_a-sscanf.o)
                0x0000000008005d38                sscanf
                0x0000000008005d38                siscanf
 .text.__sread  0x0000000008005d8c       0x22 /usr/local/bin/../lib/gcc/arm-none-eabi/6.3.1/../../../../arm-none-eabi/lib/thumb/v7-m/libg_nano.a(lib_a-stdio.o)
                0x0000000008005d8c                __sread
 .text.__seofread
                0x0000000008005dae        0x4 /usr/local/bin/../lib/gcc/arm-none-eabi/6.3.1/../../../../arm-none-eabi/lib/thumb/v7-m/libg_nano.a(lib_a-stdio.o)
                0x0000000008005dae                __seofread
 .text.__swrite
                0x0000000008005db2       0x38 /usr/local/bin/../lib/gcc/arm-none-eabi/6.3.1/../../../../arm-none-eabi/lib/thumb/v7-m/libg_nano.a(lib_a-stdio.o)
                0x0000000008005db2                __swrite
 .text.__sseek  0x0000000008005dea       0x24 /usr/local/bin/../lib/gcc/arm-none-eabi/6.3.1/../../../../arm-none-eabi/lib/thumb/v7-m/libg_nano.a(lib_a-stdio.o)
                0x0000000008005dea                __sseek
 .text.__sclose
                0x0000000008005e0e        0x8 /usr/local/bin/../lib/gcc/arm-none-eabi/6.3.1/../../../../arm-none-eabi/lib/thumb/v7-m/libg_nano.a(lib_a-stdio.o)
                0x0000000008005e0e                __sclose
 .text.strcpy   0x0000000008005e16       0x10 /usr/local/bin/../lib/gcc/arm-none-eabi/6.3.1/../../../../arm-none-eabi/lib/thumb/v7-m/libg_nano.a(lib_a-strcpy.o)
                0x0000000008005e16                strcpy
 .text.strncasecmp_l
                0x0000000008005e26       0x38 /usr/local/bin/../lib/gcc/arm-none-eabi/6.3.1/../../../../arm-none-eabi/lib/thumb/v7-m/libg_nano.a(lib_a-strncasecmp_l.o)
                0x0000000008005e26                strncasecmp_l
 .text.strncmp  0x0000000008005e5e       0x24 /usr/local/bin/../lib/gcc/arm-none-eabi/6.3.1/../../../../arm-none-eabi/lib/thumb/v7-m/libg_nano.a(lib_a-strncmp.o)
                0x0000000008005e5e                strncmp
 .text.tolower_l
                0x0000000008005e82       0x1c /usr/local/bin/../lib/gcc/arm-none-eabi/6.3.1/../../../../arm-none-eabi/lib/thumb/v7-m/libg_nano.a(lib_a-tolower_l.o)
                0x0000000008005e82                tolower_l
 .text.__ascii_wctomb
                0x0000000008005e9e       0x1a /usr/local/bin/../lib/gcc/arm-none-eabi/6.3.1/../../../../arm-none-eabi/lib/thumb/v7-m/libg_nano.a(lib_a-wctomb_r.o)
                0x0000000008005e9e                __ascii_wctomb
 .text.__env_lock
                0x0000000008005eb8        0x2 /usr/local/bin/../lib/gcc/arm-none-eabi/6.3.1/../../../../arm-none-eabi/lib/thumb/v7-m/libg_nano.a(lib_a-envlock.o)
                0x0000000008005eb8                __env_lock
 .text.__env_unlock
                0x0000000008005eba        0x2 /usr/local/bin/../lib/gcc/arm-none-eabi/6.3.1/../../../../arm-none-eabi/lib/thumb/v7-m/libg_nano.a(lib_a-envlock.o)
                0x0000000008005eba                __env_unlock
 .text._fstat_r
                0x0000000008005ebc       0x24 /usr/local/bin/../lib/gcc/arm-none-eabi/6.3.1/../../../../arm-none-eabi/lib/thumb/v7-m/libg_nano.a(lib_a-fstatr.o)
                0x0000000008005ebc                _fstat_r
 .text._isatty_r
                0x0000000008005ee0       0x20 /usr/local/bin/../lib/gcc/arm-none-eabi/6.3.1/../../../../arm-none-eabi/lib/thumb/v7-m/libg_nano.a(lib_a-isattyr.o)
                0x0000000008005ee0                _isatty_r
 .text._malloc_usable_size_r
                0x0000000008005f00       0x12 /usr/local/bin/../lib/gcc/arm-none-eabi/6.3.1/../../../../arm-none-eabi/lib/thumb/v7-m/libg_nano.a(lib_a-nano-msizer.o)
                0x0000000008005f00                _malloc_usable_size_r
 .text._sungetc_r
                0x0000000008005f12       0x7a /usr/local/bin/../lib/gcc/arm-none-eabi/6.3.1/../../../../arm-none-eabi/lib/thumb/v7-m/libg_nano.a(lib_a-nano-svfscanf.o)
                0x0000000008005f12                _sungetc_r
 .text.__ssrefill_r
                0x0000000008005f8c       0x3a /usr/local/bin/../lib/gcc/arm-none-eabi/6.3.1/../../../../arm-none-eabi/lib/thumb/v7-m/libg_nano.a(lib_a-nano-svfscanf.o)
                0x0000000008005f8c                __ssrefill_r
 *fill*         0x0000000008005fc6        0x2 
 .text.__ssvfscanf_r
                0x0000000008005fc8      0x2a8 /usr/local/bin/../lib/gcc/arm-none-eabi/6.3.1/../../../../arm-none-eabi/lib/thumb/v7-m/libg_nano.a(lib_a-nano-svfscanf.o)
                0x0000000008005fc8                __ssvfscanf_r
                0x0000000008005fc8                __ssvfiscanf_r
 .text._scanf_chars
                0x0000000008006270       0xc6 /usr/local/bin/../lib/gcc/arm-none-eabi/6.3.1/../../../../arm-none-eabi/lib/thumb/v7-m/libg_nano.a(lib_a-nano-vfscanf_i.o)
                0x0000000008006270                _scanf_chars
 *fill*         0x0000000008006336        0x2 
 .text._scanf_i
                0x0000000008006338      0x1ec /usr/local/bin/../lib/gcc/arm-none-eabi/6.3.1/../../../../arm-none-eabi/lib/thumb/v7-m/libg_nano.a(lib_a-nano-vfscanf_i.o)
                0x0000000008006338                _scanf_i
 .text._read_r  0x0000000008006524       0x24 /usr/local/bin/../lib/gcc/arm-none-eabi/6.3.1/../../../../arm-none-eabi/lib/thumb/v7-m/libg_nano.a(lib_a-readr.o)
                0x0000000008006524                _read_r
 .text.__sccl   0x0000000008006548       0x5e /usr/local/bin/../lib/gcc/arm-none-eabi/6.3.1/../../../../arm-none-eabi/lib/thumb/v7-m/libg_nano.a(lib_a-sccl.o)
                0x0000000008006548                __sccl
 .text.__submore
                0x00000000080065a6       0x72 /usr/local/bin/../lib/gcc/arm-none-eabi/6.3.1/../../../../arm-none-eabi/lib/thumb/v7-m/libg_nano.a(lib_a-ungetc.o)
                0x00000000080065a6                __submore
 .text.__submore.__stub
                0x0000000008006618        0x8 linker stubs

.glue_7         0x0000000008006620        0x0
 .glue_7        0x0000000008006620        0x0 linker stubs

.glue_7t        0x0000000008006620        0x0
 .glue_7t       0x0000000008006620        0x0 linker stubs

.vfp11_veneer   0x0000000008006620        0x0
 .vfp11_veneer  0x0000000008006620        0x0 linker stubs

.v4_bx          0x0000000008006620        0x0
 .v4_bx         0x0000000008006620        0x0 linker stubs

.iplt           0x0000000008006620        0x0
 .iplt          0x0000000008006620        0x0 /usr/local/bin/../lib/gcc/arm-none-eabi/6.3.1/thumb/v7-m/crtbegin.o

.devices        0x0000000008006620       0x10
 *(.devices*)
 .devices       0x0000000008006620        0xc ./system/src/usart.o
                0x0000000008006620                TTY2
                0x0000000008006624                TTY1
                0x0000000008006628                TTY0
 .devices       0x000000000800662c        0x4 ./src/lcd.o
                0x000000000800662c                LCD

.rodata         0x0000000008006630      0x9bb
 *(.rodata*)
 .rodata.GPIO.4986
                0x0000000008006630       0x10 ./system/src/gpio.o
 .rodata.stdio_init.str1.4
                0x0000000008006640        0xa ./system/src/stdio.o
 *fill*         0x000000000800664a        0x2 
 .rodata.rtc_init.str1.4
                0x000000000800664c       0x29 ./system/src/time.o
 *fill*         0x0000000008006675        0x3 
 .rodata.str1.4
                0x0000000008006678       0x28 ./system/src/usart.o
 .rodata.usart_driver
                0x00000000080066a0       0x2c ./system/src/usart.o
 .rodata.pinModes.5960
                0x00000000080066cc       0x80 ./src/board.o
 .rodata.i2c_probe.str1.4
                0x000000000800674c       0x56 ./src/i2c.o
 *fill*         0x00000000080067a2        0x2 
 .rodata.lcd_driver
                0x00000000080067a4       0x2c ./src/lcd.o
 .rodata.str1.4
                0x00000000080067d0       0x1b ./src/lcd.o
 *fill*         0x00000000080067eb        0x1 
 .rodata.main.str1.4
                0x00000000080067ec      0x12c ./src/main.o
 .rodata.config_descriptor
                0x0000000008006918       0x29 ./src/usb-device.o
 *fill*         0x0000000008006941        0x3 
 .rodata.desc_string_table
                0x0000000008006944        0xc ./src/usb-device.o
 .rodata.device_descriptor
                0x0000000008006950       0x12 ./src/usb-device.o
 *fill*         0x0000000008006962        0x2 
 .rodata.lang_desc
                0x0000000008006964        0x4 ./src/usb-device.o
 .rodata.manuf_desc_en
                0x0000000008006968       0x50 ./src/usb-device.o
 .rodata.prod_desc_en
                0x00000000080069b8       0x1e ./src/usb-device.o
 *fill*         0x00000000080069d6        0x2 
 .rodata.qualifier_descriptor
                0x00000000080069d8        0xa ./src/usb-device.o
 *fill*         0x00000000080069e2        0x2 
 .rodata.usb_hid_report
                0x00000000080069e4       0x1d ./src/usb-device.o
 *fill*         0x0000000008006a01        0x3 
 .rodata.AHBPrescTable
                0x0000000008006a04       0x10 ./platform/src/system_stm32f1xx.o
                0x0000000008006a04                AHBPrescTable
 .rodata.usb_stmv3
                0x0000000008006a14       0x38 ./contrib/libusb_stm32/src/usb_32v3.o
                0x0000000008006a14                usb_stmv3
 .rodata._global_impure_ptr
                0x0000000008006a4c        0x4 /usr/local/bin/../lib/gcc/arm-none-eabi/6.3.1/../../../../arm-none-eabi/lib/thumb/v7-m/libg_nano.a(lib_a-impure.o)
                0x0000000008006a4c                _global_impure_ptr
 .rodata.DAYS_IN_MONTH
                0x0000000008006a50       0x30 /usr/local/bin/../lib/gcc/arm-none-eabi/6.3.1/../../../../arm-none-eabi/lib/thumb/v7-m/libg_nano.a(lib_a-mktime.o)
 .rodata._DAYS_BEFORE_MONTH
                0x0000000008006a80       0x30 /usr/local/bin/../lib/gcc/arm-none-eabi/6.3.1/../../../../arm-none-eabi/lib/thumb/v7-m/libg_nano.a(lib_a-mktime.o)
 .rodata.__month_lengths
                0x0000000008006ab0       0x60 /usr/local/bin/../lib/gcc/arm-none-eabi/6.3.1/../../../../arm-none-eabi/lib/thumb/v7-m/libg_nano.a(lib_a-month_lengths.o)
                0x0000000008006ab0                __month_lengths
 .rodata._vfprintf_r.str1.1
                0x0000000008006b10       0x11 /usr/local/bin/../lib/gcc/arm-none-eabi/6.3.1/../../../../arm-none-eabi/lib/thumb/v7-m/libg_nano.a(lib_a-nano-vfprintf.o)
 .rodata._printf_i.str1.1
                0x0000000008006b21       0x22 /usr/local/bin/../lib/gcc/arm-none-eabi/6.3.1/../../../../arm-none-eabi/lib/thumb/v7-m/libg_nano.a(lib_a-nano-vfprintf_i.o)
 .rodata.__strftime.str1.1
                0x0000000008006b43       0x59 /usr/local/bin/../lib/gcc/arm-none-eabi/6.3.1/../../../../arm-none-eabi/lib/thumb/v7-m/libg_nano.a(lib_a-strftime.o)
                                         0x6b (size before relaxing)
 .rodata._DAYS_BEFORE_MONTH
                0x0000000008006b9c       0x30 /usr/local/bin/../lib/gcc/arm-none-eabi/6.3.1/../../../../arm-none-eabi/lib/thumb/v7-m/libg_nano.a(lib_a-strptime.o)
 .rodata.strptime_l.str1.1
                0x0000000008006bcc       0x18 /usr/local/bin/../lib/gcc/arm-none-eabi/6.3.1/../../../../arm-none-eabi/lib/thumb/v7-m/libg_nano.a(lib_a-strptime.o)
 .rodata._C_time_locale
                0x0000000008006be4       0xfc /usr/local/bin/../lib/gcc/arm-none-eabi/6.3.1/../../../../arm-none-eabi/lib/thumb/v7-m/libg_nano.a(lib_a-timelocal.o)
                0x0000000008006be4                _C_time_locale
 .rodata.str1.1
                0x0000000008006ce0      0x119 /usr/local/bin/../lib/gcc/arm-none-eabi/6.3.1/../../../../arm-none-eabi/lib/thumb/v7-m/libg_nano.a(lib_a-timelocal.o)
                                        0x12c (size before relaxing)
 .rodata._tzset_unlocked_r.str1.1
                0x0000000008006df9       0x3c /usr/local/bin/../lib/gcc/arm-none-eabi/6.3.1/../../../../arm-none-eabi/lib/thumb/v7-m/libg_nano.a(lib_a-tzset_r.o)
                                         0x4e (size before relaxing)
 .rodata.str1.1
                0x0000000008006e35        0x4 /usr/local/bin/../lib/gcc/arm-none-eabi/6.3.1/../../../../arm-none-eabi/lib/thumb/v7-m/libg_nano.a(lib_a-tzvars.o)
 *fill*         0x0000000008006e35        0x3 
 .rodata.__sf_fake_stderr
                0x0000000008006e38       0x20 /usr/local/bin/../lib/gcc/arm-none-eabi/6.3.1/../../../../arm-none-eabi/lib/thumb/v7-m/libg_nano.a(lib_a-findfp.o)
                0x0000000008006e38                __sf_fake_stderr
 .rodata.__sf_fake_stdin
                0x0000000008006e58       0x20 /usr/local/bin/../lib/gcc/arm-none-eabi/6.3.1/../../../../arm-none-eabi/lib/thumb/v7-m/libg_nano.a(lib_a-findfp.o)
                0x0000000008006e58                __sf_fake_stdin
 .rodata.__sf_fake_stdout
                0x0000000008006e78       0x20 /usr/local/bin/../lib/gcc/arm-none-eabi/6.3.1/../../../../arm-none-eabi/lib/thumb/v7-m/libg_nano.a(lib_a-findfp.o)
                0x0000000008006e78                __sf_fake_stdout
 .rodata._setlocale_r.str1.1
                0x0000000008006e98        0x8 /usr/local/bin/../lib/gcc/arm-none-eabi/6.3.1/../../../../arm-none-eabi/lib/thumb/v7-m/libg_nano.a(lib_a-locale.o)
                                          0x9 (size before relaxing)
 .rodata.str1.1
                0x0000000008006ea0        0x2 /usr/local/bin/../lib/gcc/arm-none-eabi/6.3.1/../../../../arm-none-eabi/lib/thumb/v7-m/libg_nano.a(lib_a-locale.o)
 .rodata._svfprintf_r.str1.1
                0x0000000008006ea2       0x11 /usr/local/bin/../lib/gcc/arm-none-eabi/6.3.1/../../../../arm-none-eabi/lib/thumb/v7-m/libg_nano.a(lib_a-nano-svfprintf.o)
 .rodata._ctype_
                0x0000000008006ea2      0x101 /usr/local/bin/../lib/gcc/arm-none-eabi/6.3.1/../../../../arm-none-eabi/lib/thumb/v7-m/libg_nano.a(lib_a-ctype_.o)
                0x0000000008006ea2                _ctype_
 .rodata.__ssvfscanf_r.str1.1
                0x0000000008006fa3        0x4 /usr/local/bin/../lib/gcc/arm-none-eabi/6.3.1/../../../../arm-none-eabi/lib/thumb/v7-m/libg_nano.a(lib_a-nano-svfscanf.o)
 *fill*         0x0000000008006fa3        0x1 
 .rodata        0x0000000008006fa4        0xc /usr/local/bin/../lib/gcc/arm-none-eabi/6.3.1/../../../../arm-none-eabi/lib/thumb/v7-m/libg_nano.a(lib_a-nano-vfscanf_i.o)
 .rodata._scanf_i.str1.1
                0x0000000008006fb0       0x12 /usr/local/bin/../lib/gcc/arm-none-eabi/6.3.1/../../../../arm-none-eabi/lib/thumb/v7-m/libg_nano.a(lib_a-nano-vfscanf_i.o)
 .rodata.str1.1
                0x0000000008006fc2        0x9 /usr/local/bin/../lib/gcc/arm-none-eabi/6.3.1/../../../../arm-none-eabi/lib/thumb/v7-m/libg_nano.a(lib_a-nano-vfscanf_i.o)
                0x0000000008006fcb                PROVIDE (__devices_addr, .)
                0x0000000008006fcb        0x4 LONG 0x8006620 ADDR (.devices)
                0x0000000008006fcf                PROVIDE (__devices_size, .)
                0x0000000008006fcf        0x4 LONG 0x10 SIZEOF (.devices)
                0x0000000008006fd3                PROVIDE (__copy_addr, .)
                0x0000000008006fd3        0x4 LONG 0x8006feb ADDR (.copytable)
                0x0000000008006fd7                PROVIDE (__copy_size, .)
                0x0000000008006fd7        0x4 LONG 0x18 SIZEOF (.copytable)
                0x0000000008006fdb                PROVIDE (__zero_addr, .)
                0x0000000008006fdb        0x4 LONG 0x8007003 ADDR (.zerotable)
                0x0000000008006fdf                PROVIDE (__zero_size, .)
                0x0000000008006fdf        0x4 LONG 0x8 SIZEOF (.zerotable)
                0x0000000008006fe3                PROVIDE (__mem_begin, .)
                0x0000000008006fe3        0x4 LONG 0x20000000 ORIGIN (IRAM)
                0x0000000008006fe7                PROVIDE (__mem_size, .)
                0x0000000008006fe7        0x4 LONG 0x5000 LENGTH (IRAM)

.eh_frame       0x0000000008006fec        0x0
 .eh_frame      0x0000000008006fec        0x0 /usr/local/bin/../lib/gcc/arm-none-eabi/6.3.1/thumb/v7-m/crtbegin.o

.copytable      0x0000000008006feb       0x18
                0x0000000008006feb        0x4 LONG 0x8000000 LOADADDR (.vector)
                0x0000000008006fef        0x4 LONG 0x20000000 ADDR (.vector)
                0x0000000008006ff3        0x4 LONG 0xec SIZEOF (.vector)
                0x0000000008006ff7        0x4 LONG 0x8007054 LOADADDR (.data)
                0x0000000008006ffb        0x4 LONG 0x200000f0 ADDR (.data)
                0x0000000008006fff        0x4 LONG 0x3b8 SIZEOF (.data)

.zerotable      0x0000000008007003        0x8
                0x0000000008007003        0x4 LONG 0x200004a8 ADDR (.bss)
                0x0000000008007007        0x4 LONG 0x374 SIZEOF (.bss)

.init           0x000000000800700c        0xc
 *(.init)
 .init          0x000000000800700c        0x4 /usr/local/bin/../lib/gcc/arm-none-eabi/6.3.1/thumb/v7-m/crti.o
                0x000000000800700c                _init
 .init          0x0000000008007010        0x8 /usr/local/bin/../lib/gcc/arm-none-eabi/6.3.1/thumb/v7-m/crtn.o

.fini           0x0000000008007018        0xc
 *(.fini)
 .fini          0x0000000008007018        0x4 /usr/local/bin/../lib/gcc/arm-none-eabi/6.3.1/thumb/v7-m/crti.o
                0x0000000008007018                _fini
 .fini          0x000000000800701c        0x8 /usr/local/bin/../lib/gcc/arm-none-eabi/6.3.1/thumb/v7-m/crtn.o

.ARM.extab
 *(.ARM.extab*)

.ARM.exidx      0x0000000008007024        0x8
 *(.ARM.exidx*)
 .ARM.exidx     0x0000000008007024        0x8 /usr/local/bin/../lib/gcc/arm-none-eabi/6.3.1/../../../../arm-none-eabi/lib/thumb/v7-m/crt0.o

.rel.dyn        0x000000000800702c        0x0
 .rel.iplt      0x000000000800702c        0x0 /usr/local/bin/../lib/gcc/arm-none-eabi/6.3.1/thumb/v7-m/crtbegin.o

.preinit_array  0x000000000800702c        0x0
                0x000000000800702c                PROVIDE (__preinit_array_start, .)
 *(.preinit_array*)
                0x000000000800702c                PROVIDE (__preinit_array_end, .)

.init_array     0x000000000800702c       0x24
                0x000000000800702c                PROVIDE (__init_array_start, .)
 *(SORT(.init_array.*))
 .init_array.01000
                0x000000000800702c        0x4 ./system/src/gpio.o
 .init_array.01000
                0x0000000008007030        0x4 ./system/src/stdio.o
 .init_array.01000
                0x0000000008007034        0x4 ./src/pwm.o
 .init_array.01001
                0x0000000008007038        0x4 ./src/board.o
 .init_array.02000
                0x000000000800703c        0x4 ./src/usb-device.o
 *(.init_array*)
 .init_array    0x0000000008007040        0x4 /usr/local/bin/../lib/gcc/arm-none-eabi/6.3.1/thumb/v7-m/crtbegin.o
 .init_array    0x0000000008007044        0x4 ./system/src/device.o
 .init_array    0x0000000008007048        0x8 ./system/src/time.o
                0x0000000008007050                PROVIDE (__init_array_end, .)

.fini_array     0x0000000008007050        0x4
                [!provide]                        PROVIDE (__fini_array_start, .)
 *(SORT(.fini_array.*))
 *(.fini_array*)
 .fini_array    0x0000000008007050        0x4 /usr/local/bin/../lib/gcc/arm-none-eabi/6.3.1/thumb/v7-m/crtbegin.o
                [!provide]                        PROVIDE (__fini_array_end, .)
                0x0000000008007054                . = ALIGN (0x4)

.data           0x00000000200000f0      0x3b8 load address 0x0000000008007054
 *(vtable)
 *(.data*)
 .datacode      0x00000000200000f0       0x14 ./system/src/time.o
                0x00000000200000f0                SysTick_IRQHandler
                0x0000000020000100                yield
 .datacode      0x0000000020000104       0x80 ./system/src/usart.o
                0x0000000020000156                USART1_IRQHandler
                0x0000000020000164                USART2_IRQHandler
                0x0000000020000174                USART3_IRQHandler
 .data.tty0     0x0000000020000184       0x2c ./system/src/usart.o
 .data.tty1     0x00000000200001b0       0x2c ./system/src/usart.o
 .data.tty2     0x00000000200001dc       0x2c ./system/src/usart.o
 .data.lcd      0x0000000020000208       0x10 ./src/lcd.o
 .data.battery_empty
                0x0000000020000218        0x9 ./src/main.o
 *fill*         0x0000000020000221        0x3 
 .data.battery_full
                0x0000000020000224        0x9 ./src/main.o
 *fill*         0x000000002000022d        0x3 
 .data.battery_half_empty
                0x0000000020000230        0x9 ./src/main.o
 *fill*         0x0000000020000239        0x3 
 .data.battery_half_full
                0x000000002000023c        0x9 ./src/main.o
 *fill*         0x0000000020000245        0x3 
 .data.charged  0x0000000020000248        0x9 ./src/main.o
 *fill*         0x0000000020000251        0x3 
 .data.degree   0x0000000020000254        0x9 ./src/main.o
 *fill*         0x000000002000025d        0x3 
 .datacode      0x0000000020000260       0x10 ./src/usb-device.o
                0x0000000020000260                USB_IRQHandler
                0x0000000020000260                USB_LP_CAN1_RX0_IRQHandler
                0x0000000020000260                USB_HP_CAN1_TX_IRQHandler
                0x0000000020000260                USBWakeUp_IRQHandler
 .datacode.__stub
                0x0000000020000270       0x18 linker stubs
 .data.SystemCoreClock
                0x0000000020000288        0x4 ./platform/src/system_stm32f1xx.o
                0x0000000020000288                SystemCoreClock
 .data._impure_ptr
                0x000000002000028c        0x4 /usr/local/bin/../lib/gcc/arm-none-eabi/6.3.1/../../../../arm-none-eabi/lib/thumb/v7-m/libg_nano.a(lib_a-impure.o)
                0x000000002000028c                _impure_ptr
 .data.impure_data
                0x0000000020000290       0x60 /usr/local/bin/../lib/gcc/arm-none-eabi/6.3.1/../../../../arm-none-eabi/lib/thumb/v7-m/libg_nano.a(lib_a-impure.o)
 .data._tzname  0x00000000200002f0        0x8 /usr/local/bin/../lib/gcc/arm-none-eabi/6.3.1/../../../../arm-none-eabi/lib/thumb/v7-m/libg_nano.a(lib_a-tzvars.o)
                0x00000000200002f0                _tzname
 .data.tzinfo   0x00000000200002f8       0x40 /usr/local/bin/../lib/gcc/arm-none-eabi/6.3.1/../../../../arm-none-eabi/lib/thumb/v7-m/libg_nano.a(lib_a-gettzinfo.o)
 .data.__global_locale
                0x0000000020000338      0x16c /usr/local/bin/../lib/gcc/arm-none-eabi/6.3.1/../../../../arm-none-eabi/lib/thumb/v7-m/libg_nano.a(lib_a-locale.o)
                0x0000000020000338                __global_locale
 .data.environ  0x00000000200004a4        0x4 /usr/local/bin/../lib/gcc/arm-none-eabi/6.3.1/../../../../arm-none-eabi/lib/thumb/v7-m/libg_nano.a(lib_a-environ.o)
                0x00000000200004a4                environ
                0x00000000200004a8                . = ALIGN (0x4)

.jcr            0x00000000200004a8        0x0 load address 0x000000000800740c
 .jcr           0x00000000200004a8        0x0 /usr/local/bin/../lib/gcc/arm-none-eabi/6.3.1/thumb/v7-m/crtbegin.o

.igot.plt       0x00000000200004a8        0x0 load address 0x000000000800740c
 .igot.plt      0x00000000200004a8        0x0 /usr/local/bin/../lib/gcc/arm-none-eabi/6.3.1/thumb/v7-m/crtbegin.o

.bss            0x00000000200004a8      0x374 load address 0x000000000800740c
                0x00000000200004a8                PROVIDE (__bss_start__, .)
 *(.bss*)
 .bss           0x00000000200004a8       0x1c /usr/local/bin/../lib/gcc/arm-none-eabi/6.3.1/thumb/v7-m/crtbegin.o
 .bss.files     0x00000000200004c4      0x180 ./system/src/device.o
 .bss.mem_end   0x0000000020000644        0x4 ./system/src/sbrk.o
 .bss.millis_counter
                0x0000000020000648        0x4 ./system/src/time.o
                0x0000000020000648                millis_counter
 .bss.last_poll
                0x000000002000064c        0x4 ./src/usb-device.o
                0x000000002000064c                last_poll
 .bss.usb_buffer
                0x0000000020000650      0x100 ./src/usb-device.o
 .bss.usb_device
                0x0000000020000750       0x68 ./src/usb-device.o
 .bss.__malloc_free_list
                0x00000000200007b8        0x4 /usr/local/bin/../lib/gcc/arm-none-eabi/6.3.1/../../../../arm-none-eabi/lib/thumb/v7-m/libg_nano.a(lib_a-nano-mallocr.o)
                0x00000000200007b8                __malloc_free_list
 .bss.__malloc_sbrk_start
                0x00000000200007bc        0x4 /usr/local/bin/../lib/gcc/arm-none-eabi/6.3.1/../../../../arm-none-eabi/lib/thumb/v7-m/libg_nano.a(lib_a-nano-mallocr.o)
                0x00000000200007bc                __malloc_sbrk_start
 .bss.__tzname_dst
                0x00000000200007c0        0xb /usr/local/bin/../lib/gcc/arm-none-eabi/6.3.1/../../../../arm-none-eabi/lib/thumb/v7-m/libg_nano.a(lib_a-tzset_r.o)
 .bss.__tzname_std
                0x00000000200007cb        0xb /usr/local/bin/../lib/gcc/arm-none-eabi/6.3.1/../../../../arm-none-eabi/lib/thumb/v7-m/libg_nano.a(lib_a-tzset_r.o)
 *fill*         0x00000000200007d6        0x2 
 .bss.prev_tzenv
                0x00000000200007d8        0x4 /usr/local/bin/../lib/gcc/arm-none-eabi/6.3.1/../../../../arm-none-eabi/lib/thumb/v7-m/libg_nano.a(lib_a-tzset_r.o)
 .bss._daylight
                0x00000000200007dc        0x4 /usr/local/bin/../lib/gcc/arm-none-eabi/6.3.1/../../../../arm-none-eabi/lib/thumb/v7-m/libg_nano.a(lib_a-tzvars.o)
                0x00000000200007dc                _daylight
 .bss._timezone
                0x00000000200007e0        0x4 /usr/local/bin/../lib/gcc/arm-none-eabi/6.3.1/../../../../arm-none-eabi/lib/thumb/v7-m/libg_nano.a(lib_a-tzvars.o)
                0x00000000200007e0                _timezone
 .bss.initial_env
                0x00000000200007e4        0x4 /usr/local/bin/../lib/gcc/arm-none-eabi/6.3.1/../../../../arm-none-eabi/lib/thumb/v7-m/libg_nano.a(lib_a-environ.o)
                0x00000000200007e8                . = ALIGN (0x4)
                0x00000000200007e8                PROVIDE (__bss_end__, .)
 COMMON         0x00000000200007e8       0x30 ./src/main.o
                0x00000000200007e8                DISP
                0x00000000200007ec                lcd_line
                0x0000000020000814                last_update
 COMMON         0x0000000020000818        0x4 /usr/local/bin/../lib/gcc/arm-none-eabi/6.3.1/../../../../arm-none-eabi/lib/thumb/v7-m/libg_nano.a(lib_a-reent.o)
                0x0000000020000818                errno
                0x0000000020005000                PROVIDE (__stack, (ORIGIN (IRAM) + LENGTH (IRAM)))
OUTPUT(LCDClock.elf elf32-littlearm)

.ARM.attributes
                0x0000000000000000       0x29
 .ARM.attributes
                0x0000000000000000       0x1d /usr/local/bin/../lib/gcc/arm-none-eabi/6.3.1/thumb/v7-m/crti.o
 .ARM.attributes
                0x000000000000001d       0x2d /usr/local/bin/../lib/gcc/arm-none-eabi/6.3.1/thumb/v7-m/crtbegin.o
 .ARM.attributes
                0x000000000000004a       0x1b /usr/local/bin/../lib/gcc/arm-none-eabi/6.3.1/../../../../arm-none-eabi/lib/thumb/v7-m/crt0.o
 .ARM.attributes
                0x0000000000000065       0x33 ./system/src/device.o
 .ARM.attributes
                0x0000000000000098       0x33 ./system/src/gpio.o
 .ARM.attributes
                0x00000000000000cb       0x33 ./system/src/ring-buffer.o
 .ARM.attributes
                0x00000000000000fe       0x33 ./system/src/sbrk.o
 .ARM.attributes
                0x0000000000000131       0x33 ./system/src/stdio.o
 .ARM.attributes
                0x0000000000000164       0x33 ./system/src/time.o
 .ARM.attributes
                0x0000000000000197       0x33 ./system/src/usart.o
 .ARM.attributes
                0x00000000000001ca       0x33 ./src/board.o
 .ARM.attributes
                0x00000000000001fd       0x33 ./src/i2c.o
 .ARM.attributes
                0x0000000000000230       0x33 ./src/lcd.o
 .ARM.attributes
                0x0000000000000263       0x33 ./src/main.o
 .ARM.attributes
                0x0000000000000296       0x33 ./src/pwm.o
 .ARM.attributes
                0x00000000000002c9       0x33 ./src/usb-device.o
 .ARM.attributes
                0x00000000000002fc       0x33 ./platform/src/stm32f1xx_it.o
 .ARM.attributes
                0x000000000000032f       0x33 ./platform/src/system_stm32f1xx.o
 .ARM.attributes
                0x0000000000000362       0x33 ./contrib/libusb_stm32/src/usb_32v3.o
 .ARM.attributes
                0x0000000000000395       0x33 ./contrib/libusb_stm32/src/usbd_core.o
 .ARM.attributes
                0x00000000000003c8       0x2d /usr/local/bin/../lib/gcc/arm-none-eabi/6.3.1/../../../../arm-none-eabi/lib/thumb/v7-m/libg_nano.a(lib_a-calloc.o)
 .ARM.attributes
                0x00000000000003f5       0x2d /usr/local/bin/../lib/gcc/arm-none-eabi/6.3.1/../../../../arm-none-eabi/lib/thumb/v7-m/libg_nano.a(lib_a-clock.o)
 .ARM.attributes
                0x0000000000000422       0x2d /usr/local/bin/../lib/gcc/arm-none-eabi/6.3.1/../../../../arm-none-eabi/lib/thumb/v7-m/libg_nano.a(lib_a-exit.o)
 .ARM.attributes
                0x000000000000044f       0x2d /usr/local/bin/../lib/gcc/arm-none-eabi/6.3.1/../../../../arm-none-eabi/lib/thumb/v7-m/libg_nano.a(lib_a-fprintf.o)
 .ARM.attributes
                0x000000000000047c       0x2d /usr/local/bin/../lib/gcc/arm-none-eabi/6.3.1/../../../../arm-none-eabi/lib/thumb/v7-m/libg_nano.a(lib_a-fputc.o)
 .ARM.attributes
                0x00000000000004a9       0x2d /usr/local/bin/../lib/gcc/arm-none-eabi/6.3.1/../../../../arm-none-eabi/lib/thumb/v7-m/libg_nano.a(lib_a-fwrite.o)
 .ARM.attributes
                0x00000000000004d6       0x2d /usr/local/bin/../lib/gcc/arm-none-eabi/6.3.1/../../../../arm-none-eabi/lib/thumb/v7-m/libg_nano.a(lib_a-impure.o)
 .ARM.attributes
                0x0000000000000503       0x2d /usr/local/bin/../lib/gcc/arm-none-eabi/6.3.1/../../../../arm-none-eabi/lib/thumb/v7-m/libg_nano.a(lib_a-init.o)
 .ARM.attributes
                0x0000000000000530       0x2d /usr/local/bin/../lib/gcc/arm-none-eabi/6.3.1/../../../../arm-none-eabi/lib/thumb/v7-m/libg_nano.a(lib_a-lcltime_r.o)
 .ARM.attributes
                0x000000000000055d       0x2d /usr/local/bin/../lib/gcc/arm-none-eabi/6.3.1/../../../../arm-none-eabi/lib/thumb/v7-m/libg_nano.a(lib_a-malloc.o)
 .ARM.attributes
                0x000000000000058a       0x2d /usr/local/bin/../lib/gcc/arm-none-eabi/6.3.1/../../../../arm-none-eabi/lib/thumb/v7-m/libg_nano.a(lib_a-memcpy-stub.o)
 .ARM.attributes
                0x00000000000005b7       0x2d /usr/local/bin/../lib/gcc/arm-none-eabi/6.3.1/../../../../arm-none-eabi/lib/thumb/v7-m/libg_nano.a(lib_a-memset.o)
 .ARM.attributes
                0x00000000000005e4       0x2d /usr/local/bin/../lib/gcc/arm-none-eabi/6.3.1/../../../../arm-none-eabi/lib/thumb/v7-m/libg_nano.a(lib_a-mktime.o)
 .ARM.attributes
                0x0000000000000611       0x2d /usr/local/bin/../lib/gcc/arm-none-eabi/6.3.1/../../../../arm-none-eabi/lib/thumb/v7-m/libg_nano.a(lib_a-month_lengths.o)
 .ARM.attributes
                0x000000000000063e       0x2d /usr/local/bin/../lib/gcc/arm-none-eabi/6.3.1/../../../../arm-none-eabi/lib/thumb/v7-m/libg_nano.a(lib_a-nano-callocr.o)
 .ARM.attributes
                0x000000000000066b       0x2d /usr/local/bin/../lib/gcc/arm-none-eabi/6.3.1/../../../../arm-none-eabi/lib/thumb/v7-m/libg_nano.a(lib_a-nano-freer.o)
 .ARM.attributes
                0x0000000000000698       0x2d /usr/local/bin/../lib/gcc/arm-none-eabi/6.3.1/../../../../arm-none-eabi/lib/thumb/v7-m/libg_nano.a(lib_a-nano-mallocr.o)
 .ARM.attributes
                0x00000000000006c5       0x2d /usr/local/bin/../lib/gcc/arm-none-eabi/6.3.1/../../../../arm-none-eabi/lib/thumb/v7-m/libg_nano.a(lib_a-nano-vfprintf.o)
 .ARM.attributes
                0x00000000000006f2       0x2d /usr/local/bin/../lib/gcc/arm-none-eabi/6.3.1/../../../../arm-none-eabi/lib/thumb/v7-m/libg_nano.a(lib_a-nano-vfprintf_i.o)
 .ARM.attributes
                0x000000000000071f       0x2d /usr/local/bin/../lib/gcc/arm-none-eabi/6.3.1/../../../../arm-none-eabi/lib/thumb/v7-m/libg_nano.a(lib_a-putc.o)
 .ARM.attributes
                0x000000000000074c       0x2d /usr/local/bin/../lib/gcc/arm-none-eabi/6.3.1/../../../../arm-none-eabi/lib/thumb/v7-m/libg_nano.a(lib_a-reent.o)
 .ARM.attributes
                0x0000000000000779       0x2d /usr/local/bin/../lib/gcc/arm-none-eabi/6.3.1/../../../../arm-none-eabi/lib/thumb/v7-m/libg_nano.a(lib_a-sbrkr.o)
 .ARM.attributes
                0x00000000000007a6       0x2d /usr/local/bin/../lib/gcc/arm-none-eabi/6.3.1/../../../../arm-none-eabi/lib/thumb/v7-m/libg_nano.a(lib_a-setvbuf.o)
 .ARM.attributes
                0x00000000000007d3       0x2d /usr/local/bin/../lib/gcc/arm-none-eabi/6.3.1/../../../../arm-none-eabi/lib/thumb/v7-m/libg_nano.a(lib_a-snprintf.o)
 .ARM.attributes
                0x0000000000000800       0x2d /usr/local/bin/../lib/gcc/arm-none-eabi/6.3.1/../../../../arm-none-eabi/lib/thumb/v7-m/libg_nano.a(lib_a-strchr.o)
 .ARM.attributes
                0x000000000000082d       0x1b /usr/local/bin/../lib/gcc/arm-none-eabi/6.3.1/../../../../arm-none-eabi/lib/thumb/v7-m/libg_nano.a(lib_a-strcmp.o)
 .ARM.attributes
                0x0000000000000848       0x2d /usr/local/bin/../lib/gcc/arm-none-eabi/6.3.1/../../../../arm-none-eabi/lib/thumb/v7-m/libg_nano.a(lib_a-strftime.o)
 .ARM.attributes
                0x0000000000000875       0x17 /usr/local/bin/../lib/gcc/arm-none-eabi/6.3.1/../../../../arm-none-eabi/lib/thumb/v7-m/libg_nano.a(lib_a-strlen.o)
 .ARM.attributes
                0x000000000000088c       0x2d /usr/local/bin/../lib/gcc/arm-none-eabi/6.3.1/../../../../arm-none-eabi/lib/thumb/v7-m/libg_nano.a(lib_a-strptime.o)
 .ARM.attributes
                0x00000000000008b9       0x2d /usr/local/bin/../lib/gcc/arm-none-eabi/6.3.1/../../../../arm-none-eabi/lib/thumb/v7-m/libg_nano.a(lib_a-strrchr.o)
 .ARM.attributes
                0x00000000000008e6       0x2d /usr/local/bin/../lib/gcc/arm-none-eabi/6.3.1/../../../../arm-none-eabi/lib/thumb/v7-m/libg_nano.a(lib_a-strtol.o)
 .ARM.attributes
                0x0000000000000913       0x2d /usr/local/bin/../lib/gcc/arm-none-eabi/6.3.1/../../../../arm-none-eabi/lib/thumb/v7-m/libg_nano.a(lib_a-strtoul.o)
 .ARM.attributes
                0x0000000000000940       0x2d /usr/local/bin/../lib/gcc/arm-none-eabi/6.3.1/../../../../arm-none-eabi/lib/thumb/v7-m/libg_nano.a(lib_a-sysclose.o)
 .ARM.attributes
                0x000000000000096d       0x2d /usr/local/bin/../lib/gcc/arm-none-eabi/6.3.1/../../../../arm-none-eabi/lib/thumb/v7-m/libg_nano.a(lib_a-syslseek.o)
 .ARM.attributes
                0x000000000000099a       0x2d /usr/local/bin/../lib/gcc/arm-none-eabi/6.3.1/../../../../arm-none-eabi/lib/thumb/v7-m/libg_nano.a(lib_a-sysopen.o)
 .ARM.attributes
                0x00000000000009c7       0x2d /usr/local/bin/../lib/gcc/arm-none-eabi/6.3.1/../../../../arm-none-eabi/lib/thumb/v7-m/libg_nano.a(lib_a-syssbrk.o)
 .ARM.attributes
                0x00000000000009f4       0x2d /usr/local/bin/../lib/gcc/arm-none-eabi/6.3.1/../../../../arm-none-eabi/lib/thumb/v7-m/libg_nano.a(lib_a-syswrite.o)
 .ARM.attributes
                0x0000000000000a21       0x2d /usr/local/bin/../lib/gcc/arm-none-eabi/6.3.1/../../../../arm-none-eabi/lib/thumb/v7-m/libg_nano.a(lib_a-time.o)
 .ARM.attributes
                0x0000000000000a4e       0x2d /usr/local/bin/../lib/gcc/arm-none-eabi/6.3.1/../../../../arm-none-eabi/lib/thumb/v7-m/libg_nano.a(lib_a-timelocal.o)
 .ARM.attributes
                0x0000000000000a7b       0x2d /usr/local/bin/../lib/gcc/arm-none-eabi/6.3.1/../../../../arm-none-eabi/lib/thumb/v7-m/libg_nano.a(lib_a-timesr.o)
 .ARM.attributes
                0x0000000000000aa8       0x2d /usr/local/bin/../lib/gcc/arm-none-eabi/6.3.1/../../../../arm-none-eabi/lib/thumb/v7-m/libg_nano.a(lib_a-tzcalc_limits.o)
 .ARM.attributes
                0x0000000000000ad5       0x2d /usr/local/bin/../lib/gcc/arm-none-eabi/6.3.1/../../../../arm-none-eabi/lib/thumb/v7-m/libg_nano.a(lib_a-tzlock.o)
 .ARM.attributes
                0x0000000000000b02       0x2d /usr/local/bin/../lib/gcc/arm-none-eabi/6.3.1/../../../../arm-none-eabi/lib/thumb/v7-m/libg_nano.a(lib_a-tzset.o)
 .ARM.attributes
                0x0000000000000b2f       0x2d /usr/local/bin/../lib/gcc/arm-none-eabi/6.3.1/../../../../arm-none-eabi/lib/thumb/v7-m/libg_nano.a(lib_a-tzset_r.o)
 .ARM.attributes
                0x0000000000000b5c       0x2d /usr/local/bin/../lib/gcc/arm-none-eabi/6.3.1/../../../../arm-none-eabi/lib/thumb/v7-m/libg_nano.a(lib_a-tzvars.o)
 .ARM.attributes
                0x0000000000000b89       0x2d /usr/local/bin/../lib/gcc/arm-none-eabi/6.3.1/../../../../arm-none-eabi/lib/thumb/v7-m/libg_nano.a(lib_a-wbuf.o)
 .ARM.attributes
                0x0000000000000bb6       0x2d /usr/local/bin/../lib/gcc/arm-none-eabi/6.3.1/../../../../arm-none-eabi/lib/thumb/v7-m/libg_nano.a(lib_a-writer.o)
 .ARM.attributes
                0x0000000000000be3       0x2d /usr/local/bin/../lib/gcc/arm-none-eabi/6.3.1/../../../../arm-none-eabi/lib/thumb/v7-m/libg_nano.a(lib_a-wsetup.o)
 .ARM.attributes
                0x0000000000000c10       0x2d /usr/local/bin/../lib/gcc/arm-none-eabi/6.3.1/../../../../arm-none-eabi/lib/thumb/v7-m/libg_nano.a(lib_a-abs.o)
 .ARM.attributes
                0x0000000000000c3d       0x2d /usr/local/bin/../lib/gcc/arm-none-eabi/6.3.1/../../../../arm-none-eabi/lib/thumb/v7-m/libg_nano.a(lib_a-closer.o)
 .ARM.attributes
                0x0000000000000c6a       0x2d /usr/local/bin/../lib/gcc/arm-none-eabi/6.3.1/../../../../arm-none-eabi/lib/thumb/v7-m/libg_nano.a(lib_a-div.o)
 .ARM.attributes
                0x0000000000000c97       0x2d /usr/local/bin/../lib/gcc/arm-none-eabi/6.3.1/../../../../arm-none-eabi/lib/thumb/v7-m/libg_nano.a(lib_a-fflush.o)
 .ARM.attributes
                0x0000000000000cc4       0x2d /usr/local/bin/../lib/gcc/arm-none-eabi/6.3.1/../../../../arm-none-eabi/lib/thumb/v7-m/libg_nano.a(lib_a-findfp.o)
 .ARM.attributes
                0x0000000000000cf1       0x2d /usr/local/bin/../lib/gcc/arm-none-eabi/6.3.1/../../../../arm-none-eabi/lib/thumb/v7-m/libg_nano.a(lib_a-fwalk.o)
 .ARM.attributes
                0x0000000000000d1e       0x2d /usr/local/bin/../lib/gcc/arm-none-eabi/6.3.1/../../../../arm-none-eabi/lib/thumb/v7-m/libg_nano.a(lib_a-getenv_r.o)
 .ARM.attributes
                0x0000000000000d4b       0x2d /usr/local/bin/../lib/gcc/arm-none-eabi/6.3.1/../../../../arm-none-eabi/lib/thumb/v7-m/libg_nano.a(lib_a-gettimeofdayr.o)
 .ARM.attributes
                0x0000000000000d78       0x2d /usr/local/bin/../lib/gcc/arm-none-eabi/6.3.1/../../../../arm-none-eabi/lib/thumb/v7-m/libg_nano.a(lib_a-gettzinfo.o)
 .ARM.attributes
                0x0000000000000da5       0x2d /usr/local/bin/../lib/gcc/arm-none-eabi/6.3.1/../../../../arm-none-eabi/lib/thumb/v7-m/libg_nano.a(lib_a-gmtime_r.o)
 .ARM.attributes
                0x0000000000000dd2       0x2d /usr/local/bin/../lib/gcc/arm-none-eabi/6.3.1/../../../../arm-none-eabi/lib/thumb/v7-m/libg_nano.a(lib_a-labs.o)
 .ARM.attributes
                0x0000000000000dff       0x2d /usr/local/bin/../lib/gcc/arm-none-eabi/6.3.1/../../../../arm-none-eabi/lib/thumb/v7-m/libg_nano.a(lib_a-locale.o)
 .ARM.attributes
                0x0000000000000e2c       0x2d /usr/local/bin/../lib/gcc/arm-none-eabi/6.3.1/../../../../arm-none-eabi/lib/thumb/v7-m/libg_nano.a(lib_a-lseekr.o)
 .ARM.attributes
                0x0000000000000e59       0x2d /usr/local/bin/../lib/gcc/arm-none-eabi/6.3.1/../../../../arm-none-eabi/lib/thumb/v7-m/libg_nano.a(lib_a-makebuf.o)
 .ARM.attributes
                0x0000000000000e86       0x2d /usr/local/bin/../lib/gcc/arm-none-eabi/6.3.1/../../../../arm-none-eabi/lib/thumb/v7-m/libg_nano.a(lib_a-mbtowc_r.o)
 .ARM.attributes
                0x0000000000000eb3       0x2d /usr/local/bin/../lib/gcc/arm-none-eabi/6.3.1/../../../../arm-none-eabi/lib/thumb/v7-m/libg_nano.a(lib_a-memchr-stub.o)
 .ARM.attributes
                0x0000000000000ee0       0x2d /usr/local/bin/../lib/gcc/arm-none-eabi/6.3.1/../../../../arm-none-eabi/lib/thumb/v7-m/libg_nano.a(lib_a-memmove.o)
 .ARM.attributes
                0x0000000000000f0d       0x2d /usr/local/bin/../lib/gcc/arm-none-eabi/6.3.1/../../../../arm-none-eabi/lib/thumb/v7-m/libg_nano.a(lib_a-mlock.o)
 .ARM.attributes
                0x0000000000000f3a       0x2d /usr/local/bin/../lib/gcc/arm-none-eabi/6.3.1/../../../../arm-none-eabi/lib/thumb/v7-m/libg_nano.a(lib_a-nano-reallocr.o)
 .ARM.attributes
                0x0000000000000f67       0x2d /usr/local/bin/../lib/gcc/arm-none-eabi/6.3.1/../../../../arm-none-eabi/lib/thumb/v7-m/libg_nano.a(lib_a-nano-svfprintf.o)
 .ARM.attributes
                0x0000000000000f94       0x2d /usr/local/bin/../lib/gcc/arm-none-eabi/6.3.1/../../../../arm-none-eabi/lib/thumb/v7-m/libg_nano.a(lib_a-openr.o)
 .ARM.attributes
                0x0000000000000fc1       0x2d /usr/local/bin/../lib/gcc/arm-none-eabi/6.3.1/../../../../arm-none-eabi/lib/thumb/v7-m/libg_nano.a(lib_a-sscanf.o)
 .ARM.attributes
                0x0000000000000fee       0x2d /usr/local/bin/../lib/gcc/arm-none-eabi/6.3.1/../../../../arm-none-eabi/lib/thumb/v7-m/libg_nano.a(lib_a-stdio.o)
 .ARM.attributes
                0x000000000000101b       0x2d /usr/local/bin/../lib/gcc/arm-none-eabi/6.3.1/../../../../arm-none-eabi/lib/thumb/v7-m/libg_nano.a(lib_a-strcpy.o)
 .ARM.attributes
                0x0000000000001048       0x2d /usr/local/bin/../lib/gcc/arm-none-eabi/6.3.1/../../../../arm-none-eabi/lib/thumb/v7-m/libg_nano.a(lib_a-strncasecmp_l.o)
 .ARM.attributes
                0x0000000000001075       0x2d /usr/local/bin/../lib/gcc/arm-none-eabi/6.3.1/../../../../arm-none-eabi/lib/thumb/v7-m/libg_nano.a(lib_a-strncmp.o)
 .ARM.attributes
                0x00000000000010a2       0x2d /usr/local/bin/../lib/gcc/arm-none-eabi/6.3.1/../../../../arm-none-eabi/lib/thumb/v7-m/libg_nano.a(lib_a-tolower_l.o)
 .ARM.attributes
                0x00000000000010cf       0x2d /usr/local/bin/../lib/gcc/arm-none-eabi/6.3.1/../../../../arm-none-eabi/lib/thumb/v7-m/libg_nano.a(lib_a-wctomb_r.o)
 .ARM.attributes
                0x00000000000010fc       0x2d /usr/local/bin/../lib/gcc/arm-none-eabi/6.3.1/../../../../arm-none-eabi/lib/thumb/v7-m/libg_nano.a(lib_a-ctype_.o)
 .ARM.attributes
                0x0000000000001129       0x2d /usr/local/bin/../lib/gcc/arm-none-eabi/6.3.1/../../../../arm-none-eabi/lib/thumb/v7-m/libg_nano.a(lib_a-environ.o)
 .ARM.attributes
                0x0000000000001156       0x2d /usr/local/bin/../lib/gcc/arm-none-eabi/6.3.1/../../../../arm-none-eabi/lib/thumb/v7-m/libg_nano.a(lib_a-envlock.o)
 .ARM.attributes
                0x0000000000001183       0x2d /usr/local/bin/../lib/gcc/arm-none-eabi/6.3.1/../../../../arm-none-eabi/lib/thumb/v7-m/libg_nano.a(lib_a-fstatr.o)
 .ARM.attributes
                0x00000000000011b0       0x2d /usr/local/bin/../lib/gcc/arm-none-eabi/6.3.1/../../../../arm-none-eabi/lib/thumb/v7-m/libg_nano.a(lib_a-isattyr.o)
 .ARM.attributes
                0x00000000000011dd       0x2d /usr/local/bin/../lib/gcc/arm-none-eabi/6.3.1/../../../../arm-none-eabi/lib/thumb/v7-m/libg_nano.a(lib_a-nano-msizer.o)
 .ARM.attributes
                0x000000000000120a       0x2d /usr/local/bin/../lib/gcc/arm-none-eabi/6.3.1/../../../../arm-none-eabi/lib/thumb/v7-m/libg_nano.a(lib_a-nano-svfscanf.o)
 .ARM.attributes
                0x0000000000001237       0x2d /usr/local/bin/../lib/gcc/arm-none-eabi/6.3.1/../../../../arm-none-eabi/lib/thumb/v7-m/libg_nano.a(lib_a-nano-vfscanf_i.o)
 .ARM.attributes
                0x0000000000001264       0x2d /usr/local/bin/../lib/gcc/arm-none-eabi/6.3.1/../../../../arm-none-eabi/lib/thumb/v7-m/libg_nano.a(lib_a-readr.o)
 .ARM.attributes
                0x0000000000001291       0x2d /usr/local/bin/../lib/gcc/arm-none-eabi/6.3.1/../../../../arm-none-eabi/lib/thumb/v7-m/libg_nano.a(lib_a-sccl.o)
 .ARM.attributes
                0x00000000000012be       0x2d /usr/local/bin/../lib/gcc/arm-none-eabi/6.3.1/../../../../arm-none-eabi/lib/thumb/v7-m/libg_nano.a(lib_a-ungetc.o)
 .ARM.attributes
                0x00000000000012eb       0x1d /usr/local/bin/../lib/gcc/arm-none-eabi/6.3.1/thumb/v7-m/crtn.o

.comment        0x0000000000000000       0x7f
 .comment       0x0000000000000000       0x7f ./system/src/device.o
                                         0x80 (size before relaxing)
 .comment       0x000000000000007f       0x80 ./system/src/gpio.o
 .comment       0x000000000000007f       0x80 ./system/src/ring-buffer.o
 .comment       0x000000000000007f       0x80 ./system/src/sbrk.o
 .comment       0x000000000000007f       0x80 ./system/src/stdio.o
 .comment       0x000000000000007f       0x80 ./system/src/time.o
 .comment       0x000000000000007f       0x80 ./system/src/usart.o
 .comment       0x000000000000007f       0x80 ./src/board.o
 .comment       0x000000000000007f       0x80 ./src/i2c.o
 .comment       0x000000000000007f       0x80 ./src/lcd.o
 .comment       0x000000000000007f       0x80 ./src/main.o
 .comment       0x000000000000007f       0x80 ./src/pwm.o
 .comment       0x000000000000007f       0x80 ./src/usb-device.o
 .comment       0x000000000000007f       0x80 ./platform/src/stm32f1xx_it.o
 .comment       0x000000000000007f       0x80 ./platform/src/system_stm32f1xx.o
 .comment       0x000000000000007f       0x80 ./contrib/libusb_stm32/src/usb_32v3.o
 .comment       0x000000000000007f       0x80 ./contrib/libusb_stm32/src/usbd_core.o

.debug_info     0x0000000000000000    0x10502
 .debug_info    0x0000000000000000     0x1736 ./system/src/device.o
 .debug_info    0x0000000000001736      0x52b ./system/src/gpio.o
 .debug_info    0x0000000000001c61      0xafe ./system/src/ring-buffer.o
 .debug_info    0x000000000000275f      0x9fa ./system/src/sbrk.o
 .debug_info    0x0000000000003159      0xa68 ./system/src/stdio.o
 .debug_info    0x0000000000003bc1     0x149e ./system/src/time.o
 .debug_info    0x000000000000505f     0x1911 ./system/src/usart.o
 .debug_info    0x0000000000006970      0xafd ./src/board.o
 .debug_info    0x000000000000746d      0xdbe ./src/i2c.o
 .debug_info    0x000000000000822b     0x1815 ./src/lcd.o
 .debug_info    0x0000000000009a40     0x109d ./src/main.o
 .debug_info    0x000000000000aadd      0x340 ./src/pwm.o
 .debug_info    0x000000000000ae1d     0x1f14 ./src/usb-device.o
 .debug_info    0x000000000000cd31      0xdb8 ./platform/src/stm32f1xx_it.o
 .debug_info    0x000000000000dae9      0x399 ./platform/src/system_stm32f1xx.o
 .debug_info    0x000000000000de82     0x11ac ./contrib/libusb_stm32/src/usb_32v3.o
 .debug_info    0x000000000000f02e     0x14d4 ./contrib/libusb_stm32/src/usbd_core.o

.debug_abbrev   0x0000000000000000     0x2f94
 .debug_abbrev  0x0000000000000000      0x43c ./system/src/device.o
 .debug_abbrev  0x000000000000043c      0x1d6 ./system/src/gpio.o
 .debug_abbrev  0x0000000000000612      0x251 ./system/src/ring-buffer.o
 .debug_abbrev  0x0000000000000863      0x21d ./system/src/sbrk.o
 .debug_abbrev  0x0000000000000a80      0x1f0 ./system/src/stdio.o
 .debug_abbrev  0x0000000000000c70      0x3ce ./system/src/time.o
 .debug_abbrev  0x000000000000103e      0x430 ./system/src/usart.o
 .debug_abbrev  0x000000000000146e      0x245 ./src/board.o
 .debug_abbrev  0x00000000000016b3      0x2d6 ./src/i2c.o
 .debug_abbrev  0x0000000000001989      0x38b ./src/lcd.o
 .debug_abbrev  0x0000000000001d14      0x2ae ./src/main.o
 .debug_abbrev  0x0000000000001fc2      0x10a ./src/pwm.o
 .debug_abbrev  0x00000000000020cc      0x3f2 ./src/usb-device.o
 .debug_abbrev  0x00000000000024be      0x278 ./platform/src/stm32f1xx_it.o
 .debug_abbrev  0x0000000000002736      0x132 ./platform/src/system_stm32f1xx.o
 .debug_abbrev  0x0000000000002868      0x3f3 ./contrib/libusb_stm32/src/usb_32v3.o
 .debug_abbrev  0x0000000000002c5b      0x339 ./contrib/libusb_stm32/src/usbd_core.o

.debug_loc      0x0000000000000000     0x4276
 .debug_loc     0x0000000000000000      0xc15 ./system/src/device.o
 .debug_loc     0x0000000000000c15      0x3ce ./system/src/gpio.o
 .debug_loc     0x0000000000000fe3      0x1ec ./system/src/ring-buffer.o
 .debug_loc     0x00000000000011cf       0xb6 ./system/src/sbrk.o
 .debug_loc     0x0000000000001285       0x3f ./system/src/stdio.o
 .debug_loc     0x00000000000012c4      0x211 ./system/src/time.o
 .debug_loc     0x00000000000014d5      0x49c ./system/src/usart.o
 .debug_loc     0x0000000000001971       0x8a ./src/board.o
 .debug_loc     0x00000000000019fb      0x328 ./src/i2c.o
 .debug_loc     0x0000000000001d23      0x833 ./src/lcd.o
 .debug_loc     0x0000000000002556       0x35 ./src/main.o
 .debug_loc     0x000000000000258b      0xa2b ./src/usb-device.o
 .debug_loc     0x0000000000002fb6       0x94 ./platform/src/stm32f1xx_it.o
 .debug_loc     0x000000000000304a       0xdf ./platform/src/system_stm32f1xx.o
 .debug_loc     0x0000000000003129      0x99c ./contrib/libusb_stm32/src/usb_32v3.o
 .debug_loc     0x0000000000003ac5      0x7b1 ./contrib/libusb_stm32/src/usbd_core.o

.debug_aranges  0x0000000000000000      0x518
 .debug_aranges
                0x0000000000000000       0x78 ./system/src/device.o
 .debug_aranges
                0x0000000000000078       0x40 ./system/src/gpio.o
 .debug_aranges
                0x00000000000000b8       0x58 ./system/src/ring-buffer.o
 .debug_aranges
                0x0000000000000110       0x20 ./system/src/sbrk.o
 .debug_aranges
                0x0000000000000130       0x20 ./system/src/stdio.o
 .debug_aranges
                0x0000000000000150       0x70 ./system/src/time.o
 .debug_aranges
                0x00000000000001c0       0x78 ./system/src/usart.o
 .debug_aranges
                0x0000000000000238       0x20 ./src/board.o
 .debug_aranges
                0x0000000000000258       0x38 ./src/i2c.o
 .debug_aranges
                0x0000000000000290       0x70 ./src/lcd.o
 .debug_aranges
                0x0000000000000300       0x20 ./src/main.o
 .debug_aranges
                0x0000000000000320       0x28 ./src/pwm.o
 .debug_aranges
                0x0000000000000348       0x48 ./src/usb-device.o
 .debug_aranges
                0x0000000000000390       0x30 ./platform/src/stm32f1xx_it.o
 .debug_aranges
                0x00000000000003c0       0x28 ./platform/src/system_stm32f1xx.o
 .debug_aranges
                0x00000000000003e8       0xa0 ./contrib/libusb_stm32/src/usb_32v3.o
 .debug_aranges
                0x0000000000000488       0x90 ./contrib/libusb_stm32/src/usbd_core.o

.debug_ranges   0x0000000000000000      0x7c0
 .debug_ranges  0x0000000000000000      0x1d8 ./system/src/device.o
 .debug_ranges  0x00000000000001d8       0x90 ./system/src/gpio.o
 .debug_ranges  0x0000000000000268       0x48 ./system/src/ring-buffer.o
 .debug_ranges  0x00000000000002b0       0x10 ./system/src/sbrk.o
 .debug_ranges  0x00000000000002c0       0x10 ./system/src/stdio.o
 .debug_ranges  0x00000000000002d0       0x60 ./system/src/time.o
 .debug_ranges  0x0000000000000330       0xf8 ./system/src/usart.o
 .debug_ranges  0x0000000000000428       0x28 ./src/board.o
 .debug_ranges  0x0000000000000450       0x70 ./src/i2c.o
 .debug_ranges  0x00000000000004c0       0x90 ./src/lcd.o
 .debug_ranges  0x0000000000000550       0x28 ./src/main.o
 .debug_ranges  0x0000000000000578       0x18 ./src/pwm.o
 .debug_ranges  0x0000000000000590       0x38 ./src/usb-device.o
 .debug_ranges  0x00000000000005c8       0x20 ./platform/src/stm32f1xx_it.o
 .debug_ranges  0x00000000000005e8       0x18 ./platform/src/system_stm32f1xx.o
 .debug_ranges  0x0000000000000600      0x140 ./contrib/libusb_stm32/src/usb_32v3.o
 .debug_ranges  0x0000000000000740       0x80 ./contrib/libusb_stm32/src/usbd_core.o

.debug_macro    0x0000000000000000    0x15878
 .debug_macro   0x0000000000000000      0x2b6 ./system/src/device.o
 .debug_macro   0x00000000000002b6      0x8b0 ./system/src/device.o
 .debug_macro   0x0000000000000b66       0x22 ./system/src/device.o
 .debug_macro   0x0000000000000b88       0x87 ./system/src/device.o
 .debug_macro   0x0000000000000c0f       0x51 ./system/src/device.o
 .debug_macro   0x0000000000000c60       0xef ./system/src/device.o
 .debug_macro   0x0000000000000d4f       0x6a ./system/src/device.o
 .debug_macro   0x0000000000000db9      0x1df ./system/src/device.o
 .debug_macro   0x0000000000000f98      0x174 ./system/src/device.o
 .debug_macro   0x000000000000110c       0x58 ./system/src/device.o
 .debug_macro   0x0000000000001164       0x35 ./system/src/device.o
 .debug_macro   0x0000000000001199       0x9c ./system/src/device.o
 .debug_macro   0x0000000000001235      0x330 ./system/src/device.o
 .debug_macro   0x0000000000001565       0x10 ./system/src/device.o
 .debug_macro   0x0000000000001575       0x58 ./system/src/device.o
 .debug_macro   0x00000000000015cd       0x1f ./system/src/device.o
 .debug_macro   0x00000000000015ec       0x43 ./system/src/device.o
 .debug_macro   0x000000000000162f       0x20 ./system/src/device.o
 .debug_macro   0x000000000000164f       0x1c ./system/src/device.o
 .debug_macro   0x000000000000166b       0x52 ./system/src/device.o
 .debug_macro   0x00000000000016bd       0x40 ./system/src/device.o
 .debug_macro   0x00000000000016fd       0x10 ./system/src/device.o
 .debug_macro   0x000000000000170d       0x40 ./system/src/device.o
 .debug_macro   0x000000000000174d       0xd7 ./system/src/device.o
 .debug_macro   0x0000000000001824      0x187 ./system/src/device.o
 .debug_macro   0x00000000000019ab       0x10 ./system/src/device.o
 .debug_macro   0x00000000000019bb       0x35 ./system/src/device.o
 .debug_macro   0x00000000000019f0       0x10 ./system/src/device.o
 .debug_macro   0x0000000000001a00       0x10 ./system/src/device.o
 .debug_macro   0x0000000000001a10       0x35 ./system/src/device.o
 .debug_macro   0x0000000000001a45      0x122 ./system/src/device.o
 .debug_macro   0x0000000000001b67       0x10 ./system/src/device.o
 .debug_macro   0x0000000000001b77       0x88 ./system/src/device.o
 .debug_macro   0x0000000000001bff       0x16 ./system/src/device.o
 .debug_macro   0x0000000000001c15       0x16 ./system/src/device.o
 .debug_macro   0x0000000000001c2b       0x29 ./system/src/device.o
 .debug_macro   0x0000000000001c54       0x16 ./system/src/device.o
 .debug_macro   0x0000000000001c6a       0x58 ./system/src/device.o
 .debug_macro   0x0000000000001cc2       0x16 ./system/src/device.o
 .debug_macro   0x0000000000001cd8      0x51a ./system/src/device.o
 .debug_macro   0x00000000000021f2      0x1da ./system/src/device.o
 .debug_macro   0x00000000000023cc       0x10 ./system/src/device.o
 .debug_macro   0x00000000000023dc       0x10 ./system/src/device.o
 .debug_macro   0x00000000000023ec      0x241 ./system/src/device.o
 .debug_macro   0x000000000000262d       0xeb ./system/src/gpio.o
 .debug_macro   0x0000000000002718       0x22 ./system/src/gpio.o
 .debug_macro   0x000000000000273a       0x34 ./system/src/gpio.o