Archive member included to satisfy reference by file (symbol)

/usr/local/bin/../lib/gcc/arm-none-eabi/6.3.1/../../../../arm-none-eabi/lib/thumb/v7e-m/fpv4-sp/hard/libg_nano.a(lib_a-calloc.o)
                              ./system/src/usart.o (calloc)
/usr/local/bin/../lib/gcc/arm-none-eabi/6.3.1/../../../../arm-none-eabi/lib/thumb/v7e-m/fpv4-sp/hard/libg_nano.a(lib_a-exit.o)
                              /usr/local/bin/../lib/gcc/arm-none-eabi/6.3.1/../../../../arm-none-eabi/lib/thumb/v7e-m/fpv4-sp/hard/crt0.o (exit)
/usr/local/bin/../lib/gcc/arm-none-eabi/6.3.1/../../../../arm-none-eabi/lib/thumb/v7e-m/fpv4-sp/hard/libg_nano.a(lib_a-fwrite.o)
                              ./src/main.o (fwrite)
/usr/local/bin/../lib/gcc/arm-none-eabi/6.3.1/../../../../arm-none-eabi/lib/thumb/v7e-m/fpv4-sp/hard/libg_nano.a(lib_a-impure.o)
                              /usr/local/bin/../lib/gcc/arm-none-eabi/6.3.1/../../../../arm-none-eabi/lib/thumb/v7e-m/fpv4-sp/hard/libg_nano.a(lib_a-exit.o) (_global_impure_ptr)
/usr/local/bin/../lib/gcc/arm-none-eabi/6.3.1/../../../../arm-none-eabi/lib/thumb/v7e-m/fpv4-sp/hard/libg_nano.a(lib_a-init.o)
                              /usr/local/bin/../lib/gcc/arm-none-eabi/6.3.1/../../../../arm-none-eabi/lib/thumb/v7e-m/fpv4-sp/hard/crt0.o (__libc_init_array)
/usr/local/bin/../lib/gcc/arm-none-eabi/6.3.1/../../../../arm-none-eabi/lib/thumb/v7e-m/fpv4-sp/hard/libg_nano.a(lib_a-malloc.o)
                              ./system/src/usart.o (free)
/usr/local/bin/../lib/gcc/arm-none-eabi/6.3.1/../../../../arm-none-eabi/lib/thumb/v7e-m/fpv4-sp/hard/libg_nano.a(lib_a-memcpy-stub.o)
                              ./platform/src/stm32f303xc_it.o (memcpy)
/usr/local/bin/../lib/gcc/arm-none-eabi/6.3.1/../../../../arm-none-eabi/lib/thumb/v7e-m/fpv4-sp/hard/libg_nano.a(lib_a-memset.o)
                              /usr/local/bin/../lib/gcc/arm-none-eabi/6.3.1/../../../../arm-none-eabi/lib/thumb/v7e-m/fpv4-sp/hard/crt0.o (memset)
/usr/local/bin/../lib/gcc/arm-none-eabi/6.3.1/../../../../arm-none-eabi/lib/thumb/v7e-m/fpv4-sp/hard/libg_nano.a(lib_a-nano-callocr.o)
                              /usr/local/bin/../lib/gcc/arm-none-eabi/6.3.1/../../../../arm-none-eabi/lib/thumb/v7e-m/fpv4-sp/hard/libg_nano.a(lib_a-calloc.o) (_calloc_r)
/usr/local/bin/../lib/gcc/arm-none-eabi/6.3.1/../../../../arm-none-eabi/lib/thumb/v7e-m/fpv4-sp/hard/libg_nano.a(lib_a-nano-freer.o)
                              /usr/local/bin/../lib/gcc/arm-none-eabi/6.3.1/../../../../arm-none-eabi/lib/thumb/v7e-m/fpv4-sp/hard/libg_nano.a(lib_a-malloc.o) (_free_r)
/usr/local/bin/../lib/gcc/arm-none-eabi/6.3.1/../../../../arm-none-eabi/lib/thumb/v7e-m/fpv4-sp/hard/libg_nano.a(lib_a-nano-mallocr.o)
                              /usr/local/bin/../lib/gcc/arm-none-eabi/6.3.1/../../../../arm-none-eabi/lib/thumb/v7e-m/fpv4-sp/hard/libg_nano.a(lib_a-malloc.o) (_malloc_r)
/usr/local/bin/../lib/gcc/arm-none-eabi/6.3.1/../../../../arm-none-eabi/lib/thumb/v7e-m/fpv4-sp/hard/libg_nano.a(lib_a-nano-vfprintf_float.o)
                              (_printf_float)
/usr/local/bin/../lib/gcc/arm-none-eabi/6.3.1/../../../../arm-none-eabi/lib/thumb/v7e-m/fpv4-sp/hard/libg_nano.a(lib_a-nano-vfprintf_i.o)
                              /usr/local/bin/../lib/gcc/arm-none-eabi/6.3.1/../../../../arm-none-eabi/lib/thumb/v7e-m/fpv4-sp/hard/libg_nano.a(lib_a-nano-vfprintf_float.o) (_printf_common)
/usr/local/bin/../lib/gcc/arm-none-eabi/6.3.1/../../../../arm-none-eabi/lib/thumb/v7e-m/fpv4-sp/hard/libg_nano.a(lib_a-nano-vfscanf_float.o)
                              (_scanf_float)
/usr/local/bin/../lib/gcc/arm-none-eabi/6.3.1/../../../../arm-none-eabi/lib/thumb/v7e-m/fpv4-sp/hard/libg_nano.a(lib_a-reent.o)
                              ./system/src/device.o (errno)
/usr/local/bin/../lib/gcc/arm-none-eabi/6.3.1/../../../../arm-none-eabi/lib/thumb/v7e-m/fpv4-sp/hard/libg_nano.a(lib_a-sbrkr.o)
                              /usr/local/bin/../lib/gcc/arm-none-eabi/6.3.1/../../../../arm-none-eabi/lib/thumb/v7e-m/fpv4-sp/hard/libg_nano.a(lib_a-nano-mallocr.o) (_sbrk_r)
/usr/local/bin/../lib/gcc/arm-none-eabi/6.3.1/../../../../arm-none-eabi/lib/thumb/v7e-m/fpv4-sp/hard/libg_nano.a(lib_a-sf_nan.o)
                              /usr/local/bin/../lib/gcc/arm-none-eabi/6.3.1/../../../../arm-none-eabi/lib/thumb/v7e-m/fpv4-sp/hard/libg_nano.a(lib_a-nano-vfscanf_float.o) (nanf)
/usr/local/bin/../lib/gcc/arm-none-eabi/6.3.1/../../../../arm-none-eabi/lib/thumb/v7e-m/fpv4-sp/hard/libg_nano.a(lib_a-sprintf.o)
                              /usr/local/bin/../lib/gcc/arm-none-eabi/6.3.1/../../../../arm-none-eabi/lib/thumb/v7e-m/fpv4-sp/hard/libg_nano.a(lib_a-nano-vfscanf_float.o) (sprintf)
/usr/local/bin/../lib/gcc/arm-none-eabi/6.3.1/../../../../arm-none-eabi/lib/thumb/v7e-m/fpv4-sp/hard/libg_nano.a(lib_a-strcmp.o)
                              ./system/src/device.o (strcmp)
[...]
Memory Configuration

Name             Origin             Length             Attributes
IROM             0x0000000008000000 0x0000000000040000 xr
IRAM             0x0000000020000000 0x000000000000a000 rw
CCM              0x0000000010000000 0x0000000000002000 xrw
*default*        0x0000000000000000 0xffffffffffffffff

Linker script and memory map

LOAD /usr/local/bin/../lib/gcc/arm-none-eabi/6.3.1/thumb/v7e-m/fpv4-sp/hard/crti.o
LOAD /usr/local/bin/../lib/gcc/arm-none-eabi/6.3.1/thumb/v7e-m/fpv4-sp/hard/crtbegin.o
LOAD /usr/local/bin/../lib/gcc/arm-none-eabi/6.3.1/../../../../arm-none-eabi/lib/thumb/v7e-m/fpv4-sp/hard/crt0.o
LOAD ./system/src/device.o
LOAD ./system/src/sbrk.o
LOAD ./system/src/stdio.o
LOAD ./system/src/usart.o
LOAD ./src/main.o
LOAD ./platform/src/stm32f303xc_it.o
LOAD ./platform/src/system_stm32f303cx.o
LOAD /Users/technix/Developer/Eclipse/default/LCDClock/cmsis/lib/libarm_cortexM4lf_math.a
LOAD /usr/local/bin/../lib/gcc/arm-none-eabi/6.3.1/../../../../arm-none-eabi/lib/thumb/v7e-m/fpv4-sp/hard/libstdc++_nano.a
LOAD /usr/local/bin/../lib/gcc/arm-none-eabi/6.3.1/../../../../arm-none-eabi/lib/thumb/v7e-m/fpv4-sp/hard/libm.a
START GROUP
LOAD /usr/local/bin/../lib/gcc/arm-none-eabi/6.3.1/thumb/v7e-m/fpv4-sp/hard/libgcc.a
LOAD /usr/local/bin/../lib/gcc/arm-none-eabi/6.3.1/../../../../arm-none-eabi/lib/thumb/v7e-m/fpv4-sp/hard/libg_nano.a
LOAD /usr/local/bin/../lib/gcc/arm-none-eabi/6.3.1/../../../../arm-none-eabi/lib/thumb/v7e-m/fpv4-sp/hard/libc_nano.a
END GROUP
START GROUP
LOAD /usr/local/bin/../lib/gcc/arm-none-eabi/6.3.1/thumb/v7e-m/fpv4-sp/hard/libgcc.a
LOAD /usr/local/bin/../lib/gcc/arm-none-eabi/6.3.1/../../../../arm-none-eabi/lib/thumb/v7e-m/fpv4-sp/hard/libc_nano.a
END GROUP
LOAD /usr/local/bin/../lib/gcc/arm-none-eabi/6.3.1/thumb/v7e-m/fpv4-sp/hard/crtend.o
LOAD /usr/local/bin/../lib/gcc/arm-none-eabi/6.3.1/thumb/v7e-m/fpv4-sp/hard/crtn.o
                0x0000000008000000                . = ORIGIN (IROM)

.vector         0x0000000010000000      0x188 load address 0x0000000008000000
                0x0000000010000000                PROVIDE (__vector_start, .)
 *(.vector)
 .vector        0x0000000010000000      0x188 ./platform/src/stm32f303xc_it.o
                0x0000000010000000                isr_vector
                0x0000000000000001                ASSERT ((. != __vector_start), The interrupt vector is missing.)
                0x0000000010000188                . = ALIGN (0x4)

.text           0x0000000008000190     0x5814
 *(.text*)
 .text          0x0000000008000190       0x6c /usr/local/bin/../lib/gcc/arm-none-eabi/6.3.1/thumb/v7e-m/fpv4-sp/hard/crtbegin.o
 .text          0x00000000080001fc       0x74 /usr/local/bin/../lib/gcc/arm-none-eabi/6.3.1/../../../../arm-none-eabi/lib/thumb/v7e-m/fpv4-sp/hard/crt0.o
                0x00000000080001fc                _mainCRTStartup
                0x00000000080001fc                _start
 .text.devices_init
                0x0000000008000270       0x3c ./system/src/device.o
                0x0000000008000270                devices_init
 .text._open    0x00000000080002ac      0x110 ./system/src/device.o
                0x00000000080002ac                _open
 .text._close   0x00000000080003bc       0x78 ./system/src/device.o
                0x00000000080003bc                _close
 .text._read    0x0000000008000434       0x70 ./system/src/device.o
                0x0000000008000434                _read
 .text._write   0x00000000080004a4       0x70 ./system/src/device.o
                0x00000000080004a4                _write
 .text.dup2     0x0000000008000514       0x84 ./system/src/device.o
                0x0000000008000514                dup2
 .text._fstat   0x0000000008000598       0x58 ./system/src/device.o
                0x0000000008000598                _fstat
 .text._lseek   0x00000000080005f0       0x58 ./system/src/device.o
                0x00000000080005f0                _lseek
 .text._isatty  0x0000000008000648       0x58 ./system/src/device.o
                0x0000000008000648                _isatty
 .text._sbrk    0x00000000080006a0       0x40 ./system/src/sbrk.o
                0x00000000080006a0                _sbrk
 .text.stdio_init
                0x00000000080006e0       0x48 ./system/src/stdio.o
                0x00000000080006e0                stdio_init
 .text.usart_read
                0x0000000008000728        0x6 ./system/src/usart.o
 .text.usart_write
                0x000000000800072e        0x6 ./system/src/usart.o
 .text.usart_poll
                0x0000000008000734        0x6 ./system/src/usart.o
 .text.usart_fstat
                0x000000000800073a       0x2a ./system/src/usart.o
 .text.usart_isatty
                0x0000000008000764        0x4 ./system/src/usart.o
 .text.usart_ioctl
                0x0000000008000768       0x9c ./system/src/usart.o
 .text.usart_close
                0x0000000008000804       0x78 ./system/src/usart.o
 .text.usart_open
                0x000000000800087c       0xa4 ./system/src/usart.o
 .text.USART1_Handler
                0x0000000008000920        0x2 ./system/src/usart.o
                0x0000000008000920                USART1_Handler
 .text.USART2_Handler
                0x0000000008000922        0x2 ./system/src/usart.o
                0x0000000008000922                USART2_Handler
 .text.USART3_Handler
                0x0000000008000924        0x2 ./system/src/usart.o
                0x0000000008000924                USART3_Handler
 *fill*         0x0000000008000926        0x2 ff
 .text.main     0x0000000008000928       0x20 ./src/main.o
                0x0000000008000928                main
 .text._exit    0x0000000008000948       0x24 ./platform/src/stm32f303xc_it.o
                0x0000000008000948                _exit
 .text.Reset_Handler
                0x000000000800096c       0xac ./platform/src/stm32f303xc_it.o
                0x000000000800096c                Reset_Handler
 .text.Default_Handler
                0x0000000008000a18       0x2c ./platform/src/stm32f303xc_it.o
                0x0000000008000a18                DebugMonitor_Handler
                0x0000000008000a18                FLASH_Handler
                0x0000000008000a18                SVCall_Handler
                0x0000000008000a18                HardFault_Handler
                0x0000000008000a18                TIM1_BRK_TIM15_Handler
                0x0000000008000a18                SysTick_Handler
                0x0000000008000a18                DMA1_Channel7_Handler
                0x0000000008000a18                COMP4_5_6_Handler
                0x0000000008000a18                PendSV_Handler
                0x0000000008000a18                USB_HP_Handler
                0x0000000008000a18                DMA1_Channel6_Handler
                0x0000000008000a18                DMA2_Channel5_Handler
                0x0000000008000a18                TIM6_DAC_Handler
                0x0000000008000a18                EXTI15_10_Handler
                0x0000000008000a18                NonMaskableInt_Handler
                0x0000000008000a18                DMA2_Channel1_Handler
                0x0000000008000a18                I2C1_EV_Handler
                0x0000000008000a18                ADC1_2_Handler
                0x0000000008000a18                TAMP_STAMP_Handler
                0x0000000008000a18                WWDG_Handler
                0x0000000008000a18                EXTI4_Handler
                0x0000000008000a18                DMA2_Channel4_Handler
                0x0000000008000a18                DMA1_Channel1_Handler
                0x0000000008000a18                I2C1_ER_Handler
                0x0000000008000a18                UsageFault_Handler
                0x0000000008000a18                TIM1_CC_Handler
                0x0000000008000a18                I2C2_ER_Handler
                0x0000000008000a18                TIM8_CC_Handler
                0x0000000008000a18                TIM8_BRK_Handler
                0x0000000008000a18                USB_HP_CAN_TX_Handler
                0x0000000008000a18                CAN_RX1_Handler
                0x0000000008000a18                EXTI1_Handler
                0x0000000008000a18                TIM8_TRG_COM_Handler
                0x0000000008000a18                EXTI3_Handler
                0x0000000008000a18                USB_LP_CAN_RX0_Handler
                0x0000000008000a18                UART4_Handler
                0x0000000008000a18                TIM1_TRG_COM_TIM17_Handler
                0x0000000008000a18                EXTI9_5_Handler
                0x0000000008000a18                COMP7_Handler
                0x0000000008000a18                TIM2_Handler
                0x0000000008000a18                DMA1_Channel4_Handler
                0x0000000008000a18                TIM3_Handler
                0x0000000008000a18                CAN_SCE_Handler
                0x0000000008000a18                Default_Handler
                0x0000000008000a18                USBWakeUp_Handler
                0x0000000008000a18                DMA1_Channel3_Handler
                0x0000000008000a18                USBWakeUp_RMP_Handler
                0x0000000008000a18                RTC_Alarm_Handler
                0x0000000008000a18                TIM4_Handler
                0x0000000008000a18                EXTI2_TSC_Handler
                0x0000000008000a18                SPI2_Handler
                0x0000000008000a18                COMP1_2_3_Handler
                0x0000000008000a18                DMA1_Channel2_Handler
                0x0000000008000a18                EXTI0_Handler
                0x0000000008000a18                TIM8_UP_Handler
                0x0000000008000a18                DMA1_Channel5_Handler
                0x0000000008000a18                SPI1_Handler
                0x0000000008000a18                ADC3_Handler
                0x0000000008000a18                I2C2_EV_Handler
                0x0000000008000a18                SPI3_Handler
                0x0000000008000a18                DMA2_Channel3_Handler
                0x0000000008000a18                RCC_Handler
                0x0000000008000a18                PVD_Handler
                0x0000000008000a18                UART5_Handler
                0x0000000008000a18                DMA2_Channel2_Handler
                0x0000000008000a18                TIM7_Handler
                0x0000000008000a18                TIM1_UP_TIM16_Handler
                0x0000000008000a18                USB_LP_Handler
                0x0000000008000a18                FPU_Handler
                0x0000000008000a18                ADC4_Handler
                0x0000000008000a18                BusFault_Handler
                0x0000000008000a18                MemoryManagement_Handler
                0x0000000008000a18                RTC_WKUP_Handler
 .text.SystemInit
                0x0000000008000a44       0xec ./platform/src/system_stm32f303cx.o
                0x0000000008000a44                SystemInit
 .text.SystemCoreClockUpdate
                0x0000000008000b30       0x94 ./platform/src/system_stm32f303cx.o
                0x0000000008000b30                SystemCoreClockUpdate
 .text.calloc   0x0000000008000bc4       0x10 /usr/local/bin/../lib/gcc/arm-none-eabi/6.3.1/../../../../arm-none-eabi/lib/thumb/v7e-m/fpv4-sp/hard/libg_nano.a(lib_a-calloc.o)
                0x0000000008000bc4                calloc
 .text.exit     0x0000000008000bd4       0x28 /usr/local/bin/../lib/gcc/arm-none-eabi/6.3.1/../../../../arm-none-eabi/lib/thumb/v7e-m/fpv4-sp/hard/libg_nano.a(lib_a-exit.o)
                0x0000000008000bd4                exit
 .text._fwrite_r
                0x0000000008000bfc       0x9c /usr/local/bin/../lib/gcc/arm-none-eabi/6.3.1/../../../../arm-none-eabi/lib/thumb/v7e-m/fpv4-sp/hard/libg_nano.a(lib_a-fwrite.o)
                0x0000000008000bfc                _fwrite_r
 .text.fwrite   0x0000000008000c98       0x1c /usr/local/bin/../lib/gcc/arm-none-eabi/6.3.1/../../../../arm-none-eabi/lib/thumb/v7e-m/fpv4-sp/hard/libg_nano.a(lib_a-fwrite.o)
                0x0000000008000c98                fwrite
 .text.__libc_init_array
                0x0000000008000cb4       0x48 /usr/local/bin/../lib/gcc/arm-none-eabi/6.3.1/../../../../arm-none-eabi/lib/thumb/v7e-m/fpv4-sp/hard/libg_nano.a(lib_a-init.o)
                0x0000000008000cb4                __libc_init_array
 .text.malloc   0x0000000008000cfc       0x10 /usr/local/bin/../lib/gcc/arm-none-eabi/6.3.1/../../../../arm-none-eabi/lib/thumb/v7e-m/fpv4-sp/hard/libg_nano.a(lib_a-malloc.o)
                0x0000000008000cfc                malloc
 .text.free     0x0000000008000d0c       0x10 /usr/local/bin/../lib/gcc/arm-none-eabi/6.3.1/../../../../arm-none-eabi/lib/thumb/v7e-m/fpv4-sp/hard/libg_nano.a(lib_a-malloc.o)
                0x0000000008000d0c                free
 .text.memcpy   0x0000000008000d1c       0x16 /usr/local/bin/../lib/gcc/arm-none-eabi/6.3.1/../../../../arm-none-eabi/lib/thumb/v7e-m/fpv4-sp/hard/libg_nano.a(lib_a-memcpy-stub.o)
                0x0000000008000d1c                memcpy
 .text.memset   0x0000000008000d32       0x10 /usr/local/bin/../lib/gcc/arm-none-eabi/6.3.1/../../../../arm-none-eabi/lib/thumb/v7e-m/fpv4-sp/hard/libg_nano.a(lib_a-memset.o)
                0x0000000008000d32                memset
 .text._calloc_r
                0x0000000008000d42       0x1c /usr/local/bin/../lib/gcc/arm-none-eabi/6.3.1/../../../../arm-none-eabi/lib/thumb/v7e-m/fpv4-sp/hard/libg_nano.a(lib_a-nano-callocr.o)
                0x0000000008000d42                _calloc_r
 *fill*         0x0000000008000d5e        0x2 ff
 .text._free_r  0x0000000008000d60       0x9c /usr/local/bin/../lib/gcc/arm-none-eabi/6.3.1/../../../../arm-none-eabi/lib/thumb/v7e-m/fpv4-sp/hard/libg_nano.a(lib_a-nano-freer.o)
                0x0000000008000d60                _free_r
 .text._malloc_r
                0x0000000008000dfc       0xbc /usr/local/bin/../lib/gcc/arm-none-eabi/6.3.1/../../../../arm-none-eabi/lib/thumb/v7e-m/fpv4-sp/hard/libg_nano.a(lib_a-nano-mallocr.o)
                0x0000000008000dfc                _malloc_r
 .text.__cvt    0x0000000008000eb8       0xc2 /usr/local/bin/../lib/gcc/arm-none-eabi/6.3.1/../../../../arm-none-eabi/lib/thumb/v7e-m/fpv4-sp/hard/libg_nano.a(lib_a-nano-vfprintf_float.o)
                0x0000000008000eb8                __cvt
 .text.__exponent
                0x0000000008000f7a       0x6a /usr/local/bin/../lib/gcc/arm-none-eabi/6.3.1/../../../../arm-none-eabi/lib/thumb/v7e-m/fpv4-sp/hard/libg_nano.a(lib_a-nano-vfprintf_float.o)
                0x0000000008000f7a                __exponent
 .text._printf_float
                0x0000000008000fe4      0x480 /usr/local/bin/../lib/gcc/arm-none-eabi/6.3.1/../../../../arm-none-eabi/lib/thumb/v7e-m/fpv4-sp/hard/libg_nano.a(lib_a-nano-vfprintf_float.o)
                0x0000000008000fe4                _printf_float
 .text._printf_common
                0x0000000008001464       0xec /usr/local/bin/../lib/gcc/arm-none-eabi/6.3.1/../../../../arm-none-eabi/lib/thumb/v7e-m/fpv4-sp/hard/libg_nano.a(lib_a-nano-vfprintf_i.o)
                0x0000000008001464                _printf_common
 .text._printf_i
                0x0000000008001550      0x240 /usr/local/bin/../lib/gcc/arm-none-eabi/6.3.1/../../../../arm-none-eabi/lib/thumb/v7e-m/fpv4-sp/hard/libg_nano.a(lib_a-nano-vfprintf_i.o)
                0x0000000008001550                _printf_i
 .text._scanf_float
                0x0000000008001790      0x3c8 /usr/local/bin/../lib/gcc/arm-none-eabi/6.3.1/../../../../arm-none-eabi/lib/thumb/v7e-m/fpv4-sp/hard/libg_nano.a(lib_a-nano-vfscanf_float.o)
                0x0000000008001790                _scanf_float
 .text._sbrk_r  0x0000000008001b58       0x20 /usr/local/bin/../lib/gcc/arm-none-eabi/6.3.1/../../../../arm-none-eabi/lib/thumb/v7e-m/fpv4-sp/hard/libg_nano.a(lib_a-sbrkr.o)
                0x0000000008001b58                _sbrk_r
 .text.nanf     0x0000000008001b78        0xc /usr/local/bin/../lib/gcc/arm-none-eabi/6.3.1/../../../../arm-none-eabi/lib/thumb/v7e-m/fpv4-sp/hard/libg_nano.a(lib_a-sf_nan.o)
                0x0000000008001b78                nanf
 .text.sprintf  0x0000000008001b84       0x48 /usr/local/bin/../lib/gcc/arm-none-eabi/6.3.1/../../../../arm-none-eabi/lib/thumb/v7e-m/fpv4-sp/hard/libg_nano.a(lib_a-sprintf.o)
                0x0000000008001b84                sprintf
                0x0000000008001b84                siprintf
 .text          0x0000000008001bcc       0x14 /usr/local/bin/../lib/gcc/arm-none-eabi/6.3.1/../../../../arm-none-eabi/lib/thumb/v7e-m/fpv4-sp/hard/libg_nano.a(lib_a-strcmp.o)
                0x0000000008001bcc                strcmp
 .text          0x0000000008001be0       0x10 /usr/local/bin/../lib/gcc/arm-none-eabi/6.3.1/../../../../arm-none-eabi/lib/thumb/v7e-m/fpv4-sp/hard/libg_nano.a(lib_a-strlen.o)
                0x0000000008001be0                strlen
 .text.strrchr  0x0000000008001bf0       0x26 /usr/local/bin/../lib/gcc/arm-none-eabi/6.3.1/../../../../arm-none-eabi/lib/thumb/v7e-m/fpv4-sp/hard/libg_nano.a(lib_a-strrchr.o)
                0x0000000008001bf0                strrchr
 .text.unlikely.sulp
                0x0000000008001c16       0x38 /usr/local/bin/../lib/gcc/arm-none-eabi/6.3.1/../../../../arm-none-eabi/lib/thumb/v7e-m/fpv4-sp/hard/libg_nano.a(lib_a-strtod.o)
 *fill*         0x0000000008001c4e        0x2 ff
 .text._strtod_l
                0x0000000008001c50      0xbd8 /usr/local/bin/../lib/gcc/arm-none-eabi/6.3.1/../../../../arm-none-eabi/lib/thumb/v7e-m/fpv4-sp/hard/libg_nano.a(lib_a-strtod.o)
                0x0000000008001c50                _strtod_l
 .text._strtod_r
                0x0000000008002828       0x20 /usr/local/bin/../lib/gcc/arm-none-eabi/6.3.1/../../../../arm-none-eabi/lib/thumb/v7e-m/fpv4-sp/hard/libg_nano.a(lib_a-strtod.o)
                0x0000000008002828                _strtod_r
 .text._strtol_l.isra.0
                0x0000000008002848      0x100 /usr/local/bin/../lib/gcc/arm-none-eabi/6.3.1/../../../../arm-none-eabi/lib/thumb/v7e-m/fpv4-sp/hard/libg_nano.a(lib_a-strtol.o)
 .text._strtol_r
                0x0000000008002948       0x24 /usr/local/bin/../lib/gcc/arm-none-eabi/6.3.1/../../../../arm-none-eabi/lib/thumb/v7e-m/fpv4-sp/hard/libg_nano.a(lib_a-strtol.o)
                0x0000000008002948                _strtol_r
 .text.close    0x000000000800296c       0x10 /usr/local/bin/../lib/gcc/arm-none-eabi/6.3.1/../../../../arm-none-eabi/lib/thumb/v7e-m/fpv4-sp/hard/libg_nano.a(lib_a-sysclose.o)
                0x000000000800296c                close
 .text.open     0x000000000800297c       0x28 /usr/local/bin/../lib/gcc/arm-none-eabi/6.3.1/../../../../arm-none-eabi/lib/thumb/v7e-m/fpv4-sp/hard/libg_nano.a(lib_a-sysopen.o)
                0x000000000800297c                open
 .text.__swbuf_r
                0x00000000080029a4       0xa4 /usr/local/bin/../lib/gcc/arm-none-eabi/6.3.1/../../../../arm-none-eabi/lib/thumb/v7e-m/fpv4-sp/hard/libg_nano.a(lib_a-wbuf.o)
                0x00000000080029a4                __swbuf_r
 .text.__swsetup_r
                0x0000000008002a48       0xdc /usr/local/bin/../lib/gcc/arm-none-eabi/6.3.1/../../../../arm-none-eabi/lib/thumb/v7e-m/fpv4-sp/hard/libg_nano.a(lib_a-wsetup.o)
                0x0000000008002a48                __swsetup_r
 .text._close_r
                0x0000000008002b24       0x20 /usr/local/bin/../lib/gcc/arm-none-eabi/6.3.1/../../../../arm-none-eabi/lib/thumb/v7e-m/fpv4-sp/hard/libg_nano.a(lib_a-closer.o)
                0x0000000008002b24                _close_r
 .text.quorem   0x0000000008002b44      0x118 /usr/local/bin/../lib/gcc/arm-none-eabi/6.3.1/../../../../arm-none-eabi/lib/thumb/v7e-m/fpv4-sp/hard/libg_nano.a(lib_a-dtoa.o)
 *fill*         0x0000000008002c5c        0x4 ff
 .text._dtoa_r  0x0000000008002c60      0xb9c /usr/local/bin/../lib/gcc/arm-none-eabi/6.3.1/../../../../arm-none-eabi/lib/thumb/v7e-m/fpv4-sp/hard/libg_nano.a(lib_a-dtoa.o)
                0x0000000008002c60                _dtoa_r
 .text.__sflush_r
                0x00000000080037fc      0x110 /usr/local/bin/../lib/gcc/arm-none-eabi/6.3.1/../../../../arm-none-eabi/lib/thumb/v7e-m/fpv4-sp/hard/libg_nano.a(lib_a-fflush.o)
                0x00000000080037fc                __sflush_r
 .text._fflush_r
                0x000000000800390c       0x54 /usr/local/bin/../lib/gcc/arm-none-eabi/6.3.1/../../../../arm-none-eabi/lib/thumb/v7e-m/fpv4-sp/hard/libg_nano.a(lib_a-fflush.o)
                0x000000000800390c                _fflush_r
 .text._cleanup_r
                0x0000000008003960        0xc /usr/local/bin/../lib/gcc/arm-none-eabi/6.3.1/../../../../arm-none-eabi/lib/thumb/v7e-m/fpv4-sp/hard/libg_nano.a(lib_a-findfp.o)
                0x0000000008003960                _cleanup_r
 .text.std.isra.0
                0x000000000800396c       0x48 /usr/local/bin/../lib/gcc/arm-none-eabi/6.3.1/../../../../arm-none-eabi/lib/thumb/v7e-m/fpv4-sp/hard/libg_nano.a(lib_a-findfp.o)
 .text.__sfmoreglue
                0x00000000080039b4       0x2c /usr/local/bin/../lib/gcc/arm-none-eabi/6.3.1/../../../../arm-none-eabi/lib/thumb/v7e-m/fpv4-sp/hard/libg_nano.a(lib_a-findfp.o)
                0x00000000080039b4                __sfmoreglue
 .text.__sinit  0x00000000080039e0       0x60 /usr/local/bin/../lib/gcc/arm-none-eabi/6.3.1/../../../../arm-none-eabi/lib/thumb/v7e-m/fpv4-sp/hard/libg_nano.a(lib_a-findfp.o)
                0x00000000080039e0                __sinit
 .text.__sfp    0x0000000008003a40       0x78 /usr/local/bin/../lib/gcc/arm-none-eabi/6.3.1/../../../../arm-none-eabi/lib/thumb/v7e-m/fpv4-sp/hard/libg_nano.a(lib_a-findfp.o)
                0x0000000008003a40                __sfp
 .text._fwalk_reent
                0x0000000008003ab8       0x3c /usr/local/bin/../lib/gcc/arm-none-eabi/6.3.1/../../../../arm-none-eabi/lib/thumb/v7e-m/fpv4-sp/hard/libg_nano.a(lib_a-fwalk.o)
                0x0000000008003ab8                _fwalk_reent
 .text.rshift   0x0000000008003af4       0x6a /usr/local/bin/../lib/gcc/arm-none-eabi/6.3.1/../../../../arm-none-eabi/lib/thumb/v7e-m/fpv4-sp/hard/libg_nano.a(lib_a-gdtoa-gethex.o)
 .text.__hexdig_fun
                0x0000000008003b5e       0x2a /usr/local/bin/../lib/gcc/arm-none-eabi/6.3.1/../../../../arm-none-eabi/lib/thumb/v7e-m/fpv4-sp/hard/libg_nano.a(lib_a-gdtoa-gethex.o)
                0x0000000008003b5e                __hexdig_fun
 .text.__gethex
                0x0000000008003b88      0x43c /usr/local/bin/../lib/gcc/arm-none-eabi/6.3.1/../../../../arm-none-eabi/lib/thumb/v7e-m/fpv4-sp/hard/libg_nano.a(lib_a-gdtoa-gethex.o)
                0x0000000008003b88                __gethex
 .text.L_shift  0x0000000008003fc4       0x24 /usr/local/bin/../lib/gcc/arm-none-eabi/6.3.1/../../../../arm-none-eabi/lib/thumb/v7e-m/fpv4-sp/hard/libg_nano.a(lib_a-gdtoa-hexnan.o)
 .text.__match  0x0000000008003fe8       0x26 /usr/local/bin/../lib/gcc/arm-none-eabi/6.3.1/../../../../arm-none-eabi/lib/thumb/v7e-m/fpv4-sp/hard/libg_nano.a(lib_a-gdtoa-hexnan.o)
                0x0000000008003fe8                __match
 .text.__hexnan
                0x000000000800400e      0x120 /usr/local/bin/../lib/gcc/arm-none-eabi/6.3.1/../../../../arm-none-eabi/lib/thumb/v7e-m/fpv4-sp/hard/libg_nano.a(lib_a-gdtoa-hexnan.o)
                0x000000000800400e                __hexnan
 .text.__locale_ctype_ptr_l
                0x000000000800412e        0x6 /usr/local/bin/../lib/gcc/arm-none-eabi/6.3.1/../../../../arm-none-eabi/lib/thumb/v7e-m/fpv4-sp/hard/libg_nano.a(lib_a-locale.o)
                0x000000000800412e                __locale_ctype_ptr_l
 .text.__localeconv_l
                0x0000000008004134        0x4 /usr/local/bin/../lib/gcc/arm-none-eabi/6.3.1/../../../../arm-none-eabi/lib/thumb/v7e-m/fpv4-sp/hard/libg_nano.a(lib_a-localeconv.o)
                0x0000000008004134                __localeconv_l
 .text._localeconv_r
                0x0000000008004138       0x1c /usr/local/bin/../lib/gcc/arm-none-eabi/6.3.1/../../../../arm-none-eabi/lib/thumb/v7e-m/fpv4-sp/hard/libg_nano.a(lib_a-localeconv.o)
                0x0000000008004138                _localeconv_r
 .text.__swhatbuf_r
                0x0000000008004154       0x48 /usr/local/bin/../lib/gcc/arm-none-eabi/6.3.1/../../../../arm-none-eabi/lib/thumb/v7e-m/fpv4-sp/hard/libg_nano.a(lib_a-makebuf.o)
                0x0000000008004154                __swhatbuf_r
 .text.__smakebuf_r
                0x000000000800419c       0x80 /usr/local/bin/../lib/gcc/arm-none-eabi/6.3.1/../../../../arm-none-eabi/lib/thumb/v7e-m/fpv4-sp/hard/libg_nano.a(lib_a-makebuf.o)
                0x000000000800419c                __smakebuf_r
 .text.__ascii_mbtowc
                0x000000000800421c       0x24 /usr/local/bin/../lib/gcc/arm-none-eabi/6.3.1/../../../../arm-none-eabi/lib/thumb/v7e-m/fpv4-sp/hard/libg_nano.a(lib_a-mbtowc_r.o)
                0x000000000800421c                __ascii_mbtowc
 .text          0x0000000008004240       0xa0 /usr/local/bin/../lib/gcc/arm-none-eabi/6.3.1/../../../../arm-none-eabi/lib/thumb/v7e-m/fpv4-sp/hard/libg_nano.a(lib_a-memchr.o)
                0x0000000008004240                memchr
 .text.__malloc_lock
                0x00000000080042e0        0x2 /usr/local/bin/../lib/gcc/arm-none-eabi/6.3.1/../../../../arm-none-eabi/lib/thumb/v7e-m/fpv4-sp/hard/libg_nano.a(lib_a-mlock.o)
                0x00000000080042e0                __malloc_lock
 .text.__malloc_unlock
                0x00000000080042e2        0x2 /usr/local/bin/../lib/gcc/arm-none-eabi/6.3.1/../../../../arm-none-eabi/lib/thumb/v7e-m/fpv4-sp/hard/libg_nano.a(lib_a-mlock.o)
                0x00000000080042e2                __malloc_unlock
 .text._Balloc  0x00000000080042e4       0x68 /usr/local/bin/../lib/gcc/arm-none-eabi/6.3.1/../../../../arm-none-eabi/lib/thumb/v7e-m/fpv4-sp/hard/libg_nano.a(lib_a-mprec.o)
                0x00000000080042e4                _Balloc
 .text._Bfree   0x000000000800434c       0x2e /usr/local/bin/../lib/gcc/arm-none-eabi/6.3.1/../../../../arm-none-eabi/lib/thumb/v7e-m/fpv4-sp/hard/libg_nano.a(lib_a-mprec.o)
                0x000000000800434c                _Bfree
 .text.__multadd
                0x000000000800437a       0x76 /usr/local/bin/../lib/gcc/arm-none-eabi/6.3.1/../../../../arm-none-eabi/lib/thumb/v7e-m/fpv4-sp/hard/libg_nano.a(lib_a-mprec.o)
                0x000000000800437a                __multadd
 .text.__s2b    0x00000000080043f0       0x7c /usr/local/bin/../lib/gcc/arm-none-eabi/6.3.1/../../../../arm-none-eabi/lib/thumb/v7e-m/fpv4-sp/hard/libg_nano.a(lib_a-mprec.o)
                0x00000000080043f0                __s2b
 .text.__hi0bits
                0x000000000800446c       0x3e /usr/local/bin/../lib/gcc/arm-none-eabi/6.3.1/../../../../arm-none-eabi/lib/thumb/v7e-m/fpv4-sp/hard/libg_nano.a(lib_a-mprec.o)
                0x000000000800446c                __hi0bits
 .text.__lo0bits
                0x00000000080044aa       0x5e /usr/local/bin/../lib/gcc/arm-none-eabi/6.3.1/../../../../arm-none-eabi/lib/thumb/v7e-m/fpv4-sp/hard/libg_nano.a(lib_a-mprec.o)
                0x00000000080044aa                __lo0bits
 .text.__i2b    0x0000000008004508       0x12 /usr/local/bin/../lib/gcc/arm-none-eabi/6.3.1/../../../../arm-none-eabi/lib/thumb/v7e-m/fpv4-sp/hard/libg_nano.a(lib_a-mprec.o)
                0x0000000008004508                __i2b
 .text.__multiply
                0x000000000800451a      0x11a /usr/local/bin/../lib/gcc/arm-none-eabi/6.3.1/../../../../arm-none-eabi/lib/thumb/v7e-m/fpv4-sp/hard/libg_nano.a(lib_a-mprec.o)
                0x000000000800451a                __multiply
 .text.__pow5mult
                0x0000000008004634       0x9c /usr/local/bin/../lib/gcc/arm-none-eabi/6.3.1/../../../../arm-none-eabi/lib/thumb/v7e-m/fpv4-sp/hard/libg_nano.a(lib_a-mprec.o)
                0x0000000008004634                __pow5mult
 .text.__lshift
                0x00000000080046d0       0xa2 /usr/local/bin/../lib/gcc/arm-none-eabi/6.3.1/../../../../arm-none-eabi/lib/thumb/v7e-m/fpv4-sp/hard/libg_nano.a(lib_a-mprec.o)
                0x00000000080046d0                __lshift
 .text.__mcmp   0x0000000008004772       0x34 /usr/local/bin/../lib/gcc/arm-none-eabi/6.3.1/../../../../arm-none-eabi/lib/thumb/v7e-m/fpv4-sp/hard/libg_nano.a(lib_a-mprec.o)
                0x0000000008004772                __mcmp
 .text.__mdiff  0x00000000080047a6       0xbc /usr/local/bin/../lib/gcc/arm-none-eabi/6.3.1/../../../../arm-none-eabi/lib/thumb/v7e-m/fpv4-sp/hard/libg_nano.a(lib_a-mprec.o)
                0x00000000080047a6                __mdiff
 *fill*         0x0000000008004862        0x2 ff
 .text.__ulp    0x0000000008004864       0x50 /usr/local/bin/../lib/gcc/arm-none-eabi/6.3.1/../../../../arm-none-eabi/lib/thumb/v7e-m/fpv4-sp/hard/libg_nano.a(lib_a-mprec.o)
                0x0000000008004864                __ulp
 .text.__b2d    0x00000000080048b4       0x9c /usr/local/bin/../lib/gcc/arm-none-eabi/6.3.1/../../../../arm-none-eabi/lib/thumb/v7e-m/fpv4-sp/hard/libg_nano.a(lib_a-mprec.o)
                0x00000000080048b4                __b2d
 .text.__d2b    0x0000000008004950       0x9e /usr/local/bin/../lib/gcc/arm-none-eabi/6.3.1/../../../../arm-none-eabi/lib/thumb/v7e-m/fpv4-sp/hard/libg_nano.a(lib_a-mprec.o)
                0x0000000008004950                __d2b
 .text.__ratio  0x00000000080049ee       0x58 /usr/local/bin/../lib/gcc/arm-none-eabi/6.3.1/../../../../arm-none-eabi/lib/thumb/v7e-m/fpv4-sp/hard/libg_nano.a(lib_a-mprec.o)
                0x00000000080049ee                __ratio
 .text.__copybits
                0x0000000008004a46       0x34 /usr/local/bin/../lib/gcc/arm-none-eabi/6.3.1/../../../../arm-none-eabi/lib/thumb/v7e-m/fpv4-sp/hard/libg_nano.a(lib_a-mprec.o)
                0x0000000008004a46                __copybits
 .text.__any_on
                0x0000000008004a7a       0x42 /usr/local/bin/../lib/gcc/arm-none-eabi/6.3.1/../../../../arm-none-eabi/lib/thumb/v7e-m/fpv4-sp/hard/libg_nano.a(lib_a-mprec.o)
                0x0000000008004a7a                __any_on
 .text.__ssputs_r
                0x0000000008004abc       0xb6 /usr/local/bin/../lib/gcc/arm-none-eabi/6.3.1/../../../../arm-none-eabi/lib/thumb/v7e-m/fpv4-sp/hard/libg_nano.a(lib_a-nano-svfprintf.o)
                0x0000000008004abc                __ssputs_r
 *fill*         0x0000000008004b72        0x2 ff
 .text._svfprintf_r
                0x0000000008004b74      0x1e8 /usr/local/bin/../lib/gcc/arm-none-eabi/6.3.1/../../../../arm-none-eabi/lib/thumb/v7e-m/fpv4-sp/hard/libg_nano.a(lib_a-nano-svfprintf.o)
                0x0000000008004b74                _svfprintf_r
                0x0000000008004b74                _svfiprintf_r
 .text._open_r  0x0000000008004d5c       0x24 /usr/local/bin/../lib/gcc/arm-none-eabi/6.3.1/../../../../arm-none-eabi/lib/thumb/v7e-m/fpv4-sp/hard/libg_nano.a(lib_a-openr.o)
                0x0000000008004d5c                _open_r
 .text.__sread  0x0000000008004d80       0x22 /usr/local/bin/../lib/gcc/arm-none-eabi/6.3.1/../../../../arm-none-eabi/lib/thumb/v7e-m/fpv4-sp/hard/libg_nano.a(lib_a-stdio.o)
                0x0000000008004d80                __sread
 .text.__swrite
                0x0000000008004da2       0x38 /usr/local/bin/../lib/gcc/arm-none-eabi/6.3.1/../../../../arm-none-eabi/lib/thumb/v7e-m/fpv4-sp/hard/libg_nano.a(lib_a-stdio.o)
                0x0000000008004da2                __swrite
 .text.__sseek  0x0000000008004dda       0x24 /usr/local/bin/../lib/gcc/arm-none-eabi/6.3.1/../../../../arm-none-eabi/lib/thumb/v7e-m/fpv4-sp/hard/libg_nano.a(lib_a-stdio.o)
                0x0000000008004dda                __sseek
 .text.__sclose
                0x0000000008004dfe        0x8 /usr/local/bin/../lib/gcc/arm-none-eabi/6.3.1/../../../../arm-none-eabi/lib/thumb/v7e-m/fpv4-sp/hard/libg_nano.a(lib_a-stdio.o)
                0x0000000008004dfe                __sclose
 .text.strchr   0x0000000008004e06       0x1c /usr/local/bin/../lib/gcc/arm-none-eabi/6.3.1/../../../../arm-none-eabi/lib/thumb/v7e-m/fpv4-sp/hard/libg_nano.a(lib_a-strchr.o)
                0x0000000008004e06                strchr
 .text.strncmp  0x0000000008004e22       0x24 /usr/local/bin/../lib/gcc/arm-none-eabi/6.3.1/../../../../arm-none-eabi/lib/thumb/v7e-m/fpv4-sp/hard/libg_nano.a(lib_a-strncmp.o)
                0x0000000008004e22                strncmp
 .text.__ascii_wctomb
                0x0000000008004e46       0x1a /usr/local/bin/../lib/gcc/arm-none-eabi/6.3.1/../../../../arm-none-eabi/lib/thumb/v7e-m/fpv4-sp/hard/libg_nano.a(lib_a-wctomb_r.o)
                0x0000000008004e46                __ascii_wctomb
 .text._write_r
                0x0000000008004e60       0x24 /usr/local/bin/../lib/gcc/arm-none-eabi/6.3.1/../../../../arm-none-eabi/lib/thumb/v7e-m/fpv4-sp/hard/libg_nano.a(lib_a-writer.o)
                0x0000000008004e60                _write_r
 .text._fstat_r
                0x0000000008004e84       0x24 /usr/local/bin/../lib/gcc/arm-none-eabi/6.3.1/../../../../arm-none-eabi/lib/thumb/v7e-m/fpv4-sp/hard/libg_nano.a(lib_a-fstatr.o)
                0x0000000008004e84                _fstat_r
 .text._isatty_r
                0x0000000008004ea8       0x20 /usr/local/bin/../lib/gcc/arm-none-eabi/6.3.1/../../../../arm-none-eabi/lib/thumb/v7e-m/fpv4-sp/hard/libg_nano.a(lib_a-isattyr.o)
                0x0000000008004ea8                _isatty_r
 .text._lseek_r
                0x0000000008004ec8       0x24 /usr/local/bin/../lib/gcc/arm-none-eabi/6.3.1/../../../../arm-none-eabi/lib/thumb/v7e-m/fpv4-sp/hard/libg_nano.a(lib_a-lseekr.o)
                0x0000000008004ec8                _lseek_r
 .text.memmove  0x0000000008004eec       0x34 /usr/local/bin/../lib/gcc/arm-none-eabi/6.3.1/../../../../arm-none-eabi/lib/thumb/v7e-m/fpv4-sp/hard/libg_nano.a(lib_a-memmove.o)
                0x0000000008004eec                memmove
 .text._realloc_r
                0x0000000008004f20       0x4c /usr/local/bin/../lib/gcc/arm-none-eabi/6.3.1/../../../../arm-none-eabi/lib/thumb/v7e-m/fpv4-sp/hard/libg_nano.a(lib_a-nano-reallocr.o)
                0x0000000008004f20                _realloc_r
 .text._read_r  0x0000000008004f6c       0x24 /usr/local/bin/../lib/gcc/arm-none-eabi/6.3.1/../../../../arm-none-eabi/lib/thumb/v7e-m/fpv4-sp/hard/libg_nano.a(lib_a-readr.o)
                0x0000000008004f6c                _read_r
 .text._malloc_usable_size_r
                0x0000000008004f90       0x12 /usr/local/bin/../lib/gcc/arm-none-eabi/6.3.1/../../../../arm-none-eabi/lib/thumb/v7e-m/fpv4-sp/hard/libg_nano.a(lib_a-nano-msizer.o)
                0x0000000008004f90                _malloc_usable_size_r
 *fill*         0x0000000008004fa2        0x2 ff
 .text          0x0000000008004fa4      0x370 /usr/local/bin/../lib/gcc/arm-none-eabi/6.3.1/thumb/v7e-m/fpv4-sp/hard/libgcc.a(_arm_addsubdf3.o)
                0x0000000008004fa4                __aeabi_drsub
                0x0000000008004fac                __subdf3
                0x0000000008004fac                __aeabi_dsub
                0x0000000008004fb0                __aeabi_dadd
                0x0000000008004fb0                __adddf3
                0x0000000008005228                __aeabi_ui2d
                0x0000000008005228                __floatunsidf
                0x0000000008005248                __floatsidf
                0x0000000008005248                __aeabi_i2d
                0x000000000800526c                __extendsfdf2
                0x000000000800526c                __aeabi_f2d
                0x00000000080052a8                __aeabi_ul2d
                0x00000000080052a8                __floatundidf
                0x00000000080052b8                __aeabi_l2d
                0x00000000080052b8                __floatdidf
 .text          0x0000000008005314      0x424 /usr/local/bin/../lib/gcc/arm-none-eabi/6.3.1/thumb/v7e-m/fpv4-sp/hard/libgcc.a(_arm_muldivdf3.o)
                0x0000000008005314                __aeabi_dmul
                0x0000000008005314                __muldf3
                0x0000000008005568                __aeabi_ddiv
                0x0000000008005568                __divdf3
 .text          0x0000000008005738      0x110 /usr/local/bin/../lib/gcc/arm-none-eabi/6.3.1/thumb/v7e-m/fpv4-sp/hard/libgcc.a(_arm_cmpdf2.o)
                0x0000000008005738                __gtdf2
                0x0000000008005738                __gedf2
                0x0000000008005740                __ltdf2
                0x0000000008005740                __ledf2
                0x0000000008005748                __eqdf2
                0x0000000008005748                __nedf2
                0x0000000008005748                __cmpdf2
                0x00000000080057c4                __aeabi_cdrcmple
                0x00000000080057d4                __aeabi_cdcmple
                0x00000000080057d4                __aeabi_cdcmpeq
                0x00000000080057e4                __aeabi_dcmpeq
                0x00000000080057f8                __aeabi_dcmplt
                0x000000000800580c                __aeabi_dcmple
                0x0000000008005820                __aeabi_dcmpge
                0x0000000008005834                __aeabi_dcmpgt
 .text          0x0000000008005848       0x2c /usr/local/bin/../lib/gcc/arm-none-eabi/6.3.1/thumb/v7e-m/fpv4-sp/hard/libgcc.a(_arm_unorddf2.o)
                0x0000000008005848                __aeabi_dcmpun
                0x0000000008005848                __unorddf2
 .text          0x0000000008005874       0x50 /usr/local/bin/../lib/gcc/arm-none-eabi/6.3.1/thumb/v7e-m/fpv4-sp/hard/libgcc.a(_arm_fixdfsi.o)
                0x0000000008005874                __fixdfsi
                0x0000000008005874                __aeabi_d2iz
 .text          0x00000000080058c4       0x40 /usr/local/bin/../lib/gcc/arm-none-eabi/6.3.1/thumb/v7e-m/fpv4-sp/hard/libgcc.a(_arm_fixunsdfsi.o)
                0x00000000080058c4                __fixunsdfsi
                0x00000000080058c4                __aeabi_d2uiz
 .text          0x0000000008005904       0xa0 /usr/local/bin/../lib/gcc/arm-none-eabi/6.3.1/thumb/v7e-m/fpv4-sp/hard/libgcc.a(_arm_truncdfsf2.o)
                0x0000000008005904                __aeabi_d2f
                0x0000000008005904                __truncdfsf2

.glue_7         0x00000000080059a4        0x0
 .glue_7        0x00000000080059a4        0x0 linker stubs

.glue_7t        0x00000000080059a4        0x0
 .glue_7t       0x00000000080059a4        0x0 linker stubs

.vfp11_veneer   0x00000000080059a4        0x0
 .vfp11_veneer  0x00000000080059a4        0x0 linker stubs

.v4_bx          0x00000000080059a4        0x0
 .v4_bx         0x00000000080059a4        0x0 linker stubs

.iplt           0x00000000080059a4        0x0
 .iplt          0x00000000080059a4        0x0 /usr/local/bin/../lib/gcc/arm-none-eabi/6.3.1/thumb/v7e-m/fpv4-sp/hard/crtbegin.o

.devices        0x00000000080059a4        0xc
 *(.devices*)
 .devices       0x00000000080059a4        0xc ./system/src/usart.o
                0x00000000080059a4                TTY2
                0x00000000080059a8                TTY1
                0x00000000080059ac                TTY0

.rodata         0x00000000080059b0      0x40a
 *(.rodata*)
 .rodata.stdio_init.str1.4
                0x00000000080059b0        0xa ./system/src/stdio.o
 *fill*         0x00000000080059ba        0x2 ff
 .rodata.str1.4
                0x00000000080059bc       0x28 ./system/src/usart.o
 .rodata.usart_driver
                0x00000000080059e4       0x2c ./system/src/usart.o
 .rodata.main.str1.4
                0x0000000008005a10        0xc ./src/main.o
                                          0x9 (size before relaxing)
 .rodata.HCLK_DIV.6734
                0x0000000008005a1c       0x40 ./platform/src/system_stm32f303cx.o
 .rodata._global_impure_ptr
                0x0000000008005a5c        0x4 /usr/local/bin/../lib/gcc/arm-none-eabi/6.3.1/../../../../arm-none-eabi/lib/thumb/v7e-m/fpv4-sp/hard/libg_nano.a(lib_a-impure.o)
                0x0000000008005a5c                _global_impure_ptr
 .rodata._printf_float.str1.1
                0x0000000008005a60       0x12 /usr/local/bin/../lib/gcc/arm-none-eabi/6.3.1/../../../../arm-none-eabi/lib/thumb/v7e-m/fpv4-sp/hard/libg_nano.a(lib_a-nano-vfprintf_float.o)
 .rodata._printf_i.str1.1
                0x0000000008005a72       0x22 /usr/local/bin/../lib/gcc/arm-none-eabi/6.3.1/../../../../arm-none-eabi/lib/thumb/v7e-m/fpv4-sp/hard/libg_nano.a(lib_a-nano-vfprintf_i.o)
 .rodata._scanf_float.str1.1
                0x0000000008005a94        0x5 /usr/local/bin/../lib/gcc/arm-none-eabi/6.3.1/../../../../arm-none-eabi/lib/thumb/v7e-m/fpv4-sp/hard/libg_nano.a(lib_a-nano-vfscanf_float.o)
 .rodata._strtod_l.str1.1
                0x0000000008005a99        0x5 /usr/local/bin/../lib/gcc/arm-none-eabi/6.3.1/../../../../arm-none-eabi/lib/thumb/v7e-m/fpv4-sp/hard/libg_nano.a(lib_a-strtod.o)
                                          0xc (size before relaxing)
 *fill*         0x0000000008005a99        0x3 ff
 .rodata.fpi.7252
                0x0000000008005a9c       0x14 /usr/local/bin/../lib/gcc/arm-none-eabi/6.3.1/../../../../arm-none-eabi/lib/thumb/v7e-m/fpv4-sp/hard/libg_nano.a(lib_a-strtod.o)
 .rodata.fpinan.7288
                0x0000000008005ab0       0x14 /usr/local/bin/../lib/gcc/arm-none-eabi/6.3.1/../../../../arm-none-eabi/lib/thumb/v7e-m/fpv4-sp/hard/libg_nano.a(lib_a-strtod.o)
 *fill*         0x0000000008005ac4        0x4 ff
 .rodata.tinytens
                0x0000000008005ac8       0x28 /usr/local/bin/../lib/gcc/arm-none-eabi/6.3.1/../../../../arm-none-eabi/lib/thumb/v7e-m/fpv4-sp/hard/libg_nano.a(lib_a-strtod.o)
 .rodata._dtoa_r.str1.1
                0x0000000008005af0        0xd /usr/local/bin/../lib/gcc/arm-none-eabi/6.3.1/../../../../arm-none-eabi/lib/thumb/v7e-m/fpv4-sp/hard/libg_nano.a(lib_a-dtoa.o)
                                          0xf (size before relaxing)
 *fill*         0x0000000008005afd        0x3 ff
 .rodata.__sf_fake_stderr
                0x0000000008005b00       0x20 /usr/local/bin/../lib/gcc/arm-none-eabi/6.3.1/../../../../arm-none-eabi/lib/thumb/v7e-m/fpv4-sp/hard/libg_nano.a(lib_a-findfp.o)
                0x0000000008005b00                __sf_fake_stderr
 .rodata.__sf_fake_stdin
                0x0000000008005b20       0x20 /usr/local/bin/../lib/gcc/arm-none-eabi/6.3.1/../../../../arm-none-eabi/lib/thumb/v7e-m/fpv4-sp/hard/libg_nano.a(lib_a-findfp.o)
                0x0000000008005b20                __sf_fake_stdin
 .rodata.__sf_fake_stdout
                0x0000000008005b40       0x20 /usr/local/bin/../lib/gcc/arm-none-eabi/6.3.1/../../../../arm-none-eabi/lib/thumb/v7e-m/fpv4-sp/hard/libg_nano.a(lib_a-findfp.o)
                0x0000000008005b40                __sf_fake_stdout
 .rodata._setlocale_r.str1.1
                0x0000000008005b60        0x8 /usr/local/bin/../lib/gcc/arm-none-eabi/6.3.1/../../../../arm-none-eabi/lib/thumb/v7e-m/fpv4-sp/hard/libg_nano.a(lib_a-locale.o)
                                          0x9 (size before relaxing)
 .rodata.str1.1
                0x0000000008005b68        0x2 /usr/local/bin/../lib/gcc/arm-none-eabi/6.3.1/../../../../arm-none-eabi/lib/thumb/v7e-m/fpv4-sp/hard/libg_nano.a(lib_a-locale.o)
 *fill*         0x0000000008005b6a        0x6 ff
 .rodata.__mprec_bigtens
                0x0000000008005b70       0x28 /usr/local/bin/../lib/gcc/arm-none-eabi/6.3.1/../../../../arm-none-eabi/lib/thumb/v7e-m/fpv4-sp/hard/libg_nano.a(lib_a-mprec.o)
                0x0000000008005b70                __mprec_bigtens
 .rodata.__mprec_tens
                0x0000000008005b98       0xc8 /usr/local/bin/../lib/gcc/arm-none-eabi/6.3.1/../../../../arm-none-eabi/lib/thumb/v7e-m/fpv4-sp/hard/libg_nano.a(lib_a-mprec.o)
                0x0000000008005b98                __mprec_tens
 .rodata.p05.7170
                0x0000000008005c60        0xc /usr/local/bin/../lib/gcc/arm-none-eabi/6.3.1/../../../../arm-none-eabi/lib/thumb/v7e-m/fpv4-sp/hard/libg_nano.a(lib_a-mprec.o)
 .rodata._svfprintf_r.str1.1
                0x0000000008005c6c       0x11 /usr/local/bin/../lib/gcc/arm-none-eabi/6.3.1/../../../../arm-none-eabi/lib/thumb/v7e-m/fpv4-sp/hard/libg_nano.a(lib_a-nano-svfprintf.o)
 .rodata._ctype_
                0x0000000008005c7d      0x101 /usr/local/bin/../lib/gcc/arm-none-eabi/6.3.1/../../../../arm-none-eabi/lib/thumb/v7e-m/fpv4-sp/hard/libg_nano.a(lib_a-ctype_.o)
                0x0000000008005c7d                _ctype_
                0x0000000008005d7e                PROVIDE (__vector_load, .)
                0x0000000008005d7e        0x4 LONG 0x8000000 LOADADDR (.vector)
                0x0000000008005d82                PROVIDE (__vector_addr, .)
                0x0000000008005d82        0x4 LONG 0x10000000 ADDR (.vector)
                0x0000000008005d86                PROVIDE (__vector_size, .)
                0x0000000008005d86        0x4 LONG 0x188 SIZEOF (.vector)
                0x0000000008005d8a                PROVIDE (__devices_addr, .)
                0x0000000008005d8a        0x4 LONG 0x80059a4 ADDR (.devices)
                0x0000000008005d8e                PROVIDE (__devices_size, .)
                0x0000000008005d8e        0x4 LONG 0xc SIZEOF (.devices)
                0x0000000008005d92                PROVIDE (__ccm_load, .)
                0x0000000008005d92        0x4 LONG 0x8005dec LOADADDR (.ccm)
                0x0000000008005d96                PROVIDE (__ccm_addr, .)
                0x0000000008005d96        0x4 LONG 0x10000188 ADDR (.ccm)
                0x0000000008005d9a                PROVIDE (__ccm_size, .)
                0x0000000008005d9a        0x4 LONG 0xb4 SIZEOF (.ccm)
                0x0000000008005d9e                PROVIDE (__data_load, .)
                0x0000000008005d9e        0x4 LONG 0x8005ea0 LOADADDR (.data)
                0x0000000008005da2                PROVIDE (__data_addr, .)
                0x0000000008005da2        0x4 LONG 0x20000000 ADDR (.data)
                0x0000000008005da6                PROVIDE (__data_size, .)
                0x0000000008005da6        0x4 LONG 0x1d0 SIZEOF (.data)
                0x0000000008005daa                PROVIDE (__bss_addr, .)
                0x0000000008005daa        0x4 LONG 0x200001d0 ADDR (.bss)
                0x0000000008005dae                PROVIDE (__bss_size, .)
                0x0000000008005dae        0x4 LONG 0x1b0 SIZEOF (.bss)
                0x0000000008005db2                PROVIDE (__bss_end, .)
                0x0000000008005db2        0x4 LONG 0x20000380 (ADDR (.bss) + SIZEOF (.bss))
                0x0000000008005db6                PROVIDE (__mem_end, .)
                0x0000000008005db6        0x4 LONG 0x2000a000 (ORIGIN (IRAM) + LENGTH (IRAM))

.eh_frame       0x0000000008005dbc        0x0
 .eh_frame      0x0000000008005dbc        0x0 /usr/local/bin/../lib/gcc/arm-none-eabi/6.3.1/thumb/v7e-m/fpv4-sp/hard/crtbegin.o

.init           0x0000000008005dbc        0xc
 *(.init)
 .init          0x0000000008005dbc        0x4 /usr/local/bin/../lib/gcc/arm-none-eabi/6.3.1/thumb/v7e-m/fpv4-sp/hard/crti.o
                0x0000000008005dbc                _init
 .init          0x0000000008005dc0        0x8 /usr/local/bin/../lib/gcc/arm-none-eabi/6.3.1/thumb/v7e-m/fpv4-sp/hard/crtn.o

.fini           0x0000000008005dc8        0xc
 *(.fini)
 .fini          0x0000000008005dc8        0x4 /usr/local/bin/../lib/gcc/arm-none-eabi/6.3.1/thumb/v7e-m/fpv4-sp/hard/crti.o
                0x0000000008005dc8                _fini
 .fini          0x0000000008005dcc        0x8 /usr/local/bin/../lib/gcc/arm-none-eabi/6.3.1/thumb/v7e-m/fpv4-sp/hard/crtn.o

.ARM.extab
 *(.ARM.extab*)

.ARM.exidx      0x0000000008005dd4        0x8
 *(.ARM.exidx*)
 .ARM.exidx     0x0000000008005dd4        0x8 /usr/local/bin/../lib/gcc/arm-none-eabi/6.3.1/../../../../arm-none-eabi/lib/thumb/v7e-m/fpv4-sp/hard/crt0.o

.rel.dyn        0x0000000008005ddc        0x0
 .rel.iplt      0x0000000008005ddc        0x0 /usr/local/bin/../lib/gcc/arm-none-eabi/6.3.1/thumb/v7e-m/fpv4-sp/hard/crtbegin.o

.preinit_array  0x0000000008005ddc        0x0
                0x0000000008005ddc                PROVIDE (__preinit_array_start, .)
 *(.preinit_array*)
                0x0000000008005ddc                PROVIDE (__preinit_array_end, .)

.init_array     0x0000000008005ddc        0xc
                0x0000000008005ddc                PROVIDE (__init_array_start, .)
 *(SORT(.init_array.*))
 *(.init_array*)
 .init_array    0x0000000008005ddc        0x4 /usr/local/bin/../lib/gcc/arm-none-eabi/6.3.1/thumb/v7e-m/fpv4-sp/hard/crtbegin.o
 .init_array    0x0000000008005de0        0x4 ./system/src/device.o
 .init_array    0x0000000008005de4        0x4 ./system/src/stdio.o
                0x0000000008005de8                PROVIDE (__init_array_end, .)

.fini_array     0x0000000008005de8        0x4
                [!provide]                        PROVIDE (__fini_array_start, .)
 *(SORT(.fini_array.*))
 *(.fini_array*)
 .fini_array    0x0000000008005de8        0x4 /usr/local/bin/../lib/gcc/arm-none-eabi/6.3.1/thumb/v7e-m/fpv4-sp/hard/crtbegin.o
                [!provide]                        PROVIDE (__fini_array_end, .)
                0x0000000008005dec                . = ALIGN (0x4)

.ccm            0x0000000010000188       0xb4 load address 0x0000000008005dec
 *(.ccm*)
 .ccm           0x0000000010000188       0xb4 ./system/src/usart.o
                0x000000001000023c                . = ALIGN (0x4)
                0x0000000010002000                PROVIDE (__stack, (ORIGIN (CCM) + LENGTH (CCM)))

.data           0x0000000020000000      0x1d0 load address 0x0000000008005ea0
 *(.data*)
 .data._impure_ptr
                0x0000000020000000        0x4 /usr/local/bin/../lib/gcc/arm-none-eabi/6.3.1/../../../../arm-none-eabi/lib/thumb/v7e-m/fpv4-sp/hard/libg_nano.a(lib_a-impure.o)
                0x0000000020000000                _impure_ptr
 .data.impure_data
                0x0000000020000004       0x60 /usr/local/bin/../lib/gcc/arm-none-eabi/6.3.1/../../../../arm-none-eabi/lib/thumb/v7e-m/fpv4-sp/hard/libg_nano.a(lib_a-impure.o)
 .data.__global_locale
                0x0000000020000064      0x16c /usr/local/bin/../lib/gcc/arm-none-eabi/6.3.1/../../../../arm-none-eabi/lib/thumb/v7e-m/fpv4-sp/hard/libg_nano.a(lib_a-locale.o)
                0x0000000020000064                __global_locale
                0x00000000200001d0                . = ALIGN (0x4)

.jcr            0x00000000200001d0        0x0 load address 0x0000000008006070
 .jcr           0x00000000200001d0        0x0 /usr/local/bin/../lib/gcc/arm-none-eabi/6.3.1/thumb/v7e-m/fpv4-sp/hard/crtbegin.o

.igot.plt       0x00000000200001d0        0x0 load address 0x0000000008006070
 .igot.plt      0x00000000200001d0        0x0 /usr/local/bin/../lib/gcc/arm-none-eabi/6.3.1/thumb/v7e-m/fpv4-sp/hard/crtbegin.o

.bss            0x00000000200001d0      0x1b0 load address 0x0000000008006070
                0x00000000200001d0                PROVIDE (__bss_start__, .)
 *(.bss*)
 .bss           0x00000000200001d0       0x1c /usr/local/bin/../lib/gcc/arm-none-eabi/6.3.1/thumb/v7e-m/fpv4-sp/hard/crtbegin.o
 .bss.files     0x00000000200001ec      0x180 ./system/src/device.o
 .bss._brk      0x000000002000036c        0x4 ./system/src/sbrk.o
 .bss.__malloc_free_list
                0x0000000020000370        0x4 /usr/local/bin/../lib/gcc/arm-none-eabi/6.3.1/../../../../arm-none-eabi/lib/thumb/v7e-m/fpv4-sp/hard/libg_nano.a(lib_a-nano-mallocr.o)
                0x0000000020000370                __malloc_free_list
 .bss.__malloc_sbrk_start
                0x0000000020000374        0x4 /usr/local/bin/../lib/gcc/arm-none-eabi/6.3.1/../../../../arm-none-eabi/lib/thumb/v7e-m/fpv4-sp/hard/libg_nano.a(lib_a-nano-mallocr.o)
                0x0000000020000374                __malloc_sbrk_start
                0x0000000020000378                . = ALIGN (0x4)
                0x0000000020000378                PROVIDE (__bss_end__, .)
 COMMON         0x0000000020000378        0x4 ./platform/src/system_stm32f303cx.o
                0x0000000020000378                SystemCoreClock
 COMMON         0x000000002000037c        0x4 /usr/local/bin/../lib/gcc/arm-none-eabi/6.3.1/../../../../arm-none-eabi/lib/thumb/v7e-m/fpv4-sp/hard/libg_nano.a(lib_a-reent.o)
                0x000000002000037c                errno
OUTPUT(LCDClock.elf elf32-littlearm)

.ARM.attributes
                0x0000000000000000       0x30
 .ARM.attributes
                0x0000000000000000       0x22 /usr/local/bin/../lib/gcc/arm-none-eabi/6.3.1/thumb/v7e-m/fpv4-sp/hard/crti.o
 .ARM.attributes
                0x0000000000000022       0x34 /usr/local/bin/../lib/gcc/arm-none-eabi/6.3.1/thumb/v7e-m/fpv4-sp/hard/crtbegin.o
 .ARM.attributes
                0x0000000000000056       0x20 /usr/local/bin/../lib/gcc/arm-none-eabi/6.3.1/../../../../arm-none-eabi/lib/thumb/v7e-m/fpv4-sp/hard/crt0.o
 .ARM.attributes
                0x0000000000000076       0x39 ./system/src/device.o
 .ARM.attributes
                0x00000000000000af       0x39 ./system/src/sbrk.o
 .ARM.attributes
                0x00000000000000e8       0x39 ./system/src/stdio.o
 .ARM.attributes
                0x0000000000000121       0x39 ./system/src/usart.o
 .ARM.attributes
                0x000000000000015a       0x39 ./src/main.o
 .ARM.attributes
                0x0000000000000193       0x39 ./platform/src/stm32f303xc_it.o
 .ARM.attributes
                0x00000000000001cc       0x39 ./platform/src/system_stm32f303cx.o
 .ARM.attributes
                0x0000000000000205       0x34 /usr/local/bin/../lib/gcc/arm-none-eabi/6.3.1/../../../../arm-none-eabi/lib/thumb/v7e-m/fpv4-sp/hard/libg_nano.a(lib_a-calloc.o)
 .ARM.attributes
                0x0000000000000239       0x34 /usr/local/bin/../lib/gcc/arm-none-eabi/6.3.1/../../../../arm-none-eabi/lib/thumb/v7e-m/fpv4-sp/hard/libg_nano.a(lib_a-exit.o)
 .ARM.attributes
                0x000000000000026d       0x34 /usr/local/bin/../lib/gcc/arm-none-eabi/6.3.1/../../../../arm-none-eabi/lib/thumb/v7e-m/fpv4-sp/hard/libg_nano.a(lib_a-fwrite.o)
 .ARM.attributes
                0x00000000000002a1       0x34 /usr/local/bin/../lib/gcc/arm-none-eabi/6.3.1/../../../../arm-none-eabi/lib/thumb/v7e-m/fpv4-sp/hard/libg_nano.a(lib_a-impure.o)
 .ARM.attributes
                0x00000000000002d5       0x34 /usr/local/bin/../lib/gcc/arm-none-eabi/6.3.1/../../../../arm-none-eabi/lib/thumb/v7e-m/fpv4-sp/hard/libg_nano.a(lib_a-init.o)
 .ARM.attributes
                0x0000000000000309       0x34 /usr/local/bin/../lib/gcc/arm-none-eabi/6.3.1/../../../../arm-none-eabi/lib/thumb/v7e-m/fpv4-sp/hard/libg_nano.a(lib_a-malloc.o)
 .ARM.attributes
                0x000000000000033d       0x34 /usr/local/bin/../lib/gcc/arm-none-eabi/6.3.1/../../../../arm-none-eabi/lib/thumb/v7e-m/fpv4-sp/hard/libg_nano.a(lib_a-memcpy-stub.o)
 .ARM.attributes
                0x0000000000000371       0x34 /usr/local/bin/../lib/gcc/arm-none-eabi/6.3.1/../../../../arm-none-eabi/lib/thumb/v7e-m/fpv4-sp/hard/libg_nano.a(lib_a-memset.o)
 .ARM.attributes
                0x00000000000003a5       0x34 /usr/local/bin/../lib/gcc/arm-none-eabi/6.3.1/../../../../arm-none-eabi/lib/thumb/v7e-m/fpv4-sp/hard/libg_nano.a(lib_a-nano-callocr.o)
 .ARM.attributes
                0x00000000000003d9       0x34 /usr/local/bin/../lib/gcc/arm-none-eabi/6.3.1/../../../../arm-none-eabi/lib/thumb/v7e-m/fpv4-sp/hard/libg_nano.a(lib_a-nano-freer.o)
 .ARM.attributes
                0x000000000000040d       0x34 /usr/local/bin/../lib/gcc/arm-none-eabi/6.3.1/../../../../arm-none-eabi/lib/thumb/v7e-m/fpv4-sp/hard/libg_nano.a(lib_a-nano-mallocr.o)
 .ARM.attributes
                0x0000000000000441       0x34 /usr/local/bin/../lib/gcc/arm-none-eabi/6.3.1/../../../../arm-none-eabi/lib/thumb/v7e-m/fpv4-sp/hard/libg_nano.a(lib_a-nano-vfprintf_float.o)
 .ARM.attributes
                0x0000000000000475       0x34 /usr/local/bin/../lib/gcc/arm-none-eabi/6.3.1/../../../../arm-none-eabi/lib/thumb/v7e-m/fpv4-sp/hard/libg_nano.a(lib_a-nano-vfprintf_i.o)
 .ARM.attributes
                0x00000000000004a9       0x34 /usr/local/bin/../lib/gcc/arm-none-eabi/6.3.1/../../../../arm-none-eabi/lib/thumb/v7e-m/fpv4-sp/hard/libg_nano.a(lib_a-nano-vfscanf_float.o)
 .ARM.attributes
                0x00000000000004dd       0x34 /usr/local/bin/../lib/gcc/arm-none-eabi/6.3.1/../../../../arm-none-eabi/lib/thumb/v7e-m/fpv4-sp/hard/libg_nano.a(lib_a-reent.o)
 .ARM.attributes
                0x0000000000000511       0x34 /usr/local/bin/../lib/gcc/arm-none-eabi/6.3.1/../../../../arm-none-eabi/lib/thumb/v7e-m/fpv4-sp/hard/libg_nano.a(lib_a-sbrkr.o)
 .ARM.attributes
                0x0000000000000545       0x34 /usr/local/bin/../lib/gcc/arm-none-eabi/6.3.1/../../../../arm-none-eabi/lib/thumb/v7e-m/fpv4-sp/hard/libg_nano.a(lib_a-sf_nan.o)
 .ARM.attributes
                0x0000000000000579       0x34 /usr/local/bin/../lib/gcc/arm-none-eabi/6.3.1/../../../../arm-none-eabi/lib/thumb/v7e-m/fpv4-sp/hard/libg_nano.a(lib_a-sprintf.o)
 .ARM.attributes
                0x00000000000005ad       0x20 /usr/local/bin/../lib/gcc/arm-none-eabi/6.3.1/../../../../arm-none-eabi/lib/thumb/v7e-m/fpv4-sp/hard/libg_nano.a(lib_a-strcmp.o)
 .ARM.attributes
                0x00000000000005cd       0x1b /usr/local/bin/../lib/gcc/arm-none-eabi/6.3.1/../../../../arm-none-eabi/lib/thumb/v7e-m/fpv4-sp/hard/libg_nano.a(lib_a-strlen.o)
 .ARM.attributes
                0x00000000000005e8       0x34 /usr/local/bin/../lib/gcc/arm-none-eabi/6.3.1/../../../../arm-none-eabi/lib/thumb/v7e-m/fpv4-sp/hard/libg_nano.a(lib_a-strrchr.o)
 .ARM.attributes
                0x000000000000061c       0x34 /usr/local/bin/../lib/gcc/arm-none-eabi/6.3.1/../../../../arm-none-eabi/lib/thumb/v7e-m/fpv4-sp/hard/libg_nano.a(lib_a-strtod.o)
 .ARM.attributes
                0x0000000000000650       0x34 /usr/local/bin/../lib/gcc/arm-none-eabi/6.3.1/../../../../arm-none-eabi/lib/thumb/v7e-m/fpv4-sp/hard/libg_nano.a(lib_a-strtol.o)
 .ARM.attributes
                0x0000000000000684       0x34 /usr/local/bin/../lib/gcc/arm-none-eabi/6.3.1/../../../../arm-none-eabi/lib/thumb/v7e-m/fpv4-sp/hard/libg_nano.a(lib_a-sysclose.o)
 .ARM.attributes
                0x00000000000006b8       0x34 /usr/local/bin/../lib/gcc/arm-none-eabi/6.3.1/../../../../arm-none-eabi/lib/thumb/v7e-m/fpv4-sp/hard/libg_nano.a(lib_a-sysopen.o)
 .ARM.attributes
                0x00000000000006ec       0x34 /usr/local/bin/../lib/gcc/arm-none-eabi/6.3.1/../../../../arm-none-eabi/lib/thumb/v7e-m/fpv4-sp/hard/libg_nano.a(lib_a-wbuf.o)
 .ARM.attributes
                0x0000000000000720       0x34 /usr/local/bin/../lib/gcc/arm-none-eabi/6.3.1/../../../../arm-none-eabi/lib/thumb/v7e-m/fpv4-sp/hard/libg_nano.a(lib_a-wsetup.o)
 .ARM.attributes
                0x0000000000000754       0x34 /usr/local/bin/../lib/gcc/arm-none-eabi/6.3.1/../../../../arm-none-eabi/lib/thumb/v7e-m/fpv4-sp/hard/libg_nano.a(lib_a-closer.o)
 .ARM.attributes
                0x0000000000000788       0x34 /usr/local/bin/../lib/gcc/arm-none-eabi/6.3.1/../../../../arm-none-eabi/lib/thumb/v7e-m/fpv4-sp/hard/libg_nano.a(lib_a-dtoa.o)
 .ARM.attributes
                0x00000000000007bc       0x34 /usr/local/bin/../lib/gcc/arm-none-eabi/6.3.1/../../../../arm-none-eabi/lib/thumb/v7e-m/fpv4-sp/hard/libg_nano.a(lib_a-fflush.o)
 .ARM.attributes
                0x00000000000007f0       0x34 /usr/local/bin/../lib/gcc/arm-none-eabi/6.3.1/../../../../arm-none-eabi/lib/thumb/v7e-m/fpv4-sp/hard/libg_nano.a(lib_a-findfp.o)
 .ARM.attributes
                0x0000000000000824       0x34 /usr/local/bin/../lib/gcc/arm-none-eabi/6.3.1/../../../../arm-none-eabi/lib/thumb/v7e-m/fpv4-sp/hard/libg_nano.a(lib_a-fwalk.o)
 .ARM.attributes
                0x0000000000000858       0x34 /usr/local/bin/../lib/gcc/arm-none-eabi/6.3.1/../../../../arm-none-eabi/lib/thumb/v7e-m/fpv4-sp/hard/libg_nano.a(lib_a-gdtoa-gethex.o)
 .ARM.attributes
                0x000000000000088c       0x34 /usr/local/bin/../lib/gcc/arm-none-eabi/6.3.1/../../../../arm-none-eabi/lib/thumb/v7e-m/fpv4-sp/hard/libg_nano.a(lib_a-gdtoa-hexnan.o)
 .ARM.attributes
                0x00000000000008c0       0x34 /usr/local/bin/../lib/gcc/arm-none-eabi/6.3.1/../../../../arm-none-eabi/lib/thumb/v7e-m/fpv4-sp/hard/libg_nano.a(lib_a-locale.o)
 .ARM.attributes
                0x00000000000008f4       0x34 /usr/local/bin/../lib/gcc/arm-none-eabi/6.3.1/../../../../arm-none-eabi/lib/thumb/v7e-m/fpv4-sp/hard/libg_nano.a(lib_a-localeconv.o)
 .ARM.attributes
                0x0000000000000928       0x34 /usr/local/bin/../lib/gcc/arm-none-eabi/6.3.1/../../../../arm-none-eabi/lib/thumb/v7e-m/fpv4-sp/hard/libg_nano.a(lib_a-makebuf.o)
 .ARM.attributes
                0x000000000000095c       0x34 /usr/local/bin/../lib/gcc/arm-none-eabi/6.3.1/../../../../arm-none-eabi/lib/thumb/v7e-m/fpv4-sp/hard/libg_nano.a(lib_a-mbtowc_r.o)
 .ARM.attributes
                0x0000000000000990       0x20 /usr/local/bin/../lib/gcc/arm-none-eabi/6.3.1/../../../../arm-none-eabi/lib/thumb/v7e-m/fpv4-sp/hard/libg_nano.a(lib_a-memchr.o)
 .ARM.attributes
                0x00000000000009b0       0x34 /usr/local/bin/../lib/gcc/arm-none-eabi/6.3.1/../../../../arm-none-eabi/lib/thumb/v7e-m/fpv4-sp/hard/libg_nano.a(lib_a-mlock.o)
 .ARM.attributes
                0x00000000000009e4       0x34 /usr/local/bin/../lib/gcc/arm-none-eabi/6.3.1/../../../../arm-none-eabi/lib/thumb/v7e-m/fpv4-sp/hard/libg_nano.a(lib_a-mprec.o)
 .ARM.attributes
                0x0000000000000a18       0x34 /usr/local/bin/../lib/gcc/arm-none-eabi/6.3.1/../../../../arm-none-eabi/lib/thumb/v7e-m/fpv4-sp/hard/libg_nano.a(lib_a-nano-svfprintf.o)
 .ARM.attributes
                0x0000000000000a4c       0x34 /usr/local/bin/../lib/gcc/arm-none-eabi/6.3.1/../../../../arm-none-eabi/lib/thumb/v7e-m/fpv4-sp/hard/libg_nano.a(lib_a-openr.o)
 .ARM.attributes
                0x0000000000000a80       0x34 /usr/local/bin/../lib/gcc/arm-none-eabi/6.3.1/../../../../arm-none-eabi/lib/thumb/v7e-m/fpv4-sp/hard/libg_nano.a(lib_a-stdio.o)
 .ARM.attributes
                0x0000000000000ab4       0x34 /usr/local/bin/../lib/gcc/arm-none-eabi/6.3.1/../../../../arm-none-eabi/lib/thumb/v7e-m/fpv4-sp/hard/libg_nano.a(lib_a-strchr.o)
 .ARM.attributes
                0x0000000000000ae8       0x34 /usr/local/bin/../lib/gcc/arm-none-eabi/6.3.1/../../../../arm-none-eabi/lib/thumb/v7e-m/fpv4-sp/hard/libg_nano.a(lib_a-strncmp.o)
 .ARM.attributes
                0x0000000000000b1c       0x34 /usr/local/bin/../lib/gcc/arm-none-eabi/6.3.1/../../../../arm-none-eabi/lib/thumb/v7e-m/fpv4-sp/hard/libg_nano.a(lib_a-wctomb_r.o)
 .ARM.attributes
                0x0000000000000b50       0x34 /usr/local/bin/../lib/gcc/arm-none-eabi/6.3.1/../../../../arm-none-eabi/lib/thumb/v7e-m/fpv4-sp/hard/libg_nano.a(lib_a-writer.o)
 .ARM.attributes
                0x0000000000000b84       0x34 /usr/local/bin/../lib/gcc/arm-none-eabi/6.3.1/../../../../arm-none-eabi/lib/thumb/v7e-m/fpv4-sp/hard/libg_nano.a(lib_a-ctype_.o)
 .ARM.attributes
                0x0000000000000bb8       0x34 /usr/local/bin/../lib/gcc/arm-none-eabi/6.3.1/../../../../arm-none-eabi/lib/thumb/v7e-m/fpv4-sp/hard/libg_nano.a(lib_a-fstatr.o)
 .ARM.attributes
                0x0000000000000bec       0x34 /usr/local/bin/../lib/gcc/arm-none-eabi/6.3.1/../../../../arm-none-eabi/lib/thumb/v7e-m/fpv4-sp/hard/libg_nano.a(lib_a-isattyr.o)
 .ARM.attributes
                0x0000000000000c20       0x34 /usr/local/bin/../lib/gcc/arm-none-eabi/6.3.1/../../../../arm-none-eabi/lib/thumb/v7e-m/fpv4-sp/hard/libg_nano.a(lib_a-lseekr.o)
 .ARM.attributes
                0x0000000000000c54       0x34 /usr/local/bin/../lib/gcc/arm-none-eabi/6.3.1/../../../../arm-none-eabi/lib/thumb/v7e-m/fpv4-sp/hard/libg_nano.a(lib_a-memmove.o)
 .ARM.attributes
                0x0000000000000c88       0x34 /usr/local/bin/../lib/gcc/arm-none-eabi/6.3.1/../../../../arm-none-eabi/lib/thumb/v7e-m/fpv4-sp/hard/libg_nano.a(lib_a-nano-reallocr.o)
 .ARM.attributes
                0x0000000000000cbc       0x34 /usr/local/bin/../lib/gcc/arm-none-eabi/6.3.1/../../../../arm-none-eabi/lib/thumb/v7e-m/fpv4-sp/hard/libg_nano.a(lib_a-readr.o)
 .ARM.attributes
                0x0000000000000cf0       0x34 /usr/local/bin/../lib/gcc/arm-none-eabi/6.3.1/../../../../arm-none-eabi/lib/thumb/v7e-m/fpv4-sp/hard/libg_nano.a(lib_a-nano-msizer.o)
 .ARM.attributes
                0x0000000000000d24       0x22 /usr/local/bin/../lib/gcc/arm-none-eabi/6.3.1/thumb/v7e-m/fpv4-sp/hard/libgcc.a(_arm_addsubdf3.o)
 .ARM.attributes
                0x0000000000000d46       0x22 /usr/local/bin/../lib/gcc/arm-none-eabi/6.3.1/thumb/v7e-m/fpv4-sp/hard/libgcc.a(_arm_muldivdf3.o)
 .ARM.attributes
                0x0000000000000d68       0x22 /usr/local/bin/../lib/gcc/arm-none-eabi/6.3.1/thumb/v7e-m/fpv4-sp/hard/libgcc.a(_arm_cmpdf2.o)
 .ARM.attributes
                0x0000000000000d8a       0x22 /usr/local/bin/../lib/gcc/arm-none-eabi/6.3.1/thumb/v7e-m/fpv4-sp/hard/libgcc.a(_arm_unorddf2.o)
 .ARM.attributes
                0x0000000000000dac       0x22 /usr/local/bin/../lib/gcc/arm-none-eabi/6.3.1/thumb/v7e-m/fpv4-sp/hard/libgcc.a(_arm_fixdfsi.o)
 .ARM.attributes
                0x0000000000000dce       0x22 /usr/local/bin/../lib/gcc/arm-none-eabi/6.3.1/thumb/v7e-m/fpv4-sp/hard/libgcc.a(_arm_fixunsdfsi.o)
 .ARM.attributes
                0x0000000000000df0       0x22 /usr/local/bin/../lib/gcc/arm-none-eabi/6.3.1/thumb/v7e-m/fpv4-sp/hard/libgcc.a(_arm_truncdfsf2.o)
 .ARM.attributes
                0x0000000000000e12       0x22 /usr/local/bin/../lib/gcc/arm-none-eabi/6.3.1/thumb/v7e-m/fpv4-sp/hard/crtn.o

.comment        0x0000000000000000       0x7f
 .comment       0x0000000000000000       0x7f ./system/src/device.o
                                         0x80 (size before relaxing)
 .comment       0x000000000000007f       0x80 ./system/src/sbrk.o
 .comment       0x000000000000007f       0x80 ./system/src/stdio.o
 .comment       0x000000000000007f       0x80 ./system/src/usart.o
 .comment       0x000000000000007f       0x80 ./src/main.o
 .comment       0x000000000000007f       0x80 ./platform/src/stm32f303xc_it.o
 .comment       0x000000000000007f       0x80 ./platform/src/system_stm32f303cx.o

.debug_info     0x0000000000000000     0x5c31
 .debug_info    0x0000000000000000     0x1629 ./system/src/device.o
 .debug_info    0x0000000000001629      0x99e ./system/src/sbrk.o
 .debug_info    0x0000000000001fc7      0xa06 ./system/src/stdio.o
 .debug_info    0x00000000000029cd     0x1767 ./system/src/usart.o
 .debug_info    0x0000000000004134      0x92e ./src/main.o
 .debug_info    0x0000000000004a62      0xebc ./platform/src/stm32f303xc_it.o
 .debug_info    0x000000000000591e      0x313 ./platform/src/system_stm32f303cx.o

.debug_abbrev   0x0000000000000000     0x10f3
 .debug_abbrev  0x0000000000000000      0x40a ./system/src/device.o
 .debug_abbrev  0x000000000000040a      0x1de ./system/src/sbrk.o
 .debug_abbrev  0x00000000000005e8      0x1f0 ./system/src/stdio.o
 .debug_abbrev  0x00000000000007d8      0x36c ./system/src/usart.o
 .debug_abbrev  0x0000000000000b44      0x1df ./src/main.o
 .debug_abbrev  0x0000000000000d23      0x29b ./platform/src/stm32f303xc_it.o
 .debug_abbrev  0x0000000000000fbe      0x135 ./platform/src/system_stm32f303cx.o

.debug_loc      0x0000000000000000      0xf0e
 .debug_loc     0x0000000000000000      0xaac ./system/src/device.o
 .debug_loc     0x0000000000000aac       0xb6 ./system/src/sbrk.o
 .debug_loc     0x0000000000000b62       0x34 ./system/src/stdio.o
 .debug_loc     0x0000000000000b96      0x32c ./system/src/usart.o
 .debug_loc     0x0000000000000ec2       0x13 ./platform/src/stm32f303xc_it.o
 .debug_loc     0x0000000000000ed5       0x39 ./platform/src/system_stm32f303cx.o

.debug_aranges  0x0000000000000000      0x1a0
 .debug_aranges
                0x0000000000000000       0x78 ./system/src/device.o
 .debug_aranges
                0x0000000000000078       0x20 ./system/src/sbrk.o
 .debug_aranges
                0x0000000000000098       0x20 ./system/src/stdio.o
 .debug_aranges
                0x00000000000000b8       0x70 ./system/src/usart.o
 .debug_aranges
                0x0000000000000128       0x20 ./src/main.o
 .debug_aranges
                0x0000000000000148       0x30 ./platform/src/stm32f303xc_it.o
 .debug_aranges
                0x0000000000000178       0x28 ./platform/src/system_stm32f303cx.o

.debug_ranges   0x0000000000000000      0x258
 .debug_ranges  0x0000000000000000      0x190 ./system/src/device.o
 .debug_ranges  0x0000000000000190       0x10 ./system/src/sbrk.o
 .debug_ranges  0x00000000000001a0       0x10 ./system/src/stdio.o
 .debug_ranges  0x00000000000001b0       0x60 ./system/src/usart.o
 .debug_ranges  0x0000000000000210       0x10 ./src/main.o
 .debug_ranges  0x0000000000000220       0x20 ./platform/src/stm32f303xc_it.o
 .debug_ranges  0x0000000000000240       0x18 ./platform/src/system_stm32f303cx.o

.debug_macro    0x0000000000000000     0xd1d8
 .debug_macro   0x0000000000000000      0x294 ./system/src/device.o
 .debug_macro   0x0000000000000294      0x8aa ./system/src/device.o
 .debug_macro   0x0000000000000b3e       0x22 ./system/src/device.o
 .debug_macro   0x0000000000000b60       0x87 ./system/src/device.o
 .debug_macro   0x0000000000000be7       0x51 ./system/src/device.o
 .debug_macro   0x0000000000000c38       0xef ./system/src/device.o
 .debug_macro   0x0000000000000d27       0x6a ./system/src/device.o
 .debug_macro   0x0000000000000d91      0x1df ./system/src/device.o
 .debug_macro   0x0000000000000f70      0x174 ./system/src/device.o
 .debug_macro   0x00000000000010e4       0x58 ./system/src/device.o
 .debug_macro   0x000000000000113c       0x35 ./system/src/device.o
 .debug_macro   0x0000000000001171       0x9c ./system/src/device.o
 .debug_macro   0x000000000000120d      0x330 ./system/src/device.o
 .debug_macro   0x000000000000153d       0x10 ./system/src/device.o
 .debug_macro   0x000000000000154d       0x58 ./system/src/device.o
 .debug_macro   0x00000000000015a5       0x1f ./system/src/device.o
 .debug_macro   0x00000000000015c4       0x43 ./system/src/device.o
 .debug_macro   0x0000000000001607       0x20 ./system/src/device.o
 .debug_macro   0x0000000000001627       0x1c ./system/src/device.o
 .debug_macro   0x0000000000001643       0x52 ./system/src/device.o
 .debug_macro   0x0000000000001695       0x40 ./system/src/device.o
 .debug_macro   0x00000000000016d5       0x10 ./system/src/device.o
 .debug_macro   0x00000000000016e5       0x40 ./system/src/device.o
 .debug_macro   0x0000000000001725       0xd7 ./system/src/device.o
 .debug_macro   0x00000000000017fc      0x187 ./system/src/device.o
 .debug_macro   0x0000000000001983       0x10 ./system/src/device.o
 .debug_macro   0x0000000000001993       0x35 ./system/src/device.o
 .debug_macro   0x00000000000019c8       0x10 ./system/src/device.o
 .debug_macro   0x00000000000019d8       0x10 ./system/src/device.o
 .debug_macro   0x00000000000019e8       0x35 ./system/src/device.o
 .debug_macro   0x0000000000001a1d      0x122 ./system/src/device.o
 .debug_macro   0x0000000000001b3f       0x10 ./system/src/device.o
 .debug_macro   0x0000000000001b4f       0x16 ./system/src/device.o
 .debug_macro   0x0000000000001b65       0x16 ./system/src/device.o
 .debug_macro   0x0000000000001b7b       0x29 ./system/src/device.o
 .debug_macro   0x0000000000001ba4       0x16 ./system/src/device.o
 .debug_macro   0x0000000000001bba       0x58 ./system/src/device.o
 .debug_macro   0x0000000000001c12       0x16 ./system/src/device.o
 .debug_macro   0x0000000000001c28      0x51a ./system/src/device.o
 .debug_macro   0x0000000000002142      0x1da ./system/src/device.o
 .debug_macro   0x000000000000231c       0x10 ./system/src/device.o
 .debug_macro   0x000000000000232c       0x10 ./system/src/device.o
 .debug_macro   0x000000000000233c      0x241 ./system/src/device.o
 .debug_macro   0x000000000000257d      0x1e5 ./system/src/sbrk.o
 .debug_macro   0x0000000000002762       0x52 ./system/src/sbrk.o
 .debug_macro   0x00000000000027b4       0x8d ./system/src/sbrk.o
 .debug_macro   0x0000000000002841      0x10e ./system/src/sbrk.o
 .debug_macro   0x000000000000294f       0x8d ./system/src/sbrk.o
 .debug_macro   0x00000000000029dc       0x57 ./system/src/sbrk.o
 .debug_macro   0x0000000000002a33      0x1cd ./system/src/stdio.o
 .debug_macro   0x0000000000002c00      0x1d4 ./system/src/stdio.o
 .debug_macro   0x0000000000002dd4      0x2bf ./system/src/usart.o
 .debug_macro   0x0000000000003093       0x28 ./system/src/usart.o
 .debug_macro   0x00000000000030bb       0x28 ./system/src/usart.o
 .debug_macro   0x00000000000030e3       0x1c ./system/src/usart.o
 .debug_macro   0x00000000000030ff       0x22 ./system/src/usart.o
 .debug_macro   0x0000000000003121       0xd3 ./system/src/usart.o
 .debug_macro   0x00000000000031f4      0xfe0 ./system/src/usart.o
 .debug_macro   0x00000000000041d4       0xe2 ./system/src/usart.o
 .debug_macro   0x00000000000042b6       0x10 ./system/src/usart.o
 .debug_macro   0x00000000000042c6     0x822c ./system/src/usart.o
 .debug_macro   0x000000000000c4f2       0x43 ./system/src/usart.o
 .debug_macro   0x000000000000c535       0x10 ./system/src/usart.o
 .debug_macro   0x000000000000c545       0x10 ./system/src/usart.o
 .debug_macro   0x000000000000c555       0x1c ./system/src/usart.o
 .debug_macro   0x000000000000c571      0x21b ./src/main.o
 .debug_macro   0x000000000000c78c       0xd9 ./src/main.o
 .debug_macro   0x000000000000c865       0x16 ./src/main.o
 .debug_macro   0x000000000000c87b       0x97 ./src/main.o
 .debug_macro   0x000000000000c912      0x32a ./src/main.o
 .debug_macro   0x000000000000cc3c       0xfd ./src/main.o
 .debug_macro   0x000000000000cd39       0x10 ./src/main.o
 .debug_macro   0x000000000000cd49       0x16 ./src/main.o
 .debug_macro   0x000000000000cd5f      0x18b ./src/main.o
 .debug_macro   0x000000000000ceea      0x1dd ./platform/src/stm32f303xc_it.o
 .debug_macro   0x000000000000d0c7       0x10 ./platform/src/stm32f303xc_it.o
 .debug_macro   0x000000000000d0d7       0xeb ./platform/src/system_stm32f303cx.o
 .debug_macro   0x000000000000d1c2       0x16 ./platform/src/system_stm32f303cx.o

.debug_line     0x0000000000000000     0x1b38
 .debug_line    0x0000000000000000      0x65a ./system/src/device.o
 .debug_line    0x000000000000065a      0x2ad ./system/src/sbrk.o
 .debug_line    0x0000000000000907      0x28d ./system/src/stdio.o
 .debug_line    0x0000000000000b94      0x5b8 ./system/src/usart.o
 .debug_line    0x000000000000114c      0x37f ./src/main.o
 .debug_line    0x00000000000014cb      0x384 ./platform/src/stm32f303xc_it.o
 .debug_line    0x000000000000184f      0x2e9 ./platform/src/system_stm32f303cx.o

.debug_str      0x0000000000000000    0x40a6a
 .debug_str     0x0000000000000000     0x8e9d ./system/src/device.o
                                       0x9241 (size before relaxing)
 .debug_str     0x0000000000008e9d       0x4b ./system/src/sbrk.o
                                       0x7b09 (size before relaxing)
 .debug_str     0x0000000000008ee8       0x26 ./system/src/stdio.o
                                       0x7ddc (size before relaxing)
 .debug_str     0x0000000000008f0e    0x37190 ./system/src/usart.o
                                      0x3ee5e (size before relaxing)
 .debug_str     0x000000000004009e      0x720 ./src/main.o
                                      0x3df98 (size before relaxing)
 .debug_str     0x00000000000407be      0x20f ./platform/src/stm32f303xc_it.o
                                      0x3d4f2 (size before relaxing)
 .debug_str     0x00000000000409cd       0x9d ./platform/src/system_stm32f303cx.o
                                      0x3a089 (size before relaxing)

.debug_frame    0x0000000000000000     0x16d0
 .debug_frame   0x0000000000000000      0x188 ./system/src/device.o
 .debug_frame   0x0000000000000188       0x20 ./system/src/sbrk.o
 .debug_frame   0x00000000000001a8       0x28 ./system/src/stdio.o
 .debug_frame   0x00000000000001d0      0x104 ./system/src/usart.o
 .debug_frame   0x00000000000002d4       0x28 ./src/main.o
 .debug_frame   0x00000000000002fc       0x48 ./platform/src/stm32f303xc_it.o
 .debug_frame   0x0000000000000344       0x30 ./platform/src/system_stm32f303cx.o
 .debug_frame   0x0000000000000374       0x20 /usr/local/bin/../lib/gcc/arm-none-eabi/6.3.1/../../../../arm-none-eabi/lib/thumb/v7e-m/fpv4-sp/hard/libg_nano.a(lib_a-calloc.o)
 .debug_frame   0x0000000000000394       0x28 /usr/local/bin/../lib/gcc/arm-none-eabi/6.3.1/../../../../arm-none-eabi/lib/thumb/v7e-m/fpv4-sp/hard/libg_nano.a(lib_a-exit.o)
 .debug_frame   0x00000000000003bc       0x4c /usr/local/bin/../lib/gcc/arm-none-eabi/6.3.1/../../../../arm-none-eabi/lib/thumb/v7e-m/fpv4-sp/hard/libg_nano.a(lib_a-fwrite.o)
 .debug_frame   0x0000000000000408       0x2c /usr/local/bin/../lib/gcc/arm-none-eabi/6.3.1/../../../../arm-none-eabi/lib/thumb/v7e-m/fpv4-sp/hard/libg_nano.a(lib_a-init.o)
 .debug_frame   0x0000000000000434       0x30 /usr/local/bin/../lib/gcc/arm-none-eabi/6.3.1/../../../../arm-none-eabi/lib/thumb/v7e-m/fpv4-sp/hard/libg_nano.a(lib_a-malloc.o)
 .debug_frame   0x0000000000000464       0x28 /usr/local/bin/../lib/gcc/arm-none-eabi/6.3.1/../../../../arm-none-eabi/lib/thumb/v7e-m/fpv4-sp/hard/libg_nano.a(lib_a-memcpy-stub.o)
 .debug_frame   0x000000000000048c       0x20 /usr/local/bin/../lib/gcc/arm-none-eabi/6.3.1/../../../../arm-none-eabi/lib/thumb/v7e-m/fpv4-sp/hard/libg_nano.a(lib_a-memset.o)
 .debug_frame   0x00000000000004ac       0x2c /usr/local/bin/../lib/gcc/arm-none-eabi/6.3.1/../../../../arm-none-eabi/lib/thumb/v7e-m/fpv4-sp/hard/libg_nano.a(lib_a-nano-callocr.o)
 .debug_frame   0x00000000000004d8       0x38 /usr/local/bin/../lib/gcc/arm-none-eabi/6.3.1/../../../../arm-none-eabi/lib/thumb/v7e-m/fpv4-sp/hard/libg_nano.a(lib_a-nano-freer.o)
 .debug_frame   0x0000000000000510       0x2c /usr/local/bin/../lib/gcc/arm-none-eabi/6.3.1/../../../../arm-none-eabi/lib/thumb/v7e-m/fpv4-sp/hard/libg_nano.a(lib_a-nano-mallocr.o)
 .debug_frame   0x000000000000053c       0x8c /usr/local/bin/../lib/gcc/arm-none-eabi/6.3.1/../../../../arm-none-eabi/lib/thumb/v7e-m/fpv4-sp/hard/libg_nano.a(lib_a-nano-vfprintf_float.o)
 .debug_frame   0x00000000000005c8       0x60 /usr/local/bin/../lib/gcc/arm-none-eabi/6.3.1/../../../../arm-none-eabi/lib/thumb/v7e-m/fpv4-sp/hard/libg_nano.a(lib_a-nano-vfprintf_i.o)
 .debug_frame   0x0000000000000628       0x40 /usr/local/bin/../lib/gcc/arm-none-eabi/6.3.1/../../../../arm-none-eabi/lib/thumb/v7e-m/fpv4-sp/hard/libg_nano.a(lib_a-nano-vfscanf_float.o)
 .debug_frame   0x0000000000000668       0x5c /usr/local/bin/../lib/gcc/arm-none-eabi/6.3.1/../../../../arm-none-eabi/lib/thumb/v7e-m/fpv4-sp/hard/libg_nano.a(lib_a-reent.o)
 .debug_frame   0x00000000000006c4       0x2c /usr/local/bin/../lib/gcc/arm-none-eabi/6.3.1/../../../../arm-none-eabi/lib/thumb/v7e-m/fpv4-sp/hard/libg_nano.a(lib_a-sbrkr.o)
 .debug_frame   0x00000000000006f0       0x20 /usr/local/bin/../lib/gcc/arm-none-eabi/6.3.1/../../../../arm-none-eabi/lib/thumb/v7e-m/fpv4-sp/hard/libg_nano.a(lib_a-sf_nan.o)
 .debug_frame   0x0000000000000710       0x70 /usr/local/bin/../lib/gcc/arm-none-eabi/6.3.1/../../../../arm-none-eabi/lib/thumb/v7e-m/fpv4-sp/hard/libg_nano.a(lib_a-sprintf.o)
 .debug_frame   0x0000000000000780       0x20 /usr/local/bin/../lib/gcc/arm-none-eabi/6.3.1/../../../../arm-none-eabi/lib/thumb/v7e-m/fpv4-sp/hard/libg_nano.a(lib_a-strcmp.o)
 .debug_frame   0x00000000000007a0       0x34 /usr/local/bin/../lib/gcc/arm-none-eabi/6.3.1/../../../../arm-none-eabi/lib/thumb/v7e-m/fpv4-sp/hard/libg_nano.a(lib_a-strrchr.o)
 .debug_frame   0x00000000000007d4      0x12c /usr/local/bin/../lib/gcc/arm-none-eabi/6.3.1/../../../../arm-none-eabi/lib/thumb/v7e-m/fpv4-sp/hard/libg_nano.a(lib_a-strtod.o)
 .debug_frame   0x0000000000000900       0x88 /usr/local/bin/../lib/gcc/arm-none-eabi/6.3.1/../../../../arm-none-eabi/lib/thumb/v7e-m/fpv4-sp/hard/libg_nano.a(lib_a-strtol.o)
 .debug_frame   0x0000000000000988       0x20 /usr/local/bin/../lib/gcc/arm-none-eabi/6.3.1/../../../../arm-none-eabi/lib/thumb/v7e-m/fpv4-sp/hard/libg_nano.a(lib_a-sysclose.o)
 .debug_frame   0x00000000000009a8       0x3c /usr/local/bin/../lib/gcc/arm-none-eabi/6.3.1/../../../../arm-none-eabi/lib/thumb/v7e-m/fpv4-sp/hard/libg_nano.a(lib_a-sysopen.o)
 .debug_frame   0x00000000000009e4       0x40 /usr/local/bin/../lib/gcc/arm-none-eabi/6.3.1/../../../../arm-none-eabi/lib/thumb/v7e-m/fpv4-sp/hard/libg_nano.a(lib_a-wbuf.o)
 .debug_frame   0x0000000000000a24       0x2c /usr/local/bin/../lib/gcc/arm-none-eabi/6.3.1/../../../../arm-none-eabi/lib/thumb/v7e-m/fpv4-sp/hard/libg_nano.a(lib_a-wsetup.o)
 .debug_frame   0x0000000000000a50       0x2c /usr/local/bin/../lib/gcc/arm-none-eabi/6.3.1/../../../../arm-none-eabi/lib/thumb/v7e-m/fpv4-sp/hard/libg_nano.a(lib_a-closer.o)
 .debug_frame   0x0000000000000a7c       0x6c /usr/local/bin/../lib/gcc/arm-none-eabi/6.3.1/../../../../arm-none-eabi/lib/thumb/v7e-m/fpv4-sp/hard/libg_nano.a(lib_a-dtoa.o)
 .debug_frame   0x0000000000000ae8       0x68 /usr/local/bin/../lib/gcc/arm-none-eabi/6.3.1/../../../../arm-none-eabi/lib/thumb/v7e-m/fpv4-sp/hard/libg_nano.a(lib_a-fflush.o)
 .debug_frame   0x0000000000000b50      0x11c /usr/local/bin/../lib/gcc/arm-none-eabi/6.3.1/../../../../arm-none-eabi/lib/thumb/v7e-m/fpv4-sp/hard/libg_nano.a(lib_a-findfp.o)
 .debug_frame   0x0000000000000c6c       0x54 /usr/local/bin/../lib/gcc/arm-none-eabi/6.3.1/../../../../arm-none-eabi/lib/thumb/v7e-m/fpv4-sp/hard/libg_nano.a(lib_a-fwalk.o)
 .debug_frame   0x0000000000000cc0       0x70 /usr/local/bin/../lib/gcc/arm-none-eabi/6.3.1/../../../../arm-none-eabi/lib/thumb/v7e-m/fpv4-sp/hard/libg_nano.a(lib_a-gdtoa-gethex.o)
 .debug_frame   0x0000000000000d30       0x74 /usr/local/bin/../lib/gcc/arm-none-eabi/6.3.1/../../../../arm-none-eabi/lib/thumb/v7e-m/fpv4-sp/hard/libg_nano.a(lib_a-gdtoa-hexnan.o)
 .debug_frame   0x0000000000000da4       0x68 /usr/local/bin/../lib/gcc/arm-none-eabi/6.3.1/../../../../arm-none-eabi/lib/thumb/v7e-m/fpv4-sp/hard/libg_nano.a(lib_a-locale.o)
 .debug_frame   0x0000000000000e0c       0x40 /usr/local/bin/../lib/gcc/arm-none-eabi/6.3.1/../../../../arm-none-eabi/lib/thumb/v7e-m/fpv4-sp/hard/libg_nano.a(lib_a-localeconv.o)
 .debug_frame   0x0000000000000e4c       0x58 /usr/local/bin/../lib/gcc/arm-none-eabi/6.3.1/../../../../arm-none-eabi/lib/thumb/v7e-m/fpv4-sp/hard/libg_nano.a(lib_a-makebuf.o)
 .debug_frame   0x0000000000000ea4       0x48 /usr/local/bin/../lib/gcc/arm-none-eabi/6.3.1/../../../../arm-none-eabi/lib/thumb/v7e-m/fpv4-sp/hard/libg_nano.a(lib_a-mbtowc_r.o)
 .debug_frame   0x0000000000000eec       0x30 /usr/local/bin/../lib/gcc/arm-none-eabi/6.3.1/../../../../arm-none-eabi/lib/thumb/v7e-m/fpv4-sp/hard/libg_nano.a(lib_a-mlock.o)
 .debug_frame   0x0000000000000f1c      0x240 /usr/local/bin/../lib/gcc/arm-none-eabi/6.3.1/../../../../arm-none-eabi/lib/thumb/v7e-m/fpv4-sp/hard/libg_nano.a(lib_a-mprec.o)
 .debug_frame   0x000000000000115c       0x90 /usr/local/bin/../lib/gcc/arm-none-eabi/6.3.1/../../../../arm-none-eabi/lib/thumb/v7e-m/fpv4-sp/hard/libg_nano.a(lib_a-nano-svfprintf.o)
 .debug_frame   0x00000000000011ec       0x2c /usr/local/bin/../lib/gcc/arm-none-eabi/6.3.1/../../../../arm-none-eabi/lib/thumb/v7e-m/fpv4-sp/hard/libg_nano.a(lib_a-openr.o)
 .debug_frame   0x0000000000001218       0x88 /usr/local/bin/../lib/gcc/arm-none-eabi/6.3.1/../../../../arm-none-eabi/lib/thumb/v7e-m/fpv4-sp/hard/libg_nano.a(lib_a-stdio.o)
 .debug_frame   0x00000000000012a0       0x20 /usr/local/bin/../lib/gcc/arm-none-eabi/6.3.1/../../../../arm-none-eabi/lib/thumb/v7e-m/fpv4-sp/hard/libg_nano.a(lib_a-strchr.o)
 .debug_frame   0x00000000000012c0       0x28 /usr/local/bin/../lib/gcc/arm-none-eabi/6.3.1/../../../../arm-none-eabi/lib/thumb/v7e-m/fpv4-sp/hard/libg_nano.a(lib_a-strncmp.o)
 .debug_frame   0x00000000000012e8       0x3c /usr/local/bin/../lib/gcc/arm-none-eabi/6.3.1/../../../../arm-none-eabi/lib/thumb/v7e-m/fpv4-sp/hard/libg_nano.a(lib_a-wctomb_r.o)
 .debug_frame   0x0000000000001324       0x2c /usr/local/bin/../lib/gcc/arm-none-eabi/6.3.1/../../../../arm-none-eabi/lib/thumb/v7e-m/fpv4-sp/hard/libg_nano.a(lib_a-writer.o)
 .debug_frame   0x0000000000001350       0x2c /usr/local/bin/../lib/gcc/arm-none-eabi/6.3.1/../../../../arm-none-eabi/lib/thumb/v7e-m/fpv4-sp/hard/libg_nano.a(lib_a-fstatr.o)
 .debug_frame   0x000000000000137c       0x2c /usr/local/bin/../lib/gcc/arm-none-eabi/6.3.1/../../../../arm-none-eabi/lib/thumb/v7e-m/fpv4-sp/hard/libg_nano.a(lib_a-isattyr.o)
 .debug_frame   0x00000000000013a8       0x2c /usr/local/bin/../lib/gcc/arm-none-eabi/6.3.1/../../../../arm-none-eabi/lib/thumb/v7e-m/fpv4-sp/hard/libg_nano.a(lib_a-lseekr.o)
 .debug_frame   0x00000000000013d4       0x28 /usr/local/bin/../lib/gcc/arm-none-eabi/6.3.1/../../../../arm-none-eabi/lib/thumb/v7e-m/fpv4-sp/hard/libg_nano.a(lib_a-memmove.o)
 .debug_frame   0x00000000000013fc       0x3c /usr/local/bin/../lib/gcc/arm-none-eabi/6.3.1/../../../../arm-none-eabi/lib/thumb/v7e-m/fpv4-sp/hard/libg_nano.a(lib_a-nano-reallocr.o)
 .debug_frame   0x0000000000001438       0x2c /usr/local/bin/../lib/gcc/arm-none-eabi/6.3.1/../../../../arm-none-eabi/lib/thumb/v7e-m/fpv4-sp/hard/libg_nano.a(lib_a-readr.o)
 .debug_frame   0x0000000000001464       0x20 /usr/local/bin/../lib/gcc/arm-none-eabi/6.3.1/../../../../arm-none-eabi/lib/thumb/v7e-m/fpv4-sp/hard/libg_nano.a(lib_a-nano-msizer.o)
 .debug_frame   0x0000000000001484       0xac /usr/local/bin/../lib/gcc/arm-none-eabi/6.3.1/thumb/v7e-m/fpv4-sp/hard/libgcc.a(_arm_addsubdf3.o)
 .debug_frame   0x0000000000001530       0x50 /usr/local/bin/../lib/gcc/arm-none-eabi/6.3.1/thumb/v7e-m/fpv4-sp/hard/libgcc.a(_arm_muldivdf3.o)
 .debug_frame   0x0000000000001580       0xc4 /usr/local/bin/../lib/gcc/arm-none-eabi/6.3.1/thumb/v7e-m/fpv4-sp/hard/libgcc.a(_arm_cmpdf2.o)
 .debug_frame   0x0000000000001644       0x20 /usr/local/bin/../lib/gcc/arm-none-eabi/6.3.1/thumb/v7e-m/fpv4-sp/hard/libgcc.a(_arm_unorddf2.o)
 .debug_frame   0x0000000000001664       0x24 /usr/local/bin/../lib/gcc/arm-none-eabi/6.3.1/thumb/v7e-m/fpv4-sp/hard/libgcc.a(_arm_fixdfsi.o)
 .debug_frame   0x0000000000001688       0x24 /usr/local/bin/../lib/gcc/arm-none-eabi/6.3.1/thumb/v7e-m/fpv4-sp/hard/libgcc.a(_arm_fixunsdfsi.o)
 .debug_frame   0x00000000000016ac       0x24 /usr/local/bin/../lib/gcc/arm-none-eabi/6.3.1/thumb/v7e-m/fpv4-sp/hard/libgcc.a(_arm_truncdfsf2.o)
