Archive member included to satisfy reference by file (symbol)

/usr/local/bin/../lib/gcc/arm-none-eabi/6.3.1/../../../../arm-none-eabi/lib/thumb/v7e-m/fpv4-sp/hard/libg_nano.a(lib_a-calloc.o)
                              ./system/src/ring-buffer.o (calloc)
/usr/local/bin/../lib/gcc/arm-none-eabi/6.3.1/../../../../arm-none-eabi/lib/thumb/v7e-m/fpv4-sp/hard/libg_nano.a(lib_a-clock.o)
                              ./src/main.o (clock)
/usr/local/bin/../lib/gcc/arm-none-eabi/6.3.1/../../../../arm-none-eabi/lib/thumb/v7e-m/fpv4-sp/hard/libg_nano.a(lib_a-exit.o)
                              /usr/local/bin/../lib/gcc/arm-none-eabi/6.3.1/../../../../arm-none-eabi/lib/thumb/v7e-m/fpv4-sp/hard/crt0.o (exit)
/usr/local/bin/../lib/gcc/arm-none-eabi/6.3.1/../../../../arm-none-eabi/lib/thumb/v7e-m/fpv4-sp/hard/libg_nano.a(lib_a-fprintf.o)
                              ./src/main.o (fprintf)
/usr/local/bin/../lib/gcc/arm-none-eabi/6.3.1/../../../../arm-none-eabi/lib/thumb/v7e-m/fpv4-sp/hard/libg_nano.a(lib_a-fwrite.o)
                              ./src/main.o (fwrite)
/usr/local/bin/../lib/gcc/arm-none-eabi/6.3.1/../../../../arm-none-eabi/lib/thumb/v7e-m/fpv4-sp/hard/libg_nano.a(lib_a-gmtime_r.o)
                              ./system/src/time.o (gmtime_r)
/usr/local/bin/../lib/gcc/arm-none-eabi/6.3.1/../../../../arm-none-eabi/lib/thumb/v7e-m/fpv4-sp/hard/libg_nano.a(lib_a-impure.o)
                              /usr/local/bin/../lib/gcc/arm-none-eabi/6.3.1/../../../../arm-none-eabi/lib/thumb/v7e-m/fpv4-sp/hard/libg_nano.a(lib_a-exit.o) (_global_impure_ptr)
/usr/local/bin/../lib/gcc/arm-none-eabi/6.3.1/../../../../arm-none-eabi/lib/thumb/v7e-m/fpv4-sp/hard/libg_nano.a(lib_a-init.o)
                              /usr/local/bin/../lib/gcc/arm-none-eabi/6.3.1/../../../../arm-none-eabi/lib/thumb/v7e-m/fpv4-sp/hard/crt0.o (__libc_init_array)
/usr/local/bin/../lib/gcc/arm-none-eabi/6.3.1/../../../../arm-none-eabi/lib/thumb/v7e-m/fpv4-sp/hard/libg_nano.a(lib_a-lcltime_r.o)
                              ./src/main.o (localtime_r)
/usr/local/bin/../lib/gcc/arm-none-eabi/6.3.1/../../../../arm-none-eabi/lib/thumb/v7e-m/fpv4-sp/hard/libg_nano.a(lib_a-malloc.o)
                              ./system/src/ring-buffer.o (free)
/usr/local/bin/../lib/gcc/arm-none-eabi/6.3.1/../../../../arm-none-eabi/lib/thumb/v7e-m/fpv4-sp/hard/libg_nano.a(lib_a-memcpy-stub.o)
                              ./platform/src/stm32f303xc_it.o (memcpy)
/usr/local/bin/../lib/gcc/arm-none-eabi/6.3.1/../../../../arm-none-eabi/lib/thumb/v7e-m/fpv4-sp/hard/libg_nano.a(lib_a-memset.o)
                              /usr/local/bin/../lib/gcc/arm-none-eabi/6.3.1/../../../../arm-none-eabi/lib/thumb/v7e-m/fpv4-sp/hard/crt0.o (memset)
/usr/local/bin/../lib/gcc/arm-none-eabi/6.3.1/../../../../arm-none-eabi/lib/thumb/v7e-m/fpv4-sp/hard/libg_nano.a(lib_a-mktime.o)
                              ./system/src/time.o (mktime)
/usr/local/bin/../lib/gcc/arm-none-eabi/6.3.1/../../../../arm-none-eabi/lib/thumb/v7e-m/fpv4-sp/hard/libg_nano.a(lib_a-month_lengths.o)
                              /usr/local/bin/../lib/gcc/arm-none-eabi/6.3.1/../../../../arm-none-eabi/lib/thumb/v7e-m/fpv4-sp/hard/libg_nano.a(lib_a-lcltime_r.o) (__month_lengths)
/usr/local/bin/../lib/gcc/arm-none-eabi/6.3.1/../../../../arm-none-eabi/lib/thumb/v7e-m/fpv4-sp/hard/libg_nano.a(lib_a-nano-callocr.o)
                              /usr/local/bin/../lib/gcc/arm-none-eabi/6.3.1/../../../../arm-none-eabi/lib/thumb/v7e-m/fpv4-sp/hard/libg_nano.a(lib_a-calloc.o) (_calloc_r)
/usr/local/bin/../lib/gcc/arm-none-eabi/6.3.1/../../../../arm-none-eabi/lib/thumb/v7e-m/fpv4-sp/hard/libg_nano.a(lib_a-nano-freer.o)
                              /usr/local/bin/../lib/gcc/arm-none-eabi/6.3.1/../../../../arm-none-eabi/lib/thumb/v7e-m/fpv4-sp/hard/libg_nano.a(lib_a-malloc.o) (_free_r)
/usr/local/bin/../lib/gcc/arm-none-eabi/6.3.1/../../../../arm-none-eabi/lib/thumb/v7e-m/fpv4-sp/hard/libg_nano.a(lib_a-nano-mallocr.o)
                              /usr/local/bin/../lib/gcc/arm-none-eabi/6.3.1/../../../../arm-none-eabi/lib/thumb/v7e-m/fpv4-sp/hard/libg_nano.a(lib_a-malloc.o) (_malloc_r)
/usr/local/bin/../lib/gcc/arm-none-eabi/6.3.1/../../../../arm-none-eabi/lib/thumb/v7e-m/fpv4-sp/hard/libg_nano.a(lib_a-nano-vfprintf.o)
                              /usr/local/bin/../lib/gcc/arm-none-eabi/6.3.1/../../../../arm-none-eabi/lib/thumb/v7e-m/fpv4-sp/hard/libg_nano.a(lib_a-fprintf.o) (_vfprintf_r)
/usr/local/bin/../lib/gcc/arm-none-eabi/6.3.1/../../../../arm-none-eabi/lib/thumb/v7e-m/fpv4-sp/hard/libg_nano.a(lib_a-nano-vfprintf_i.o)
                              /usr/local/bin/../lib/gcc/arm-none-eabi/6.3.1/../../../../arm-none-eabi/lib/thumb/v7e-m/fpv4-sp/hard/libg_nano.a(lib_a-nano-vfprintf.o) (_printf_i)
/usr/local/bin/../lib/gcc/arm-none-eabi/6.3.1/../../../../arm-none-eabi/lib/thumb/v7e-m/fpv4-sp/hard/libg_nano.a(lib_a-reent.o)
                              ./system/src/device.o (errno)
[...]
Memory Configuration

Name             Origin             Length             Attributes
IROM             0x0000000008000000 0x0000000000040000 xr
IRAM             0x0000000020000000 0x000000000000a000 rw
CCM              0x0000000010000000 0x0000000000002000 xrw
*default*        0x0000000000000000 0xffffffffffffffff

Linker script and memory map

LOAD /usr/local/bin/../lib/gcc/arm-none-eabi/6.3.1/thumb/v7e-m/fpv4-sp/hard/crti.o
LOAD /usr/local/bin/../lib/gcc/arm-none-eabi/6.3.1/thumb/v7e-m/fpv4-sp/hard/crtbegin.o
LOAD /usr/local/bin/../lib/gcc/arm-none-eabi/6.3.1/../../../../arm-none-eabi/lib/thumb/v7e-m/fpv4-sp/hard/crt0.o
LOAD ./system/src/device.o
LOAD ./system/src/gpio.o
LOAD ./system/src/ring-buffer.o
LOAD ./system/src/sbrk.o
LOAD ./system/src/stdio.o
LOAD ./system/src/time.o
LOAD ./system/src/usart.o
LOAD ./src/board.o
LOAD ./src/i2c.o
LOAD ./src/lcd.o
LOAD ./src/main.o
LOAD ./src/pwm.o
LOAD ./src/usb-device.o
LOAD ./platform/src/stm32f303xc_it.o
LOAD ./platform/src/system_stm32f303cx.o
LOAD ./contrib/libusb_stm32/src/usb_32v3.o
LOAD ./contrib/libusb_stm32/src/usbd_core.o
LOAD /Users/technix/Developer/Eclipse/default/LCDClock/cmsis/lib/libarm_cortexM4lf_math.a
LOAD /usr/local/bin/../lib/gcc/arm-none-eabi/6.3.1/../../../../arm-none-eabi/lib/thumb/v7e-m/fpv4-sp/hard/libstdc++_nano.a
LOAD /usr/local/bin/../lib/gcc/arm-none-eabi/6.3.1/../../../../arm-none-eabi/lib/thumb/v7e-m/fpv4-sp/hard/libm.a
START GROUP
LOAD /usr/local/bin/../lib/gcc/arm-none-eabi/6.3.1/thumb/v7e-m/fpv4-sp/hard/libgcc.a
LOAD /usr/local/bin/../lib/gcc/arm-none-eabi/6.3.1/../../../../arm-none-eabi/lib/thumb/v7e-m/fpv4-sp/hard/libg_nano.a
LOAD /usr/local/bin/../lib/gcc/arm-none-eabi/6.3.1/../../../../arm-none-eabi/lib/thumb/v7e-m/fpv4-sp/hard/libc_nano.a
END GROUP
START GROUP
LOAD /usr/local/bin/../lib/gcc/arm-none-eabi/6.3.1/thumb/v7e-m/fpv4-sp/hard/libgcc.a
LOAD /usr/local/bin/../lib/gcc/arm-none-eabi/6.3.1/../../../../arm-none-eabi/lib/thumb/v7e-m/fpv4-sp/hard/libc_nano.a
END GROUP
LOAD /usr/local/bin/../lib/gcc/arm-none-eabi/6.3.1/thumb/v7e-m/fpv4-sp/hard/crtend.o
LOAD /usr/local/bin/../lib/gcc/arm-none-eabi/6.3.1/thumb/v7e-m/fpv4-sp/hard/crtn.o
                0x0000000008000000                . = ORIGIN (IROM)

.vector         0x0000000010000000      0x188 load address 0x0000000008000000
                0x0000000010000000                PROVIDE (__vector_start, .)
 *(.vector)
 .vector        0x0000000010000000      0x188 ./platform/src/stm32f303xc_it.o
                0x0000000010000000                isr_vector
                0x0000000000000001                ASSERT ((. != __vector_start), The interrupt vector is missing.)
                0x0000000010000188                . = ALIGN (0x4)

.text           0x0000000008000190     0x6758
 *(.text*)
 .text          0x0000000008000190       0x6c /usr/local/bin/../lib/gcc/arm-none-eabi/6.3.1/thumb/v7e-m/fpv4-sp/hard/crtbegin.o
 .text          0x00000000080001fc       0x74 /usr/local/bin/../lib/gcc/arm-none-eabi/6.3.1/../../../../arm-none-eabi/lib/thumb/v7e-m/fpv4-sp/hard/crt0.o
                0x00000000080001fc                _mainCRTStartup
                0x00000000080001fc                _start
 .text.devices_init
                0x0000000008000270       0x3c ./system/src/device.o
                0x0000000008000270                devices_init
 .text._open    0x00000000080002ac      0x110 ./system/src/device.o
                0x00000000080002ac                _open
 .text._close   0x00000000080003bc       0x78 ./system/src/device.o
                0x00000000080003bc                _close
 .text._read    0x0000000008000434       0x6c ./system/src/device.o
                0x0000000008000434                _read
 .text._write   0x00000000080004a0       0x6c ./system/src/device.o
                0x00000000080004a0                _write
 .text.ioctl    0x000000000800050c       0x74 ./system/src/device.o
                0x000000000800050c                ioctl
 .text.dup2     0x0000000008000580       0x84 ./system/src/device.o
                0x0000000008000580                dup2
 .text._fstat   0x0000000008000604       0x58 ./system/src/device.o
                0x0000000008000604                _fstat
 .text._lseek   0x000000000800065c       0x58 ./system/src/device.o
                0x000000000800065c                _lseek
 .text._isatty  0x00000000080006b4       0x58 ./system/src/device.o
                0x00000000080006b4                _isatty
 .text.GPIO_Initialize
                0x000000000800070c       0x10 ./system/src/gpio.o
                0x000000000800070c                GPIO_Initialize
 .text.pinMode  0x000000000800071c       0xc0 ./system/src/gpio.o
                0x000000000800071c                pinMode
 .text.digitalWrite
                0x00000000080007dc       0x38 ./system/src/gpio.o
                0x00000000080007dc                digitalWrite
 .text.digitalRead
                0x0000000008000814       0x2c ./system/src/gpio.o
                0x0000000008000814                digitalRead
 .text.ring_buffer_init
                0x0000000008000840       0x26 ./system/src/ring-buffer.o
                0x0000000008000840                ring_buffer_init
 .text.ring_buffer_dealloc
                0x0000000008000866       0x16 ./system/src/ring-buffer.o
                0x0000000008000866                ring_buffer_dealloc
 .text.ring_buffer_putchar
                0x000000000800087c       0x3e ./system/src/ring-buffer.o
                0x000000000800087c                ring_buffer_putchar
 .text.ring_buffer_getchar
                0x00000000080008ba       0x32 ./system/src/ring-buffer.o
                0x00000000080008ba                ring_buffer_getchar
 .text.ring_buffer_getlength
                0x00000000080008ec       0x1e ./system/src/ring-buffer.o
                0x00000000080008ec                ring_buffer_getlength
 .text.ring_buffer_getspace
                0x000000000800090a        0xe ./system/src/ring-buffer.o
                0x000000000800090a                ring_buffer_getspace
 .text._sbrk    0x0000000008000918       0x40 ./system/src/sbrk.o
                0x0000000008000918                _sbrk
 .text.stdio_init
                0x0000000008000958       0x78 ./system/src/stdio.o
                0x0000000008000958                stdio_init
 .text.systick_init
                0x00000000080009d0       0x3c ./system/src/time.o
                0x00000000080009d0                systick_init
 .text.millis   0x0000000008000a0c        0xc ./system/src/time.o
                0x0000000008000a0c                millis
 .text.usleep   0x0000000008000a18       0x74 ./system/src/time.o
                0x0000000008000a18                usleep
 .text._times   0x0000000008000a8c       0x28 ./system/src/time.o
                0x0000000008000a8c                _times
 .text._gettimeofday
                0x0000000008000ab4      0x18c ./system/src/time.o
                0x0000000008000ab4                _gettimeofday
 .text.settimeofday
                0x0000000008000c40      0x1f0 ./system/src/time.o
                0x0000000008000c40                settimeofday
 .text.rtc_init
                0x0000000008000e30       0x74 ./system/src/time.o
                0x0000000008000e30                rtc_init
 .text.usart_poll
                0x0000000008000ea4        0x6 ./system/src/usart.o
 .text.usart_fstat
                0x0000000008000eaa       0x2a ./system/src/usart.o
 .text.usart_isatty
                0x0000000008000ed4        0x4 ./system/src/usart.o
 .text.usart_ioctl
                0x0000000008000ed8       0xac ./system/src/usart.o
 .text.usart_write
                0x0000000008000f84       0x4e ./system/src/usart.o
 *fill*         0x0000000008000fd2        0x2 
 .text.usart_read
                0x0000000008000fd4       0x50 ./system/src/usart.o
 .text.usart_open
                0x0000000008001024       0xdc ./system/src/usart.o
 .text.usart_close
                0x0000000008001100       0x88 ./system/src/usart.o
 .text.usart_init
                0x0000000008001188       0x2c ./system/src/usart.o
                0x0000000008001188                usart_init
 .text.board_init
                0x00000000080011b4       0x50 ./src/board.o
                0x00000000080011b4                board_init
 .text.board_id_init
                0x0000000008001204       0xf4 ./src/board.o
                0x0000000008001204                board_id_init
 .text.i2c_init
                0x00000000080012f8       0x10 ./src/i2c.o
                0x00000000080012f8                i2c_init
 .text.i2c_open
                0x0000000008001308       0x3c ./src/i2c.o
                0x0000000008001308                i2c_open
 .text.lcd_fstat
                0x0000000008001344       0x2a ./src/lcd.o
 .text.lcd_isatty
                0x000000000800136e        0x4 ./src/lcd.o
 .text.lcd_write_value
                0x0000000008001372       0x5a ./src/lcd.o
 .text.lcd_lseek
                0x00000000080013cc       0x78 ./src/lcd.o
 .text.lcd_write
                0x0000000008001444       0x40 ./src/lcd.o
 .text.lcd_close
                0x0000000008001484       0x18 ./src/lcd.o
 .text.lcd_read_value
                0x000000000800149c       0x62 ./src/lcd.o
 *fill*         0x00000000080014fe        0x2 
 .text.lcd_read
                0x0000000008001500       0x40 ./src/lcd.o
 .text.lcd_open
                0x0000000008001540       0x66 ./src/lcd.o
 *fill*         0x00000000080015a6        0x2 
 .text.lcd_ioctl
                0x00000000080015a8      0x214 ./src/lcd.o
 .text.lcd_location
                0x00000000080017bc       0x12 ./src/lcd.o
                0x00000000080017bc                lcd_location
 *fill*         0x00000000080017ce        0x2 
 .text.main     0x00000000080017d0      0x1d8 ./src/main.o
                0x00000000080017d0                main
 .text.pwm_init
                0x00000000080019a8       0x40 ./src/pwm.o
                0x00000000080019a8                pwm_init
 .text.analogWrite
                0x00000000080019e8        0xc ./src/pwm.o
                0x00000000080019e8                analogWrite
 .text.usb_get_descriptor
                0x00000000080019f4       0xa4 ./src/usb-device.o
 .text.usb_control
                0x0000000008001a98       0x1e ./src/usb-device.o
 *fill*         0x0000000008001ab6        0x2 
 .text.usb_set_config
                0x0000000008001ab8       0x60 ./src/usb-device.o
 .text.usb_handle
                0x0000000008001b18       0x40 ./src/usb-device.o
 .text.usb_init
                0x0000000008001b58       0x8c ./src/usb-device.o
                0x0000000008001b58                usb_init
 .text.Reset_IRQHandler
                0x0000000008001be4       0x98 ./platform/src/stm32f303xc_it.o
                0x0000000008001be4                Reset_IRQHandler
 .text._exit    0x0000000008001c7c       0x24 ./platform/src/stm32f303xc_it.o
                0x0000000008001c7c                _exit
 .text.Default_IRQHandler
                0x0000000008001ca0       0x2c ./platform/src/stm32f303xc_it.o
                0x0000000008001ca0                TIM1_BRK_TIM15_IRQHandler
                0x0000000008001ca0                TIM8_TRG_COM_IRQHandler
                0x0000000008001ca0                TIM8_CC_IRQHandler
                0x0000000008001ca0                TIM1_CC_IRQHandler
                0x0000000008001ca0                MemoryManagement_IRQHandler
                0x0000000008001ca0                PVD_IRQHandler
                0x0000000008001ca0                TAMP_STAMP_IRQHandler
                0x0000000008001ca0                USB_HP_CAN_TX_IRQHandler
                0x0000000008001ca0                I2C2_EV_IRQHandler
                0x0000000008001ca0                FPU_IRQHandler
                0x0000000008001ca0                TIM1_UP_TIM16_IRQHandler
                0x0000000008001ca0                ADC1_2_IRQHandler
                0x0000000008001ca0                SPI1_IRQHandler
                0x0000000008001ca0                CAN_SCE_IRQHandler
                0x0000000008001ca0                TIM6_DAC_IRQHandler
                0x0000000008001ca0                NonMaskableInt_IRQHandler
                0x0000000008001ca0                BusFault_IRQHandler
                0x0000000008001ca0                TIM8_UP_IRQHandler
                0x0000000008001ca0                DMA2_Channel2_IRQHandler
                0x0000000008001ca0                DMA1_Channel4_IRQHandler
                0x0000000008001ca0                SVCall_IRQHandler
                0x0000000008001ca0                DMA1_Channel7_IRQHandler
                0x0000000008001ca0                UART5_IRQHandler
                0x0000000008001ca0                ADC3_IRQHandler
                0x0000000008001ca0                TIM4_IRQHandler
                0x0000000008001ca0                CAN_RX1_IRQHandler
                0x0000000008001ca0                DMA2_Channel1_IRQHandler
                0x0000000008001ca0                PendSV_IRQHandler
                0x0000000008001ca0                I2C1_EV_IRQHandler
                0x0000000008001ca0                DMA1_Channel6_IRQHandler
                0x0000000008001ca0                UART4_IRQHandler
                0x0000000008001ca0                DMA2_Channel4_IRQHandler
                0x0000000008001ca0                TIM3_IRQHandler
                0x0000000008001ca0                RCC_IRQHandler
                0x0000000008001ca0                DMA1_Channel1_IRQHandler
                0x0000000008001ca0                TIM7_IRQHandler
                0x0000000008001ca0                UsageFault_IRQHandler
                0x0000000008001ca0                RTC_WKUP_IRQHandler
                0x0000000008001ca0                SPI2_IRQHandler
                0x0000000008001ca0                USB_LP_CAN_RX0_IRQHandler
                0x0000000008001ca0                DebugMonitor_IRQHandler
                0x0000000008001ca0                DMA2_Channel5_IRQHandler
                0x0000000008001ca0                DMA1_Channel5_IRQHandler
                0x0000000008001ca0                TIM1_TRG_COM_TIM17_IRQHandler
                0x0000000008001ca0                DMA1_Channel3_IRQHandler
                0x0000000008001ca0                ADC4_IRQHandler
                0x0000000008001ca0                WWDG_IRQHandler
                0x0000000008001ca0                Default_IRQHandler
                0x0000000008001ca0                HardFault_IRQHandler
                0x0000000008001ca0                TIM2_IRQHandler
                0x0000000008001ca0                COMP7_IRQHandler
                0x0000000008001ca0                COMP1_2_3_IRQHandler
                0x0000000008001ca0                COMP4_5_6_IRQHandler
                0x0000000008001ca0                I2C2_ER_IRQHandler
                0x0000000008001ca0                DMA1_Channel2_IRQHandler
                0x0000000008001ca0                TIM8_BRK_IRQHandler
                0x0000000008001ca0                FLASH_IRQHandler
                0x0000000008001ca0                SPI3_IRQHandler
                0x0000000008001ca0                I2C1_ER_IRQHandler
                0x0000000008001ca0                USBWakeUp_IRQHandler
                0x0000000008001ca0                DMA2_Channel3_IRQHandler
                0x0000000008001ca0                RTC_Alarm_IRQHandler
 .text.SystemInit
                0x0000000008001ccc       0xc8 ./platform/src/system_stm32f303cx.o
                0x0000000008001ccc                SystemInit
 .text.SystemCoreClockUpdate
                0x0000000008001d94       0x94 ./platform/src/system_stm32f303cx.o
                0x0000000008001d94                SystemCoreClockUpdate
 .text.get_next_pma
                0x0000000008001e28       0x4c ./contrib/libusb_stm32/src/usb_32v3.o
 .text.ep_setstall
                0x0000000008001e74       0xc4 ./contrib/libusb_stm32/src/usb_32v3.o
                0x0000000008001e74                ep_setstall
 .text.ep_isstalled
                0x0000000008001f38       0x44 ./contrib/libusb_stm32/src/usb_32v3.o
                0x0000000008001f38                ep_isstalled
 .text.enable   0x0000000008001f7c       0x4c ./contrib/libusb_stm32/src/usb_32v3.o
                0x0000000008001f7c                enable
 .text.reset    0x0000000008001fc8       0x28 ./contrib/libusb_stm32/src/usb_32v3.o
                0x0000000008001fc8                reset
 .text.setaddr  0x0000000008001ff0       0x10 ./contrib/libusb_stm32/src/usb_32v3.o
                0x0000000008001ff0                setaddr
 .text.ep_config
                0x0000000008002000      0x152 ./contrib/libusb_stm32/src/usb_32v3.o
                0x0000000008002000                ep_config
 .text.ep_deconfig
                0x0000000008002152       0x34 ./contrib/libusb_stm32/src/usb_32v3.o
                0x0000000008002152                ep_deconfig
 .text.pma_read
                0x0000000008002186       0x40 ./contrib/libusb_stm32/src/usb_32v3.o
 .text.ep_read  0x00000000080021c6       0xc4 ./contrib/libusb_stm32/src/usb_32v3.o
                0x00000000080021c6                ep_read
 .text.pma_write
                0x000000000800228a       0x34 ./contrib/libusb_stm32/src/usb_32v3.o
 .text.ep_write
                0x00000000080022be       0xb8 ./contrib/libusb_stm32/src/usb_32v3.o
                0x00000000080022be                ep_write
 *fill*         0x0000000008002376        0x2 
 .text.get_frame
                0x0000000008002378       0x10 ./contrib/libusb_stm32/src/usb_32v3.o
                0x0000000008002378                get_frame
 .text.evt_poll
                0x0000000008002388      0x148 ./contrib/libusb_stm32/src/usb_32v3.o
                0x0000000008002388                evt_poll
 .text.fnv1a32_turn
                0x00000000080024d0       0x1c ./contrib/libusb_stm32/src/usb_32v3.o
 .text.get_serialno_desc
                0x00000000080024ec       0x5c ./contrib/libusb_stm32/src/usb_32v3.o
                0x00000000080024ec                get_serialno_desc
 .text.connect  0x0000000008002548        0xe ./contrib/libusb_stm32/src/usb_32v3.o
                0x0000000008002548                connect
 *fill*         0x0000000008002556        0x2 
 .text.usbd_process_reset
                0x0000000008002558       0x34 ./contrib/libusb_stm32/src/usbd_core.o
 .text.usbd_set_address
                0x000000000800258c       0x1e ./contrib/libusb_stm32/src/usbd_core.o
 .text.usbd_process_callback
                0x00000000080025aa       0x14 ./contrib/libusb_stm32/src/usbd_core.o
 .text.usbd_configure
                0x00000000080025be       0x2a ./contrib/libusb_stm32/src/usbd_core.o
 .text.usbd_process_devrq
                0x00000000080025e8       0x8c ./contrib/libusb_stm32/src/usbd_core.o
 .text.usbd_process_intrq
                0x0000000008002674       0x10 ./contrib/libusb_stm32/src/usbd_core.o
 .text.usbd_process_eptrq
                0x0000000008002684       0x42 ./contrib/libusb_stm32/src/usbd_core.o
 .text.usbd_process_request
                0x00000000080026c6       0x4e ./contrib/libusb_stm32/src/usbd_core.o
 .text.usbd_stall_pid
                0x0000000008002714       0x26 ./contrib/libusb_stm32/src/usbd_core.o
 .text.usbd_process_eptx
                0x000000000800273a       0x70 ./contrib/libusb_stm32/src/usbd_core.o
 .text.usbd_process_eprx
                0x00000000080027aa      0x134 ./contrib/libusb_stm32/src/usbd_core.o
 .text.usbd_process_ep0
                0x00000000080028de       0x28 ./contrib/libusb_stm32/src/usbd_core.o
 .text.usbd_process_evt
                0x0000000008002906       0x38 ./contrib/libusb_stm32/src/usbd_core.o
 *fill*         0x000000000800293e        0x2 
 .text.usbd_poll
                0x0000000008002940       0x10 ./contrib/libusb_stm32/src/usbd_core.o
                0x0000000008002940                usbd_poll
 .text.calloc   0x0000000008002950       0x10 /usr/local/bin/../lib/gcc/arm-none-eabi/6.3.1/../../../../arm-none-eabi/lib/thumb/v7e-m/fpv4-sp/hard/libg_nano.a(lib_a-calloc.o)
                0x0000000008002950                calloc
 .text.clock    0x0000000008002960       0x28 /usr/local/bin/../lib/gcc/arm-none-eabi/6.3.1/../../../../arm-none-eabi/lib/thumb/v7e-m/fpv4-sp/hard/libg_nano.a(lib_a-clock.o)
                0x0000000008002960                clock
 .text.exit     0x0000000008002988       0x28 /usr/local/bin/../lib/gcc/arm-none-eabi/6.3.1/../../../../arm-none-eabi/lib/thumb/v7e-m/fpv4-sp/hard/libg_nano.a(lib_a-exit.o)
                0x0000000008002988                exit
 .text.fprintf  0x00000000080029b0       0x24 /usr/local/bin/../lib/gcc/arm-none-eabi/6.3.1/../../../../arm-none-eabi/lib/thumb/v7e-m/fpv4-sp/hard/libg_nano.a(lib_a-fprintf.o)
                0x00000000080029b0                fprintf
                0x00000000080029b0                fiprintf
 .text._fwrite_r
                0x00000000080029d4       0x9c /usr/local/bin/../lib/gcc/arm-none-eabi/6.3.1/../../../../arm-none-eabi/lib/thumb/v7e-m/fpv4-sp/hard/libg_nano.a(lib_a-fwrite.o)
                0x00000000080029d4                _fwrite_r
 .text.fwrite   0x0000000008002a70       0x1c /usr/local/bin/../lib/gcc/arm-none-eabi/6.3.1/../../../../arm-none-eabi/lib/thumb/v7e-m/fpv4-sp/hard/libg_nano.a(lib_a-fwrite.o)
                0x0000000008002a70                fwrite
 .text.gmtime_r
                0x0000000008002a8c      0x134 /usr/local/bin/../lib/gcc/arm-none-eabi/6.3.1/../../../../arm-none-eabi/lib/thumb/v7e-m/fpv4-sp/hard/libg_nano.a(lib_a-gmtime_r.o)
                0x0000000008002a8c                gmtime_r
 .text.__libc_init_array
                0x0000000008002bc0       0x48 /usr/local/bin/../lib/gcc/arm-none-eabi/6.3.1/../../../../arm-none-eabi/lib/thumb/v7e-m/fpv4-sp/hard/libg_nano.a(lib_a-init.o)
                0x0000000008002bc0                __libc_init_array
 .text.localtime_r
                0x0000000008002c08      0x1c8 /usr/local/bin/../lib/gcc/arm-none-eabi/6.3.1/../../../../arm-none-eabi/lib/thumb/v7e-m/fpv4-sp/hard/libg_nano.a(lib_a-lcltime_r.o)
                0x0000000008002c08                localtime_r
 .text.malloc   0x0000000008002dd0       0x10 /usr/local/bin/../lib/gcc/arm-none-eabi/6.3.1/../../../../arm-none-eabi/lib/thumb/v7e-m/fpv4-sp/hard/libg_nano.a(lib_a-malloc.o)
                0x0000000008002dd0                malloc
 .text.free     0x0000000008002de0       0x10 /usr/local/bin/../lib/gcc/arm-none-eabi/6.3.1/../../../../arm-none-eabi/lib/thumb/v7e-m/fpv4-sp/hard/libg_nano.a(lib_a-malloc.o)
                0x0000000008002de0                free
 .text.memcpy   0x0000000008002df0       0x16 /usr/local/bin/../lib/gcc/arm-none-eabi/6.3.1/../../../../arm-none-eabi/lib/thumb/v7e-m/fpv4-sp/hard/libg_nano.a(lib_a-memcpy-stub.o)
                0x0000000008002df0                memcpy
 .text.memset   0x0000000008002e06       0x10 /usr/local/bin/../lib/gcc/arm-none-eabi/6.3.1/../../../../arm-none-eabi/lib/thumb/v7e-m/fpv4-sp/hard/libg_nano.a(lib_a-memset.o)
                0x0000000008002e06                memset
 *fill*         0x0000000008002e16        0x2 
 .text.validate_structure
                0x0000000008002e18      0x1c0 /usr/local/bin/../lib/gcc/arm-none-eabi/6.3.1/../../../../arm-none-eabi/lib/thumb/v7e-m/fpv4-sp/hard/libg_nano.a(lib_a-mktime.o)
 .text.mktime   0x0000000008002fd8      0x2f8 /usr/local/bin/../lib/gcc/arm-none-eabi/6.3.1/../../../../arm-none-eabi/lib/thumb/v7e-m/fpv4-sp/hard/libg_nano.a(lib_a-mktime.o)
                0x0000000008002fd8                mktime
 .text._calloc_r
                0x00000000080032d0       0x1c /usr/local/bin/../lib/gcc/arm-none-eabi/6.3.1/../../../../arm-none-eabi/lib/thumb/v7e-m/fpv4-sp/hard/libg_nano.a(lib_a-nano-callocr.o)
                0x00000000080032d0                _calloc_r
 .text._free_r  0x00000000080032ec       0x9c /usr/local/bin/../lib/gcc/arm-none-eabi/6.3.1/../../../../arm-none-eabi/lib/thumb/v7e-m/fpv4-sp/hard/libg_nano.a(lib_a-nano-freer.o)
                0x00000000080032ec                _free_r
 .text._malloc_r
                0x0000000008003388       0xbc /usr/local/bin/../lib/gcc/arm-none-eabi/6.3.1/../../../../arm-none-eabi/lib/thumb/v7e-m/fpv4-sp/hard/libg_nano.a(lib_a-nano-mallocr.o)
                0x0000000008003388                _malloc_r
 .text.__sfputc_r
                0x0000000008003444       0x30 /usr/local/bin/../lib/gcc/arm-none-eabi/6.3.1/../../../../arm-none-eabi/lib/thumb/v7e-m/fpv4-sp/hard/libg_nano.a(lib_a-nano-vfprintf.o)
 .text.__sfputs_r
                0x0000000008003474       0x24 /usr/local/bin/../lib/gcc/arm-none-eabi/6.3.1/../../../../arm-none-eabi/lib/thumb/v7e-m/fpv4-sp/hard/libg_nano.a(lib_a-nano-vfprintf.o)
                0x0000000008003474                __sfputs_r
 .text._vfprintf_r
                0x0000000008003498      0x22c /usr/local/bin/../lib/gcc/arm-none-eabi/6.3.1/../../../../arm-none-eabi/lib/thumb/v7e-m/fpv4-sp/hard/libg_nano.a(lib_a-nano-vfprintf.o)
                0x0000000008003498                _vfiprintf_r
                0x0000000008003498                _vfprintf_r
 .text._printf_common
                0x00000000080036c4       0xec /usr/local/bin/../lib/gcc/arm-none-eabi/6.3.1/../../../../arm-none-eabi/lib/thumb/v7e-m/fpv4-sp/hard/libg_nano.a(lib_a-nano-vfprintf_i.o)
                0x00000000080036c4                _printf_common
 .text._printf_i
                0x00000000080037b0      0x240 /usr/local/bin/../lib/gcc/arm-none-eabi/6.3.1/../../../../arm-none-eabi/lib/thumb/v7e-m/fpv4-sp/hard/libg_nano.a(lib_a-nano-vfprintf_i.o)
                0x00000000080037b0                _printf_i
 .text._sbrk_r  0x00000000080039f0       0x20 /usr/local/bin/../lib/gcc/arm-none-eabi/6.3.1/../../../../arm-none-eabi/lib/thumb/v7e-m/fpv4-sp/hard/libg_nano.a(lib_a-sbrkr.o)
                0x00000000080039f0                _sbrk_r
 .text.setvbuf  0x0000000008003a10      0x15c /usr/local/bin/../lib/gcc/arm-none-eabi/6.3.1/../../../../arm-none-eabi/lib/thumb/v7e-m/fpv4-sp/hard/libg_nano.a(lib_a-setvbuf.o)
                0x0000000008003a10                setvbuf
 .text.snprintf
                0x0000000008003b6c       0x68 /usr/local/bin/../lib/gcc/arm-none-eabi/6.3.1/../../../../arm-none-eabi/lib/thumb/v7e-m/fpv4-sp/hard/libg_nano.a(lib_a-snprintf.o)
                0x0000000008003b6c                snprintf
                0x0000000008003b6c                sniprintf
 .text.strchr   0x0000000008003bd4       0x1c /usr/local/bin/../lib/gcc/arm-none-eabi/6.3.1/../../../../arm-none-eabi/lib/thumb/v7e-m/fpv4-sp/hard/libg_nano.a(lib_a-strchr.o)
                0x0000000008003bd4                strchr
 .text          0x0000000008003bf0       0x14 /usr/local/bin/../lib/gcc/arm-none-eabi/6.3.1/../../../../arm-none-eabi/lib/thumb/v7e-m/fpv4-sp/hard/libg_nano.a(lib_a-strcmp.o)
                0x0000000008003bf0                strcmp
 .text.iso_year_adjust
                0x0000000008003c04       0xae /usr/local/bin/../lib/gcc/arm-none-eabi/6.3.1/../../../../arm-none-eabi/lib/thumb/v7e-m/fpv4-sp/hard/libg_nano.a(lib_a-strftime.o)
 *fill*         0x0000000008003cb2        0x2 
 .text.__strftime
                0x0000000008003cb4      0xa40 /usr/local/bin/../lib/gcc/arm-none-eabi/6.3.1/../../../../arm-none-eabi/lib/thumb/v7e-m/fpv4-sp/hard/libg_nano.a(lib_a-strftime.o)
 .text.strftime
                0x00000000080046f4       0x24 /usr/local/bin/../lib/gcc/arm-none-eabi/6.3.1/../../../../arm-none-eabi/lib/thumb/v7e-m/fpv4-sp/hard/libg_nano.a(lib_a-strftime.o)
                0x00000000080046f4                strftime
 .text          0x0000000008004718       0x10 /usr/local/bin/../lib/gcc/arm-none-eabi/6.3.1/../../../../arm-none-eabi/lib/thumb/v7e-m/fpv4-sp/hard/libg_nano.a(lib_a-strlen.o)
                0x0000000008004718                strlen
 .text.is_leap_year
                0x0000000008004728       0x2c /usr/local/bin/../lib/gcc/arm-none-eabi/6.3.1/../../../../arm-none-eabi/lib/thumb/v7e-m/fpv4-sp/hard/libg_nano.a(lib_a-strptime.o)
 .text.first_day
                0x0000000008004754       0x2e /usr/local/bin/../lib/gcc/arm-none-eabi/6.3.1/../../../../arm-none-eabi/lib/thumb/v7e-m/fpv4-sp/hard/libg_nano.a(lib_a-strptime.o)
 .text.match_string
                0x0000000008004782       0x3c /usr/local/bin/../lib/gcc/arm-none-eabi/6.3.1/../../../../arm-none-eabi/lib/thumb/v7e-m/fpv4-sp/hard/libg_nano.a(lib_a-strptime.o)
 *fill*         0x00000000080047be        0x2 
 .text.strptime_l
                0x00000000080047c0      0x590 /usr/local/bin/../lib/gcc/arm-none-eabi/6.3.1/../../../../arm-none-eabi/lib/thumb/v7e-m/fpv4-sp/hard/libg_nano.a(lib_a-strptime.o)
                0x00000000080047c0                strptime_l
 .text.strptime
                0x0000000008004d50       0x20 /usr/local/bin/../lib/gcc/arm-none-eabi/6.3.1/../../../../arm-none-eabi/lib/thumb/v7e-m/fpv4-sp/hard/libg_nano.a(lib_a-strptime.o)
                0x0000000008004d50                strptime
 .text.strrchr  0x0000000008004d70       0x26 /usr/local/bin/../lib/gcc/arm-none-eabi/6.3.1/../../../../arm-none-eabi/lib/thumb/v7e-m/fpv4-sp/hard/libg_nano.a(lib_a-strrchr.o)
                0x0000000008004d70                strrchr
 .text._strtol_l.isra.0
                0x0000000008004d96      0x100 /usr/local/bin/../lib/gcc/arm-none-eabi/6.3.1/../../../../arm-none-eabi/lib/thumb/v7e-m/fpv4-sp/hard/libg_nano.a(lib_a-strtol.o)
 *fill*         0x0000000008004e96        0x2 
 .text._strtol_r
                0x0000000008004e98       0x24 /usr/local/bin/../lib/gcc/arm-none-eabi/6.3.1/../../../../arm-none-eabi/lib/thumb/v7e-m/fpv4-sp/hard/libg_nano.a(lib_a-strtol.o)
                0x0000000008004e98                _strtol_r
 .text.strtol_l
                0x0000000008004ebc       0x1c /usr/local/bin/../lib/gcc/arm-none-eabi/6.3.1/../../../../arm-none-eabi/lib/thumb/v7e-m/fpv4-sp/hard/libg_nano.a(lib_a-strtol.o)
                0x0000000008004ebc                strtol_l
 .text._strtoul_l.isra.0
                0x0000000008004ed8       0xfa /usr/local/bin/../lib/gcc/arm-none-eabi/6.3.1/../../../../arm-none-eabi/lib/thumb/v7e-m/fpv4-sp/hard/libg_nano.a(lib_a-strtoul.o)
 *fill*         0x0000000008004fd2        0x2 
 .text._strtoul_r
                0x0000000008004fd4       0x24 /usr/local/bin/../lib/gcc/arm-none-eabi/6.3.1/../../../../arm-none-eabi/lib/thumb/v7e-m/fpv4-sp/hard/libg_nano.a(lib_a-strtoul.o)
                0x0000000008004fd4                _strtoul_r
 .text.strtoul  0x0000000008004ff8       0x2c /usr/local/bin/../lib/gcc/arm-none-eabi/6.3.1/../../../../arm-none-eabi/lib/thumb/v7e-m/fpv4-sp/hard/libg_nano.a(lib_a-strtoul.o)
                0x0000000008004ff8                strtoul
 .text.close    0x0000000008005024       0x10 /usr/local/bin/../lib/gcc/arm-none-eabi/6.3.1/../../../../arm-none-eabi/lib/thumb/v7e-m/fpv4-sp/hard/libg_nano.a(lib_a-sysclose.o)
                0x0000000008005024                close
 .text.lseek    0x0000000008005034       0x14 /usr/local/bin/../lib/gcc/arm-none-eabi/6.3.1/../../../../arm-none-eabi/lib/thumb/v7e-m/fpv4-sp/hard/libg_nano.a(lib_a-syslseek.o)
                0x0000000008005034                lseek
 .text.open     0x0000000008005048       0x28 /usr/local/bin/../lib/gcc/arm-none-eabi/6.3.1/../../../../arm-none-eabi/lib/thumb/v7e-m/fpv4-sp/hard/libg_nano.a(lib_a-sysopen.o)
                0x0000000008005048                open
 .text.sbrk     0x0000000008005070       0x10 /usr/local/bin/../lib/gcc/arm-none-eabi/6.3.1/../../../../arm-none-eabi/lib/thumb/v7e-m/fpv4-sp/hard/libg_nano.a(lib_a-syssbrk.o)
                0x0000000008005070                sbrk
 .text.write    0x0000000008005080       0x14 /usr/local/bin/../lib/gcc/arm-none-eabi/6.3.1/../../../../arm-none-eabi/lib/thumb/v7e-m/fpv4-sp/hard/libg_nano.a(lib_a-syswrite.o)
                0x0000000008005080                write
 .text.time     0x0000000008005094       0x28 /usr/local/bin/../lib/gcc/arm-none-eabi/6.3.1/../../../../arm-none-eabi/lib/thumb/v7e-m/fpv4-sp/hard/libg_nano.a(lib_a-time.o)
                0x0000000008005094                time
 .text._times_r
                0x00000000080050bc        0x6 /usr/local/bin/../lib/gcc/arm-none-eabi/6.3.1/../../../../arm-none-eabi/lib/thumb/v7e-m/fpv4-sp/hard/libg_nano.a(lib_a-timesr.o)
                0x00000000080050bc                _times_r
 *fill*         0x00000000080050c2        0x2 
 .text.__tzcalc_limits
                0x00000000080050c4      0x150 /usr/local/bin/../lib/gcc/arm-none-eabi/6.3.1/../../../../arm-none-eabi/lib/thumb/v7e-m/fpv4-sp/hard/libg_nano.a(lib_a-tzcalc_limits.o)
                0x00000000080050c4                __tzcalc_limits
 .text.__tz_lock
                0x0000000008005214        0x2 /usr/local/bin/../lib/gcc/arm-none-eabi/6.3.1/../../../../arm-none-eabi/lib/thumb/v7e-m/fpv4-sp/hard/libg_nano.a(lib_a-tzlock.o)
                0x0000000008005214                __tz_lock
 .text.__tz_unlock
                0x0000000008005216        0x2 /usr/local/bin/../lib/gcc/arm-none-eabi/6.3.1/../../../../arm-none-eabi/lib/thumb/v7e-m/fpv4-sp/hard/libg_nano.a(lib_a-tzlock.o)
                0x0000000008005216                __tz_unlock
 .text._tzset_unlocked
                0x0000000008005218        0xc /usr/local/bin/../lib/gcc/arm-none-eabi/6.3.1/../../../../arm-none-eabi/lib/thumb/v7e-m/fpv4-sp/hard/libg_nano.a(lib_a-tzset.o)
                0x0000000008005218                _tzset_unlocked
 .text._tzset_unlocked_r
                0x0000000008005224      0x304 /usr/local/bin/../lib/gcc/arm-none-eabi/6.3.1/../../../../arm-none-eabi/lib/thumb/v7e-m/fpv4-sp/hard/libg_nano.a(lib_a-tzset_r.o)
                0x0000000008005224                _tzset_unlocked_r
 .text.__swbuf_r
                0x0000000008005528       0xa4 /usr/local/bin/../lib/gcc/arm-none-eabi/6.3.1/../../../../arm-none-eabi/lib/thumb/v7e-m/fpv4-sp/hard/libg_nano.a(lib_a-wbuf.o)
                0x0000000008005528                __swbuf_r
 .text._write_r
                0x00000000080055cc       0x24 /usr/local/bin/../lib/gcc/arm-none-eabi/6.3.1/../../../../arm-none-eabi/lib/thumb/v7e-m/fpv4-sp/hard/libg_nano.a(lib_a-writer.o)
                0x00000000080055cc                _write_r
 .text.__swsetup_r
                0x00000000080055f0       0xdc /usr/local/bin/../lib/gcc/arm-none-eabi/6.3.1/../../../../arm-none-eabi/lib/thumb/v7e-m/fpv4-sp/hard/libg_nano.a(lib_a-wsetup.o)
                0x00000000080055f0                __swsetup_r
 .text.abs      0x00000000080056cc        0x8 /usr/local/bin/../lib/gcc/arm-none-eabi/6.3.1/../../../../arm-none-eabi/lib/thumb/v7e-m/fpv4-sp/hard/libg_nano.a(lib_a-abs.o)
                0x00000000080056cc                abs
 .text._close_r
                0x00000000080056d4       0x20 /usr/local/bin/../lib/gcc/arm-none-eabi/6.3.1/../../../../arm-none-eabi/lib/thumb/v7e-m/fpv4-sp/hard/libg_nano.a(lib_a-closer.o)
                0x00000000080056d4                _close_r
 .text.div      0x00000000080056f4       0x28 /usr/local/bin/../lib/gcc/arm-none-eabi/6.3.1/../../../../arm-none-eabi/lib/thumb/v7e-m/fpv4-sp/hard/libg_nano.a(lib_a-div.o)
                0x00000000080056f4                div
 .text.__sflush_r
                0x000000000800571c      0x110 /usr/local/bin/../lib/gcc/arm-none-eabi/6.3.1/../../../../arm-none-eabi/lib/thumb/v7e-m/fpv4-sp/hard/libg_nano.a(lib_a-fflush.o)
                0x000000000800571c                __sflush_r
 .text._fflush_r
                0x000000000800582c       0x54 /usr/local/bin/../lib/gcc/arm-none-eabi/6.3.1/../../../../arm-none-eabi/lib/thumb/v7e-m/fpv4-sp/hard/libg_nano.a(lib_a-fflush.o)
                0x000000000800582c                _fflush_r
 .text._cleanup_r
                0x0000000008005880        0xc /usr/local/bin/../lib/gcc/arm-none-eabi/6.3.1/../../../../arm-none-eabi/lib/thumb/v7e-m/fpv4-sp/hard/libg_nano.a(lib_a-findfp.o)
                0x0000000008005880                _cleanup_r
 .text.std.isra.0
                0x000000000800588c       0x48 /usr/local/bin/../lib/gcc/arm-none-eabi/6.3.1/../../../../arm-none-eabi/lib/thumb/v7e-m/fpv4-sp/hard/libg_nano.a(lib_a-findfp.o)
 .text.__sfmoreglue
                0x00000000080058d4       0x2c /usr/local/bin/../lib/gcc/arm-none-eabi/6.3.1/../../../../arm-none-eabi/lib/thumb/v7e-m/fpv4-sp/hard/libg_nano.a(lib_a-findfp.o)
                0x00000000080058d4                __sfmoreglue
 .text.__sinit  0x0000000008005900       0x60 /usr/local/bin/../lib/gcc/arm-none-eabi/6.3.1/../../../../arm-none-eabi/lib/thumb/v7e-m/fpv4-sp/hard/libg_nano.a(lib_a-findfp.o)
                0x0000000008005900                __sinit
 .text.__sfp    0x0000000008005960       0x78 /usr/local/bin/../lib/gcc/arm-none-eabi/6.3.1/../../../../arm-none-eabi/lib/thumb/v7e-m/fpv4-sp/hard/libg_nano.a(lib_a-findfp.o)
                0x0000000008005960                __sfp
 .text._fwalk_reent
                0x00000000080059d8       0x3c /usr/local/bin/../lib/gcc/arm-none-eabi/6.3.1/../../../../arm-none-eabi/lib/thumb/v7e-m/fpv4-sp/hard/libg_nano.a(lib_a-fwalk.o)
                0x00000000080059d8                _fwalk_reent
 .text._findenv_r
                0x0000000008005a14       0x80 /usr/local/bin/../lib/gcc/arm-none-eabi/6.3.1/../../../../arm-none-eabi/lib/thumb/v7e-m/fpv4-sp/hard/libg_nano.a(lib_a-getenv_r.o)
                0x0000000008005a14                _findenv_r
 .text._getenv_r
                0x0000000008005a94        0xe /usr/local/bin/../lib/gcc/arm-none-eabi/6.3.1/../../../../arm-none-eabi/lib/thumb/v7e-m/fpv4-sp/hard/libg_nano.a(lib_a-getenv_r.o)
                0x0000000008005a94                _getenv_r
 *fill*         0x0000000008005aa2        0x2 
 .text._gettimeofday_r
                0x0000000008005aa4       0x24 /usr/local/bin/../lib/gcc/arm-none-eabi/6.3.1/../../../../arm-none-eabi/lib/thumb/v7e-m/fpv4-sp/hard/libg_nano.a(lib_a-gettimeofdayr.o)
                0x0000000008005aa4                _gettimeofday_r
 .text.__gettzinfo
                0x0000000008005ac8        0x8 /usr/local/bin/../lib/gcc/arm-none-eabi/6.3.1/../../../../arm-none-eabi/lib/thumb/v7e-m/fpv4-sp/hard/libg_nano.a(lib_a-gettzinfo.o)
                0x0000000008005ac8                __gettzinfo
 .text.labs     0x0000000008005ad0        0x8 /usr/local/bin/../lib/gcc/arm-none-eabi/6.3.1/../../../../arm-none-eabi/lib/thumb/v7e-m/fpv4-sp/hard/libg_nano.a(lib_a-labs.o)
                0x0000000008005ad0                labs
 .text.__locale_ctype_ptr_l
                0x0000000008005ad8        0x6 /usr/local/bin/../lib/gcc/arm-none-eabi/6.3.1/../../../../arm-none-eabi/lib/thumb/v7e-m/fpv4-sp/hard/libg_nano.a(lib_a-locale.o)
                0x0000000008005ad8                __locale_ctype_ptr_l
 *fill*         0x0000000008005ade        0x2 
 .text.__locale_ctype_ptr
                0x0000000008005ae0       0x1c /usr/local/bin/../lib/gcc/arm-none-eabi/6.3.1/../../../../arm-none-eabi/lib/thumb/v7e-m/fpv4-sp/hard/libg_nano.a(lib_a-locale.o)
                0x0000000008005ae0                __locale_ctype_ptr
 .text._lseek_r
                0x0000000008005afc       0x24 /usr/local/bin/../lib/gcc/arm-none-eabi/6.3.1/../../../../arm-none-eabi/lib/thumb/v7e-m/fpv4-sp/hard/libg_nano.a(lib_a-lseekr.o)
                0x0000000008005afc                _lseek_r
 .text.__swhatbuf_r
                0x0000000008005b20       0x48 /usr/local/bin/../lib/gcc/arm-none-eabi/6.3.1/../../../../arm-none-eabi/lib/thumb/v7e-m/fpv4-sp/hard/libg_nano.a(lib_a-makebuf.o)
                0x0000000008005b20                __swhatbuf_r
 .text.__smakebuf_r
                0x0000000008005b68       0x80 /usr/local/bin/../lib/gcc/arm-none-eabi/6.3.1/../../../../arm-none-eabi/lib/thumb/v7e-m/fpv4-sp/hard/libg_nano.a(lib_a-makebuf.o)
                0x0000000008005b68                __smakebuf_r
 .text.__ascii_mbtowc
                0x0000000008005be8       0x24 /usr/local/bin/../lib/gcc/arm-none-eabi/6.3.1/../../../../arm-none-eabi/lib/thumb/v7e-m/fpv4-sp/hard/libg_nano.a(lib_a-mbtowc_r.o)
                0x0000000008005be8                __ascii_mbtowc
 *fill*         0x0000000008005c0c        0x4 
 .text          0x0000000008005c10       0xa0 /usr/local/bin/../lib/gcc/arm-none-eabi/6.3.1/../../../../arm-none-eabi/lib/thumb/v7e-m/fpv4-sp/hard/libg_nano.a(lib_a-memchr.o)
                0x0000000008005c10                memchr
 .text.memmove  0x0000000008005cb0       0x34 /usr/local/bin/../lib/gcc/arm-none-eabi/6.3.1/../../../../arm-none-eabi/lib/thumb/v7e-m/fpv4-sp/hard/libg_nano.a(lib_a-memmove.o)
                0x0000000008005cb0                memmove
 .text.__malloc_lock
                0x0000000008005ce4        0x2 /usr/local/bin/../lib/gcc/arm-none-eabi/6.3.1/../../../../arm-none-eabi/lib/thumb/v7e-m/fpv4-sp/hard/libg_nano.a(lib_a-mlock.o)
                0x0000000008005ce4                __malloc_lock
 .text.__malloc_unlock
                0x0000000008005ce6        0x2 /usr/local/bin/../lib/gcc/arm-none-eabi/6.3.1/../../../../arm-none-eabi/lib/thumb/v7e-m/fpv4-sp/hard/libg_nano.a(lib_a-mlock.o)
                0x0000000008005ce6                __malloc_unlock
 .text._realloc_r
                0x0000000008005ce8       0x4c /usr/local/bin/../lib/gcc/arm-none-eabi/6.3.1/../../../../arm-none-eabi/lib/thumb/v7e-m/fpv4-sp/hard/libg_nano.a(lib_a-nano-reallocr.o)
                0x0000000008005ce8                _realloc_r
 .text.__ssputs_r
                0x0000000008005d34       0xb6 /usr/local/bin/../lib/gcc/arm-none-eabi/6.3.1/../../../../arm-none-eabi/lib/thumb/v7e-m/fpv4-sp/hard/libg_nano.a(lib_a-nano-svfprintf.o)
                0x0000000008005d34                __ssputs_r
 *fill*         0x0000000008005dea        0x2 
 .text._svfprintf_r
                0x0000000008005dec      0x1e8 /usr/local/bin/../lib/gcc/arm-none-eabi/6.3.1/../../../../arm-none-eabi/lib/thumb/v7e-m/fpv4-sp/hard/libg_nano.a(lib_a-nano-svfprintf.o)
                0x0000000008005dec                _svfprintf_r
                0x0000000008005dec                _svfiprintf_r
 .text._open_r  0x0000000008005fd4       0x24 /usr/local/bin/../lib/gcc/arm-none-eabi/6.3.1/../../../../arm-none-eabi/lib/thumb/v7e-m/fpv4-sp/hard/libg_nano.a(lib_a-openr.o)
                0x0000000008005fd4                _open_r
 .text.sscanf   0x0000000008005ff8       0x54 /usr/local/bin/../lib/gcc/arm-none-eabi/6.3.1/../../../../arm-none-eabi/lib/thumb/v7e-m/fpv4-sp/hard/libg_nano.a(lib_a-sscanf.o)
                0x0000000008005ff8                sscanf
                0x0000000008005ff8                siscanf
 .text.__sread  0x000000000800604c       0x22 /usr/local/bin/../lib/gcc/arm-none-eabi/6.3.1/../../../../arm-none-eabi/lib/thumb/v7e-m/fpv4-sp/hard/libg_nano.a(lib_a-stdio.o)
                0x000000000800604c                __sread
 .text.__seofread
                0x000000000800606e        0x4 /usr/local/bin/../lib/gcc/arm-none-eabi/6.3.1/../../../../arm-none-eabi/lib/thumb/v7e-m/fpv4-sp/hard/libg_nano.a(lib_a-stdio.o)
                0x000000000800606e                __seofread
 .text.__swrite
                0x0000000008006072       0x38 /usr/local/bin/../lib/gcc/arm-none-eabi/6.3.1/../../../../arm-none-eabi/lib/thumb/v7e-m/fpv4-sp/hard/libg_nano.a(lib_a-stdio.o)
                0x0000000008006072                __swrite
 .text.__sseek  0x00000000080060aa       0x24 /usr/local/bin/../lib/gcc/arm-none-eabi/6.3.1/../../../../arm-none-eabi/lib/thumb/v7e-m/fpv4-sp/hard/libg_nano.a(lib_a-stdio.o)
                0x00000000080060aa                __sseek
 .text.__sclose
                0x00000000080060ce        0x8 /usr/local/bin/../lib/gcc/arm-none-eabi/6.3.1/../../../../arm-none-eabi/lib/thumb/v7e-m/fpv4-sp/hard/libg_nano.a(lib_a-stdio.o)
                0x00000000080060ce                __sclose
 .text.strcpy   0x00000000080060d6       0x10 /usr/local/bin/../lib/gcc/arm-none-eabi/6.3.1/../../../../arm-none-eabi/lib/thumb/v7e-m/fpv4-sp/hard/libg_nano.a(lib_a-strcpy.o)
                0x00000000080060d6                strcpy
 .text.strncasecmp_l
                0x00000000080060e6       0x38 /usr/local/bin/../lib/gcc/arm-none-eabi/6.3.1/../../../../arm-none-eabi/lib/thumb/v7e-m/fpv4-sp/hard/libg_nano.a(lib_a-strncasecmp_l.o)
                0x00000000080060e6                strncasecmp_l
 .text.strncmp  0x000000000800611e       0x24 /usr/local/bin/../lib/gcc/arm-none-eabi/6.3.1/../../../../arm-none-eabi/lib/thumb/v7e-m/fpv4-sp/hard/libg_nano.a(lib_a-strncmp.o)
                0x000000000800611e                strncmp
 .text.tolower_l
                0x0000000008006142       0x1c /usr/local/bin/../lib/gcc/arm-none-eabi/6.3.1/../../../../arm-none-eabi/lib/thumb/v7e-m/fpv4-sp/hard/libg_nano.a(lib_a-tolower_l.o)
                0x0000000008006142                tolower_l
 .text.__ascii_wctomb
                0x000000000800615e       0x1a /usr/local/bin/../lib/gcc/arm-none-eabi/6.3.1/../../../../arm-none-eabi/lib/thumb/v7e-m/fpv4-sp/hard/libg_nano.a(lib_a-wctomb_r.o)
                0x000000000800615e                __ascii_wctomb
 .text.__env_lock
                0x0000000008006178        0x2 /usr/local/bin/../lib/gcc/arm-none-eabi/6.3.1/../../../../arm-none-eabi/lib/thumb/v7e-m/fpv4-sp/hard/libg_nano.a(lib_a-envlock.o)
                0x0000000008006178                __env_lock
 .text.__env_unlock
                0x000000000800617a        0x2 /usr/local/bin/../lib/gcc/arm-none-eabi/6.3.1/../../../../arm-none-eabi/lib/thumb/v7e-m/fpv4-sp/hard/libg_nano.a(lib_a-envlock.o)
                0x000000000800617a                __env_unlock
 .text._fstat_r
                0x000000000800617c       0x24 /usr/local/bin/../lib/gcc/arm-none-eabi/6.3.1/../../../../arm-none-eabi/lib/thumb/v7e-m/fpv4-sp/hard/libg_nano.a(lib_a-fstatr.o)
                0x000000000800617c                _fstat_r
 .text._isatty_r
                0x00000000080061a0       0x20 /usr/local/bin/../lib/gcc/arm-none-eabi/6.3.1/../../../../arm-none-eabi/lib/thumb/v7e-m/fpv4-sp/hard/libg_nano.a(lib_a-isattyr.o)
                0x00000000080061a0                _isatty_r
 .text._malloc_usable_size_r
                0x00000000080061c0       0x12 /usr/local/bin/../lib/gcc/arm-none-eabi/6.3.1/../../../../arm-none-eabi/lib/thumb/v7e-m/fpv4-sp/hard/libg_nano.a(lib_a-nano-msizer.o)
                0x00000000080061c0                _malloc_usable_size_r
 .text._sungetc_r
                0x00000000080061d2       0x7a /usr/local/bin/../lib/gcc/arm-none-eabi/6.3.1/../../../../arm-none-eabi/lib/thumb/v7e-m/fpv4-sp/hard/libg_nano.a(lib_a-nano-svfscanf.o)
                0x00000000080061d2                _sungetc_r
 .text.__ssrefill_r
                0x000000000800624c       0x3a /usr/local/bin/../lib/gcc/arm-none-eabi/6.3.1/../../../../arm-none-eabi/lib/thumb/v7e-m/fpv4-sp/hard/libg_nano.a(lib_a-nano-svfscanf.o)
                0x000000000800624c                __ssrefill_r
 *fill*         0x0000000008006286        0x2 
 .text.__ssvfscanf_r
                0x0000000008006288      0x2a8 /usr/local/bin/../lib/gcc/arm-none-eabi/6.3.1/../../../../arm-none-eabi/lib/thumb/v7e-m/fpv4-sp/hard/libg_nano.a(lib_a-nano-svfscanf.o)
                0x0000000008006288                __ssvfscanf_r
                0x0000000008006288                __ssvfiscanf_r
 .text._scanf_chars
                0x0000000008006530       0xc8 /usr/local/bin/../lib/gcc/arm-none-eabi/6.3.1/../../../../arm-none-eabi/lib/thumb/v7e-m/fpv4-sp/hard/libg_nano.a(lib_a-nano-vfscanf_i.o)
                0x0000000008006530                _scanf_chars
 .text._scanf_i
                0x00000000080065f8      0x1e8 /usr/local/bin/../lib/gcc/arm-none-eabi/6.3.1/../../../../arm-none-eabi/lib/thumb/v7e-m/fpv4-sp/hard/libg_nano.a(lib_a-nano-vfscanf_i.o)
                0x00000000080065f8                _scanf_i
 .text._read_r  0x00000000080067e0       0x24 /usr/local/bin/../lib/gcc/arm-none-eabi/6.3.1/../../../../arm-none-eabi/lib/thumb/v7e-m/fpv4-sp/hard/libg_nano.a(lib_a-readr.o)
                0x00000000080067e0                _read_r
 .text.__sccl   0x0000000008006804       0x60 /usr/local/bin/../lib/gcc/arm-none-eabi/6.3.1/../../../../arm-none-eabi/lib/thumb/v7e-m/fpv4-sp/hard/libg_nano.a(lib_a-sccl.o)
                0x0000000008006804                __sccl
 .text.__submore
                0x0000000008006864       0x76 /usr/local/bin/../lib/gcc/arm-none-eabi/6.3.1/../../../../arm-none-eabi/lib/thumb/v7e-m/fpv4-sp/hard/libg_nano.a(lib_a-ungetc.o)
                0x0000000008006864                __submore
 *fill*         0x00000000080068da        0x6 
 .text.__submore.__stub
                0x00000000080068e0        0x8 linker stubs

.glue_7         0x00000000080068e8        0x0
 .glue_7        0x00000000080068e8        0x0 linker stubs

.glue_7t        0x00000000080068e8        0x0
 .glue_7t       0x00000000080068e8        0x0 linker stubs

.vfp11_veneer   0x00000000080068e8        0x0
 .vfp11_veneer  0x00000000080068e8        0x0 linker stubs

.v4_bx          0x00000000080068e8        0x0
 .v4_bx         0x00000000080068e8        0x0 linker stubs

.iplt           0x00000000080068e8        0x0
 .iplt          0x00000000080068e8        0x0 /usr/local/bin/../lib/gcc/arm-none-eabi/6.3.1/thumb/v7e-m/fpv4-sp/hard/crtbegin.o

.devices        0x00000000080068e8       0x10
 *(.devices*)
 .devices       0x00000000080068e8        0xc ./system/src/usart.o
                0x00000000080068e8                TTY2
                0x00000000080068ec                TTY1
                0x00000000080068f0                TTY0
 .devices       0x00000000080068f4        0x4 ./src/lcd.o
                0x00000000080068f4                LCD

.rodata         0x00000000080068f8      0xa23
 *(.rodata*)
 .rodata.GPIO.6580
                0x00000000080068f8       0x18 ./system/src/gpio.o
 .rodata.stdio_init.str1.4
                0x0000000008006910        0xa ./system/src/stdio.o
 *fill*         0x000000000800691a        0x2 
 .rodata.rtc_init.str1.4
                0x000000000800691c       0x29 ./system/src/time.o
 *fill*         0x0000000008006945        0x3 
 .rodata.str1.4
                0x0000000008006948       0x28 ./system/src/usart.o
 .rodata.usart_driver
                0x0000000008006970       0x2c ./system/src/usart.o
 .rodata.board_id_init.str1.4
                0x000000000800699c       0x3c ./src/board.o
 .rodata.pinModes.7710
                0x00000000080069d8       0x80 ./src/board.o
 .rodata.lcd_driver
                0x0000000008006a58       0x2c ./src/lcd.o
 .rodata.str1.4
                0x0000000008006a84       0x1b ./src/lcd.o
 *fill*         0x0000000008006a9f        0x1 
 .rodata.main.str1.4
                0x0000000008006aa0      0x164 ./src/main.o
                                        0x162 (size before relaxing)
 .rodata.config_descriptor
                0x0000000008006c04       0x29 ./src/usb-device.o
 *fill*         0x0000000008006c2d        0x3 
 .rodata.desc_string_table
                0x0000000008006c30        0xc ./src/usb-device.o
 .rodata.device_descriptor
                0x0000000008006c3c       0x12 ./src/usb-device.o
 *fill*         0x0000000008006c4e        0x2 
 .rodata.lang_desc
                0x0000000008006c50        0x4 ./src/usb-device.o
 .rodata.manuf_desc_en
                0x0000000008006c54       0x50 ./src/usb-device.o
 .rodata.prod_desc_en
                0x0000000008006ca4       0x1e ./src/usb-device.o
 *fill*         0x0000000008006cc2        0x2 
 .rodata.qualifier_descriptor
                0x0000000008006cc4        0xa ./src/usb-device.o
 *fill*         0x0000000008006cce        0x2 
 .rodata.usb_hid_report
                0x0000000008006cd0       0x1d ./src/usb-device.o
 *fill*         0x0000000008006ced        0x3 
 .rodata.HCLK_DIV.6734
                0x0000000008006cf0       0x40 ./platform/src/system_stm32f303cx.o
 .rodata.usb_stmv3
                0x0000000008006d30       0x38 ./contrib/libusb_stm32/src/usb_32v3.o
                0x0000000008006d30                usb_stmv3
 .rodata._global_impure_ptr
                0x0000000008006d68        0x4 /usr/local/bin/../lib/gcc/arm-none-eabi/6.3.1/../../../../arm-none-eabi/lib/thumb/v7e-m/fpv4-sp/hard/libg_nano.a(lib_a-impure.o)
                0x0000000008006d68                _global_impure_ptr
 .rodata.DAYS_IN_MONTH
                0x0000000008006d6c       0x30 /usr/local/bin/../lib/gcc/arm-none-eabi/6.3.1/../../../../arm-none-eabi/lib/thumb/v7e-m/fpv4-sp/hard/libg_nano.a(lib_a-mktime.o)
 .rodata._DAYS_BEFORE_MONTH
                0x0000000008006d9c       0x30 /usr/local/bin/../lib/gcc/arm-none-eabi/6.3.1/../../../../arm-none-eabi/lib/thumb/v7e-m/fpv4-sp/hard/libg_nano.a(lib_a-mktime.o)
 .rodata.__month_lengths
                0x0000000008006dcc       0x60 /usr/local/bin/../lib/gcc/arm-none-eabi/6.3.1/../../../../arm-none-eabi/lib/thumb/v7e-m/fpv4-sp/hard/libg_nano.a(lib_a-month_lengths.o)
                0x0000000008006dcc                __month_lengths
 .rodata._vfprintf_r.str1.1
                0x0000000008006e2c       0x11 /usr/local/bin/../lib/gcc/arm-none-eabi/6.3.1/../../../../arm-none-eabi/lib/thumb/v7e-m/fpv4-sp/hard/libg_nano.a(lib_a-nano-vfprintf.o)
 .rodata._printf_i.str1.1
                0x0000000008006e3d       0x22 /usr/local/bin/../lib/gcc/arm-none-eabi/6.3.1/../../../../arm-none-eabi/lib/thumb/v7e-m/fpv4-sp/hard/libg_nano.a(lib_a-nano-vfprintf_i.o)
 .rodata.__strftime.str1.1
                0x0000000008006e5f       0x59 /usr/local/bin/../lib/gcc/arm-none-eabi/6.3.1/../../../../arm-none-eabi/lib/thumb/v7e-m/fpv4-sp/hard/libg_nano.a(lib_a-strftime.o)
                                         0x6b (size before relaxing)
 .rodata._DAYS_BEFORE_MONTH
                0x0000000008006eb8       0x30 /usr/local/bin/../lib/gcc/arm-none-eabi/6.3.1/../../../../arm-none-eabi/lib/thumb/v7e-m/fpv4-sp/hard/libg_nano.a(lib_a-strptime.o)
 .rodata.strptime_l.str1.1
                0x0000000008006ee8       0x18 /usr/local/bin/../lib/gcc/arm-none-eabi/6.3.1/../../../../arm-none-eabi/lib/thumb/v7e-m/fpv4-sp/hard/libg_nano.a(lib_a-strptime.o)
 .rodata._C_time_locale
                0x0000000008006f00       0xfc /usr/local/bin/../lib/gcc/arm-none-eabi/6.3.1/../../../../arm-none-eabi/lib/thumb/v7e-m/fpv4-sp/hard/libg_nano.a(lib_a-timelocal.o)
                0x0000000008006f00                _C_time_locale
 .rodata.str1.1
                0x0000000008006ffc      0x119 /usr/local/bin/../lib/gcc/arm-none-eabi/6.3.1/../../../../arm-none-eabi/lib/thumb/v7e-m/fpv4-sp/hard/libg_nano.a(lib_a-timelocal.o)
                                        0x12c (size before relaxing)
 .rodata._tzset_unlocked_r.str1.1
                0x0000000008007115       0x3c /usr/local/bin/../lib/gcc/arm-none-eabi/6.3.1/../../../../arm-none-eabi/lib/thumb/v7e-m/fpv4-sp/hard/libg_nano.a(lib_a-tzset_r.o)
                                         0x4e (size before relaxing)
 .rodata.str1.1
                0x0000000008007151        0x4 /usr/local/bin/../lib/gcc/arm-none-eabi/6.3.1/../../../../arm-none-eabi/lib/thumb/v7e-m/fpv4-sp/hard/libg_nano.a(lib_a-tzvars.o)
 *fill*         0x0000000008007151        0x3 
 .rodata.__sf_fake_stderr
                0x0000000008007154       0x20 /usr/local/bin/../lib/gcc/arm-none-eabi/6.3.1/../../../../arm-none-eabi/lib/thumb/v7e-m/fpv4-sp/hard/libg_nano.a(lib_a-findfp.o)
                0x0000000008007154                __sf_fake_stderr
 .rodata.__sf_fake_stdin
                0x0000000008007174       0x20 /usr/local/bin/../lib/gcc/arm-none-eabi/6.3.1/../../../../arm-none-eabi/lib/thumb/v7e-m/fpv4-sp/hard/libg_nano.a(lib_a-findfp.o)
                0x0000000008007174                __sf_fake_stdin
 .rodata.__sf_fake_stdout
                0x0000000008007194       0x20 /usr/local/bin/../lib/gcc/arm-none-eabi/6.3.1/../../../../arm-none-eabi/lib/thumb/v7e-m/fpv4-sp/hard/libg_nano.a(lib_a-findfp.o)
                0x0000000008007194                __sf_fake_stdout
 .rodata._setlocale_r.str1.1
                0x00000000080071b4        0x8 /usr/local/bin/../lib/gcc/arm-none-eabi/6.3.1/../../../../arm-none-eabi/lib/thumb/v7e-m/fpv4-sp/hard/libg_nano.a(lib_a-locale.o)
                                          0x9 (size before relaxing)
 .rodata.str1.1
                0x00000000080071bc        0x2 /usr/local/bin/../lib/gcc/arm-none-eabi/6.3.1/../../../../arm-none-eabi/lib/thumb/v7e-m/fpv4-sp/hard/libg_nano.a(lib_a-locale.o)
 .rodata._svfprintf_r.str1.1
                0x00000000080071be       0x11 /usr/local/bin/../lib/gcc/arm-none-eabi/6.3.1/../../../../arm-none-eabi/lib/thumb/v7e-m/fpv4-sp/hard/libg_nano.a(lib_a-nano-svfprintf.o)
 .rodata._ctype_
                0x00000000080071be      0x101 /usr/local/bin/../lib/gcc/arm-none-eabi/6.3.1/../../../../arm-none-eabi/lib/thumb/v7e-m/fpv4-sp/hard/libg_nano.a(lib_a-ctype_.o)
                0x00000000080071be                _ctype_
 .rodata.__ssvfscanf_r.str1.1
                0x00000000080072bf        0x4 /usr/local/bin/../lib/gcc/arm-none-eabi/6.3.1/../../../../arm-none-eabi/lib/thumb/v7e-m/fpv4-sp/hard/libg_nano.a(lib_a-nano-svfscanf.o)
 *fill*         0x00000000080072bf        0x1 
 .rodata        0x00000000080072c0        0xc /usr/local/bin/../lib/gcc/arm-none-eabi/6.3.1/../../../../arm-none-eabi/lib/thumb/v7e-m/fpv4-sp/hard/libg_nano.a(lib_a-nano-vfscanf_i.o)
 .rodata._scanf_i.str1.1
                0x00000000080072cc       0x12 /usr/local/bin/../lib/gcc/arm-none-eabi/6.3.1/../../../../arm-none-eabi/lib/thumb/v7e-m/fpv4-sp/hard/libg_nano.a(lib_a-nano-vfscanf_i.o)
 .rodata.str1.1
                0x00000000080072de        0x9 /usr/local/bin/../lib/gcc/arm-none-eabi/6.3.1/../../../../arm-none-eabi/lib/thumb/v7e-m/fpv4-sp/hard/libg_nano.a(lib_a-nano-vfscanf_i.o)
                0x00000000080072e7                PROVIDE (__devices_addr, .)
                0x00000000080072e7        0x4 LONG 0x80068e8 ADDR (.devices)
                0x00000000080072eb                PROVIDE (__devices_size, .)
                0x00000000080072eb        0x4 LONG 0x10 SIZEOF (.devices)
                0x00000000080072ef                PROVIDE (__copy_addr, .)
                0x00000000080072ef        0x4 LONG 0x800731b ADDR (.copytable)
                0x00000000080072f3                PROVIDE (__copy_size, .)
                0x00000000080072f3        0x4 LONG 0x24 SIZEOF (.copytable)
                0x00000000080072f7                PROVIDE (__zero_addr, .)
                0x00000000080072f7        0x4 LONG 0x800733f ADDR (.zerotable)
                0x00000000080072fb                PROVIDE (__zero_size, .)
                0x00000000080072fb        0x4 LONG 0x8 SIZEOF (.zerotable)
                [!provide]                        PROVIDE (__ccmram_begin, .)
                0x00000000080072ff        0x4 LONG 0x10000000 ORIGIN (CCM)
                0x0000000008007303                PROVIDE (__ccmram_size, .)
                0x0000000008007303        0x4 LONG 0x2000 LENGTH (CCM)
                0x0000000008007307                PROVIDE (__ccm_size, .)
                0x0000000008007307        0x4 LONG 0x1f0 SIZEOF (.ccm)
                0x000000000800730b                PROVIDE (__mem_begin, .)
                0x000000000800730b        0x4 LONG 0x20000000 ORIGIN (IRAM)
                0x000000000800730f                PROVIDE (__mem_size, .)
                0x000000000800730f        0x4 LONG 0xa000 LENGTH (IRAM)
                0x0000000008007313                PROVIDE (__bss_end, .)
                0x0000000008007313        0x4 LONG 0x200005d8 (ADDR (.bss) + SIZEOF (.bss))
                0x0000000008007317                PROVIDE (__mem_end, .)
                0x0000000008007317        0x4 LONG 0x2000a000 (ORIGIN (IRAM) + LENGTH (IRAM))

.eh_frame       0x000000000800731c        0x0
 .eh_frame      0x000000000800731c        0x0 /usr/local/bin/../lib/gcc/arm-none-eabi/6.3.1/thumb/v7e-m/fpv4-sp/hard/crtbegin.o

.copytable      0x000000000800731b       0x24
                0x000000000800731b        0x4 LONG 0x8000000 LOADADDR (.vector)
                0x000000000800731f        0x4 LONG 0x10000000 ADDR (.vector)
                0x0000000008007323        0x4 LONG 0x188 SIZEOF (.vector)
                0x0000000008007327        0x4 LONG 0x800739c LOADADDR (.ccm)
                0x000000000800732b        0x4 LONG 0x10000188 ADDR (.ccm)
                0x000000000800732f        0x4 LONG 0x1f0 SIZEOF (.ccm)
                0x0000000008007333        0x4 LONG 0x800758c LOADADDR (.data)
                0x0000000008007337        0x4 LONG 0x20000000 ADDR (.data)
                0x000000000800733b        0x4 LONG 0x264 SIZEOF (.data)

.zerotable      0x000000000800733f        0x8
                0x000000000800733f        0x4 LONG 0x20000264 ADDR (.bss)
                0x0000000008007343        0x4 LONG 0x374 SIZEOF (.bss)

.init           0x0000000008007348        0xc
 *(.init)
 .init          0x0000000008007348        0x4 /usr/local/bin/../lib/gcc/arm-none-eabi/6.3.1/thumb/v7e-m/fpv4-sp/hard/crti.o
                0x0000000008007348                _init
 .init          0x000000000800734c        0x8 /usr/local/bin/../lib/gcc/arm-none-eabi/6.3.1/thumb/v7e-m/fpv4-sp/hard/crtn.o

.fini           0x0000000008007354        0xc
 *(.fini)
 .fini          0x0000000008007354        0x4 /usr/local/bin/../lib/gcc/arm-none-eabi/6.3.1/thumb/v7e-m/fpv4-sp/hard/crti.o
                0x0000000008007354                _fini
 .fini          0x0000000008007358        0x8 /usr/local/bin/../lib/gcc/arm-none-eabi/6.3.1/thumb/v7e-m/fpv4-sp/hard/crtn.o

.ARM.extab
 *(.ARM.extab*)

.ARM.exidx      0x0000000008007360        0x8
 *(.ARM.exidx*)
 .ARM.exidx     0x0000000008007360        0x8 /usr/local/bin/../lib/gcc/arm-none-eabi/6.3.1/../../../../arm-none-eabi/lib/thumb/v7e-m/fpv4-sp/hard/crt0.o

.rel.dyn        0x0000000008007368        0x0
 .rel.iplt      0x0000000008007368        0x0 /usr/local/bin/../lib/gcc/arm-none-eabi/6.3.1/thumb/v7e-m/fpv4-sp/hard/crtbegin.o

.preinit_array  0x0000000008007368        0x0
                0x0000000008007368                PROVIDE (__preinit_array_start, .)
 *(.preinit_array*)
                0x0000000008007368                PROVIDE (__preinit_array_end, .)

.init_array     0x0000000008007368       0x30
                0x0000000008007368                PROVIDE (__init_array_start, .)
 *(SORT(.init_array.*))
 .init_array.01000
                0x0000000008007368        0x4 ./system/src/gpio.o
 .init_array.01000
                0x000000000800736c        0x4 ./system/src/stdio.o
 .init_array.01000
                0x0000000008007370        0x4 ./system/src/usart.o
 .init_array.01000
                0x0000000008007374        0x4 ./src/board.o
 .init_array.01000
                0x0000000008007378        0x4 ./src/i2c.o
 .init_array.01000
                0x000000000800737c        0x4 ./src/pwm.o
 .init_array.01001
                0x0000000008007380        0x4 ./src/board.o
 .init_array.02000
                0x0000000008007384        0x4 ./src/usb-device.o
 *(.init_array*)
 .init_array    0x0000000008007388        0x4 /usr/local/bin/../lib/gcc/arm-none-eabi/6.3.1/thumb/v7e-m/fpv4-sp/hard/crtbegin.o
 .init_array    0x000000000800738c        0x4 ./system/src/device.o
 .init_array    0x0000000008007390        0x8 ./system/src/time.o
                0x0000000008007398                PROVIDE (__init_array_end, .)

.fini_array     0x0000000008007398        0x4
                [!provide]                        PROVIDE (__fini_array_start, .)
 *(SORT(.fini_array.*))
 *(.fini_array*)
 .fini_array    0x0000000008007398        0x4 /usr/local/bin/../lib/gcc/arm-none-eabi/6.3.1/thumb/v7e-m/fpv4-sp/hard/crtbegin.o
                [!provide]                        PROVIDE (__fini_array_end, .)
                0x000000000800739c                . = ALIGN (0x4)

.ccm            0x0000000010000188      0x1f0 load address 0x000000000800739c
 *(.ccm*)
 .ccmcode       0x0000000010000188       0x14 ./system/src/time.o
                0x0000000010000188                SysTick_IRQHandler
                0x0000000010000198                yield
 .ccm           0x000000001000019c        0x4 ./system/src/time.o
                0x000000001000019c                millis_counter
 .ccmcode       0x00000000100001a0       0x84 ./system/src/usart.o
                0x00000000100001f4                USART1_IRQHandler
                0x0000000010000204                USART2_IRQHandler
                0x0000000010000214                USART3_IRQHandler
 .ccm           0x0000000010000224       0x78 ./system/src/usart.o
 .ccmcode       0x000000001000029c       0x3c ./src/board.o
                0x000000001000029c                EXTI2_TSC_IRQHandler
                0x000000001000029c                EXTI_IRQHandler
                0x000000001000029c                EXTI0_IRQHandler
                0x000000001000029c                EXTI15_10_IRQHandler
                0x000000001000029c                EXTI9_5_IRQHandler
                0x000000001000029c                EXTI4_IRQHandler
                0x000000001000029c                EXTI1_IRQHandler
                0x000000001000029c                EXTI3_IRQHandler
 .ccm           0x00000000100002d8       0x68 ./src/board.o
                0x00000000100002d8                board_id
                0x00000000100002fc                board_hash
                0x0000000010000300                line_interrupt
 .ccm           0x0000000010000340       0x10 ./src/lcd.o
 .ccmcode       0x0000000010000350       0x10 ./src/usb-device.o
                0x0000000010000350                USB_HP_IRQHandler
                0x0000000010000350                USBWakeUp_RMP_IRQHandler
                0x0000000010000350                USB_IRQHandler
                0x0000000010000350                USB_LP_IRQHandler
 .ccmcode.__stub
                0x0000000010000360       0x18 linker stubs
                0x0000000010000378                . = ALIGN (0x4)
                0x0000000010002000                PROVIDE (__stack, (ORIGIN (CCM) + LENGTH (CCM)))

.data           0x0000000020000000      0x264 load address 0x000000000800758c
 *(vtable)
 *(.data*)
 .data.battery_empty
                0x0000000020000000        0x9 ./src/main.o
 *fill*         0x0000000020000009        0x3 
 .data.battery_full
                0x000000002000000c        0x9 ./src/main.o
 *fill*         0x0000000020000015        0x3 
 .data.battery_half_empty
                0x0000000020000018        0x9 ./src/main.o
 *fill*         0x0000000020000021        0x3 
 .data.battery_half_full
                0x0000000020000024        0x9 ./src/main.o
 *fill*         0x000000002000002d        0x3 
 .data.charged  0x0000000020000030        0x9 ./src/main.o
 *fill*         0x0000000020000039        0x3 
 .data.degree   0x000000002000003c        0x9 ./src/main.o
 *fill*         0x0000000020000045        0x3 
 .data._impure_ptr
                0x0000000020000048        0x4 /usr/local/bin/../lib/gcc/arm-none-eabi/6.3.1/../../../../arm-none-eabi/lib/thumb/v7e-m/fpv4-sp/hard/libg_nano.a(lib_a-impure.o)
                0x0000000020000048                _impure_ptr
 .data.impure_data
                0x000000002000004c       0x60 /usr/local/bin/../lib/gcc/arm-none-eabi/6.3.1/../../../../arm-none-eabi/lib/thumb/v7e-m/fpv4-sp/hard/libg_nano.a(lib_a-impure.o)
 .data._tzname  0x00000000200000ac        0x8 /usr/local/bin/../lib/gcc/arm-none-eabi/6.3.1/../../../../arm-none-eabi/lib/thumb/v7e-m/fpv4-sp/hard/libg_nano.a(lib_a-tzvars.o)
                0x00000000200000ac                _tzname
 .data.tzinfo   0x00000000200000b4       0x40 /usr/local/bin/../lib/gcc/arm-none-eabi/6.3.1/../../../../arm-none-eabi/lib/thumb/v7e-m/fpv4-sp/hard/libg_nano.a(lib_a-gettzinfo.o)
 .data.__global_locale
                0x00000000200000f4      0x16c /usr/local/bin/../lib/gcc/arm-none-eabi/6.3.1/../../../../arm-none-eabi/lib/thumb/v7e-m/fpv4-sp/hard/libg_nano.a(lib_a-locale.o)
                0x00000000200000f4                __global_locale
 .data.environ  0x0000000020000260        0x4 /usr/local/bin/../lib/gcc/arm-none-eabi/6.3.1/../../../../arm-none-eabi/lib/thumb/v7e-m/fpv4-sp/hard/libg_nano.a(lib_a-environ.o)
                0x0000000020000260                environ
                0x0000000020000264                . = ALIGN (0x4)

.jcr            0x0000000020000264        0x0 load address 0x00000000080077f0
 .jcr           0x0000000020000264        0x0 /usr/local/bin/../lib/gcc/arm-none-eabi/6.3.1/thumb/v7e-m/fpv4-sp/hard/crtbegin.o

.igot.plt       0x0000000020000264        0x0 load address 0x00000000080077f0
 .igot.plt      0x0000000020000264        0x0 /usr/local/bin/../lib/gcc/arm-none-eabi/6.3.1/thumb/v7e-m/fpv4-sp/hard/crtbegin.o

.bss            0x0000000020000264      0x374 load address 0x00000000080077f0
                0x0000000020000264                PROVIDE (__bss_start__, .)
 *(.bss*)
 .bss           0x0000000020000264       0x1c /usr/local/bin/../lib/gcc/arm-none-eabi/6.3.1/thumb/v7e-m/fpv4-sp/hard/crtbegin.o
 .bss.files     0x0000000020000280      0x180 ./system/src/device.o
 .bss._brk      0x0000000020000400        0x4 ./system/src/sbrk.o
 .bss.last_poll
                0x0000000020000404        0x4 ./src/usb-device.o
                0x0000000020000404                last_poll
 .bss.usb_buffer
                0x0000000020000408      0x100 ./src/usb-device.o
 .bss.usb_device
                0x0000000020000508       0x68 ./src/usb-device.o
 .bss.__malloc_free_list
                0x0000000020000570        0x4 /usr/local/bin/../lib/gcc/arm-none-eabi/6.3.1/../../../../arm-none-eabi/lib/thumb/v7e-m/fpv4-sp/hard/libg_nano.a(lib_a-nano-mallocr.o)
                0x0000000020000570                __malloc_free_list
 .bss.__malloc_sbrk_start
                0x0000000020000574        0x4 /usr/local/bin/../lib/gcc/arm-none-eabi/6.3.1/../../../../arm-none-eabi/lib/thumb/v7e-m/fpv4-sp/hard/libg_nano.a(lib_a-nano-mallocr.o)
                0x0000000020000574                __malloc_sbrk_start
 .bss.__tzname_dst
                0x0000000020000578        0xb /usr/local/bin/../lib/gcc/arm-none-eabi/6.3.1/../../../../arm-none-eabi/lib/thumb/v7e-m/fpv4-sp/hard/libg_nano.a(lib_a-tzset_r.o)
 .bss.__tzname_std
                0x0000000020000583        0xb /usr/local/bin/../lib/gcc/arm-none-eabi/6.3.1/../../../../arm-none-eabi/lib/thumb/v7e-m/fpv4-sp/hard/libg_nano.a(lib_a-tzset_r.o)
 *fill*         0x000000002000058e        0x2 
 .bss.prev_tzenv
                0x0000000020000590        0x4 /usr/local/bin/../lib/gcc/arm-none-eabi/6.3.1/../../../../arm-none-eabi/lib/thumb/v7e-m/fpv4-sp/hard/libg_nano.a(lib_a-tzset_r.o)
 .bss._daylight
                0x0000000020000594        0x4 /usr/local/bin/../lib/gcc/arm-none-eabi/6.3.1/../../../../arm-none-eabi/lib/thumb/v7e-m/fpv4-sp/hard/libg_nano.a(lib_a-tzvars.o)
                0x0000000020000594                _daylight
 .bss._timezone
                0x0000000020000598        0x4 /usr/local/bin/../lib/gcc/arm-none-eabi/6.3.1/../../../../arm-none-eabi/lib/thumb/v7e-m/fpv4-sp/hard/libg_nano.a(lib_a-tzvars.o)
                0x0000000020000598                _timezone
 .bss.initial_env
                0x000000002000059c        0x4 /usr/local/bin/../lib/gcc/arm-none-eabi/6.3.1/../../../../arm-none-eabi/lib/thumb/v7e-m/fpv4-sp/hard/libg_nano.a(lib_a-environ.o)
                0x00000000200005a0                . = ALIGN (0x4)
                0x00000000200005a0                PROVIDE (__bss_end__, .)
 COMMON         0x00000000200005a0       0x30 ./src/main.o
                0x00000000200005a0                DISP
                0x00000000200005a4                lcd_line
                0x00000000200005cc                last_update
 COMMON         0x00000000200005d0        0x4 ./platform/src/system_stm32f303cx.o
                0x00000000200005d0                SystemCoreClock
 COMMON         0x00000000200005d4        0x4 /usr/local/bin/../lib/gcc/arm-none-eabi/6.3.1/../../../../arm-none-eabi/lib/thumb/v7e-m/fpv4-sp/hard/libg_nano.a(lib_a-reent.o)
                0x00000000200005d4                errno
OUTPUT(LCDClock.elf elf32-littlearm)

.ARM.attributes
                0x0000000000000000       0x30
 .ARM.attributes
                0x0000000000000000       0x22 /usr/local/bin/../lib/gcc/arm-none-eabi/6.3.1/thumb/v7e-m/fpv4-sp/hard/crti.o
 .ARM.attributes
                0x0000000000000022       0x34 /usr/local/bin/../lib/gcc/arm-none-eabi/6.3.1/thumb/v7e-m/fpv4-sp/hard/crtbegin.o
 .ARM.attributes
                0x0000000000000056       0x20 /usr/local/bin/../lib/gcc/arm-none-eabi/6.3.1/../../../../arm-none-eabi/lib/thumb/v7e-m/fpv4-sp/hard/crt0.o
 .ARM.attributes
                0x0000000000000076       0x39 ./system/src/device.o
 .ARM.attributes
                0x00000000000000af       0x39 ./system/src/gpio.o
 .ARM.attributes
                0x00000000000000e8       0x39 ./system/src/ring-buffer.o
 .ARM.attributes
                0x0000000000000121       0x39 ./system/src/sbrk.o
 .ARM.attributes
                0x000000000000015a       0x39 ./system/src/stdio.o
 .ARM.attributes
                0x0000000000000193       0x39 ./system/src/time.o
 .ARM.attributes
                0x00000000000001cc       0x39 ./system/src/usart.o
 .ARM.attributes
                0x0000000000000205       0x39 ./src/board.o
 .ARM.attributes
                0x000000000000023e       0x39 ./src/i2c.o
 .ARM.attributes
                0x0000000000000277       0x39 ./src/lcd.o
 .ARM.attributes
                0x00000000000002b0       0x39 ./src/main.o
 .ARM.attributes
                0x00000000000002e9       0x39 ./src/pwm.o
 .ARM.attributes
                0x0000000000000322       0x39 ./src/usb-device.o
 .ARM.attributes
                0x000000000000035b       0x39 ./platform/src/stm32f303xc_it.o
 .ARM.attributes
                0x0000000000000394       0x39 ./platform/src/system_stm32f303cx.o
 .ARM.attributes
                0x00000000000003cd       0x39 ./contrib/libusb_stm32/src/usb_32v3.o
 .ARM.attributes
                0x0000000000000406       0x39 ./contrib/libusb_stm32/src/usbd_core.o
 .ARM.attributes
                0x000000000000043f       0x34 /usr/local/bin/../lib/gcc/arm-none-eabi/6.3.1/../../../../arm-none-eabi/lib/thumb/v7e-m/fpv4-sp/hard/libg_nano.a(lib_a-calloc.o)
 .ARM.attributes
                0x0000000000000473       0x34 /usr/local/bin/../lib/gcc/arm-none-eabi/6.3.1/../../../../arm-none-eabi/lib/thumb/v7e-m/fpv4-sp/hard/libg_nano.a(lib_a-clock.o)
 .ARM.attributes
                0x00000000000004a7       0x34 /usr/local/bin/../lib/gcc/arm-none-eabi/6.3.1/../../../../arm-none-eabi/lib/thumb/v7e-m/fpv4-sp/hard/libg_nano.a(lib_a-exit.o)
 .ARM.attributes
                0x00000000000004db       0x34 /usr/local/bin/../lib/gcc/arm-none-eabi/6.3.1/../../../../arm-none-eabi/lib/thumb/v7e-m/fpv4-sp/hard/libg_nano.a(lib_a-fprintf.o)
 .ARM.attributes
                0x000000000000050f       0x34 /usr/local/bin/../lib/gcc/arm-none-eabi/6.3.1/../../../../arm-none-eabi/lib/thumb/v7e-m/fpv4-sp/hard/libg_nano.a(lib_a-fwrite.o)
 .ARM.attributes
                0x0000000000000543       0x34 /usr/local/bin/../lib/gcc/arm-none-eabi/6.3.1/../../../../arm-none-eabi/lib/thumb/v7e-m/fpv4-sp/hard/libg_nano.a(lib_a-gmtime_r.o)
 .ARM.attributes
                0x0000000000000577       0x34 /usr/local/bin/../lib/gcc/arm-none-eabi/6.3.1/../../../../arm-none-eabi/lib/thumb/v7e-m/fpv4-sp/hard/libg_nano.a(lib_a-impure.o)
 .ARM.attributes
                0x00000000000005ab       0x34 /usr/local/bin/../lib/gcc/arm-none-eabi/6.3.1/../../../../arm-none-eabi/lib/thumb/v7e-m/fpv4-sp/hard/libg_nano.a(lib_a-init.o)
 .ARM.attributes
                0x00000000000005df       0x34 /usr/local/bin/../lib/gcc/arm-none-eabi/6.3.1/../../../../arm-none-eabi/lib/thumb/v7e-m/fpv4-sp/hard/libg_nano.a(lib_a-lcltime_r.o)
 .ARM.attributes
                0x0000000000000613       0x34 /usr/local/bin/../lib/gcc/arm-none-eabi/6.3.1/../../../../arm-none-eabi/lib/thumb/v7e-m/fpv4-sp/hard/libg_nano.a(lib_a-malloc.o)
 .ARM.attributes
                0x0000000000000647       0x34 /usr/local/bin/../lib/gcc/arm-none-eabi/6.3.1/../../../../arm-none-eabi/lib/thumb/v7e-m/fpv4-sp/hard/libg_nano.a(lib_a-memcpy-stub.o)
 .ARM.attributes
                0x000000000000067b       0x34 /usr/local/bin/../lib/gcc/arm-none-eabi/6.3.1/../../../../arm-none-eabi/lib/thumb/v7e-m/fpv4-sp/hard/libg_nano.a(lib_a-memset.o)
 .ARM.attributes
                0x00000000000006af       0x34 /usr/local/bin/../lib/gcc/arm-none-eabi/6.3.1/../../../../arm-none-eabi/lib/thumb/v7e-m/fpv4-sp/hard/libg_nano.a(lib_a-mktime.o)
 .ARM.attributes
                0x00000000000006e3       0x34 /usr/local/bin/../lib/gcc/arm-none-eabi/6.3.1/../../../../arm-none-eabi/lib/thumb/v7e-m/fpv4-sp/hard/libg_nano.a(lib_a-month_lengths.o)
 .ARM.attributes
                0x0000000000000717       0x34 /usr/local/bin/../lib/gcc/arm-none-eabi/6.3.1/../../../../arm-none-eabi/lib/thumb/v7e-m/fpv4-sp/hard/libg_nano.a(lib_a-nano-callocr.o)
 .ARM.attributes
                0x000000000000074b       0x34 /usr/local/bin/../lib/gcc/arm-none-eabi/6.3.1/../../../../arm-none-eabi/lib/thumb/v7e-m/fpv4-sp/hard/libg_nano.a(lib_a-nano-freer.o)
 .ARM.attributes
                0x000000000000077f       0x34 /usr/local/bin/../lib/gcc/arm-none-eabi/6.3.1/../../../../arm-none-eabi/lib/thumb/v7e-m/fpv4-sp/hard/libg_nano.a(lib_a-nano-mallocr.o)
 .ARM.attributes
                0x00000000000007b3       0x34 /usr/local/bin/../lib/gcc/arm-none-eabi/6.3.1/../../../../arm-none-eabi/lib/thumb/v7e-m/fpv4-sp/hard/libg_nano.a(lib_a-nano-vfprintf.o)
 .ARM.attributes
                0x00000000000007e7       0x34 /usr/local/bin/../lib/gcc/arm-none-eabi/6.3.1/../../../../arm-none-eabi/lib/thumb/v7e-m/fpv4-sp/hard/libg_nano.a(lib_a-nano-vfprintf_i.o)
 .ARM.attributes
                0x000000000000081b       0x34 /usr/local/bin/../lib/gcc/arm-none-eabi/6.3.1/../../../../arm-none-eabi/lib/thumb/v7e-m/fpv4-sp/hard/libg_nano.a(lib_a-reent.o)
 .ARM.attributes
                0x000000000000084f       0x34 /usr/local/bin/../lib/gcc/arm-none-eabi/6.3.1/../../../../arm-none-eabi/lib/thumb/v7e-m/fpv4-sp/hard/libg_nano.a(lib_a-sbrkr.o)
 .ARM.attributes
                0x0000000000000883       0x34 /usr/local/bin/../lib/gcc/arm-none-eabi/6.3.1/../../../../arm-none-eabi/lib/thumb/v7e-m/fpv4-sp/hard/libg_nano.a(lib_a-setvbuf.o)
 .ARM.attributes
                0x00000000000008b7       0x34 /usr/local/bin/../lib/gcc/arm-none-eabi/6.3.1/../../../../arm-none-eabi/lib/thumb/v7e-m/fpv4-sp/hard/libg_nano.a(lib_a-snprintf.o)
 .ARM.attributes
                0x00000000000008eb       0x34 /usr/local/bin/../lib/gcc/arm-none-eabi/6.3.1/../../../../arm-none-eabi/lib/thumb/v7e-m/fpv4-sp/hard/libg_nano.a(lib_a-strchr.o)
 .ARM.attributes
                0x000000000000091f       0x20 /usr/local/bin/../lib/gcc/arm-none-eabi/6.3.1/../../../../arm-none-eabi/lib/thumb/v7e-m/fpv4-sp/hard/libg_nano.a(lib_a-strcmp.o)
 .ARM.attributes
                0x000000000000093f       0x34 /usr/local/bin/../lib/gcc/arm-none-eabi/6.3.1/../../../../arm-none-eabi/lib/thumb/v7e-m/fpv4-sp/hard/libg_nano.a(lib_a-strftime.o)
 .ARM.attributes
                0x0000000000000973       0x1b /usr/local/bin/../lib/gcc/arm-none-eabi/6.3.1/../../../../arm-none-eabi/lib/thumb/v7e-m/fpv4-sp/hard/libg_nano.a(lib_a-strlen.o)
 .ARM.attributes
                0x000000000000098e       0x34 /usr/local/bin/../lib/gcc/arm-none-eabi/6.3.1/../../../../arm-none-eabi/lib/thumb/v7e-m/fpv4-sp/hard/libg_nano.a(lib_a-strptime.o)
 .ARM.attributes
                0x00000000000009c2       0x34 /usr/local/bin/../lib/gcc/arm-none-eabi/6.3.1/../../../../arm-none-eabi/lib/thumb/v7e-m/fpv4-sp/hard/libg_nano.a(lib_a-strrchr.o)
 .ARM.attributes
                0x00000000000009f6       0x34 /usr/local/bin/../lib/gcc/arm-none-eabi/6.3.1/../../../../arm-none-eabi/lib/thumb/v7e-m/fpv4-sp/hard/libg_nano.a(lib_a-strtol.o)
 .ARM.attributes
                0x0000000000000a2a       0x34 /usr/local/bin/../lib/gcc/arm-none-eabi/6.3.1/../../../../arm-none-eabi/lib/thumb/v7e-m/fpv4-sp/hard/libg_nano.a(lib_a-strtoul.o)
 .ARM.attributes
                0x0000000000000a5e       0x34 /usr/local/bin/../lib/gcc/arm-none-eabi/6.3.1/../../../../arm-none-eabi/lib/thumb/v7e-m/fpv4-sp/hard/libg_nano.a(lib_a-sysclose.o)
 .ARM.attributes
                0x0000000000000a92       0x34 /usr/local/bin/../lib/gcc/arm-none-eabi/6.3.1/../../../../arm-none-eabi/lib/thumb/v7e-m/fpv4-sp/hard/libg_nano.a(lib_a-syslseek.o)
 .ARM.attributes
                0x0000000000000ac6       0x34 /usr/local/bin/../lib/gcc/arm-none-eabi/6.3.1/../../../../arm-none-eabi/lib/thumb/v7e-m/fpv4-sp/hard/libg_nano.a(lib_a-sysopen.o)
 .ARM.attributes
                0x0000000000000afa       0x34 /usr/local/bin/../lib/gcc/arm-none-eabi/6.3.1/../../../../arm-none-eabi/lib/thumb/v7e-m/fpv4-sp/hard/libg_nano.a(lib_a-syssbrk.o)
 .ARM.attributes
                0x0000000000000b2e       0x34 /usr/local/bin/../lib/gcc/arm-none-eabi/6.3.1/../../../../arm-none-eabi/lib/thumb/v7e-m/fpv4-sp/hard/libg_nano.a(lib_a-syswrite.o)
 .ARM.attributes
                0x0000000000000b62       0x34 /usr/local/bin/../lib/gcc/arm-none-eabi/6.3.1/../../../../arm-none-eabi/lib/thumb/v7e-m/fpv4-sp/hard/libg_nano.a(lib_a-time.o)
 .ARM.attributes
                0x0000000000000b96       0x34 /usr/local/bin/../lib/gcc/arm-none-eabi/6.3.1/../../../../arm-none-eabi/lib/thumb/v7e-m/fpv4-sp/hard/libg_nano.a(lib_a-timelocal.o)
 .ARM.attributes
                0x0000000000000bca       0x34 /usr/local/bin/../lib/gcc/arm-none-eabi/6.3.1/../../../../arm-none-eabi/lib/thumb/v7e-m/fpv4-sp/hard/libg_nano.a(lib_a-timesr.o)
 .ARM.attributes
                0x0000000000000bfe       0x34 /usr/local/bin/../lib/gcc/arm-none-eabi/6.3.1/../../../../arm-none-eabi/lib/thumb/v7e-m/fpv4-sp/hard/libg_nano.a(lib_a-tzcalc_limits.o)
 .ARM.attributes
                0x0000000000000c32       0x34 /usr/local/bin/../lib/gcc/arm-none-eabi/6.3.1/../../../../arm-none-eabi/lib/thumb/v7e-m/fpv4-sp/hard/libg_nano.a(lib_a-tzlock.o)
 .ARM.attributes
                0x0000000000000c66       0x34 /usr/local/bin/../lib/gcc/arm-none-eabi/6.3.1/../../../../arm-none-eabi/lib/thumb/v7e-m/fpv4-sp/hard/libg_nano.a(lib_a-tzset.o)
 .ARM.attributes
                0x0000000000000c9a       0x34 /usr/local/bin/../lib/gcc/arm-none-eabi/6.3.1/../../../../arm-none-eabi/lib/thumb/v7e-m/fpv4-sp/hard/libg_nano.a(lib_a-tzset_r.o)
 .ARM.attributes
                0x0000000000000cce       0x34 /usr/local/bin/../lib/gcc/arm-none-eabi/6.3.1/../../../../arm-none-eabi/lib/thumb/v7e-m/fpv4-sp/hard/libg_nano.a(lib_a-tzvars.o)
 .ARM.attributes
                0x0000000000000d02       0x34 /usr/local/bin/../lib/gcc/arm-none-eabi/6.3.1/../../../../arm-none-eabi/lib/thumb/v7e-m/fpv4-sp/hard/libg_nano.a(lib_a-wbuf.o)
 .ARM.attributes
                0x0000000000000d36       0x34 /usr/local/bin/../lib/gcc/arm-none-eabi/6.3.1/../../../../arm-none-eabi/lib/thumb/v7e-m/fpv4-sp/hard/libg_nano.a(lib_a-writer.o)
 .ARM.attributes
                0x0000000000000d6a       0x34 /usr/local/bin/../lib/gcc/arm-none-eabi/6.3.1/../../../../arm-none-eabi/lib/thumb/v7e-m/fpv4-sp/hard/libg_nano.a(lib_a-wsetup.o)
 .ARM.attributes
                0x0000000000000d9e       0x34 /usr/local/bin/../lib/gcc/arm-none-eabi/6.3.1/../../../../arm-none-eabi/lib/thumb/v7e-m/fpv4-sp/hard/libg_nano.a(lib_a-abs.o)
 .ARM.attributes
                0x0000000000000dd2       0x34 /usr/local/bin/../lib/gcc/arm-none-eabi/6.3.1/../../../../arm-none-eabi/lib/thumb/v7e-m/fpv4-sp/hard/libg_nano.a(lib_a-closer.o)
 .ARM.attributes
                0x0000000000000e06       0x34 /usr/local/bin/../lib/gcc/arm-none-eabi/6.3.1/../../../../arm-none-eabi/lib/thumb/v7e-m/fpv4-sp/hard/libg_nano.a(lib_a-div.o)
 .ARM.attributes
                0x0000000000000e3a       0x34 /usr/local/bin/../lib/gcc/arm-none-eabi/6.3.1/../../../../arm-none-eabi/lib/thumb/v7e-m/fpv4-sp/hard/libg_nano.a(lib_a-fflush.o)
 .ARM.attributes
                0x0000000000000e6e       0x34 /usr/local/bin/../lib/gcc/arm-none-eabi/6.3.1/../../../../arm-none-eabi/lib/thumb/v7e-m/fpv4-sp/hard/libg_nano.a(lib_a-findfp.o)
 .ARM.attributes
                0x0000000000000ea2       0x34 /usr/local/bin/../lib/gcc/arm-none-eabi/6.3.1/../../../../arm-none-eabi/lib/thumb/v7e-m/fpv4-sp/hard/libg_nano.a(lib_a-fwalk.o)
 .ARM.attributes
                0x0000000000000ed6       0x34 /usr/local/bin/../lib/gcc/arm-none-eabi/6.3.1/../../../../arm-none-eabi/lib/thumb/v7e-m/fpv4-sp/hard/libg_nano.a(lib_a-getenv_r.o)
 .ARM.attributes
                0x0000000000000f0a       0x34 /usr/local/bin/../lib/gcc/arm-none-eabi/6.3.1/../../../../arm-none-eabi/lib/thumb/v7e-m/fpv4-sp/hard/libg_nano.a(lib_a-gettimeofdayr.o)
 .ARM.attributes
                0x0000000000000f3e       0x34 /usr/local/bin/../lib/gcc/arm-none-eabi/6.3.1/../../../../arm-none-eabi/lib/thumb/v7e-m/fpv4-sp/hard/libg_nano.a(lib_a-gettzinfo.o)
 .ARM.attributes
                0x0000000000000f72       0x34 /usr/local/bin/../lib/gcc/arm-none-eabi/6.3.1/../../../../arm-none-eabi/lib/thumb/v7e-m/fpv4-sp/hard/libg_nano.a(lib_a-labs.o)
 .ARM.attributes
                0x0000000000000fa6       0x34 /usr/local/bin/../lib/gcc/arm-none-eabi/6.3.1/../../../../arm-none-eabi/lib/thumb/v7e-m/fpv4-sp/hard/libg_nano.a(lib_a-locale.o)
 .ARM.attributes
                0x0000000000000fda       0x34 /usr/local/bin/../lib/gcc/arm-none-eabi/6.3.1/../../../../arm-none-eabi/lib/thumb/v7e-m/fpv4-sp/hard/libg_nano.a(lib_a-lseekr.o)
 .ARM.attributes
                0x000000000000100e       0x34 /usr/local/bin/../lib/gcc/arm-none-eabi/6.3.1/../../../../arm-none-eabi/lib/thumb/v7e-m/fpv4-sp/hard/libg_nano.a(lib_a-makebuf.o)
 .ARM.attributes
                0x0000000000001042       0x34 /usr/local/bin/../lib/gcc/arm-none-eabi/6.3.1/../../../../arm-none-eabi/lib/thumb/v7e-m/fpv4-sp/hard/libg_nano.a(lib_a-mbtowc_r.o)
 .ARM.attributes
                0x0000000000001076       0x20 /usr/local/bin/../lib/gcc/arm-none-eabi/6.3.1/../../../../arm-none-eabi/lib/thumb/v7e-m/fpv4-sp/hard/libg_nano.a(lib_a-memchr.o)
 .ARM.attributes
                0x0000000000001096       0x34 /usr/local/bin/../lib/gcc/arm-none-eabi/6.3.1/../../../../arm-none-eabi/lib/thumb/v7e-m/fpv4-sp/hard/libg_nano.a(lib_a-memmove.o)
 .ARM.attributes
                0x00000000000010ca       0x34 /usr/local/bin/../lib/gcc/arm-none-eabi/6.3.1/../../../../arm-none-eabi/lib/thumb/v7e-m/fpv4-sp/hard/libg_nano.a(lib_a-mlock.o)
 .ARM.attributes
                0x00000000000010fe       0x34 /usr/local/bin/../lib/gcc/arm-none-eabi/6.3.1/../../../../arm-none-eabi/lib/thumb/v7e-m/fpv4-sp/hard/libg_nano.a(lib_a-nano-reallocr.o)
 .ARM.attributes
                0x0000000000001132       0x34 /usr/local/bin/../lib/gcc/arm-none-eabi/6.3.1/../../../../arm-none-eabi/lib/thumb/v7e-m/fpv4-sp/hard/libg_nano.a(lib_a-nano-svfprintf.o)
 .ARM.attributes
                0x0000000000001166       0x34 /usr/local/bin/../lib/gcc/arm-none-eabi/6.3.1/../../../../arm-none-eabi/lib/thumb/v7e-m/fpv4-sp/hard/libg_nano.a(lib_a-openr.o)
 .ARM.attributes
                0x000000000000119a       0x34 /usr/local/bin/../lib/gcc/arm-none-eabi/6.3.1/../../../../arm-none-eabi/lib/thumb/v7e-m/fpv4-sp/hard/libg_nano.a(lib_a-sscanf.o)
 .ARM.attributes
                0x00000000000011ce       0x34 /usr/local/bin/../lib/gcc/arm-none-eabi/6.3.1/../../../../arm-none-eabi/lib/thumb/v7e-m/fpv4-sp/hard/libg_nano.a(lib_a-stdio.o)
 .ARM.attributes
                0x0000000000001202       0x34 /usr/local/bin/../lib/gcc/arm-none-eabi/6.3.1/../../../../arm-none-eabi/lib/thumb/v7e-m/fpv4-sp/hard/libg_nano.a(lib_a-strcpy.o)
 .ARM.attributes
                0x0000000000001236       0x34 /usr/local/bin/../lib/gcc/arm-none-eabi/6.3.1/../../../../arm-none-eabi/lib/thumb/v7e-m/fpv4-sp/hard/libg_nano.a(lib_a-strncasecmp_l.o)
 .ARM.attributes
                0x000000000000126a       0x34 /usr/local/bin/../lib/gcc/arm-none-eabi/6.3.1/../../../../arm-none-eabi/lib/thumb/v7e-m/fpv4-sp/hard/libg_nano.a(lib_a-strncmp.o)
 .ARM.attributes
                0x000000000000129e       0x34 /usr/local/bin/../lib/gcc/arm-none-eabi/6.3.1/../../../../arm-none-eabi/lib/thumb/v7e-m/fpv4-sp/hard/libg_nano.a(lib_a-tolower_l.o)
 .ARM.attributes
                0x00000000000012d2       0x34 /usr/local/bin/../lib/gcc/arm-none-eabi/6.3.1/../../../../arm-none-eabi/lib/thumb/v7e-m/fpv4-sp/hard/libg_nano.a(lib_a-wctomb_r.o)
 .ARM.attributes
                0x0000000000001306       0x34 /usr/local/bin/../lib/gcc/arm-none-eabi/6.3.1/../../../../arm-none-eabi/lib/thumb/v7e-m/fpv4-sp/hard/libg_nano.a(lib_a-ctype_.o)
 .ARM.attributes
                0x000000000000133a       0x34 /usr/local/bin/../lib/gcc/arm-none-eabi/6.3.1/../../../../arm-none-eabi/lib/thumb/v7e-m/fpv4-sp/hard/libg_nano.a(lib_a-environ.o)
 .ARM.attributes
                0x000000000000136e       0x34 /usr/local/bin/../lib/gcc/arm-none-eabi/6.3.1/../../../../arm-none-eabi/lib/thumb/v7e-m/fpv4-sp/hard/libg_nano.a(lib_a-envlock.o)
 .ARM.attributes
                0x00000000000013a2       0x34 /usr/local/bin/../lib/gcc/arm-none-eabi/6.3.1/../../../../arm-none-eabi/lib/thumb/v7e-m/fpv4-sp/hard/libg_nano.a(lib_a-fstatr.o)
 .ARM.attributes
                0x00000000000013d6       0x34 /usr/local/bin/../lib/gcc/arm-none-eabi/6.3.1/../../../../arm-none-eabi/lib/thumb/v7e-m/fpv4-sp/hard/libg_nano.a(lib_a-isattyr.o)
 .ARM.attributes
                0x000000000000140a       0x34 /usr/local/bin/../lib/gcc/arm-none-eabi/6.3.1/../../../../arm-none-eabi/lib/thumb/v7e-m/fpv4-sp/hard/libg_nano.a(lib_a-nano-msizer.o)
 .ARM.attributes
                0x000000000000143e       0x34 /usr/local/bin/../lib/gcc/arm-none-eabi/6.3.1/../../../../arm-none-eabi/lib/thumb/v7e-m/fpv4-sp/hard/libg_nano.a(lib_a-nano-svfscanf.o)
 .ARM.attributes
                0x0000000000001472       0x34 /usr/local/bin/../lib/gcc/arm-none-eabi/6.3.1/../../../../arm-none-eabi/lib/thumb/v7e-m/fpv4-sp/hard/libg_nano.a(lib_a-nano-vfscanf_i.o)
 .ARM.attributes
                0x00000000000014a6       0x34 /usr/local/bin/../lib/gcc/arm-none-eabi/6.3.1/../../../../arm-none-eabi/lib/thumb/v7e-m/fpv4-sp/hard/libg_nano.a(lib_a-readr.o)
 .ARM.attributes
                0x00000000000014da       0x34 /usr/local/bin/../lib/gcc/arm-none-eabi/6.3.1/../../../../arm-none-eabi/lib/thumb/v7e-m/fpv4-sp/hard/libg_nano.a(lib_a-sccl.o)
 .ARM.attributes
                0x000000000000150e       0x34 /usr/local/bin/../lib/gcc/arm-none-eabi/6.3.1/../../../../arm-none-eabi/lib/thumb/v7e-m/fpv4-sp/hard/libg_nano.a(lib_a-ungetc.o)
 .ARM.attributes
                0x0000000000001542       0x22 /usr/local/bin/../lib/gcc/arm-none-eabi/6.3.1/thumb/v7e-m/fpv4-sp/hard/crtn.o

.comment        0x0000000000000000       0x7f
 .comment       0x0000000000000000       0x7f ./system/src/device.o
                                         0x80 (size before relaxing)
 .comment       0x000000000000007f       0x80 ./system/src/gpio.o
 .comment       0x000000000000007f       0x80 ./system/src/ring-buffer.o
 .comment       0x000000000000007f       0x80 ./system/src/sbrk.o
 .comment       0x000000000000007f       0x80 ./system/src/stdio.o
 .comment       0x000000000000007f       0x80 ./system/src/time.o
 .comment       0x000000000000007f       0x80 ./system/src/usart.o
 .comment       0x000000000000007f       0x80 ./src/board.o
 .comment       0x000000000000007f       0x80 ./src/i2c.o
 .comment       0x000000000000007f       0x80 ./src/lcd.o
 .comment       0x000000000000007f       0x80 ./src/main.o
 .comment       0x000000000000007f       0x80 ./src/pwm.o
 .comment       0x000000000000007f       0x80 ./src/usb-device.o
 .comment       0x000000000000007f       0x80 ./platform/src/stm32f303xc_it.o
 .comment       0x000000000000007f       0x80 ./platform/src/system_stm32f303cx.o
 .comment       0x000000000000007f       0x80 ./contrib/libusb_stm32/src/usb_32v3.o
 .comment       0x000000000000007f       0x80 ./contrib/libusb_stm32/src/usbd_core.o

.debug_info     0x0000000000000000    0x11261
 .debug_info    0x0000000000000000     0x1736 ./system/src/device.o
 .debug_info    0x0000000000001736      0x5c7 ./system/src/gpio.o
 .debug_info    0x0000000000001cfd      0xafe ./system/src/ring-buffer.o
 .debug_info    0x00000000000027fb      0x99e ./system/src/sbrk.o
 .debug_info    0x0000000000003199      0xa68 ./system/src/stdio.o
 .debug_info    0x0000000000003c01     0x1a6a ./system/src/time.o
 .debug_info    0x000000000000566b     0x1a00 ./system/src/usart.o
 .debug_info    0x000000000000706b     0x113c ./src/board.o
 .debug_info    0x00000000000081a7      0xce6 ./src/i2c.o
 .debug_info    0x0000000000008e8d     0x1832 ./src/lcd.o
 .debug_info    0x000000000000a6bf     0x1003 ./src/main.o
 .debug_info    0x000000000000b6c2      0x32c ./src/pwm.o
 .debug_info    0x000000000000b9ee     0x1fdf ./src/usb-device.o
 .debug_info    0x000000000000d9cd      0xefc ./platform/src/stm32f303xc_it.o
 .debug_info    0x000000000000e8c9      0x313 ./platform/src/system_stm32f303cx.o
 .debug_info    0x000000000000ebdc     0x11b1 ./contrib/libusb_stm32/src/usb_32v3.o
 .debug_info    0x000000000000fd8d     0x14d4 ./contrib/libusb_stm32/src/usbd_core.o

.debug_abbrev   0x0000000000000000     0x30aa
 .debug_abbrev  0x0000000000000000      0x43c ./system/src/device.o
 .debug_abbrev  0x000000000000043c      0x1df ./system/src/gpio.o
 .debug_abbrev  0x000000000000061b      0x251 ./system/src/ring-buffer.o
 .debug_abbrev  0x000000000000086c      0x1de ./system/src/sbrk.o
 .debug_abbrev  0x0000000000000a4a      0x1f0 ./system/src/stdio.o
 .debug_abbrev  0x0000000000000c3a      0x434 ./system/src/time.o
 .debug_abbrev  0x000000000000106e      0x466 ./system/src/usart.o
 .debug_abbrev  0x00000000000014d4      0x313 ./src/board.o
 .debug_abbrev  0x00000000000017e7      0x296 ./src/i2c.o
 .debug_abbrev  0x0000000000001a7d      0x39a ./src/lcd.o
 .debug_abbrev  0x0000000000001e17      0x2ae ./src/main.o
 .debug_abbrev  0x00000000000020c5       0xeb ./src/pwm.o
 .debug_abbrev  0x00000000000021b0      0x3e3 ./src/usb-device.o
 .debug_abbrev  0x0000000000002593      0x2b6 ./platform/src/stm32f303xc_it.o
 .debug_abbrev  0x0000000000002849      0x135 ./platform/src/system_stm32f303cx.o
 .debug_abbrev  0x000000000000297e      0x3f3 ./contrib/libusb_stm32/src/usb_32v3.o
 .debug_abbrev  0x0000000000002d71      0x339 ./contrib/libusb_stm32/src/usbd_core.o

.debug_loc      0x0000000000000000     0x4945
 .debug_loc     0x0000000000000000      0xc15 ./system/src/device.o
 .debug_loc     0x0000000000000c15      0x3fa ./system/src/gpio.o
 .debug_loc     0x000000000000100f      0x1ec ./system/src/ring-buffer.o
 .debug_loc     0x00000000000011fb       0xb6 ./system/src/sbrk.o
 .debug_loc     0x00000000000012b1       0x3f ./system/src/stdio.o
 .debug_loc     0x00000000000012f0      0x905 ./system/src/time.o
 .debug_loc     0x0000000000001bf5      0x4ab ./system/src/usart.o
 .debug_loc     0x00000000000020a0      0x1b3 ./src/board.o
 .debug_loc     0x0000000000002253      0x24e ./src/i2c.o
 .debug_loc     0x00000000000024a1      0x815 ./src/lcd.o
 .debug_loc     0x0000000000002cb6       0x35 ./src/main.o
 .debug_loc     0x0000000000002ceb      0xa2d ./src/usb-device.o